[2025-01-03T11:59:42.997+0900][0.007s][info][gc,init] CardTable entry size: 512
[2025-01-03T11:59:42.998+0900][0.007s][info][gc     ] Using G1
[2025-01-03T11:59:42.999+0900][0.008s][info][gc,init] Version: 21.0.2+13-58 (release)
[2025-01-03T11:59:42.999+0900][0.008s][info][gc,init] CPUs: 8 total, 8 available
[2025-01-03T11:59:42.999+0900][0.008s][info][gc,init] Memory: 16384M
[2025-01-03T11:59:42.999+0900][0.008s][info][gc,init] Large Page Support: Disabled
[2025-01-03T11:59:42.999+0900][0.008s][info][gc,init] NUMA Support: Disabled
[2025-01-03T11:59:42.999+0900][0.008s][info][gc,init] Compressed Oops: Enabled (Zero based)
[2025-01-03T11:59:42.999+0900][0.008s][info][gc,init] Heap Region Size: 2M
[2025-01-03T11:59:42.999+0900][0.008s][info][gc,init] Heap Min Capacity: 8M
[2025-01-03T11:59:42.999+0900][0.008s][info][gc,init] Heap Initial Capacity: 256M
[2025-01-03T11:59:42.999+0900][0.008s][info][gc,init] Heap Max Capacity: 4G
[2025-01-03T11:59:42.999+0900][0.008s][info][gc,init] Pre-touch: Disabled
[2025-01-03T11:59:42.999+0900][0.008s][info][gc,init] Parallel Workers: 8
[2025-01-03T11:59:42.999+0900][0.008s][info][gc,init] Concurrent Workers: 2
[2025-01-03T11:59:42.999+0900][0.008s][info][gc,init] Concurrent Refinement Workers: 8
[2025-01-03T11:59:42.999+0900][0.008s][info][gc,init] Periodic GC: Disabled
[2025-01-03T11:59:43.006+0900][0.015s][info][gc,metaspace] CDS archive(s) mapped at: [0x000000f800000000-0x000000f800ca4000-0x000000f800ca4000), size 13254656, SharedBaseAddress: 0x000000f800000000, ArchiveRelocationMode: 1.
[2025-01-03T11:59:43.006+0900][0.015s][info][gc,metaspace] Compressed class space mapped at: 0x000000f801000000-0x000000f841000000, reserved size: 1073741824
[2025-01-03T11:59:43.006+0900][0.016s][info][gc,metaspace] Narrow klass base: 0x000000f800000000, Narrow klass shift: 0, Narrow klass range: 0x100000000
[2025-01-03T11:59:43.476+0900][0.485s][info][gc,start    ] GC(0) Pause Young (Normal) (G1 Evacuation Pause)
[2025-01-03T11:59:43.476+0900][0.486s][info][gc,task     ] GC(0) Using 6 workers of 8 for evacuation
[2025-01-03T11:59:43.481+0900][0.491s][info][gc,phases   ] GC(0)   Pre Evacuate Collection Set: 0.1ms
[2025-01-03T11:59:43.481+0900][0.491s][info][gc,phases   ] GC(0)   Merge Heap Roots: 0.1ms
[2025-01-03T11:59:43.481+0900][0.491s][info][gc,phases   ] GC(0)   Evacuate Collection Set: 4.3ms
[2025-01-03T11:59:43.481+0900][0.491s][info][gc,phases   ] GC(0)   Post Evacuate Collection Set: 0.4ms
[2025-01-03T11:59:43.481+0900][0.491s][info][gc,phases   ] GC(0)   Other: 0.4ms
[2025-01-03T11:59:43.481+0900][0.491s][info][gc,heap     ] GC(0) Eden regions: 11->0(22)
[2025-01-03T11:59:43.481+0900][0.491s][info][gc,heap     ] GC(0) Survivor regions: 0->2(2)
[2025-01-03T11:59:43.481+0900][0.491s][info][gc,heap     ] GC(0) Old regions: 1->2
[2025-01-03T11:59:43.481+0900][0.491s][info][gc,heap     ] GC(0) Humongous regions: 0->0
[2025-01-03T11:59:43.481+0900][0.491s][info][gc,metaspace] GC(0) Metaspace: 7730K(7936K)->7730K(7936K) NonClass: 6781K(6912K)->6781K(6912K) Class: 949K(1024K)->949K(1024K)
[2025-01-03T11:59:43.481+0900][0.491s][info][gc          ] GC(0) Pause Young (Normal) (G1 Evacuation Pause) 23M->5M(258M) 5.616ms
[2025-01-03T11:59:43.481+0900][0.491s][info][gc,cpu      ] GC(0) User=0.01s Sys=0.00s Real=0.01s
[2025-01-03T11:59:43.912+0900][0.921s][info][gc,start    ] GC(1) Pause Young (Normal) (G1 Evacuation Pause)
[2025-01-03T11:59:43.912+0900][0.922s][info][gc,task     ] GC(1) Using 6 workers of 8 for evacuation
[2025-01-03T11:59:43.915+0900][0.925s][info][gc,phases   ] GC(1)   Pre Evacuate Collection Set: 0.1ms
[2025-01-03T11:59:43.916+0900][0.925s][info][gc,phases   ] GC(1)   Merge Heap Roots: 0.0ms
[2025-01-03T11:59:43.916+0900][0.925s][info][gc,phases   ] GC(1)   Evacuate Collection Set: 3.0ms
[2025-01-03T11:59:43.916+0900][0.925s][info][gc,phases   ] GC(1)   Post Evacuate Collection Set: 0.4ms
[2025-01-03T11:59:43.916+0900][0.925s][info][gc,phases   ] GC(1)   Other: 0.1ms
[2025-01-03T11:59:43.916+0900][0.925s][info][gc,heap     ] GC(1) Eden regions: 22->0(74)
[2025-01-03T11:59:43.916+0900][0.925s][info][gc,heap     ] GC(1) Survivor regions: 2->2(3)
[2025-01-03T11:59:43.916+0900][0.925s][info][gc,heap     ] GC(1) Old regions: 2->4
[2025-01-03T11:59:43.916+0900][0.925s][info][gc,heap     ] GC(1) Humongous regions: 0->0
[2025-01-03T11:59:43.916+0900][0.925s][info][gc,metaspace] GC(1) Metaspace: 18085K(18432K)->18085K(18432K) NonClass: 15721K(15872K)->15721K(15872K) Class: 2363K(2560K)->2363K(2560K)
[2025-01-03T11:59:43.916+0900][0.925s][info][gc          ] GC(1) Pause Young (Normal) (G1 Evacuation Pause) 49M->8M(258M) 3.801ms
[2025-01-03T11:59:43.916+0900][0.925s][info][gc,cpu      ] GC(1) User=0.02s Sys=0.00s Real=0.00s
[2025-01-03T11:59:44.079+0900][1.089s][info][gc,start    ] GC(2) Pause Young (Concurrent Start) (CodeCache GC Threshold)
[2025-01-03T11:59:44.079+0900][1.089s][info][gc,task     ] GC(2) Using 6 workers of 8 for evacuation
[2025-01-03T11:59:44.082+0900][1.091s][info][gc,phases   ] GC(2)   Pre Evacuate Collection Set: 0.1ms
[2025-01-03T11:59:44.082+0900][1.091s][info][gc,phases   ] GC(2)   Merge Heap Roots: 0.0ms
[2025-01-03T11:59:44.082+0900][1.091s][info][gc,phases   ] GC(2)   Evacuate Collection Set: 2.1ms
[2025-01-03T11:59:44.082+0900][1.091s][info][gc,phases   ] GC(2)   Post Evacuate Collection Set: 0.2ms
[2025-01-03T11:59:44.082+0900][1.091s][info][gc,phases   ] GC(2)   Other: 0.1ms
[2025-01-03T11:59:44.082+0900][1.091s][info][gc,heap     ] GC(2) Eden regions: 12->0(73)
[2025-01-03T11:59:44.082+0900][1.091s][info][gc,heap     ] GC(2) Survivor regions: 2->3(10)
[2025-01-03T11:59:44.082+0900][1.091s][info][gc,heap     ] GC(2) Old regions: 4->4
[2025-01-03T11:59:44.082+0900][1.091s][info][gc,heap     ] GC(2) Humongous regions: 0->0
[2025-01-03T11:59:44.082+0900][1.091s][info][gc,metaspace] GC(2) Metaspace: 20572K(20928K)->20572K(20928K) NonClass: 17855K(18048K)->17855K(18048K) Class: 2717K(2880K)->2717K(2880K)
[2025-01-03T11:59:44.082+0900][1.091s][info][gc          ] GC(2) Pause Young (Concurrent Start) (CodeCache GC Threshold) 31M->10M(258M) 2.690ms
[2025-01-03T11:59:44.082+0900][1.091s][info][gc,cpu      ] GC(2) User=0.02s Sys=0.00s Real=0.01s
[2025-01-03T11:59:44.082+0900][1.091s][info][gc          ] GC(3) Concurrent Mark Cycle
[2025-01-03T11:59:44.082+0900][1.091s][info][gc,marking  ] GC(3) Concurrent Scan Root Regions
[2025-01-03T11:59:44.084+0900][1.094s][info][gc,marking  ] GC(3) Concurrent Scan Root Regions 2.570ms
[2025-01-03T11:59:44.084+0900][1.094s][info][gc,marking  ] GC(3) Concurrent Mark
[2025-01-03T11:59:44.084+0900][1.094s][info][gc,marking  ] GC(3) Concurrent Mark From Roots
[2025-01-03T11:59:44.084+0900][1.094s][info][gc,task     ] GC(3) Using 2 workers of 2 for marking
[2025-01-03T11:59:44.087+0900][1.097s][info][gc,marking  ] GC(3) Concurrent Mark From Roots 3.035ms
[2025-01-03T11:59:44.087+0900][1.097s][info][gc,marking  ] GC(3) Concurrent Preclean
[2025-01-03T11:59:44.087+0900][1.097s][info][gc,marking  ] GC(3) Concurrent Preclean 0.021ms
[2025-01-03T11:59:44.088+0900][1.097s][info][gc,start    ] GC(3) Pause Remark
[2025-01-03T11:59:44.089+0900][1.098s][info][gc          ] GC(3) Pause Remark 12M->12M(54M) 0.989ms
[2025-01-03T11:59:44.089+0900][1.098s][info][gc,cpu      ] GC(3) User=0.00s Sys=0.00s Real=0.00s
[2025-01-03T11:59:44.089+0900][1.098s][info][gc,marking  ] GC(3) Concurrent Mark 4.222ms
[2025-01-03T11:59:44.089+0900][1.098s][info][gc,marking  ] GC(3) Concurrent Rebuild Remembered Sets and Scrub Regions
[2025-01-03T11:59:44.090+0900][1.100s][info][gc,marking  ] GC(3) Concurrent Rebuild Remembered Sets and Scrub Regions 1.469ms
[2025-01-03T11:59:44.090+0900][1.100s][info][gc,start    ] GC(3) Pause Cleanup
[2025-01-03T11:59:44.090+0900][1.100s][info][gc          ] GC(3) Pause Cleanup 12M->12M(54M) 0.061ms
[2025-01-03T11:59:44.090+0900][1.100s][info][gc,cpu      ] GC(3) User=0.00s Sys=0.00s Real=0.00s
[2025-01-03T11:59:44.090+0900][1.100s][info][gc,marking  ] GC(3) Concurrent Clear Claimed Marks
[2025-01-03T11:59:44.090+0900][1.100s][info][gc,marking  ] GC(3) Concurrent Clear Claimed Marks 0.025ms
[2025-01-03T11:59:44.090+0900][1.100s][info][gc,marking  ] GC(3) Concurrent Cleanup for Next Mark
[2025-01-03T11:59:44.090+0900][1.100s][info][gc,marking  ] GC(3) Concurrent Cleanup for Next Mark 0.144ms
[2025-01-03T11:59:44.090+0900][1.100s][info][gc          ] GC(3) Concurrent Mark Cycle 8.676ms
[2025-01-03T11:59:44.419+0900][1.428s][info][gc,start    ] GC(4) Pause Young (Prepare Mixed) (G1 Evacuation Pause)
[2025-01-03T11:59:44.419+0900][1.429s][info][gc,task     ] GC(4) Using 8 workers of 8 for evacuation
[2025-01-03T11:59:44.423+0900][1.433s][info][gc,phases   ] GC(4)   Pre Evacuate Collection Set: 0.1ms
[2025-01-03T11:59:44.423+0900][1.433s][info][gc,phases   ] GC(4)   Merge Heap Roots: 0.0ms
[2025-01-03T11:59:44.423+0900][1.433s][info][gc,phases   ] GC(4)   Evacuate Collection Set: 3.5ms
[2025-01-03T11:59:44.423+0900][1.433s][info][gc,phases   ] GC(4)   Post Evacuate Collection Set: 0.3ms
[2025-01-03T11:59:44.423+0900][1.433s][info][gc,phases   ] GC(4)   Other: 0.0ms
[2025-01-03T11:59:44.423+0900][1.433s][info][gc,heap     ] GC(4) Eden regions: 20->0(14)
[2025-01-03T11:59:44.423+0900][1.433s][info][gc,heap     ] GC(4) Survivor regions: 3->5(10)
[2025-01-03T11:59:44.423+0900][1.433s][info][gc,heap     ] GC(4) Old regions: 4->4
[2025-01-03T11:59:44.423+0900][1.433s][info][gc,heap     ] GC(4) Humongous regions: 0->0
[2025-01-03T11:59:44.423+0900][1.433s][info][gc,metaspace] GC(4) Metaspace: 27097K(27648K)->27097K(27648K) NonClass: 23456K(23808K)->23456K(23808K) Class: 3641K(3840K)->3641K(3840K)
[2025-01-03T11:59:44.423+0900][1.433s][info][gc          ] GC(4) Pause Young (Prepare Mixed) (G1 Evacuation Pause) 50M->14M(64M) 4.171ms
[2025-01-03T11:59:44.423+0900][1.433s][info][gc,cpu      ] GC(4) User=0.03s Sys=0.00s Real=0.01s
[2025-01-03T12:07:11.658+0900][448.667s][info][gc,start    ] GC(5) Pause Young (Mixed) (G1 Evacuation Pause)
[2025-01-03T12:07:11.658+0900][448.668s][info][gc,task     ] GC(5) Using 8 workers of 8 for evacuation
[2025-01-03T12:07:11.663+0900][448.672s][info][gc,phases   ] GC(5)   Pre Evacuate Collection Set: 0.1ms
[2025-01-03T12:07:11.663+0900][448.672s][info][gc,phases   ] GC(5)   Merge Heap Roots: 0.0ms
[2025-01-03T12:07:11.663+0900][448.672s][info][gc,phases   ] GC(5)   Evacuate Collection Set: 4.2ms
[2025-01-03T12:07:11.663+0900][448.672s][info][gc,phases   ] GC(5)   Post Evacuate Collection Set: 0.3ms
[2025-01-03T12:07:11.663+0900][448.672s][info][gc,phases   ] GC(5)   Other: 0.0ms
[2025-01-03T12:07:11.663+0900][448.672s][info][gc,heap     ] GC(5) Eden regions: 14->0(16)
[2025-01-03T12:07:11.663+0900][448.672s][info][gc,heap     ] GC(5) Survivor regions: 5->2(3)
[2025-01-03T12:07:11.663+0900][448.672s][info][gc,heap     ] GC(5) Old regions: 4->8
[2025-01-03T12:07:11.663+0900][448.672s][info][gc,heap     ] GC(5) Humongous regions: 0->0
[2025-01-03T12:07:11.663+0900][448.672s][info][gc,metaspace] GC(5) Metaspace: 30802K(31424K)->30802K(31424K) NonClass: 26681K(27008K)->26681K(27008K) Class: 4121K(4416K)->4121K(4416K)
[2025-01-03T12:07:11.663+0900][448.672s][info][gc          ] GC(5) Pause Young (Mixed) (G1 Evacuation Pause) 42M->16M(64M) 4.880ms
[2025-01-03T12:07:11.663+0900][448.672s][info][gc,cpu      ] GC(5) User=0.03s Sys=0.01s Real=0.01s
[2025-01-03T12:07:11.748+0900][448.757s][info][gc,start    ] GC(6) Pause Young (Normal) (G1 Evacuation Pause)
[2025-01-03T12:07:11.748+0900][448.757s][info][gc,task     ] GC(6) Using 8 workers of 8 for evacuation
[2025-01-03T12:07:11.749+0900][448.759s][info][gc,phases   ] GC(6)   Pre Evacuate Collection Set: 0.1ms
[2025-01-03T12:07:11.749+0900][448.759s][info][gc,phases   ] GC(6)   Merge Heap Roots: 0.0ms
[2025-01-03T12:07:11.749+0900][448.759s][info][gc,phases   ] GC(6)   Evacuate Collection Set: 1.3ms
[2025-01-03T12:07:11.749+0900][448.759s][info][gc,phases   ] GC(6)   Post Evacuate Collection Set: 0.2ms
[2025-01-03T12:07:11.749+0900][448.759s][info][gc,phases   ] GC(6)   Other: 0.0ms
[2025-01-03T12:07:11.749+0900][448.759s][info][gc,heap     ] GC(6) Eden regions: 16->0(17)
[2025-01-03T12:07:11.749+0900][448.759s][info][gc,heap     ] GC(6) Survivor regions: 2->2(3)
[2025-01-03T12:07:11.749+0900][448.759s][info][gc,heap     ] GC(6) Old regions: 8->8
[2025-01-03T12:07:11.749+0900][448.759s][info][gc,heap     ] GC(6) Humongous regions: 0->0
[2025-01-03T12:07:11.749+0900][448.759s][info][gc,metaspace] GC(6) Metaspace: 31650K(32256K)->31650K(32256K) NonClass: 27411K(27712K)->27411K(27712K) Class: 4239K(4544K)->4239K(4544K)
[2025-01-03T12:07:11.749+0900][448.759s][info][gc          ] GC(6) Pause Young (Normal) (G1 Evacuation Pause) 48M->15M(64M) 1.876ms
[2025-01-03T12:07:11.749+0900][448.759s][info][gc,cpu      ] GC(6) User=0.01s Sys=0.00s Real=0.00s
[2025-01-03T12:07:11.772+0900][448.782s][info][gc,start    ] GC(7) Pause Young (Normal) (G1 Evacuation Pause)
[2025-01-03T12:07:11.772+0900][448.782s][info][gc,task     ] GC(7) Using 8 workers of 8 for evacuation
[2025-01-03T12:07:11.774+0900][448.784s][info][gc,phases   ] GC(7)   Pre Evacuate Collection Set: 0.1ms
[2025-01-03T12:07:11.774+0900][448.784s][info][gc,phases   ] GC(7)   Merge Heap Roots: 0.1ms
[2025-01-03T12:07:11.774+0900][448.784s][info][gc,phases   ] GC(7)   Evacuate Collection Set: 1.1ms
[2025-01-03T12:07:11.774+0900][448.784s][info][gc,phases   ] GC(7)   Post Evacuate Collection Set: 0.3ms
[2025-01-03T12:07:11.774+0900][448.784s][info][gc,phases   ] GC(7)   Other: 0.0ms
[2025-01-03T12:07:11.774+0900][448.784s][info][gc,heap     ] GC(7) Eden regions: 17->0(21)
[2025-01-03T12:07:11.774+0900][448.784s][info][gc,heap     ] GC(7) Survivor regions: 2->2(3)
[2025-01-03T12:07:11.774+0900][448.784s][info][gc,heap     ] GC(7) Old regions: 8->8
[2025-01-03T12:07:11.774+0900][448.784s][info][gc,heap     ] GC(7) Humongous regions: 0->0
[2025-01-03T12:07:11.774+0900][448.784s][info][gc,metaspace] GC(7) Metaspace: 31871K(32512K)->31871K(32512K) NonClass: 27605K(27968K)->27605K(27968K) Class: 4266K(4544K)->4266K(4544K)
[2025-01-03T12:07:11.774+0900][448.784s][info][gc          ] GC(7) Pause Young (Normal) (G1 Evacuation Pause) 49M->16M(78M) 1.757ms
[2025-01-03T12:07:11.774+0900][448.784s][info][gc,cpu      ] GC(7) User=0.00s Sys=0.01s Real=0.00s
[2025-01-03T12:07:11.789+0900][448.799s][info][gc,start    ] GC(8) Pause Young (Normal) (G1 Evacuation Pause)
[2025-01-03T12:07:11.789+0900][448.799s][info][gc,task     ] GC(8) Using 8 workers of 8 for evacuation
[2025-01-03T12:07:11.791+0900][448.800s][info][gc,phases   ] GC(8)   Pre Evacuate Collection Set: 0.1ms
[2025-01-03T12:07:11.791+0900][448.800s][info][gc,phases   ] GC(8)   Merge Heap Roots: 0.1ms
[2025-01-03T12:07:11.791+0900][448.800s][info][gc,phases   ] GC(8)   Evacuate Collection Set: 1.2ms
[2025-01-03T12:07:11.791+0900][448.801s][info][gc,phases   ] GC(8)   Post Evacuate Collection Set: 0.2ms
[2025-01-03T12:07:11.791+0900][448.801s][info][gc,phases   ] GC(8)   Other: 0.0ms
[2025-01-03T12:07:11.791+0900][448.801s][info][gc,heap     ] GC(8) Eden regions: 21->0(21)
[2025-01-03T12:07:11.791+0900][448.801s][info][gc,heap     ] GC(8) Survivor regions: 2->2(3)
[2025-01-03T12:07:11.791+0900][448.801s][info][gc,heap     ] GC(8) Old regions: 8->8
[2025-01-03T12:07:11.791+0900][448.801s][info][gc,heap     ] GC(8) Humongous regions: 0->0
[2025-01-03T12:07:11.791+0900][448.801s][info][gc,metaspace] GC(8) Metaspace: 31877K(32512K)->31877K(32512K) NonClass: 27609K(27968K)->27609K(27968K) Class: 4267K(4544K)->4267K(4544K)
[2025-01-03T12:07:11.791+0900][448.801s][info][gc          ] GC(8) Pause Young (Normal) (G1 Evacuation Pause) 58M->16M(78M) 1.795ms
[2025-01-03T12:07:11.791+0900][448.801s][info][gc,cpu      ] GC(8) User=0.01s Sys=0.00s Real=0.01s
[2025-01-03T12:07:11.805+0900][448.815s][info][gc,start    ] GC(9) Pause Young (Normal) (G1 Evacuation Pause)
[2025-01-03T12:07:11.805+0900][448.815s][info][gc,task     ] GC(9) Using 8 workers of 8 for evacuation
[2025-01-03T12:07:11.807+0900][448.816s][info][gc,phases   ] GC(9)   Pre Evacuate Collection Set: 0.1ms
[2025-01-03T12:07:11.807+0900][448.816s][info][gc,phases   ] GC(9)   Merge Heap Roots: 0.1ms
[2025-01-03T12:07:11.807+0900][448.816s][info][gc,phases   ] GC(9)   Evacuate Collection Set: 1.1ms
[2025-01-03T12:07:11.807+0900][448.816s][info][gc,phases   ] GC(9)   Post Evacuate Collection Set: 0.2ms
[2025-01-03T12:07:11.807+0900][448.816s][info][gc,phases   ] GC(9)   Other: 0.0ms
[2025-01-03T12:07:11.807+0900][448.816s][info][gc,heap     ] GC(9) Eden regions: 21->0(21)
[2025-01-03T12:07:11.807+0900][448.817s][info][gc,heap     ] GC(9) Survivor regions: 2->2(3)
[2025-01-03T12:07:11.807+0900][448.817s][info][gc,heap     ] GC(9) Old regions: 8->8
[2025-01-03T12:07:11.807+0900][448.817s][info][gc,heap     ] GC(9) Humongous regions: 0->0
[2025-01-03T12:07:11.807+0900][448.817s][info][gc,metaspace] GC(9) Metaspace: 31877K(32512K)->31877K(32512K) NonClass: 27609K(27968K)->27609K(27968K) Class: 4267K(4544K)->4267K(4544K)
[2025-01-03T12:07:11.807+0900][448.817s][info][gc          ] GC(9) Pause Young (Normal) (G1 Evacuation Pause) 58M->16M(78M) 1.616ms
[2025-01-03T12:07:11.807+0900][448.817s][info][gc,cpu      ] GC(9) User=0.01s Sys=0.00s Real=0.00s
[2025-01-03T12:07:11.820+0900][448.830s][info][gc,start    ] GC(10) Pause Young (Normal) (G1 Evacuation Pause)
[2025-01-03T12:07:11.820+0900][448.830s][info][gc,task     ] GC(10) Using 8 workers of 8 for evacuation
[2025-01-03T12:07:11.821+0900][448.831s][info][gc,phases   ] GC(10)   Pre Evacuate Collection Set: 0.1ms
[2025-01-03T12:07:11.821+0900][448.831s][info][gc,phases   ] GC(10)   Merge Heap Roots: 0.0ms
[2025-01-03T12:07:11.821+0900][448.831s][info][gc,phases   ] GC(10)   Evacuate Collection Set: 0.9ms
[2025-01-03T12:07:11.821+0900][448.831s][info][gc,phases   ] GC(10)   Post Evacuate Collection Set: 0.2ms
[2025-01-03T12:07:11.821+0900][448.831s][info][gc,phases   ] GC(10)   Other: 0.0ms
[2025-01-03T12:07:11.821+0900][448.831s][info][gc,heap     ] GC(10) Eden regions: 21->0(21)
[2025-01-03T12:07:11.821+0900][448.831s][info][gc,heap     ] GC(10) Survivor regions: 2->2(3)
[2025-01-03T12:07:11.821+0900][448.831s][info][gc,heap     ] GC(10) Old regions: 8->8
[2025-01-03T12:07:11.821+0900][448.831s][info][gc,heap     ] GC(10) Humongous regions: 0->0
[2025-01-03T12:07:11.821+0900][448.831s][info][gc,metaspace] GC(10) Metaspace: 31877K(32512K)->31877K(32512K) NonClass: 27609K(27968K)->27609K(27968K) Class: 4267K(4544K)->4267K(4544K)
[2025-01-03T12:07:11.821+0900][448.831s][info][gc          ] GC(10) Pause Young (Normal) (G1 Evacuation Pause) 58M->16M(78M) 1.309ms
[2025-01-03T12:07:11.821+0900][448.831s][info][gc,cpu      ] GC(10) User=0.00s Sys=0.00s Real=0.00s
[2025-01-03T12:07:11.834+0900][448.844s][info][gc,start    ] GC(11) Pause Young (Normal) (G1 Evacuation Pause)
[2025-01-03T12:07:11.834+0900][448.844s][info][gc,task     ] GC(11) Using 8 workers of 8 for evacuation
[2025-01-03T12:07:11.836+0900][448.845s][info][gc,phases   ] GC(11)   Pre Evacuate Collection Set: 0.1ms
[2025-01-03T12:07:11.836+0900][448.845s][info][gc,phases   ] GC(11)   Merge Heap Roots: 0.0ms
[2025-01-03T12:07:11.836+0900][448.845s][info][gc,phases   ] GC(11)   Evacuate Collection Set: 1.0ms
[2025-01-03T12:07:11.836+0900][448.845s][info][gc,phases   ] GC(11)   Post Evacuate Collection Set: 0.2ms
[2025-01-03T12:07:11.836+0900][448.845s][info][gc,phases   ] GC(11)   Other: 0.0ms
[2025-01-03T12:07:11.836+0900][448.845s][info][gc,heap     ] GC(11) Eden regions: 21->0(44)
[2025-01-03T12:07:11.836+0900][448.845s][info][gc,heap     ] GC(11) Survivor regions: 2->2(3)
[2025-01-03T12:07:11.836+0900][448.845s][info][gc,heap     ] GC(11) Old regions: 8->8
[2025-01-03T12:07:11.836+0900][448.845s][info][gc,heap     ] GC(11) Humongous regions: 0->0
[2025-01-03T12:07:11.836+0900][448.845s][info][gc,metaspace] GC(11) Metaspace: 31877K(32512K)->31877K(32512K) NonClass: 27609K(27968K)->27609K(27968K) Class: 4267K(4544K)->4267K(4544K)
[2025-01-03T12:07:11.836+0900][448.845s][info][gc          ] GC(11) Pause Young (Normal) (G1 Evacuation Pause) 58M->16M(154M) 1.542ms
[2025-01-03T12:07:11.836+0900][448.845s][info][gc,cpu      ] GC(11) User=0.01s Sys=0.00s Real=0.00s
[2025-01-03T12:07:11.871+0900][448.881s][info][gc,start    ] GC(12) Pause Young (Normal) (G1 Evacuation Pause)
[2025-01-03T12:07:11.871+0900][448.881s][info][gc,task     ] GC(12) Using 8 workers of 8 for evacuation
[2025-01-03T12:07:11.872+0900][448.882s][info][gc,phases   ] GC(12)   Pre Evacuate Collection Set: 0.1ms
[2025-01-03T12:07:11.872+0900][448.882s][info][gc,phases   ] GC(12)   Merge Heap Roots: 0.1ms
[2025-01-03T12:07:11.872+0900][448.882s][info][gc,phases   ] GC(12)   Evacuate Collection Set: 1.0ms
[2025-01-03T12:07:11.872+0900][448.882s][info][gc,phases   ] GC(12)   Post Evacuate Collection Set: 0.2ms
[2025-01-03T12:07:11.872+0900][448.882s][info][gc,phases   ] GC(12)   Other: 0.0ms
[2025-01-03T12:07:11.872+0900][448.882s][info][gc,heap     ] GC(12) Eden regions: 44->0(44)
[2025-01-03T12:07:11.872+0900][448.882s][info][gc,heap     ] GC(12) Survivor regions: 2->2(6)
[2025-01-03T12:07:11.872+0900][448.882s][info][gc,heap     ] GC(12) Old regions: 8->8
[2025-01-03T12:07:11.872+0900][448.882s][info][gc,heap     ] GC(12) Humongous regions: 0->0
[2025-01-03T12:07:11.872+0900][448.882s][info][gc,metaspace] GC(12) Metaspace: 31877K(32512K)->31877K(32512K) NonClass: 27609K(27968K)->27609K(27968K) Class: 4267K(4544K)->4267K(4544K)
[2025-01-03T12:07:11.872+0900][448.882s][info][gc          ] GC(12) Pause Young (Normal) (G1 Evacuation Pause) 104M->16M(154M) 1.544ms
[2025-01-03T12:07:11.872+0900][448.882s][info][gc,cpu      ] GC(12) User=0.00s Sys=0.00s Real=0.00s
[2025-01-03T12:07:11.905+0900][448.915s][info][gc,start    ] GC(13) Pause Young (Normal) (G1 Evacuation Pause)
[2025-01-03T12:07:11.905+0900][448.915s][info][gc,task     ] GC(13) Using 8 workers of 8 for evacuation
[2025-01-03T12:07:11.908+0900][448.917s][info][gc,phases   ] GC(13)   Pre Evacuate Collection Set: 0.1ms
[2025-01-03T12:07:11.908+0900][448.917s][info][gc,phases   ] GC(13)   Merge Heap Roots: 0.1ms
[2025-01-03T12:07:11.908+0900][448.917s][info][gc,phases   ] GC(13)   Evacuate Collection Set: 1.9ms
[2025-01-03T12:07:11.908+0900][448.917s][info][gc,phases   ] GC(13)   Post Evacuate Collection Set: 0.3ms
[2025-01-03T12:07:11.908+0900][448.917s][info][gc,phases   ] GC(13)   Other: 0.0ms
[2025-01-03T12:07:11.908+0900][448.917s][info][gc,heap     ] GC(13) Eden regions: 44->0(44)
[2025-01-03T12:07:11.908+0900][448.917s][info][gc,heap     ] GC(13) Survivor regions: 2->2(6)
[2025-01-03T12:07:11.908+0900][448.917s][info][gc,heap     ] GC(13) Old regions: 8->8
[2025-01-03T12:07:11.908+0900][448.917s][info][gc,heap     ] GC(13) Humongous regions: 0->0
[2025-01-03T12:07:11.908+0900][448.917s][info][gc,metaspace] GC(13) Metaspace: 31877K(32512K)->31877K(32512K) NonClass: 27609K(27968K)->27609K(27968K) Class: 4267K(4544K)->4267K(4544K)
[2025-01-03T12:07:11.908+0900][448.917s][info][gc          ] GC(13) Pause Young (Normal) (G1 Evacuation Pause) 104M->16M(154M) 2.472ms
[2025-01-03T12:07:11.908+0900][448.917s][info][gc,cpu      ] GC(13) User=0.01s Sys=0.00s Real=0.00s
[2025-01-03T12:07:11.930+0900][448.939s][info][gc,start    ] GC(14) Pause Young (Normal) (G1 Evacuation Pause)
[2025-01-03T12:07:11.930+0900][448.939s][info][gc,task     ] GC(14) Using 8 workers of 8 for evacuation
[2025-01-03T12:07:11.931+0900][448.941s][info][gc,phases   ] GC(14)   Pre Evacuate Collection Set: 0.1ms
[2025-01-03T12:07:11.931+0900][448.941s][info][gc,phases   ] GC(14)   Merge Heap Roots: 0.0ms
[2025-01-03T12:07:11.931+0900][448.941s][info][gc,phases   ] GC(14)   Evacuate Collection Set: 1.3ms
[2025-01-03T12:07:11.931+0900][448.941s][info][gc,phases   ] GC(14)   Post Evacuate Collection Set: 0.3ms
[2025-01-03T12:07:11.931+0900][448.941s][info][gc,phases   ] GC(14)   Other: 0.0ms
[2025-01-03T12:07:11.931+0900][448.941s][info][gc,heap     ] GC(14) Eden regions: 44->0(44)
[2025-01-03T12:07:11.931+0900][448.941s][info][gc,heap     ] GC(14) Survivor regions: 2->2(6)
[2025-01-03T12:07:11.931+0900][448.941s][info][gc,heap     ] GC(14) Old regions: 8->8
[2025-01-03T12:07:11.931+0900][448.941s][info][gc,heap     ] GC(14) Humongous regions: 0->0
[2025-01-03T12:07:11.931+0900][448.941s][info][gc,metaspace] GC(14) Metaspace: 31877K(32512K)->31877K(32512K) NonClass: 27609K(27968K)->27609K(27968K) Class: 4267K(4544K)->4267K(4544K)
[2025-01-03T12:07:11.931+0900][448.941s][info][gc          ] GC(14) Pause Young (Normal) (G1 Evacuation Pause) 104M->16M(154M) 1.837ms
[2025-01-03T12:07:11.931+0900][448.941s][info][gc,cpu      ] GC(14) User=0.01s Sys=0.00s Real=0.00s
[2025-01-03T12:07:11.952+0900][448.962s][info][gc,start    ] GC(15) Pause Young (Normal) (G1 Evacuation Pause)
[2025-01-03T12:07:11.953+0900][448.962s][info][gc,task     ] GC(15) Using 8 workers of 8 for evacuation
[2025-01-03T12:07:11.954+0900][448.964s][info][gc,phases   ] GC(15)   Pre Evacuate Collection Set: 0.1ms
[2025-01-03T12:07:11.954+0900][448.964s][info][gc,phases   ] GC(15)   Merge Heap Roots: 0.0ms
[2025-01-03T12:07:11.954+0900][448.964s][info][gc,phases   ] GC(15)   Evacuate Collection Set: 1.1ms
[2025-01-03T12:07:11.954+0900][448.964s][info][gc,phases   ] GC(15)   Post Evacuate Collection Set: 0.3ms
[2025-01-03T12:07:11.954+0900][448.964s][info][gc,phases   ] GC(15)   Other: 0.0ms
[2025-01-03T12:07:11.954+0900][448.964s][info][gc,heap     ] GC(15) Eden regions: 44->0(79)
[2025-01-03T12:07:11.954+0900][448.964s][info][gc,heap     ] GC(15) Survivor regions: 2->2(6)
[2025-01-03T12:07:11.954+0900][448.964s][info][gc,heap     ] GC(15) Old regions: 8->8
[2025-01-03T12:07:11.954+0900][448.964s][info][gc,heap     ] GC(15) Humongous regions: 0->0
[2025-01-03T12:07:11.954+0900][448.964s][info][gc,metaspace] GC(15) Metaspace: 31877K(32512K)->31877K(32512K) NonClass: 27609K(27968K)->27609K(27968K) Class: 4267K(4544K)->4267K(4544K)
[2025-01-03T12:07:11.954+0900][448.964s][info][gc          ] GC(15) Pause Young (Normal) (G1 Evacuation Pause) 104M->16M(270M) 1.638ms
[2025-01-03T12:07:11.954+0900][448.964s][info][gc,cpu      ] GC(15) User=0.00s Sys=0.00s Real=0.00s
[2025-01-03T12:07:12.018+0900][449.027s][info][gc,start    ] GC(16) Pause Young (Normal) (G1 Evacuation Pause)
[2025-01-03T12:07:12.018+0900][449.027s][info][gc,task     ] GC(16) Using 8 workers of 8 for evacuation
[2025-01-03T12:07:12.020+0900][449.030s][info][gc,phases   ] GC(16)   Pre Evacuate Collection Set: 0.1ms
[2025-01-03T12:07:12.020+0900][449.030s][info][gc,phases   ] GC(16)   Merge Heap Roots: 0.1ms
[2025-01-03T12:07:12.020+0900][449.030s][info][gc,phases   ] GC(16)   Evacuate Collection Set: 1.8ms
[2025-01-03T12:07:12.020+0900][449.030s][info][gc,phases   ] GC(16)   Post Evacuate Collection Set: 0.3ms
[2025-01-03T12:07:12.020+0900][449.030s][info][gc,phases   ] GC(16)   Other: 0.1ms
[2025-01-03T12:07:12.020+0900][449.030s][info][gc,heap     ] GC(16) Eden regions: 79->0(79)
[2025-01-03T12:07:12.020+0900][449.030s][info][gc,heap     ] GC(16) Survivor regions: 2->2(11)
[2025-01-03T12:07:12.020+0900][449.030s][info][gc,heap     ] GC(16) Old regions: 8->8
[2025-01-03T12:07:12.020+0900][449.030s][info][gc,heap     ] GC(16) Humongous regions: 0->0
[2025-01-03T12:07:12.020+0900][449.030s][info][gc,metaspace] GC(16) Metaspace: 31879K(32512K)->31879K(32512K) NonClass: 27610K(27968K)->27610K(27968K) Class: 4268K(4544K)->4268K(4544K)
[2025-01-03T12:07:12.020+0900][449.030s][info][gc          ] GC(16) Pause Young (Normal) (G1 Evacuation Pause) 174M->16M(270M) 2.534ms
[2025-01-03T12:07:12.020+0900][449.030s][info][gc,cpu      ] GC(16) User=0.01s Sys=0.00s Real=0.01s
[2025-01-03T12:07:12.082+0900][449.091s][info][gc,start    ] GC(17) Pause Young (Normal) (G1 Evacuation Pause)
[2025-01-03T12:07:12.082+0900][449.091s][info][gc,task     ] GC(17) Using 8 workers of 8 for evacuation
[2025-01-03T12:07:12.085+0900][449.094s][info][gc,phases   ] GC(17)   Pre Evacuate Collection Set: 0.1ms
[2025-01-03T12:07:12.085+0900][449.094s][info][gc,phases   ] GC(17)   Merge Heap Roots: 0.1ms
[2025-01-03T12:07:12.085+0900][449.094s][info][gc,phases   ] GC(17)   Evacuate Collection Set: 2.3ms
[2025-01-03T12:07:12.085+0900][449.094s][info][gc,phases   ] GC(17)   Post Evacuate Collection Set: 0.3ms
[2025-01-03T12:07:12.085+0900][449.094s][info][gc,phases   ] GC(17)   Other: 0.1ms
[2025-01-03T12:07:12.085+0900][449.094s][info][gc,heap     ] GC(17) Eden regions: 79->0(79)
[2025-01-03T12:07:12.085+0900][449.094s][info][gc,heap     ] GC(17) Survivor regions: 2->2(11)
[2025-01-03T12:07:12.085+0900][449.094s][info][gc,heap     ] GC(17) Old regions: 8->8
[2025-01-03T12:07:12.085+0900][449.094s][info][gc,heap     ] GC(17) Humongous regions: 0->0
[2025-01-03T12:07:12.085+0900][449.094s][info][gc,metaspace] GC(17) Metaspace: 31879K(32512K)->31879K(32512K) NonClass: 27610K(27968K)->27610K(27968K) Class: 4268K(4544K)->4268K(4544K)
[2025-01-03T12:07:12.085+0900][449.094s][info][gc          ] GC(17) Pause Young (Normal) (G1 Evacuation Pause) 174M->16M(270M) 3.105ms
[2025-01-03T12:07:12.085+0900][449.094s][info][gc,cpu      ] GC(17) User=0.01s Sys=0.00s Real=0.00s
[2025-01-03T12:07:12.161+0900][449.171s][info][gc,start    ] GC(18) Pause Young (Normal) (G1 Evacuation Pause)
[2025-01-03T12:07:12.161+0900][449.171s][info][gc,task     ] GC(18) Using 8 workers of 8 for evacuation
[2025-01-03T12:07:12.166+0900][449.175s][info][gc,phases   ] GC(18)   Pre Evacuate Collection Set: 0.4ms
[2025-01-03T12:07:12.166+0900][449.175s][info][gc,phases   ] GC(18)   Merge Heap Roots: 0.1ms
[2025-01-03T12:07:12.166+0900][449.175s][info][gc,phases   ] GC(18)   Evacuate Collection Set: 3.4ms
[2025-01-03T12:07:12.166+0900][449.175s][info][gc,phases   ] GC(18)   Post Evacuate Collection Set: 0.4ms
[2025-01-03T12:07:12.166+0900][449.175s][info][gc,phases   ] GC(18)   Other: 0.1ms
[2025-01-03T12:07:12.166+0900][449.175s][info][gc,heap     ] GC(18) Eden regions: 79->0(79)
[2025-01-03T12:07:12.166+0900][449.175s][info][gc,heap     ] GC(18) Survivor regions: 2->2(11)
[2025-01-03T12:07:12.166+0900][449.175s][info][gc,heap     ] GC(18) Old regions: 8->8
[2025-01-03T12:07:12.166+0900][449.175s][info][gc,heap     ] GC(18) Humongous regions: 0->0
[2025-01-03T12:07:12.166+0900][449.175s][info][gc,metaspace] GC(18) Metaspace: 31879K(32512K)->31879K(32512K) NonClass: 27610K(27968K)->27610K(27968K) Class: 4268K(4544K)->4268K(4544K)
[2025-01-03T12:07:12.166+0900][449.175s][info][gc          ] GC(18) Pause Young (Normal) (G1 Evacuation Pause) 174M->16M(270M) 4.665ms
[2025-01-03T12:07:12.166+0900][449.175s][info][gc,cpu      ] GC(18) User=0.01s Sys=0.00s Real=0.00s
[2025-01-03T12:07:12.261+0900][449.270s][info][gc,start    ] GC(19) Pause Young (Normal) (G1 Evacuation Pause)
[2025-01-03T12:07:12.261+0900][449.271s][info][gc,task     ] GC(19) Using 8 workers of 8 for evacuation
[2025-01-03T12:07:12.275+0900][449.285s][info][gc,phases   ] GC(19)   Pre Evacuate Collection Set: 0.1ms
[2025-01-03T12:07:12.275+0900][449.285s][info][gc,phases   ] GC(19)   Merge Heap Roots: 0.1ms
[2025-01-03T12:07:12.275+0900][449.285s][info][gc,phases   ] GC(19)   Evacuate Collection Set: 13.0ms
[2025-01-03T12:07:12.275+0900][449.285s][info][gc,phases   ] GC(19)   Post Evacuate Collection Set: 1.0ms
[2025-01-03T12:07:12.275+0900][449.285s][info][gc,phases   ] GC(19)   Other: 0.1ms
[2025-01-03T12:07:12.275+0900][449.285s][info][gc,heap     ] GC(19) Eden regions: 79->0(120)
[2025-01-03T12:07:12.275+0900][449.285s][info][gc,heap     ] GC(19) Survivor regions: 2->2(11)
[2025-01-03T12:07:12.275+0900][449.285s][info][gc,heap     ] GC(19) Old regions: 8->8
[2025-01-03T12:07:12.275+0900][449.285s][info][gc,heap     ] GC(19) Humongous regions: 0->0
[2025-01-03T12:07:12.275+0900][449.285s][info][gc,metaspace] GC(19) Metaspace: 31879K(32512K)->31879K(32512K) NonClass: 27610K(27968K)->27610K(27968K) Class: 4268K(4544K)->4268K(4544K)
[2025-01-03T12:07:12.276+0900][449.285s][info][gc          ] GC(19) Pause Young (Normal) (G1 Evacuation Pause) 174M->16M(408M) 14.617ms
[2025-01-03T12:07:12.276+0900][449.285s][info][gc,cpu      ] GC(19) User=0.01s Sys=0.00s Real=0.01s
[2025-01-03T12:07:12.386+0900][449.395s][info][gc,start    ] GC(20) Pause Young (Normal) (G1 Evacuation Pause)
[2025-01-03T12:07:12.386+0900][449.396s][info][gc,task     ] GC(20) Using 8 workers of 8 for evacuation
[2025-01-03T12:07:12.393+0900][449.403s][info][gc,phases   ] GC(20)   Pre Evacuate Collection Set: 1.8ms
[2025-01-03T12:07:12.393+0900][449.403s][info][gc,phases   ] GC(20)   Merge Heap Roots: 0.1ms
[2025-01-03T12:07:12.393+0900][449.403s][info][gc,phases   ] GC(20)   Evacuate Collection Set: 4.9ms
[2025-01-03T12:07:12.393+0900][449.403s][info][gc,phases   ] GC(20)   Post Evacuate Collection Set: 0.4ms
[2025-01-03T12:07:12.393+0900][449.403s][info][gc,phases   ] GC(20)   Other: 0.1ms
[2025-01-03T12:07:12.393+0900][449.403s][info][gc,heap     ] GC(20) Eden regions: 120->0(121)
[2025-01-03T12:07:12.393+0900][449.403s][info][gc,heap     ] GC(20) Survivor regions: 2->1(16)
[2025-01-03T12:07:12.393+0900][449.403s][info][gc,heap     ] GC(20) Old regions: 8->9
[2025-01-03T12:07:12.393+0900][449.403s][info][gc,heap     ] GC(20) Humongous regions: 0->0
[2025-01-03T12:07:12.393+0900][449.403s][info][gc,metaspace] GC(20) Metaspace: 31879K(32512K)->31879K(32512K) NonClass: 27610K(27968K)->27610K(27968K) Class: 4268K(4544K)->4268K(4544K)
[2025-01-03T12:07:12.393+0900][449.403s][info][gc          ] GC(20) Pause Young (Normal) (G1 Evacuation Pause) 256M->17M(408M) 7.873ms
[2025-01-03T12:07:12.394+0900][449.403s][info][gc,cpu      ] GC(20) User=0.01s Sys=0.00s Real=0.01s
[2025-01-03T12:07:12.518+0900][449.527s][info][gc,start    ] GC(21) Pause Young (Normal) (G1 Evacuation Pause)
[2025-01-03T12:07:12.518+0900][449.527s][info][gc,task     ] GC(21) Using 8 workers of 8 for evacuation
[2025-01-03T12:07:12.522+0900][449.532s][info][gc,phases   ] GC(21)   Pre Evacuate Collection Set: 0.1ms
[2025-01-03T12:07:12.523+0900][449.532s][info][gc,phases   ] GC(21)   Merge Heap Roots: 0.1ms
[2025-01-03T12:07:12.523+0900][449.532s][info][gc,phases   ] GC(21)   Evacuate Collection Set: 3.8ms
[2025-01-03T12:07:12.523+0900][449.532s][info][gc,phases   ] GC(21)   Post Evacuate Collection Set: 0.6ms
[2025-01-03T12:07:12.523+0900][449.532s][info][gc,phases   ] GC(21)   Other: 0.1ms
[2025-01-03T12:07:12.523+0900][449.532s][info][gc,heap     ] GC(21) Eden regions: 121->0(121)
[2025-01-03T12:07:12.523+0900][449.532s][info][gc,heap     ] GC(21) Survivor regions: 1->1(16)
[2025-01-03T12:07:12.523+0900][449.532s][info][gc,heap     ] GC(21) Old regions: 9->9
[2025-01-03T12:07:12.523+0900][449.532s][info][gc,heap     ] GC(21) Humongous regions: 0->0
[2025-01-03T12:07:12.523+0900][449.532s][info][gc,metaspace] GC(21) Metaspace: 31879K(32512K)->31879K(32512K) NonClass: 27610K(27968K)->27610K(27968K) Class: 4268K(4544K)->4268K(4544K)
[2025-01-03T12:07:12.523+0900][449.532s][info][gc          ] GC(21) Pause Young (Normal) (G1 Evacuation Pause) 259M->17M(408M) 5.070ms
[2025-01-03T12:07:12.523+0900][449.532s][info][gc,cpu      ] GC(21) User=0.01s Sys=0.00s Real=0.01s
[2025-01-03T12:07:12.649+0900][449.659s][info][gc,start    ] GC(22) Pause Young (Normal) (G1 Evacuation Pause)
[2025-01-03T12:07:12.649+0900][449.659s][info][gc,task     ] GC(22) Using 8 workers of 8 for evacuation
[2025-01-03T12:07:12.651+0900][449.660s][info][gc,phases   ] GC(22)   Pre Evacuate Collection Set: 0.1ms
[2025-01-03T12:07:12.651+0900][449.660s][info][gc,phases   ] GC(22)   Merge Heap Roots: 0.1ms
[2025-01-03T12:07:12.651+0900][449.660s][info][gc,phases   ] GC(22)   Evacuate Collection Set: 1.0ms
[2025-01-03T12:07:12.651+0900][449.660s][info][gc,phases   ] GC(22)   Post Evacuate Collection Set: 0.3ms
[2025-01-03T12:07:12.651+0900][449.660s][info][gc,phases   ] GC(22)   Other: 0.1ms
[2025-01-03T12:07:12.651+0900][449.660s][info][gc,heap     ] GC(22) Eden regions: 121->0(121)
[2025-01-03T12:07:12.651+0900][449.660s][info][gc,heap     ] GC(22) Survivor regions: 1->1(16)
[2025-01-03T12:07:12.651+0900][449.660s][info][gc,heap     ] GC(22) Old regions: 9->9
[2025-01-03T12:07:12.651+0900][449.660s][info][gc,heap     ] GC(22) Humongous regions: 0->0
[2025-01-03T12:07:12.651+0900][449.660s][info][gc,metaspace] GC(22) Metaspace: 31879K(32512K)->31879K(32512K) NonClass: 27610K(27968K)->27610K(27968K) Class: 4268K(4544K)->4268K(4544K)
[2025-01-03T12:07:12.651+0900][449.660s][info][gc          ] GC(22) Pause Young (Normal) (G1 Evacuation Pause) 259M->17M(408M) 1.684ms
[2025-01-03T12:07:12.651+0900][449.661s][info][gc,cpu      ] GC(22) User=0.01s Sys=0.01s Real=0.01s
[2025-01-03T12:07:12.720+0900][449.730s][info][gc,start    ] GC(23) Pause Young (Normal) (G1 Evacuation Pause)
[2025-01-03T12:07:12.720+0900][449.730s][info][gc,task     ] GC(23) Using 8 workers of 8 for evacuation
[2025-01-03T12:07:12.722+0900][449.732s][info][gc,phases   ] GC(23)   Pre Evacuate Collection Set: 0.1ms
[2025-01-03T12:07:12.722+0900][449.732s][info][gc,phases   ] GC(23)   Merge Heap Roots: 0.0ms
[2025-01-03T12:07:12.722+0900][449.732s][info][gc,phases   ] GC(23)   Evacuate Collection Set: 1.2ms
[2025-01-03T12:07:12.722+0900][449.732s][info][gc,phases   ] GC(23)   Post Evacuate Collection Set: 0.3ms
[2025-01-03T12:07:12.722+0900][449.732s][info][gc,phases   ] GC(23)   Other: 0.1ms
[2025-01-03T12:07:12.722+0900][449.732s][info][gc,heap     ] GC(23) Eden regions: 121->0(121)
[2025-01-03T12:07:12.722+0900][449.732s][info][gc,heap     ] GC(23) Survivor regions: 1->1(16)
[2025-01-03T12:07:12.722+0900][449.732s][info][gc,heap     ] GC(23) Old regions: 9->9
[2025-01-03T12:07:12.722+0900][449.732s][info][gc,heap     ] GC(23) Humongous regions: 0->0
[2025-01-03T12:07:12.722+0900][449.732s][info][gc,metaspace] GC(23) Metaspace: 31879K(32512K)->31879K(32512K) NonClass: 27610K(27968K)->27610K(27968K) Class: 4268K(4544K)->4268K(4544K)
[2025-01-03T12:07:12.722+0900][449.732s][info][gc          ] GC(23) Pause Young (Normal) (G1 Evacuation Pause) 259M->17M(408M) 1.937ms
[2025-01-03T12:07:12.722+0900][449.732s][info][gc,cpu      ] GC(23) User=0.00s Sys=0.00s Real=0.00s
[2025-01-03T12:07:12.879+0900][449.889s][info][gc,start    ] GC(24) Pause Young (Normal) (G1 Evacuation Pause)
[2025-01-03T12:07:12.879+0900][449.889s][info][gc,task     ] GC(24) Using 8 workers of 8 for evacuation
[2025-01-03T12:07:12.882+0900][449.892s][info][gc,phases   ] GC(24)   Pre Evacuate Collection Set: 0.2ms
[2025-01-03T12:07:12.882+0900][449.892s][info][gc,phases   ] GC(24)   Merge Heap Roots: 0.1ms
[2025-01-03T12:07:12.882+0900][449.892s][info][gc,phases   ] GC(24)   Evacuate Collection Set: 1.8ms
[2025-01-03T12:07:12.882+0900][449.892s][info][gc,phases   ] GC(24)   Post Evacuate Collection Set: 0.7ms
[2025-01-03T12:07:12.882+0900][449.892s][info][gc,phases   ] GC(24)   Other: 0.1ms
[2025-01-03T12:07:12.882+0900][449.892s][info][gc,heap     ] GC(24) Eden regions: 121->0(195)
[2025-01-03T12:07:12.882+0900][449.892s][info][gc,heap     ] GC(24) Survivor regions: 1->2(16)
[2025-01-03T12:07:12.882+0900][449.892s][info][gc,heap     ] GC(24) Old regions: 9->9
[2025-01-03T12:07:12.882+0900][449.892s][info][gc,heap     ] GC(24) Humongous regions: 0->0
[2025-01-03T12:07:12.882+0900][449.892s][info][gc,metaspace] GC(24) Metaspace: 31880K(32512K)->31880K(32512K) NonClass: 27611K(27968K)->27611K(27968K) Class: 4268K(4544K)->4268K(4544K)
[2025-01-03T12:07:12.882+0900][449.892s][info][gc          ] GC(24) Pause Young (Normal) (G1 Evacuation Pause) 259M->18M(658M) 3.169ms
[2025-01-03T12:07:12.882+0900][449.892s][info][gc,cpu      ] GC(24) User=0.01s Sys=0.00s Real=0.01s
[2025-01-03T12:07:13.070+0900][450.080s][info][gc,start    ] GC(25) Pause Young (Normal) (G1 Evacuation Pause)
[2025-01-03T12:07:13.071+0900][450.080s][info][gc,task     ] GC(25) Using 8 workers of 8 for evacuation
[2025-01-03T12:07:13.074+0900][450.084s][info][gc,phases   ] GC(25)   Pre Evacuate Collection Set: 0.2ms
[2025-01-03T12:07:13.074+0900][450.084s][info][gc,phases   ] GC(25)   Merge Heap Roots: 0.1ms
[2025-01-03T12:07:13.074+0900][450.084s][info][gc,phases   ] GC(25)   Evacuate Collection Set: 2.3ms
[2025-01-03T12:07:13.074+0900][450.084s][info][gc,phases   ] GC(25)   Post Evacuate Collection Set: 0.8ms
[2025-01-03T12:07:13.074+0900][450.084s][info][gc,phases   ] GC(25)   Other: 0.1ms
[2025-01-03T12:07:13.074+0900][450.084s][info][gc,heap     ] GC(25) Eden regions: 195->0(195)
[2025-01-03T12:07:13.074+0900][450.084s][info][gc,heap     ] GC(25) Survivor regions: 2->2(25)
[2025-01-03T12:07:13.074+0900][450.084s][info][gc,heap     ] GC(25) Old regions: 9->9
[2025-01-03T12:07:13.074+0900][450.084s][info][gc,heap     ] GC(25) Humongous regions: 0->0
[2025-01-03T12:07:13.074+0900][450.084s][info][gc,metaspace] GC(25) Metaspace: 31880K(32512K)->31880K(32512K) NonClass: 27611K(27968K)->27611K(27968K) Class: 4268K(4544K)->4268K(4544K)
[2025-01-03T12:07:13.074+0900][450.084s][info][gc          ] GC(25) Pause Young (Normal) (G1 Evacuation Pause) 408M->19M(658M) 3.696ms
[2025-01-03T12:07:13.075+0900][450.085s][info][gc,cpu      ] GC(25) User=0.01s Sys=0.00s Real=0.00s
[2025-01-03T12:07:13.222+0900][450.232s][info][gc,start    ] GC(26) Pause Young (Normal) (G1 Evacuation Pause)
[2025-01-03T12:07:13.222+0900][450.232s][info][gc,task     ] GC(26) Using 8 workers of 8 for evacuation
[2025-01-03T12:07:13.225+0900][450.235s][info][gc,phases   ] GC(26)   Pre Evacuate Collection Set: 0.1ms
[2025-01-03T12:07:13.225+0900][450.235s][info][gc,phases   ] GC(26)   Merge Heap Roots: 0.1ms
[2025-01-03T12:07:13.225+0900][450.235s][info][gc,phases   ] GC(26)   Evacuate Collection Set: 2.3ms
[2025-01-03T12:07:13.225+0900][450.235s][info][gc,phases   ] GC(26)   Post Evacuate Collection Set: 0.4ms
[2025-01-03T12:07:13.225+0900][450.235s][info][gc,phases   ] GC(26)   Other: 0.1ms
[2025-01-03T12:07:13.225+0900][450.235s][info][gc,heap     ] GC(26) Eden regions: 195->0(195)
[2025-01-03T12:07:13.225+0900][450.235s][info][gc,heap     ] GC(26) Survivor regions: 2->2(25)
[2025-01-03T12:07:13.225+0900][450.235s][info][gc,heap     ] GC(26) Old regions: 9->9
[2025-01-03T12:07:13.225+0900][450.235s][info][gc,heap     ] GC(26) Humongous regions: 0->0
[2025-01-03T12:07:13.225+0900][450.235s][info][gc,metaspace] GC(26) Metaspace: 31880K(32512K)->31880K(32512K) NonClass: 27611K(27968K)->27611K(27968K) Class: 4268K(4544K)->4268K(4544K)
[2025-01-03T12:07:13.225+0900][450.235s][info][gc          ] GC(26) Pause Young (Normal) (G1 Evacuation Pause) 409M->18M(658M) 3.202ms
[2025-01-03T12:07:13.225+0900][450.235s][info][gc,cpu      ] GC(26) User=0.01s Sys=0.01s Real=0.00s
[2025-01-03T12:07:13.362+0900][450.371s][info][gc,start    ] GC(27) Pause Young (Normal) (G1 Evacuation Pause)
[2025-01-03T12:07:13.362+0900][450.371s][info][gc,task     ] GC(27) Using 8 workers of 8 for evacuation
[2025-01-03T12:07:13.365+0900][450.375s][info][gc,phases   ] GC(27)   Pre Evacuate Collection Set: 0.2ms
[2025-01-03T12:07:13.365+0900][450.375s][info][gc,phases   ] GC(27)   Merge Heap Roots: 0.1ms
[2025-01-03T12:07:13.365+0900][450.375s][info][gc,phases   ] GC(27)   Evacuate Collection Set: 2.5ms
[2025-01-03T12:07:13.365+0900][450.375s][info][gc,phases   ] GC(27)   Post Evacuate Collection Set: 0.5ms
[2025-01-03T12:07:13.365+0900][450.375s][info][gc,phases   ] GC(27)   Other: 0.2ms
[2025-01-03T12:07:13.365+0900][450.375s][info][gc,heap     ] GC(27) Eden regions: 195->0(195)
[2025-01-03T12:07:13.365+0900][450.375s][info][gc,heap     ] GC(27) Survivor regions: 2->2(25)
[2025-01-03T12:07:13.365+0900][450.375s][info][gc,heap     ] GC(27) Old regions: 9->9
[2025-01-03T12:07:13.365+0900][450.375s][info][gc,heap     ] GC(27) Humongous regions: 0->0
[2025-01-03T12:07:13.365+0900][450.375s][info][gc,metaspace] GC(27) Metaspace: 31880K(32512K)->31880K(32512K) NonClass: 27611K(27968K)->27611K(27968K) Class: 4268K(4544K)->4268K(4544K)
[2025-01-03T12:07:13.365+0900][450.375s][info][gc          ] GC(27) Pause Young (Normal) (G1 Evacuation Pause) 408M->19M(658M) 3.734ms
[2025-01-03T12:07:13.365+0900][450.375s][info][gc,cpu      ] GC(27) User=0.01s Sys=0.00s Real=0.00s
[2025-01-03T12:07:13.531+0900][450.540s][info][gc,start    ] GC(28) Pause Young (Normal) (G1 Evacuation Pause)
[2025-01-03T12:07:13.531+0900][450.540s][info][gc,task     ] GC(28) Using 8 workers of 8 for evacuation
[2025-01-03T12:07:13.534+0900][450.543s][info][gc,phases   ] GC(28)   Pre Evacuate Collection Set: 0.2ms
[2025-01-03T12:07:13.534+0900][450.543s][info][gc,phases   ] GC(28)   Merge Heap Roots: 0.1ms
[2025-01-03T12:07:13.534+0900][450.543s][info][gc,phases   ] GC(28)   Evacuate Collection Set: 2.2ms
[2025-01-03T12:07:13.534+0900][450.543s][info][gc,phases   ] GC(28)   Post Evacuate Collection Set: 0.5ms
[2025-01-03T12:07:13.534+0900][450.543s][info][gc,phases   ] GC(28)   Other: 0.1ms
[2025-01-03T12:07:13.534+0900][450.543s][info][gc,heap     ] GC(28) Eden regions: 195->0(195)
[2025-01-03T12:07:13.534+0900][450.543s][info][gc,heap     ] GC(28) Survivor regions: 2->2(25)
[2025-01-03T12:07:13.534+0900][450.543s][info][gc,heap     ] GC(28) Old regions: 9->9
[2025-01-03T12:07:13.534+0900][450.543s][info][gc,heap     ] GC(28) Humongous regions: 0->0
[2025-01-03T12:07:13.534+0900][450.543s][info][gc,metaspace] GC(28) Metaspace: 31882K(32512K)->31882K(32512K) NonClass: 27612K(27968K)->27612K(27968K) Class: 4269K(4544K)->4269K(4544K)
[2025-01-03T12:07:13.534+0900][450.543s][info][gc          ] GC(28) Pause Young (Normal) (G1 Evacuation Pause) 409M->19M(658M) 3.370ms
[2025-01-03T12:07:13.534+0900][450.544s][info][gc,cpu      ] GC(28) User=0.01s Sys=0.00s Real=0.00s
[2025-01-03T12:07:13.706+0900][450.715s][info][gc,start    ] GC(29) Pause Young (Normal) (G1 Evacuation Pause)
[2025-01-03T12:07:13.706+0900][450.715s][info][gc,task     ] GC(29) Using 8 workers of 8 for evacuation
[2025-01-03T12:07:13.711+0900][450.721s][info][gc,phases   ] GC(29)   Pre Evacuate Collection Set: 0.2ms
[2025-01-03T12:07:13.711+0900][450.721s][info][gc,phases   ] GC(29)   Merge Heap Roots: 0.1ms
[2025-01-03T12:07:13.711+0900][450.721s][info][gc,phases   ] GC(29)   Evacuate Collection Set: 4.6ms
[2025-01-03T12:07:13.711+0900][450.721s][info][gc,phases   ] GC(29)   Post Evacuate Collection Set: 0.5ms
[2025-01-03T12:07:13.711+0900][450.721s][info][gc,phases   ] GC(29)   Other: 0.1ms
[2025-01-03T12:07:13.711+0900][450.721s][info][gc,heap     ] GC(29) Eden regions: 195->0(194)
[2025-01-03T12:07:13.711+0900][450.721s][info][gc,heap     ] GC(29) Survivor regions: 2->3(25)
[2025-01-03T12:07:13.711+0900][450.721s][info][gc,heap     ] GC(29) Old regions: 9->9
[2025-01-03T12:07:13.711+0900][450.721s][info][gc,heap     ] GC(29) Humongous regions: 0->0
[2025-01-03T12:07:13.711+0900][450.721s][info][gc,metaspace] GC(29) Metaspace: 31882K(32512K)->31882K(32512K) NonClass: 27612K(27968K)->27612K(27968K) Class: 4269K(4544K)->4269K(4544K)
[2025-01-03T12:07:13.711+0900][450.721s][info][gc          ] GC(29) Pause Young (Normal) (G1 Evacuation Pause) 409M->20M(658M) 5.686ms
[2025-01-03T12:07:13.711+0900][450.721s][info][gc,cpu      ] GC(29) User=0.01s Sys=0.00s Real=0.01s
[2025-01-03T12:07:13.856+0900][450.865s][info][gc,start    ] GC(30) Pause Young (Normal) (G1 Evacuation Pause)
[2025-01-03T12:07:13.856+0900][450.865s][info][gc,task     ] GC(30) Using 8 workers of 8 for evacuation
[2025-01-03T12:07:13.862+0900][450.871s][info][gc,phases   ] GC(30)   Pre Evacuate Collection Set: 0.2ms
[2025-01-03T12:07:13.862+0900][450.871s][info][gc,phases   ] GC(30)   Merge Heap Roots: 0.4ms
[2025-01-03T12:07:13.862+0900][450.871s][info][gc,phases   ] GC(30)   Evacuate Collection Set: 4.8ms
[2025-01-03T12:07:13.862+0900][450.871s][info][gc,phases   ] GC(30)   Post Evacuate Collection Set: 0.5ms
[2025-01-03T12:07:13.862+0900][450.871s][info][gc,phases   ] GC(30)   Other: 0.1ms
[2025-01-03T12:07:13.862+0900][450.872s][info][gc,heap     ] GC(30) Eden regions: 194->0(194)
[2025-01-03T12:07:13.862+0900][450.872s][info][gc,heap     ] GC(30) Survivor regions: 3->3(25)
[2025-01-03T12:07:13.862+0900][450.872s][info][gc,heap     ] GC(30) Old regions: 9->9
[2025-01-03T12:07:13.862+0900][450.872s][info][gc,heap     ] GC(30) Humongous regions: 0->0
[2025-01-03T12:07:13.862+0900][450.872s][info][gc,metaspace] GC(30) Metaspace: 31882K(32512K)->31882K(32512K) NonClass: 27612K(27968K)->27612K(27968K) Class: 4269K(4544K)->4269K(4544K)
[2025-01-03T12:07:13.862+0900][450.872s][info][gc          ] GC(30) Pause Young (Normal) (G1 Evacuation Pause) 408M->20M(658M) 6.176ms
[2025-01-03T12:07:13.862+0900][450.872s][info][gc,cpu      ] GC(30) User=0.01s Sys=0.00s Real=0.01s
[2025-01-03T12:07:13.991+0900][451.001s][info][gc,start    ] GC(31) Pause Young (Normal) (G1 Evacuation Pause)
[2025-01-03T12:07:13.991+0900][451.001s][info][gc,task     ] GC(31) Using 8 workers of 8 for evacuation
[2025-01-03T12:07:13.994+0900][451.004s][info][gc,phases   ] GC(31)   Pre Evacuate Collection Set: 0.2ms
[2025-01-03T12:07:13.994+0900][451.004s][info][gc,phases   ] GC(31)   Merge Heap Roots: 0.1ms
[2025-01-03T12:07:13.994+0900][451.004s][info][gc,phases   ] GC(31)   Evacuate Collection Set: 2.4ms
[2025-01-03T12:07:13.994+0900][451.004s][info][gc,phases   ] GC(31)   Post Evacuate Collection Set: 0.5ms
[2025-01-03T12:07:13.994+0900][451.004s][info][gc,phases   ] GC(31)   Other: 0.1ms
[2025-01-03T12:07:13.994+0900][451.004s][info][gc,heap     ] GC(31) Eden regions: 194->0(194)
[2025-01-03T12:07:13.994+0900][451.004s][info][gc,heap     ] GC(31) Survivor regions: 3->3(25)
[2025-01-03T12:07:13.994+0900][451.004s][info][gc,heap     ] GC(31) Old regions: 9->9
[2025-01-03T12:07:13.994+0900][451.004s][info][gc,heap     ] GC(31) Humongous regions: 0->0
[2025-01-03T12:07:13.995+0900][451.004s][info][gc,metaspace] GC(31) Metaspace: 31882K(32512K)->31882K(32512K) NonClass: 27612K(27968K)->27612K(27968K) Class: 4269K(4544K)->4269K(4544K)
[2025-01-03T12:07:13.995+0900][451.004s][info][gc          ] GC(31) Pause Young (Normal) (G1 Evacuation Pause) 408M->20M(658M) 3.592ms
[2025-01-03T12:07:13.995+0900][451.004s][info][gc,cpu      ] GC(31) User=0.01s Sys=0.00s Real=0.00s
[2025-01-03T12:07:14.146+0900][451.156s][info][gc,start    ] GC(32) Pause Young (Normal) (G1 Evacuation Pause)
[2025-01-03T12:07:14.146+0900][451.156s][info][gc,task     ] GC(32) Using 8 workers of 8 for evacuation
[2025-01-03T12:07:14.151+0900][451.160s][info][gc,phases   ] GC(32)   Pre Evacuate Collection Set: 0.2ms
[2025-01-03T12:07:14.151+0900][451.160s][info][gc,phases   ] GC(32)   Merge Heap Roots: 0.1ms
[2025-01-03T12:07:14.151+0900][451.160s][info][gc,phases   ] GC(32)   Evacuate Collection Set: 3.7ms
[2025-01-03T12:07:14.151+0900][451.160s][info][gc,phases   ] GC(32)   Post Evacuate Collection Set: 0.5ms
[2025-01-03T12:07:14.151+0900][451.160s][info][gc,phases   ] GC(32)   Other: 0.1ms
[2025-01-03T12:07:14.151+0900][451.160s][info][gc,heap     ] GC(32) Eden regions: 194->0(194)
[2025-01-03T12:07:14.151+0900][451.160s][info][gc,heap     ] GC(32) Survivor regions: 3->3(25)
[2025-01-03T12:07:14.151+0900][451.160s][info][gc,heap     ] GC(32) Old regions: 9->9
[2025-01-03T12:07:14.151+0900][451.160s][info][gc,heap     ] GC(32) Humongous regions: 0->0
[2025-01-03T12:07:14.151+0900][451.160s][info][gc,metaspace] GC(32) Metaspace: 31882K(32512K)->31882K(32512K) NonClass: 27612K(27968K)->27612K(27968K) Class: 4269K(4544K)->4269K(4544K)
[2025-01-03T12:07:14.151+0900][451.161s][info][gc          ] GC(32) Pause Young (Normal) (G1 Evacuation Pause) 408M->20M(658M) 4.748ms
[2025-01-03T12:07:14.151+0900][451.161s][info][gc,cpu      ] GC(32) User=0.02s Sys=0.00s Real=0.01s
[2025-01-03T12:07:14.277+0900][451.286s][info][gc,start    ] GC(33) Pause Young (Normal) (G1 Evacuation Pause)
[2025-01-03T12:07:14.277+0900][451.286s][info][gc,task     ] GC(33) Using 8 workers of 8 for evacuation
[2025-01-03T12:07:14.280+0900][451.290s][info][gc,phases   ] GC(33)   Pre Evacuate Collection Set: 0.1ms
[2025-01-03T12:07:14.280+0900][451.290s][info][gc,phases   ] GC(33)   Merge Heap Roots: 0.1ms
[2025-01-03T12:07:14.280+0900][451.290s][info][gc,phases   ] GC(33)   Evacuate Collection Set: 2.7ms
[2025-01-03T12:07:14.280+0900][451.290s][info][gc,phases   ] GC(33)   Post Evacuate Collection Set: 0.4ms
[2025-01-03T12:07:14.280+0900][451.290s][info][gc,phases   ] GC(33)   Other: 0.1ms
[2025-01-03T12:07:14.280+0900][451.290s][info][gc,heap     ] GC(33) Eden regions: 194->0(194)
[2025-01-03T12:07:14.280+0900][451.290s][info][gc,heap     ] GC(33) Survivor regions: 3->3(25)
[2025-01-03T12:07:14.280+0900][451.290s][info][gc,heap     ] GC(33) Old regions: 9->9
[2025-01-03T12:07:14.280+0900][451.290s][info][gc,heap     ] GC(33) Humongous regions: 0->0
[2025-01-03T12:07:14.280+0900][451.290s][info][gc,metaspace] GC(33) Metaspace: 31882K(32512K)->31882K(32512K) NonClass: 27612K(27968K)->27612K(27968K) Class: 4269K(4544K)->4269K(4544K)
[2025-01-03T12:07:14.280+0900][451.290s][info][gc          ] GC(33) Pause Young (Normal) (G1 Evacuation Pause) 408M->21M(658M) 3.633ms
[2025-01-03T12:07:14.280+0900][451.290s][info][gc,cpu      ] GC(33) User=0.02s Sys=0.01s Real=0.01s
[2025-01-03T12:07:14.404+0900][451.413s][info][gc,start    ] GC(34) Pause Young (Normal) (G1 Evacuation Pause)
[2025-01-03T12:07:14.404+0900][451.414s][info][gc,task     ] GC(34) Using 8 workers of 8 for evacuation
[2025-01-03T12:07:14.409+0900][451.419s][info][gc,phases   ] GC(34)   Pre Evacuate Collection Set: 0.1ms
[2025-01-03T12:07:14.409+0900][451.419s][info][gc,phases   ] GC(34)   Merge Heap Roots: 0.1ms
[2025-01-03T12:07:14.409+0900][451.419s][info][gc,phases   ] GC(34)   Evacuate Collection Set: 4.3ms
[2025-01-03T12:07:14.409+0900][451.419s][info][gc,phases   ] GC(34)   Post Evacuate Collection Set: 0.6ms
[2025-01-03T12:07:14.409+0900][451.419s][info][gc,phases   ] GC(34)   Other: 0.1ms
[2025-01-03T12:07:14.409+0900][451.419s][info][gc,heap     ] GC(34) Eden regions: 194->0(234)
[2025-01-03T12:07:14.409+0900][451.419s][info][gc,heap     ] GC(34) Survivor regions: 3->3(25)
[2025-01-03T12:07:14.409+0900][451.419s][info][gc,heap     ] GC(34) Old regions: 9->9
[2025-01-03T12:07:14.409+0900][451.419s][info][gc,heap     ] GC(34) Humongous regions: 0->0
[2025-01-03T12:07:14.409+0900][451.419s][info][gc,metaspace] GC(34) Metaspace: 31882K(32512K)->31882K(32512K) NonClass: 27612K(27968K)->27612K(27968K) Class: 4269K(4544K)->4269K(4544K)
[2025-01-03T12:07:14.409+0900][451.419s][info][gc          ] GC(34) Pause Young (Normal) (G1 Evacuation Pause) 409M->21M(790M) 5.440ms
[2025-01-03T12:07:14.409+0900][451.419s][info][gc,cpu      ] GC(34) User=0.02s Sys=0.00s Real=0.00s
[2025-01-03T12:07:14.582+0900][451.592s][info][gc,start    ] GC(35) Pause Young (Normal) (G1 Evacuation Pause)
[2025-01-03T12:07:14.582+0900][451.592s][info][gc,task     ] GC(35) Using 8 workers of 8 for evacuation
[2025-01-03T12:07:14.587+0900][451.596s][info][gc,phases   ] GC(35)   Pre Evacuate Collection Set: 0.2ms
[2025-01-03T12:07:14.587+0900][451.596s][info][gc,phases   ] GC(35)   Merge Heap Roots: 0.1ms
[2025-01-03T12:07:14.587+0900][451.596s][info][gc,phases   ] GC(35)   Evacuate Collection Set: 3.6ms
[2025-01-03T12:07:14.587+0900][451.596s][info][gc,phases   ] GC(35)   Post Evacuate Collection Set: 0.5ms
[2025-01-03T12:07:14.587+0900][451.596s][info][gc,phases   ] GC(35)   Other: 0.1ms
[2025-01-03T12:07:14.587+0900][451.596s][info][gc,heap     ] GC(35) Eden regions: 234->0(234)
[2025-01-03T12:07:14.587+0900][451.596s][info][gc,heap     ] GC(35) Survivor regions: 3->3(30)
[2025-01-03T12:07:14.587+0900][451.596s][info][gc,heap     ] GC(35) Old regions: 9->9
[2025-01-03T12:07:14.587+0900][451.596s][info][gc,heap     ] GC(35) Humongous regions: 0->0
[2025-01-03T12:07:14.587+0900][451.596s][info][gc,metaspace] GC(35) Metaspace: 31882K(32512K)->31882K(32512K) NonClass: 27612K(27968K)->27612K(27968K) Class: 4269K(4544K)->4269K(4544K)
[2025-01-03T12:07:14.587+0900][451.596s][info][gc          ] GC(35) Pause Young (Normal) (G1 Evacuation Pause) 489M->22M(790M) 4.742ms
[2025-01-03T12:07:14.587+0900][451.596s][info][gc,cpu      ] GC(35) User=0.02s Sys=0.00s Real=0.00s
[2025-01-03T12:07:14.749+0900][451.758s][info][gc,start    ] GC(36) Pause Young (Normal) (G1 Evacuation Pause)
[2025-01-03T12:07:14.749+0900][451.759s][info][gc,task     ] GC(36) Using 8 workers of 8 for evacuation
[2025-01-03T12:07:14.753+0900][451.763s][info][gc,phases   ] GC(36)   Pre Evacuate Collection Set: 0.2ms
[2025-01-03T12:07:14.754+0900][451.763s][info][gc,phases   ] GC(36)   Merge Heap Roots: 0.1ms
[2025-01-03T12:07:14.754+0900][451.763s][info][gc,phases   ] GC(36)   Evacuate Collection Set: 3.7ms
[2025-01-03T12:07:14.754+0900][451.763s][info][gc,phases   ] GC(36)   Post Evacuate Collection Set: 0.5ms
[2025-01-03T12:07:14.754+0900][451.763s][info][gc,phases   ] GC(36)   Other: 0.1ms
[2025-01-03T12:07:14.754+0900][451.763s][info][gc,heap     ] GC(36) Eden regions: 234->0(234)
[2025-01-03T12:07:14.754+0900][451.763s][info][gc,heap     ] GC(36) Survivor regions: 3->3(30)
[2025-01-03T12:07:14.754+0900][451.763s][info][gc,heap     ] GC(36) Old regions: 9->9
[2025-01-03T12:07:14.754+0900][451.763s][info][gc,heap     ] GC(36) Humongous regions: 0->0
[2025-01-03T12:07:14.754+0900][451.763s][info][gc,metaspace] GC(36) Metaspace: 31882K(32512K)->31882K(32512K) NonClass: 27612K(27968K)->27612K(27968K) Class: 4269K(4544K)->4269K(4544K)
[2025-01-03T12:07:14.754+0900][451.763s][info][gc          ] GC(36) Pause Young (Normal) (G1 Evacuation Pause) 490M->22M(790M) 4.744ms
[2025-01-03T12:07:14.754+0900][451.763s][info][gc,cpu      ] GC(36) User=0.02s Sys=0.01s Real=0.01s
[2025-01-03T12:07:14.899+0900][451.908s][info][gc,start    ] GC(37) Pause Young (Normal) (G1 Evacuation Pause)
[2025-01-03T12:07:14.899+0900][451.908s][info][gc,task     ] GC(37) Using 8 workers of 8 for evacuation
[2025-01-03T12:07:14.904+0900][451.913s][info][gc,phases   ] GC(37)   Pre Evacuate Collection Set: 0.1ms
[2025-01-03T12:07:14.904+0900][451.913s][info][gc,phases   ] GC(37)   Merge Heap Roots: 0.1ms
[2025-01-03T12:07:14.904+0900][451.913s][info][gc,phases   ] GC(37)   Evacuate Collection Set: 4.1ms
[2025-01-03T12:07:14.904+0900][451.913s][info][gc,phases   ] GC(37)   Post Evacuate Collection Set: 0.5ms
[2025-01-03T12:07:14.904+0900][451.913s][info][gc,phases   ] GC(37)   Other: 0.1ms
[2025-01-03T12:07:14.904+0900][451.913s][info][gc,heap     ] GC(37) Eden regions: 234->0(233)
[2025-01-03T12:07:14.904+0900][451.913s][info][gc,heap     ] GC(37) Survivor regions: 3->4(30)
[2025-01-03T12:07:14.904+0900][451.913s][info][gc,heap     ] GC(37) Old regions: 9->9
[2025-01-03T12:07:14.904+0900][451.913s][info][gc,heap     ] GC(37) Humongous regions: 0->0
[2025-01-03T12:07:14.904+0900][451.913s][info][gc,metaspace] GC(37) Metaspace: 31882K(32512K)->31882K(32512K) NonClass: 27612K(27968K)->27612K(27968K) Class: 4269K(4544K)->4269K(4544K)
[2025-01-03T12:07:14.904+0900][451.913s][info][gc          ] GC(37) Pause Young (Normal) (G1 Evacuation Pause) 490M->23M(790M) 5.163ms
[2025-01-03T12:07:14.904+0900][451.913s][info][gc,cpu      ] GC(37) User=0.02s Sys=0.00s Real=0.01s
[2025-01-03T12:07:15.043+0900][452.053s][info][gc,start    ] GC(38) Pause Young (Normal) (G1 Evacuation Pause)
[2025-01-03T12:07:15.043+0900][452.053s][info][gc,task     ] GC(38) Using 8 workers of 8 for evacuation
[2025-01-03T12:07:15.047+0900][452.057s][info][gc,phases   ] GC(38)   Pre Evacuate Collection Set: 0.1ms
[2025-01-03T12:07:15.047+0900][452.057s][info][gc,phases   ] GC(38)   Merge Heap Roots: 0.1ms
[2025-01-03T12:07:15.047+0900][452.057s][info][gc,phases   ] GC(38)   Evacuate Collection Set: 3.5ms
[2025-01-03T12:07:15.047+0900][452.057s][info][gc,phases   ] GC(38)   Post Evacuate Collection Set: 0.5ms
[2025-01-03T12:07:15.047+0900][452.057s][info][gc,phases   ] GC(38)   Other: 0.1ms
[2025-01-03T12:07:15.047+0900][452.057s][info][gc,heap     ] GC(38) Eden regions: 233->0(234)
[2025-01-03T12:07:15.047+0900][452.057s][info][gc,heap     ] GC(38) Survivor regions: 4->3(30)
[2025-01-03T12:07:15.047+0900][452.057s][info][gc,heap     ] GC(38) Old regions: 9->9
[2025-01-03T12:07:15.047+0900][452.057s][info][gc,heap     ] GC(38) Humongous regions: 0->0
[2025-01-03T12:07:15.047+0900][452.057s][info][gc,metaspace] GC(38) Metaspace: 31885K(32512K)->31885K(32512K) NonClass: 27615K(27968K)->27615K(27968K) Class: 4269K(4544K)->4269K(4544K)
[2025-01-03T12:07:15.048+0900][452.057s][info][gc          ] GC(38) Pause Young (Normal) (G1 Evacuation Pause) 489M->22M(790M) 4.520ms
[2025-01-03T12:07:15.048+0900][452.057s][info][gc,cpu      ] GC(38) User=0.02s Sys=0.01s Real=0.00s
[2025-01-03T12:07:15.280+0900][452.290s][info][gc,start    ] GC(39) Pause Young (Normal) (G1 Evacuation Pause)
[2025-01-03T12:07:15.280+0900][452.290s][info][gc,task     ] GC(39) Using 8 workers of 8 for evacuation
[2025-01-03T12:07:15.285+0900][452.294s][info][gc,phases   ] GC(39)   Pre Evacuate Collection Set: 0.2ms
[2025-01-03T12:07:15.285+0900][452.294s][info][gc,phases   ] GC(39)   Merge Heap Roots: 0.1ms
[2025-01-03T12:07:15.285+0900][452.294s][info][gc,phases   ] GC(39)   Evacuate Collection Set: 3.8ms
[2025-01-03T12:07:15.285+0900][452.294s][info][gc,phases   ] GC(39)   Post Evacuate Collection Set: 0.5ms
[2025-01-03T12:07:15.285+0900][452.294s][info][gc,phases   ] GC(39)   Other: 0.1ms
[2025-01-03T12:07:15.285+0900][452.294s][info][gc,heap     ] GC(39) Eden regions: 234->0(233)
[2025-01-03T12:07:15.285+0900][452.294s][info][gc,heap     ] GC(39) Survivor regions: 3->4(30)
[2025-01-03T12:07:15.285+0900][452.294s][info][gc,heap     ] GC(39) Old regions: 9->9
[2025-01-03T12:07:15.285+0900][452.294s][info][gc,heap     ] GC(39) Humongous regions: 0->0
[2025-01-03T12:07:15.285+0900][452.295s][info][gc,metaspace] GC(39) Metaspace: 31885K(32512K)->31885K(32512K) NonClass: 27615K(27968K)->27615K(27968K) Class: 4269K(4544K)->4269K(4544K)
[2025-01-03T12:07:15.285+0900][452.295s][info][gc          ] GC(39) Pause Young (Normal) (G1 Evacuation Pause) 490M->23M(790M) 4.893ms
[2025-01-03T12:07:15.285+0900][452.295s][info][gc,cpu      ] GC(39) User=0.02s Sys=0.00s Real=0.00s
[2025-01-03T12:07:15.445+0900][452.454s][info][gc,start    ] GC(40) Pause Young (Normal) (G1 Evacuation Pause)
[2025-01-03T12:07:15.445+0900][452.455s][info][gc,task     ] GC(40) Using 8 workers of 8 for evacuation
[2025-01-03T12:07:15.452+0900][452.462s][info][gc,phases   ] GC(40)   Pre Evacuate Collection Set: 0.2ms
[2025-01-03T12:07:15.452+0900][452.462s][info][gc,phases   ] GC(40)   Merge Heap Roots: 0.1ms
[2025-01-03T12:07:15.452+0900][452.462s][info][gc,phases   ] GC(40)   Evacuate Collection Set: 6.2ms
[2025-01-03T12:07:15.452+0900][452.462s][info][gc,phases   ] GC(40)   Post Evacuate Collection Set: 0.5ms
[2025-01-03T12:07:15.452+0900][452.462s][info][gc,phases   ] GC(40)   Other: 0.3ms
[2025-01-03T12:07:15.452+0900][452.462s][info][gc,heap     ] GC(40) Eden regions: 233->0(233)
[2025-01-03T12:07:15.452+0900][452.462s][info][gc,heap     ] GC(40) Survivor regions: 4->4(30)
[2025-01-03T12:07:15.452+0900][452.462s][info][gc,heap     ] GC(40) Old regions: 9->9
[2025-01-03T12:07:15.452+0900][452.462s][info][gc,heap     ] GC(40) Humongous regions: 0->0
[2025-01-03T12:07:15.452+0900][452.462s][info][gc,metaspace] GC(40) Metaspace: 31885K(32512K)->31885K(32512K) NonClass: 27615K(27968K)->27615K(27968K) Class: 4269K(4544K)->4269K(4544K)
[2025-01-03T12:07:15.452+0900][452.462s][info][gc          ] GC(40) Pause Young (Normal) (G1 Evacuation Pause) 489M->23M(790M) 7.647ms
[2025-01-03T12:07:15.452+0900][452.462s][info][gc,cpu      ] GC(40) User=0.02s Sys=0.00s Real=0.01s
[2025-01-03T12:07:15.668+0900][452.678s][info][gc,start    ] GC(41) Pause Young (Normal) (G1 Evacuation Pause)
[2025-01-03T12:07:15.669+0900][452.678s][info][gc,task     ] GC(41) Using 8 workers of 8 for evacuation
[2025-01-03T12:07:15.677+0900][452.687s][info][gc,phases   ] GC(41)   Pre Evacuate Collection Set: 0.5ms
[2025-01-03T12:07:15.677+0900][452.687s][info][gc,phases   ] GC(41)   Merge Heap Roots: 0.4ms
[2025-01-03T12:07:15.678+0900][452.687s][info][gc,phases   ] GC(41)   Evacuate Collection Set: 6.8ms
[2025-01-03T12:07:15.678+0900][452.687s][info][gc,phases   ] GC(41)   Post Evacuate Collection Set: 0.9ms
[2025-01-03T12:07:15.678+0900][452.687s][info][gc,phases   ] GC(41)   Other: 0.1ms
[2025-01-03T12:07:15.678+0900][452.687s][info][gc,heap     ] GC(41) Eden regions: 233->0(233)
[2025-01-03T12:07:15.678+0900][452.687s][info][gc,heap     ] GC(41) Survivor regions: 4->4(30)
[2025-01-03T12:07:15.678+0900][452.687s][info][gc,heap     ] GC(41) Old regions: 9->9
[2025-01-03T12:07:15.678+0900][452.687s][info][gc,heap     ] GC(41) Humongous regions: 0->0
[2025-01-03T12:07:15.678+0900][452.687s][info][gc,metaspace] GC(41) Metaspace: 31885K(32512K)->31885K(32512K) NonClass: 27615K(27968K)->27615K(27968K) Class: 4269K(4544K)->4269K(4544K)
[2025-01-03T12:07:15.678+0900][452.687s][info][gc          ] GC(41) Pause Young (Normal) (G1 Evacuation Pause) 489M->24M(790M) 9.354ms
[2025-01-03T12:07:15.678+0900][452.687s][info][gc,cpu      ] GC(41) User=0.02s Sys=0.00s Real=0.01s
[2025-01-03T12:07:15.850+0900][452.859s][info][gc,start    ] GC(42) Pause Young (Normal) (G1 Evacuation Pause)
[2025-01-03T12:07:15.850+0900][452.859s][info][gc,task     ] GC(42) Using 8 workers of 8 for evacuation
[2025-01-03T12:07:15.858+0900][452.868s][info][gc,phases   ] GC(42)   Pre Evacuate Collection Set: 0.2ms
[2025-01-03T12:07:15.858+0900][452.868s][info][gc,phases   ] GC(42)   Merge Heap Roots: 0.1ms
[2025-01-03T12:07:15.858+0900][452.868s][info][gc,phases   ] GC(42)   Evacuate Collection Set: 6.5ms
[2025-01-03T12:07:15.858+0900][452.868s][info][gc,phases   ] GC(42)   Post Evacuate Collection Set: 1.4ms
[2025-01-03T12:07:15.858+0900][452.868s][info][gc,phases   ] GC(42)   Other: 0.1ms
[2025-01-03T12:07:15.858+0900][452.868s][info][gc,heap     ] GC(42) Eden regions: 233->0(273)
[2025-01-03T12:07:15.858+0900][452.868s][info][gc,heap     ] GC(42) Survivor regions: 4->4(30)
[2025-01-03T12:07:15.858+0900][452.868s][info][gc,heap     ] GC(42) Old regions: 9->10
[2025-01-03T12:07:15.858+0900][452.868s][info][gc,heap     ] GC(42) Humongous regions: 0->0
[2025-01-03T12:07:15.858+0900][452.868s][info][gc,metaspace] GC(42) Metaspace: 31885K(32512K)->31885K(32512K) NonClass: 27615K(27968K)->27615K(27968K) Class: 4269K(4544K)->4269K(4544K)
[2025-01-03T12:07:15.858+0900][452.868s][info][gc          ] GC(42) Pause Young (Normal) (G1 Evacuation Pause) 490M->24M(924M) 8.676ms
[2025-01-03T12:07:15.858+0900][452.868s][info][gc,cpu      ] GC(42) User=0.02s Sys=0.00s Real=0.00s
[2025-01-03T12:07:16.086+0900][453.096s][info][gc,start    ] GC(43) Pause Young (Normal) (G1 Evacuation Pause)
[2025-01-03T12:07:16.086+0900][453.096s][info][gc,task     ] GC(43) Using 8 workers of 8 for evacuation
[2025-01-03T12:07:16.101+0900][453.111s][info][gc,phases   ] GC(43)   Pre Evacuate Collection Set: 0.2ms
[2025-01-03T12:07:16.102+0900][453.111s][info][gc,phases   ] GC(43)   Merge Heap Roots: 0.1ms
[2025-01-03T12:07:16.102+0900][453.111s][info][gc,phases   ] GC(43)   Evacuate Collection Set: 14.3ms
[2025-01-03T12:07:16.102+0900][453.111s][info][gc,phases   ] GC(43)   Post Evacuate Collection Set: 0.5ms
[2025-01-03T12:07:16.102+0900][453.111s][info][gc,phases   ] GC(43)   Other: 0.1ms
[2025-01-03T12:07:16.102+0900][453.111s][info][gc,heap     ] GC(43) Eden regions: 273->0(273)
[2025-01-03T12:07:16.102+0900][453.111s][info][gc,heap     ] GC(43) Survivor regions: 4->4(35)
[2025-01-03T12:07:16.102+0900][453.111s][info][gc,heap     ] GC(43) Old regions: 10->10
[2025-01-03T12:07:16.102+0900][453.111s][info][gc,heap     ] GC(43) Humongous regions: 0->0
[2025-01-03T12:07:16.102+0900][453.111s][info][gc,metaspace] GC(43) Metaspace: 31885K(32512K)->31885K(32512K) NonClass: 27615K(27968K)->27615K(27968K) Class: 4269K(4544K)->4269K(4544K)
[2025-01-03T12:07:16.102+0900][453.111s][info][gc          ] GC(43) Pause Young (Normal) (G1 Evacuation Pause) 570M->25M(924M) 15.425ms
[2025-01-03T12:07:16.102+0900][453.111s][info][gc,cpu      ] GC(43) User=0.02s Sys=0.01s Real=0.02s
[2025-01-03T12:07:16.278+0900][453.288s][info][gc,start    ] GC(44) Pause Young (Normal) (G1 Evacuation Pause)
[2025-01-03T12:07:16.278+0900][453.288s][info][gc,task     ] GC(44) Using 8 workers of 8 for evacuation
[2025-01-03T12:07:16.284+0900][453.293s][info][gc,phases   ] GC(44)   Pre Evacuate Collection Set: 0.2ms
[2025-01-03T12:07:16.284+0900][453.294s][info][gc,phases   ] GC(44)   Merge Heap Roots: 0.1ms
[2025-01-03T12:07:16.284+0900][453.294s][info][gc,phases   ] GC(44)   Evacuate Collection Set: 4.8ms
[2025-01-03T12:07:16.284+0900][453.294s][info][gc,phases   ] GC(44)   Post Evacuate Collection Set: 0.4ms
[2025-01-03T12:07:16.284+0900][453.294s][info][gc,phases   ] GC(44)   Other: 0.1ms
[2025-01-03T12:07:16.284+0900][453.294s][info][gc,heap     ] GC(44) Eden regions: 273->0(272)
[2025-01-03T12:07:16.284+0900][453.294s][info][gc,heap     ] GC(44) Survivor regions: 4->5(35)
[2025-01-03T12:07:16.284+0900][453.294s][info][gc,heap     ] GC(44) Old regions: 10->10
[2025-01-03T12:07:16.284+0900][453.294s][info][gc,heap     ] GC(44) Humongous regions: 0->0
[2025-01-03T12:07:16.284+0900][453.294s][info][gc,metaspace] GC(44) Metaspace: 31885K(32512K)->31885K(32512K) NonClass: 27615K(27968K)->27615K(27968K) Class: 4269K(4544K)->4269K(4544K)
[2025-01-03T12:07:16.284+0900][453.294s][info][gc          ] GC(44) Pause Young (Normal) (G1 Evacuation Pause) 571M->25M(924M) 5.875ms
[2025-01-03T12:07:16.284+0900][453.294s][info][gc,cpu      ] GC(44) User=0.02s Sys=0.00s Real=0.01s
[2025-01-03T12:07:16.502+0900][453.512s][info][gc,start    ] GC(45) Pause Young (Normal) (G1 Evacuation Pause)
[2025-01-03T12:07:16.503+0900][453.512s][info][gc,task     ] GC(45) Using 8 workers of 8 for evacuation
[2025-01-03T12:07:16.511+0900][453.520s][info][gc,phases   ] GC(45)   Pre Evacuate Collection Set: 0.2ms
[2025-01-03T12:07:16.511+0900][453.520s][info][gc,phases   ] GC(45)   Merge Heap Roots: 0.1ms
[2025-01-03T12:07:16.511+0900][453.520s][info][gc,phases   ] GC(45)   Evacuate Collection Set: 7.1ms
[2025-01-03T12:07:16.511+0900][453.520s][info][gc,phases   ] GC(45)   Post Evacuate Collection Set: 0.6ms
[2025-01-03T12:07:16.511+0900][453.520s][info][gc,phases   ] GC(45)   Other: 0.1ms
[2025-01-03T12:07:16.511+0900][453.520s][info][gc,heap     ] GC(45) Eden regions: 272->0(272)
[2025-01-03T12:07:16.511+0900][453.520s][info][gc,heap     ] GC(45) Survivor regions: 5->5(35)
[2025-01-03T12:07:16.511+0900][453.520s][info][gc,heap     ] GC(45) Old regions: 10->10
[2025-01-03T12:07:16.511+0900][453.520s][info][gc,heap     ] GC(45) Humongous regions: 0->0
[2025-01-03T12:07:16.511+0900][453.520s][info][gc,metaspace] GC(45) Metaspace: 31885K(32512K)->31885K(32512K) NonClass: 27615K(27968K)->27615K(27968K) Class: 4269K(4544K)->4269K(4544K)
[2025-01-03T12:07:16.511+0900][453.520s][info][gc          ] GC(45) Pause Young (Normal) (G1 Evacuation Pause) 569M->26M(924M) 8.300ms
[2025-01-03T12:07:16.511+0900][453.521s][info][gc,cpu      ] GC(45) User=0.02s Sys=0.00s Real=0.01s
[2025-01-03T12:07:16.750+0900][453.760s][info][gc,start    ] GC(46) Pause Young (Normal) (G1 Evacuation Pause)
[2025-01-03T12:07:16.751+0900][453.760s][info][gc,task     ] GC(46) Using 8 workers of 8 for evacuation
[2025-01-03T12:07:16.760+0900][453.770s][info][gc,phases   ] GC(46)   Pre Evacuate Collection Set: 0.2ms
[2025-01-03T12:07:16.760+0900][453.770s][info][gc,phases   ] GC(46)   Merge Heap Roots: 0.1ms
[2025-01-03T12:07:16.760+0900][453.770s][info][gc,phases   ] GC(46)   Evacuate Collection Set: 8.4ms
[2025-01-03T12:07:16.760+0900][453.770s][info][gc,phases   ] GC(46)   Post Evacuate Collection Set: 0.8ms
[2025-01-03T12:07:16.760+0900][453.770s][info][gc,phases   ] GC(46)   Other: 0.1ms
[2025-01-03T12:07:16.760+0900][453.770s][info][gc,heap     ] GC(46) Eden regions: 272->0(272)
[2025-01-03T12:07:16.760+0900][453.770s][info][gc,heap     ] GC(46) Survivor regions: 5->5(35)
[2025-01-03T12:07:16.760+0900][453.770s][info][gc,heap     ] GC(46) Old regions: 10->10
[2025-01-03T12:07:16.760+0900][453.770s][info][gc,heap     ] GC(46) Humongous regions: 0->0
[2025-01-03T12:07:16.760+0900][453.770s][info][gc,metaspace] GC(46) Metaspace: 31886K(32512K)->31886K(32512K) NonClass: 27615K(27968K)->27615K(27968K) Class: 4270K(4544K)->4270K(4544K)
[2025-01-03T12:07:16.760+0900][453.770s][info][gc          ] GC(46) Pause Young (Normal) (G1 Evacuation Pause) 570M->26M(924M) 9.882ms
[2025-01-03T12:07:16.760+0900][453.770s][info][gc,cpu      ] GC(46) User=0.03s Sys=0.00s Real=0.01s
[2025-01-03T12:07:16.929+0900][453.938s][info][gc,start    ] GC(47) Pause Young (Normal) (G1 Evacuation Pause)
[2025-01-03T12:07:16.929+0900][453.939s][info][gc,task     ] GC(47) Using 8 workers of 8 for evacuation
[2025-01-03T12:07:16.937+0900][453.947s][info][gc,phases   ] GC(47)   Pre Evacuate Collection Set: 0.2ms
[2025-01-03T12:07:16.937+0900][453.947s][info][gc,phases   ] GC(47)   Merge Heap Roots: 0.1ms
[2025-01-03T12:07:16.937+0900][453.947s][info][gc,phases   ] GC(47)   Evacuate Collection Set: 7.2ms
[2025-01-03T12:07:16.938+0900][453.947s][info][gc,phases   ] GC(47)   Post Evacuate Collection Set: 0.8ms
[2025-01-03T12:07:16.938+0900][453.947s][info][gc,phases   ] GC(47)   Other: 0.1ms
[2025-01-03T12:07:16.938+0900][453.947s][info][gc,heap     ] GC(47) Eden regions: 272->0(310)
[2025-01-03T12:07:16.938+0900][453.947s][info][gc,heap     ] GC(47) Survivor regions: 5->5(35)
[2025-01-03T12:07:16.938+0900][453.947s][info][gc,heap     ] GC(47) Old regions: 10->10
[2025-01-03T12:07:16.938+0900][453.947s][info][gc,heap     ] GC(47) Humongous regions: 0->0
[2025-01-03T12:07:16.938+0900][453.947s][info][gc,metaspace] GC(47) Metaspace: 31886K(32512K)->31886K(32512K) NonClass: 27615K(27968K)->27615K(27968K) Class: 4270K(4544K)->4270K(4544K)
[2025-01-03T12:07:16.938+0900][453.947s][info][gc          ] GC(47) Pause Young (Normal) (G1 Evacuation Pause) 570M->27M(1052M) 8.734ms
[2025-01-03T12:07:16.938+0900][453.947s][info][gc,cpu      ] GC(47) User=0.03s Sys=0.00s Real=0.01s
[2025-01-03T12:07:17.181+0900][454.191s][info][gc,start    ] GC(48) Pause Young (Normal) (G1 Evacuation Pause)
[2025-01-03T12:07:17.182+0900][454.191s][info][gc,task     ] GC(48) Using 8 workers of 8 for evacuation
[2025-01-03T12:07:17.193+0900][454.203s][info][gc,phases   ] GC(48)   Pre Evacuate Collection Set: 0.4ms
[2025-01-03T12:07:17.193+0900][454.203s][info][gc,phases   ] GC(48)   Merge Heap Roots: 0.1ms
[2025-01-03T12:07:17.193+0900][454.203s][info][gc,phases   ] GC(48)   Evacuate Collection Set: 10.2ms
[2025-01-03T12:07:17.193+0900][454.203s][info][gc,phases   ] GC(48)   Post Evacuate Collection Set: 0.5ms
[2025-01-03T12:07:17.193+0900][454.203s][info][gc,phases   ] GC(48)   Other: 0.1ms
[2025-01-03T12:07:17.193+0900][454.203s][info][gc,heap     ] GC(48) Eden regions: 310->0(309)
[2025-01-03T12:07:17.193+0900][454.203s][info][gc,heap     ] GC(48) Survivor regions: 5->6(40)
[2025-01-03T12:07:17.193+0900][454.203s][info][gc,heap     ] GC(48) Old regions: 10->10
[2025-01-03T12:07:17.193+0900][454.203s][info][gc,heap     ] GC(48) Humongous regions: 0->0
[2025-01-03T12:07:17.193+0900][454.203s][info][gc,metaspace] GC(48) Metaspace: 31886K(32512K)->31886K(32512K) NonClass: 27615K(27968K)->27615K(27968K) Class: 4270K(4544K)->4270K(4544K)
[2025-01-03T12:07:17.193+0900][454.203s][info][gc          ] GC(48) Pause Young (Normal) (G1 Evacuation Pause) 647M->28M(1052M) 12.170ms
[2025-01-03T12:07:17.193+0900][454.203s][info][gc,cpu      ] GC(48) User=0.03s Sys=0.00s Real=0.01s
[2025-01-03T12:07:17.384+0900][454.394s][info][gc,start    ] GC(49) Pause Young (Normal) (G1 Evacuation Pause)
[2025-01-03T12:07:17.385+0900][454.394s][info][gc,task     ] GC(49) Using 8 workers of 8 for evacuation
[2025-01-03T12:07:17.394+0900][454.403s][info][gc,phases   ] GC(49)   Pre Evacuate Collection Set: 0.2ms
[2025-01-03T12:07:17.394+0900][454.403s][info][gc,phases   ] GC(49)   Merge Heap Roots: 0.1ms
[2025-01-03T12:07:17.394+0900][454.403s][info][gc,phases   ] GC(49)   Evacuate Collection Set: 8.4ms
[2025-01-03T12:07:17.394+0900][454.403s][info][gc,phases   ] GC(49)   Post Evacuate Collection Set: 0.4ms
[2025-01-03T12:07:17.394+0900][454.403s][info][gc,phases   ] GC(49)   Other: 0.1ms
[2025-01-03T12:07:17.394+0900][454.403s][info][gc,heap     ] GC(49) Eden regions: 309->0(310)
[2025-01-03T12:07:17.394+0900][454.403s][info][gc,heap     ] GC(49) Survivor regions: 6->5(40)
[2025-01-03T12:07:17.394+0900][454.403s][info][gc,heap     ] GC(49) Old regions: 10->10
[2025-01-03T12:07:17.394+0900][454.403s][info][gc,heap     ] GC(49) Humongous regions: 0->0
[2025-01-03T12:07:17.394+0900][454.404s][info][gc,metaspace] GC(49) Metaspace: 31886K(32512K)->31886K(32512K) NonClass: 27615K(27968K)->27615K(27968K) Class: 4270K(4544K)->4270K(4544K)
[2025-01-03T12:07:17.394+0900][454.404s][info][gc          ] GC(49) Pause Young (Normal) (G1 Evacuation Pause) 646M->27M(1052M) 9.537ms
[2025-01-03T12:07:17.394+0900][454.404s][info][gc,cpu      ] GC(49) User=0.03s Sys=0.00s Real=0.01s
[2025-01-03T12:07:17.634+0900][454.643s][info][gc,start    ] GC(50) Pause Young (Normal) (G1 Evacuation Pause)
[2025-01-03T12:07:17.634+0900][454.643s][info][gc,task     ] GC(50) Using 8 workers of 8 for evacuation
[2025-01-03T12:07:17.641+0900][454.651s][info][gc,phases   ] GC(50)   Pre Evacuate Collection Set: 0.2ms
[2025-01-03T12:07:17.642+0900][454.651s][info][gc,phases   ] GC(50)   Merge Heap Roots: 0.1ms
[2025-01-03T12:07:17.642+0900][454.651s][info][gc,phases   ] GC(50)   Evacuate Collection Set: 6.8ms
[2025-01-03T12:07:17.642+0900][454.651s][info][gc,phases   ] GC(50)   Post Evacuate Collection Set: 0.5ms
[2025-01-03T12:07:17.642+0900][454.651s][info][gc,phases   ] GC(50)   Other: 0.1ms
[2025-01-03T12:07:17.642+0900][454.651s][info][gc,heap     ] GC(50) Eden regions: 310->0(309)
[2025-01-03T12:07:17.642+0900][454.651s][info][gc,heap     ] GC(50) Survivor regions: 5->6(40)
[2025-01-03T12:07:17.642+0900][454.651s][info][gc,heap     ] GC(50) Old regions: 10->10
[2025-01-03T12:07:17.642+0900][454.651s][info][gc,heap     ] GC(50) Humongous regions: 0->0
[2025-01-03T12:07:17.642+0900][454.651s][info][gc,metaspace] GC(50) Metaspace: 31886K(32512K)->31886K(32512K) NonClass: 27615K(27968K)->27615K(27968K) Class: 4270K(4544K)->4270K(4544K)
[2025-01-03T12:07:17.642+0900][454.651s][info][gc          ] GC(50) Pause Young (Normal) (G1 Evacuation Pause) 647M->28M(1052M) 7.978ms
[2025-01-03T12:07:17.642+0900][454.651s][info][gc,cpu      ] GC(50) User=0.03s Sys=0.00s Real=0.01s
[2025-01-03T12:07:17.817+0900][454.826s][info][gc,start    ] GC(51) Pause Young (Normal) (G1 Evacuation Pause)
[2025-01-03T12:07:17.817+0900][454.826s][info][gc,task     ] GC(51) Using 8 workers of 8 for evacuation
[2025-01-03T12:07:17.827+0900][454.836s][info][gc,phases   ] GC(51)   Pre Evacuate Collection Set: 0.2ms
[2025-01-03T12:07:17.827+0900][454.836s][info][gc,phases   ] GC(51)   Merge Heap Roots: 0.1ms
[2025-01-03T12:07:17.827+0900][454.836s][info][gc,phases   ] GC(51)   Evacuate Collection Set: 9.1ms
[2025-01-03T12:07:17.827+0900][454.836s][info][gc,phases   ] GC(51)   Post Evacuate Collection Set: 0.4ms
[2025-01-03T12:07:17.827+0900][454.836s][info][gc,phases   ] GC(51)   Other: 0.1ms
[2025-01-03T12:07:17.827+0900][454.837s][info][gc,heap     ] GC(51) Eden regions: 309->0(309)
[2025-01-03T12:07:17.827+0900][454.837s][info][gc,heap     ] GC(51) Survivor regions: 6->6(40)
[2025-01-03T12:07:17.827+0900][454.837s][info][gc,heap     ] GC(51) Old regions: 10->10
[2025-01-03T12:07:17.827+0900][454.837s][info][gc,heap     ] GC(51) Humongous regions: 0->0
[2025-01-03T12:07:17.827+0900][454.837s][info][gc,metaspace] GC(51) Metaspace: 31886K(32512K)->31886K(32512K) NonClass: 27615K(27968K)->27615K(27968K) Class: 4270K(4544K)->4270K(4544K)
[2025-01-03T12:07:17.827+0900][454.837s][info][gc          ] GC(51) Pause Young (Normal) (G1 Evacuation Pause) 646M->29M(1052M) 10.294ms
[2025-01-03T12:07:17.827+0900][454.837s][info][gc,cpu      ] GC(51) User=0.03s Sys=0.00s Real=0.01s
[2025-01-03T12:07:18.015+0900][455.024s][info][gc,start    ] GC(52) Pause Young (Normal) (G1 Evacuation Pause)
[2025-01-03T12:07:18.015+0900][455.024s][info][gc,task     ] GC(52) Using 8 workers of 8 for evacuation
[2025-01-03T12:07:18.023+0900][455.033s][info][gc,phases   ] GC(52)   Pre Evacuate Collection Set: 0.3ms
[2025-01-03T12:07:18.023+0900][455.033s][info][gc,phases   ] GC(52)   Merge Heap Roots: 0.2ms
[2025-01-03T12:07:18.023+0900][455.033s][info][gc,phases   ] GC(52)   Evacuate Collection Set: 6.8ms
[2025-01-03T12:07:18.023+0900][455.033s][info][gc,phases   ] GC(52)   Post Evacuate Collection Set: 1.0ms
[2025-01-03T12:07:18.023+0900][455.033s][info][gc,phases   ] GC(52)   Other: 0.1ms
[2025-01-03T12:07:18.023+0900][455.033s][info][gc,heap     ] GC(52) Eden regions: 309->0(346)
[2025-01-03T12:07:18.023+0900][455.033s][info][gc,heap     ] GC(52) Survivor regions: 6->6(40)
[2025-01-03T12:07:18.023+0900][455.033s][info][gc,heap     ] GC(52) Old regions: 10->10
[2025-01-03T12:07:18.023+0900][455.033s][info][gc,heap     ] GC(52) Humongous regions: 0->0
[2025-01-03T12:07:18.023+0900][455.033s][info][gc,metaspace] GC(52) Metaspace: 31886K(32512K)->31886K(32512K) NonClass: 27615K(27968K)->27615K(27968K) Class: 4270K(4544K)->4270K(4544K)
[2025-01-03T12:07:18.023+0900][455.033s][info][gc          ] GC(52) Pause Young (Normal) (G1 Evacuation Pause) 647M->29M(1174M) 8.779ms
[2025-01-03T12:07:18.024+0900][455.033s][info][gc,cpu      ] GC(52) User=0.03s Sys=0.00s Real=0.01s
[2025-01-03T12:07:18.330+0900][455.339s][info][gc,start    ] GC(53) Pause Young (Normal) (G1 Evacuation Pause)
[2025-01-03T12:07:18.330+0900][455.339s][info][gc,task     ] GC(53) Using 8 workers of 8 for evacuation
[2025-01-03T12:07:18.345+0900][455.354s][info][gc,phases   ] GC(53)   Pre Evacuate Collection Set: 0.2ms
[2025-01-03T12:07:18.345+0900][455.354s][info][gc,phases   ] GC(53)   Merge Heap Roots: 0.1ms
[2025-01-03T12:07:18.345+0900][455.354s][info][gc,phases   ] GC(53)   Evacuate Collection Set: 14.0ms
[2025-01-03T12:07:18.345+0900][455.354s][info][gc,phases   ] GC(53)   Post Evacuate Collection Set: 0.5ms
[2025-01-03T12:07:18.345+0900][455.354s][info][gc,phases   ] GC(53)   Other: 0.1ms
[2025-01-03T12:07:18.345+0900][455.355s][info][gc,heap     ] GC(53) Eden regions: 346->0(346)
[2025-01-03T12:07:18.345+0900][455.355s][info][gc,heap     ] GC(53) Survivor regions: 6->6(44)
[2025-01-03T12:07:18.345+0900][455.355s][info][gc,heap     ] GC(53) Old regions: 10->10
[2025-01-03T12:07:18.345+0900][455.355s][info][gc,heap     ] GC(53) Humongous regions: 0->0
[2025-01-03T12:07:18.345+0900][455.355s][info][gc,metaspace] GC(53) Metaspace: 31886K(32512K)->31886K(32512K) NonClass: 27615K(27968K)->27615K(27968K) Class: 4270K(4544K)->4270K(4544K)
[2025-01-03T12:07:18.345+0900][455.355s][info][gc          ] GC(53) Pause Young (Normal) (G1 Evacuation Pause) 721M->29M(1174M) 15.412ms
[2025-01-03T12:07:18.345+0900][455.355s][info][gc,cpu      ] GC(53) User=0.04s Sys=0.00s Real=0.01s
[2025-01-03T12:07:18.578+0900][455.588s][info][gc,start    ] GC(54) Pause Young (Normal) (G1 Evacuation Pause)
[2025-01-03T12:07:18.578+0900][455.588s][info][gc,task     ] GC(54) Using 8 workers of 8 for evacuation
[2025-01-03T12:07:18.587+0900][455.597s][info][gc,phases   ] GC(54)   Pre Evacuate Collection Set: 0.2ms
[2025-01-03T12:07:18.587+0900][455.597s][info][gc,phases   ] GC(54)   Merge Heap Roots: 0.1ms
[2025-01-03T12:07:18.587+0900][455.597s][info][gc,phases   ] GC(54)   Evacuate Collection Set: 8.2ms
[2025-01-03T12:07:18.587+0900][455.597s][info][gc,phases   ] GC(54)   Post Evacuate Collection Set: 0.4ms
[2025-01-03T12:07:18.587+0900][455.597s][info][gc,phases   ] GC(54)   Other: 0.1ms
[2025-01-03T12:07:18.587+0900][455.597s][info][gc,heap     ] GC(54) Eden regions: 346->0(346)
[2025-01-03T12:07:18.587+0900][455.597s][info][gc,heap     ] GC(54) Survivor regions: 6->6(44)
[2025-01-03T12:07:18.587+0900][455.597s][info][gc,heap     ] GC(54) Old regions: 10->10
[2025-01-03T12:07:18.587+0900][455.597s][info][gc,heap     ] GC(54) Humongous regions: 0->0
[2025-01-03T12:07:18.587+0900][455.597s][info][gc,metaspace] GC(54) Metaspace: 31886K(32512K)->31886K(32512K) NonClass: 27615K(27968K)->27615K(27968K) Class: 4270K(4544K)->4270K(4544K)
[2025-01-03T12:07:18.588+0900][455.597s][info][gc          ] GC(54) Pause Young (Normal) (G1 Evacuation Pause) 721M->30M(1174M) 9.302ms
[2025-01-03T12:07:18.588+0900][455.597s][info][gc,cpu      ] GC(54) User=0.03s Sys=0.00s Real=0.01s
[2025-01-03T12:07:18.796+0900][455.805s][info][gc,start    ] GC(55) Pause Young (Normal) (G1 Evacuation Pause)
[2025-01-03T12:07:18.796+0900][455.805s][info][gc,task     ] GC(55) Using 8 workers of 8 for evacuation
[2025-01-03T12:07:18.814+0900][455.824s][info][gc,phases   ] GC(55)   Pre Evacuate Collection Set: 0.2ms
[2025-01-03T12:07:18.814+0900][455.824s][info][gc,phases   ] GC(55)   Merge Heap Roots: 0.1ms
[2025-01-03T12:07:18.814+0900][455.824s][info][gc,phases   ] GC(55)   Evacuate Collection Set: 17.1ms
[2025-01-03T12:07:18.814+0900][455.824s][info][gc,phases   ] GC(55)   Post Evacuate Collection Set: 0.8ms
[2025-01-03T12:07:18.814+0900][455.824s][info][gc,phases   ] GC(55)   Other: 0.1ms
[2025-01-03T12:07:18.814+0900][455.824s][info][gc,heap     ] GC(55) Eden regions: 346->0(345)
[2025-01-03T12:07:18.814+0900][455.824s][info][gc,heap     ] GC(55) Survivor regions: 6->7(44)
[2025-01-03T12:07:18.814+0900][455.824s][info][gc,heap     ] GC(55) Old regions: 10->10
[2025-01-03T12:07:18.814+0900][455.824s][info][gc,heap     ] GC(55) Humongous regions: 0->0
[2025-01-03T12:07:18.814+0900][455.824s][info][gc,metaspace] GC(55) Metaspace: 31886K(32512K)->31886K(32512K) NonClass: 27615K(27968K)->27615K(27968K) Class: 4270K(4544K)->4270K(4544K)
[2025-01-03T12:07:18.814+0900][455.824s][info][gc          ] GC(55) Pause Young (Normal) (G1 Evacuation Pause) 722M->31M(1174M) 18.686ms
[2025-01-03T12:07:18.814+0900][455.824s][info][gc,cpu      ] GC(55) User=0.04s Sys=0.00s Real=0.02s
[2025-01-03T12:07:19.001+0900][456.011s][info][gc,start    ] GC(56) Pause Young (Normal) (G1 Evacuation Pause)
[2025-01-03T12:07:19.001+0900][456.011s][info][gc,task     ] GC(56) Using 8 workers of 8 for evacuation
[2025-01-03T12:07:19.016+0900][456.026s][info][gc,phases   ] GC(56)   Pre Evacuate Collection Set: 0.2ms
[2025-01-03T12:07:19.016+0900][456.026s][info][gc,phases   ] GC(56)   Merge Heap Roots: 0.1ms
[2025-01-03T12:07:19.016+0900][456.026s][info][gc,phases   ] GC(56)   Evacuate Collection Set: 13.8ms
[2025-01-03T12:07:19.016+0900][456.026s][info][gc,phases   ] GC(56)   Post Evacuate Collection Set: 0.5ms
[2025-01-03T12:07:19.016+0900][456.026s][info][gc,phases   ] GC(56)   Other: 0.1ms
[2025-01-03T12:07:19.016+0900][456.026s][info][gc,heap     ] GC(56) Eden regions: 345->0(345)
[2025-01-03T12:07:19.016+0900][456.026s][info][gc,heap     ] GC(56) Survivor regions: 7->7(44)
[2025-01-03T12:07:19.016+0900][456.026s][info][gc,heap     ] GC(56) Old regions: 10->10
[2025-01-03T12:07:19.016+0900][456.026s][info][gc,heap     ] GC(56) Humongous regions: 0->0
[2025-01-03T12:07:19.016+0900][456.026s][info][gc,metaspace] GC(56) Metaspace: 31886K(32512K)->31886K(32512K) NonClass: 27615K(27968K)->27615K(27968K) Class: 4270K(4544K)->4270K(4544K)
[2025-01-03T12:07:19.016+0900][456.026s][info][gc          ] GC(56) Pause Young (Normal) (G1 Evacuation Pause) 721M->31M(1174M) 14.985ms
[2025-01-03T12:07:19.016+0900][456.026s][info][gc,cpu      ] GC(56) User=0.03s Sys=0.00s Real=0.01s
[2025-01-03T12:07:19.220+0900][456.229s][info][gc,start    ] GC(57) Pause Young (Normal) (G1 Evacuation Pause)
[2025-01-03T12:07:19.220+0900][456.229s][info][gc,task     ] GC(57) Using 8 workers of 8 for evacuation
[2025-01-03T12:07:19.232+0900][456.242s][info][gc,phases   ] GC(57)   Pre Evacuate Collection Set: 0.2ms
[2025-01-03T12:07:19.232+0900][456.242s][info][gc,phases   ] GC(57)   Merge Heap Roots: 0.1ms
[2025-01-03T12:07:19.232+0900][456.242s][info][gc,phases   ] GC(57)   Evacuate Collection Set: 11.1ms
[2025-01-03T12:07:19.232+0900][456.242s][info][gc,phases   ] GC(57)   Post Evacuate Collection Set: 0.6ms
[2025-01-03T12:07:19.232+0900][456.242s][info][gc,phases   ] GC(57)   Other: 0.1ms
[2025-01-03T12:07:19.232+0900][456.242s][info][gc,heap     ] GC(57) Eden regions: 345->0(345)
[2025-01-03T12:07:19.232+0900][456.242s][info][gc,heap     ] GC(57) Survivor regions: 7->7(44)
[2025-01-03T12:07:19.232+0900][456.242s][info][gc,heap     ] GC(57) Old regions: 10->10
[2025-01-03T12:07:19.232+0900][456.242s][info][gc,heap     ] GC(57) Humongous regions: 0->0
[2025-01-03T12:07:19.232+0900][456.242s][info][gc,metaspace] GC(57) Metaspace: 31886K(32512K)->31886K(32512K) NonClass: 27615K(27968K)->27615K(27968K) Class: 4270K(4544K)->4270K(4544K)
[2025-01-03T12:07:19.232+0900][456.242s][info][gc          ] GC(57) Pause Young (Normal) (G1 Evacuation Pause) 721M->31M(1174M) 12.618ms
[2025-01-03T12:07:19.232+0900][456.242s][info][gc,cpu      ] GC(57) User=0.04s Sys=0.00s Real=0.01s
[2025-01-03T12:07:19.431+0900][456.441s][info][gc,start    ] GC(58) Pause Young (Normal) (G1 Evacuation Pause)
[2025-01-03T12:07:19.432+0900][456.441s][info][gc,task     ] GC(58) Using 8 workers of 8 for evacuation
[2025-01-03T12:07:19.446+0900][456.456s][info][gc,phases   ] GC(58)   Pre Evacuate Collection Set: 0.5ms
[2025-01-03T12:07:19.446+0900][456.456s][info][gc,phases   ] GC(58)   Merge Heap Roots: 0.1ms
[2025-01-03T12:07:19.446+0900][456.456s][info][gc,phases   ] GC(58)   Evacuate Collection Set: 12.8ms
[2025-01-03T12:07:19.446+0900][456.456s][info][gc,phases   ] GC(58)   Post Evacuate Collection Set: 1.1ms
[2025-01-03T12:07:19.446+0900][456.456s][info][gc,phases   ] GC(58)   Other: 0.1ms
[2025-01-03T12:07:19.446+0900][456.456s][info][gc,heap     ] GC(58) Eden regions: 345->0(390)
[2025-01-03T12:07:19.446+0900][456.456s][info][gc,heap     ] GC(58) Survivor regions: 7->7(44)
[2025-01-03T12:07:19.446+0900][456.456s][info][gc,heap     ] GC(58) Old regions: 10->10
[2025-01-03T12:07:19.446+0900][456.456s][info][gc,heap     ] GC(58) Humongous regions: 0->0
[2025-01-03T12:07:19.446+0900][456.456s][info][gc,metaspace] GC(58) Metaspace: 31886K(32512K)->31886K(32512K) NonClass: 27615K(27968K)->27615K(27968K) Class: 4270K(4544K)->4270K(4544K)
[2025-01-03T12:07:19.446+0900][456.456s][info][gc          ] GC(58) Pause Young (Normal) (G1 Evacuation Pause) 721M->32M(1324M) 14.981ms
[2025-01-03T12:07:19.446+0900][456.456s][info][gc,cpu      ] GC(58) User=0.04s Sys=0.00s Real=0.01s
[2025-01-03T12:07:19.741+0900][456.750s][info][gc,start    ] GC(59) Pause Young (Normal) (G1 Evacuation Pause)
[2025-01-03T12:07:19.741+0900][456.750s][info][gc,task     ] GC(59) Using 8 workers of 8 for evacuation
[2025-01-03T12:07:19.755+0900][456.765s][info][gc,phases   ] GC(59)   Pre Evacuate Collection Set: 0.3ms
[2025-01-03T12:07:19.756+0900][456.765s][info][gc,phases   ] GC(59)   Merge Heap Roots: 0.1ms
[2025-01-03T12:07:19.756+0900][456.765s][info][gc,phases   ] GC(59)   Evacuate Collection Set: 13.5ms
[2025-01-03T12:07:19.756+0900][456.765s][info][gc,phases   ] GC(59)   Post Evacuate Collection Set: 0.6ms
[2025-01-03T12:07:19.756+0900][456.765s][info][gc,phases   ] GC(59)   Other: 0.1ms
[2025-01-03T12:07:19.756+0900][456.765s][info][gc,heap     ] GC(59) Eden regions: 390->0(389)
[2025-01-03T12:07:19.756+0900][456.765s][info][gc,heap     ] GC(59) Survivor regions: 7->8(50)
[2025-01-03T12:07:19.756+0900][456.765s][info][gc,heap     ] GC(59) Old regions: 10->11
[2025-01-03T12:07:19.756+0900][456.765s][info][gc,heap     ] GC(59) Humongous regions: 0->0
[2025-01-03T12:07:19.756+0900][456.765s][info][gc,metaspace] GC(59) Metaspace: 31886K(32512K)->31886K(32512K) NonClass: 27615K(27968K)->27615K(27968K) Class: 4270K(4544K)->4270K(4544K)
[2025-01-03T12:07:19.756+0900][456.765s][info][gc          ] GC(59) Pause Young (Normal) (G1 Evacuation Pause) 812M->33M(1324M) 15.006ms
[2025-01-03T12:07:19.756+0900][456.765s][info][gc,cpu      ] GC(59) User=0.05s Sys=0.00s Real=0.01s
[2025-01-03T12:07:20.042+0900][457.052s][info][gc,start    ] GC(60) Pause Young (Normal) (G1 Evacuation Pause)
[2025-01-03T12:07:20.042+0900][457.052s][info][gc,task     ] GC(60) Using 8 workers of 8 for evacuation
[2025-01-03T12:07:20.053+0900][457.062s][info][gc,phases   ] GC(60)   Pre Evacuate Collection Set: 0.2ms
[2025-01-03T12:07:20.053+0900][457.062s][info][gc,phases   ] GC(60)   Merge Heap Roots: 0.1ms
[2025-01-03T12:07:20.053+0900][457.062s][info][gc,phases   ] GC(60)   Evacuate Collection Set: 9.5ms
[2025-01-03T12:07:20.053+0900][457.062s][info][gc,phases   ] GC(60)   Post Evacuate Collection Set: 0.5ms
[2025-01-03T12:07:20.053+0900][457.062s][info][gc,phases   ] GC(60)   Other: 0.1ms
[2025-01-03T12:07:20.053+0900][457.062s][info][gc,heap     ] GC(60) Eden regions: 389->0(389)
[2025-01-03T12:07:20.053+0900][457.062s][info][gc,heap     ] GC(60) Survivor regions: 8->8(50)
[2025-01-03T12:07:20.053+0900][457.062s][info][gc,heap     ] GC(60) Old regions: 11->11
[2025-01-03T12:07:20.053+0900][457.062s][info][gc,heap     ] GC(60) Humongous regions: 0->0
[2025-01-03T12:07:20.053+0900][457.062s][info][gc,metaspace] GC(60) Metaspace: 31886K(32512K)->31886K(32512K) NonClass: 27615K(27968K)->27615K(27968K) Class: 4270K(4544K)->4270K(4544K)
[2025-01-03T12:07:20.053+0900][457.062s][info][gc          ] GC(60) Pause Young (Normal) (G1 Evacuation Pause) 811M->34M(1324M) 10.777ms
[2025-01-03T12:07:20.053+0900][457.063s][info][gc,cpu      ] GC(60) User=0.04s Sys=0.00s Real=0.01s
[2025-01-03T12:07:20.289+0900][457.298s][info][gc,start    ] GC(61) Pause Young (Normal) (G1 Evacuation Pause)
[2025-01-03T12:07:20.289+0900][457.298s][info][gc,task     ] GC(61) Using 8 workers of 8 for evacuation
[2025-01-03T12:07:20.303+0900][457.313s][info][gc,phases   ] GC(61)   Pre Evacuate Collection Set: 0.2ms
[2025-01-03T12:07:20.303+0900][457.313s][info][gc,phases   ] GC(61)   Merge Heap Roots: 0.1ms
[2025-01-03T12:07:20.303+0900][457.313s][info][gc,phases   ] GC(61)   Evacuate Collection Set: 13.6ms
[2025-01-03T12:07:20.303+0900][457.313s][info][gc,phases   ] GC(61)   Post Evacuate Collection Set: 0.6ms
[2025-01-03T12:07:20.303+0900][457.313s][info][gc,phases   ] GC(61)   Other: 0.1ms
[2025-01-03T12:07:20.303+0900][457.313s][info][gc,heap     ] GC(61) Eden regions: 389->0(389)
[2025-01-03T12:07:20.303+0900][457.313s][info][gc,heap     ] GC(61) Survivor regions: 8->8(50)
[2025-01-03T12:07:20.303+0900][457.313s][info][gc,heap     ] GC(61) Old regions: 11->11
[2025-01-03T12:07:20.303+0900][457.313s][info][gc,heap     ] GC(61) Humongous regions: 0->0
[2025-01-03T12:07:20.303+0900][457.313s][info][gc,metaspace] GC(61) Metaspace: 31886K(32512K)->31886K(32512K) NonClass: 27615K(27968K)->27615K(27968K) Class: 4270K(4544K)->4270K(4544K)
[2025-01-03T12:07:20.303+0900][457.313s][info][gc          ] GC(61) Pause Young (Normal) (G1 Evacuation Pause) 812M->35M(1324M) 14.918ms
[2025-01-03T12:07:20.304+0900][457.313s][info][gc,cpu      ] GC(61) User=0.04s Sys=0.00s Real=0.02s
[2025-01-03T12:07:20.524+0900][457.533s][info][gc,start    ] GC(62) Pause Young (Normal) (G1 Evacuation Pause)
[2025-01-03T12:07:20.524+0900][457.533s][info][gc,task     ] GC(62) Using 8 workers of 8 for evacuation
[2025-01-03T12:07:20.538+0900][457.547s][info][gc,phases   ] GC(62)   Pre Evacuate Collection Set: 0.3ms
[2025-01-03T12:07:20.538+0900][457.548s][info][gc,phases   ] GC(62)   Merge Heap Roots: 0.1ms
[2025-01-03T12:07:20.538+0900][457.548s][info][gc,phases   ] GC(62)   Evacuate Collection Set: 13.1ms
[2025-01-03T12:07:20.538+0900][457.548s][info][gc,phases   ] GC(62)   Post Evacuate Collection Set: 0.5ms
[2025-01-03T12:07:20.538+0900][457.548s][info][gc,phases   ] GC(62)   Other: 0.2ms
[2025-01-03T12:07:20.538+0900][457.548s][info][gc,heap     ] GC(62) Eden regions: 389->0(389)
[2025-01-03T12:07:20.538+0900][457.548s][info][gc,heap     ] GC(62) Survivor regions: 8->8(50)
[2025-01-03T12:07:20.538+0900][457.548s][info][gc,heap     ] GC(62) Old regions: 11->11
[2025-01-03T12:07:20.538+0900][457.548s][info][gc,heap     ] GC(62) Humongous regions: 0->0
[2025-01-03T12:07:20.538+0900][457.548s][info][gc,metaspace] GC(62) Metaspace: 31886K(32512K)->31886K(32512K) NonClass: 27615K(27968K)->27615K(27968K) Class: 4270K(4544K)->4270K(4544K)
[2025-01-03T12:07:20.538+0900][457.548s][info][gc          ] GC(62) Pause Young (Normal) (G1 Evacuation Pause) 813M->34M(1324M) 14.558ms
[2025-01-03T12:07:20.538+0900][457.548s][info][gc,cpu      ] GC(62) User=0.04s Sys=0.01s Real=0.01s
[2025-01-03T12:07:20.788+0900][457.798s][info][gc,start    ] GC(63) Pause Young (Normal) (G1 Evacuation Pause)
[2025-01-03T12:07:20.789+0900][457.798s][info][gc,task     ] GC(63) Using 8 workers of 8 for evacuation
[2025-01-03T12:07:20.803+0900][457.813s][info][gc,phases   ] GC(63)   Pre Evacuate Collection Set: 0.2ms
[2025-01-03T12:07:20.803+0900][457.813s][info][gc,phases   ] GC(63)   Merge Heap Roots: 0.1ms
[2025-01-03T12:07:20.803+0900][457.813s][info][gc,phases   ] GC(63)   Evacuate Collection Set: 13.6ms
[2025-01-03T12:07:20.803+0900][457.813s][info][gc,phases   ] GC(63)   Post Evacuate Collection Set: 0.7ms
[2025-01-03T12:07:20.803+0900][457.813s][info][gc,phases   ] GC(63)   Other: 0.1ms
[2025-01-03T12:07:20.803+0900][457.813s][info][gc,heap     ] GC(63) Eden regions: 389->0(389)
[2025-01-03T12:07:20.803+0900][457.813s][info][gc,heap     ] GC(63) Survivor regions: 8->8(50)
[2025-01-03T12:07:20.803+0900][457.813s][info][gc,heap     ] GC(63) Old regions: 11->11
[2025-01-03T12:07:20.803+0900][457.813s][info][gc,heap     ] GC(63) Humongous regions: 0->0
[2025-01-03T12:07:20.803+0900][457.813s][info][gc,metaspace] GC(63) Metaspace: 31886K(32512K)->31886K(32512K) NonClass: 27615K(27968K)->27615K(27968K) Class: 4270K(4544K)->4270K(4544K)
[2025-01-03T12:07:20.803+0900][457.813s][info][gc          ] GC(63) Pause Young (Normal) (G1 Evacuation Pause) 812M->35M(1324M) 15.061ms
[2025-01-03T12:07:20.804+0900][457.813s][info][gc,cpu      ] GC(63) User=0.04s Sys=0.00s Real=0.02s
[2025-01-03T12:07:21.028+0900][458.038s][info][gc,start    ] GC(64) Pause Young (Normal) (G1 Evacuation Pause)
[2025-01-03T12:07:21.028+0900][458.038s][info][gc,task     ] GC(64) Using 8 workers of 8 for evacuation
[2025-01-03T12:07:21.042+0900][458.051s][info][gc,phases   ] GC(64)   Pre Evacuate Collection Set: 0.2ms
[2025-01-03T12:07:21.042+0900][458.051s][info][gc,phases   ] GC(64)   Merge Heap Roots: 0.1ms
[2025-01-03T12:07:21.042+0900][458.051s][info][gc,phases   ] GC(64)   Evacuate Collection Set: 12.3ms
[2025-01-03T12:07:21.042+0900][458.051s][info][gc,phases   ] GC(64)   Post Evacuate Collection Set: 1.0ms
[2025-01-03T12:07:21.042+0900][458.051s][info][gc,phases   ] GC(64)   Other: 0.1ms
[2025-01-03T12:07:21.042+0900][458.052s][info][gc,heap     ] GC(64) Eden regions: 389->0(422)
[2025-01-03T12:07:21.042+0900][458.052s][info][gc,heap     ] GC(64) Survivor regions: 8->8(50)
[2025-01-03T12:07:21.042+0900][458.052s][info][gc,heap     ] GC(64) Old regions: 11->11
[2025-01-03T12:07:21.042+0900][458.052s][info][gc,heap     ] GC(64) Humongous regions: 0->0
[2025-01-03T12:07:21.042+0900][458.052s][info][gc,metaspace] GC(64) Metaspace: 31886K(32512K)->31886K(32512K) NonClass: 27615K(27968K)->27615K(27968K) Class: 4270K(4544K)->4270K(4544K)
[2025-01-03T12:07:21.042+0900][458.052s][info][gc          ] GC(64) Pause Young (Normal) (G1 Evacuation Pause) 813M->36M(1436M) 14.047ms
[2025-01-03T12:07:21.042+0900][458.052s][info][gc,cpu      ] GC(64) User=0.05s Sys=0.00s Real=0.02s
[2025-01-03T12:07:21.296+0900][458.305s][info][gc,start    ] GC(65) Pause Young (Normal) (G1 Evacuation Pause)
[2025-01-03T12:07:21.296+0900][458.305s][info][gc,task     ] GC(65) Using 8 workers of 8 for evacuation
[2025-01-03T12:07:21.312+0900][458.321s][info][gc,phases   ] GC(65)   Pre Evacuate Collection Set: 0.2ms
[2025-01-03T12:07:21.312+0900][458.322s][info][gc,phases   ] GC(65)   Merge Heap Roots: 0.1ms
[2025-01-03T12:07:21.312+0900][458.322s][info][gc,phases   ] GC(65)   Evacuate Collection Set: 15.2ms
[2025-01-03T12:07:21.312+0900][458.322s][info][gc,phases   ] GC(65)   Post Evacuate Collection Set: 0.5ms
[2025-01-03T12:07:21.312+0900][458.322s][info][gc,phases   ] GC(65)   Other: 0.1ms
[2025-01-03T12:07:21.312+0900][458.322s][info][gc,heap     ] GC(65) Eden regions: 422->0(421)
[2025-01-03T12:07:21.312+0900][458.322s][info][gc,heap     ] GC(65) Survivor regions: 8->9(54)
[2025-01-03T12:07:21.312+0900][458.322s][info][gc,heap     ] GC(65) Old regions: 11->11
[2025-01-03T12:07:21.312+0900][458.322s][info][gc,heap     ] GC(65) Humongous regions: 0->0
[2025-01-03T12:07:21.312+0900][458.322s][info][gc,metaspace] GC(65) Metaspace: 31886K(32512K)->31886K(32512K) NonClass: 27615K(27968K)->27615K(27968K) Class: 4270K(4544K)->4270K(4544K)
[2025-01-03T12:07:21.312+0900][458.322s][info][gc          ] GC(65) Pause Young (Normal) (G1 Evacuation Pause) 880M->37M(1436M) 16.548ms
[2025-01-03T12:07:21.312+0900][458.322s][info][gc,cpu      ] GC(65) User=0.05s Sys=0.01s Real=0.02s
[2025-01-03T12:07:21.565+0900][458.574s][info][gc,start    ] GC(66) Pause Young (Normal) (G1 Evacuation Pause)
[2025-01-03T12:07:21.565+0900][458.575s][info][gc,task     ] GC(66) Using 8 workers of 8 for evacuation
[2025-01-03T12:07:21.588+0900][458.597s][info][gc,phases   ] GC(66)   Pre Evacuate Collection Set: 0.7ms
[2025-01-03T12:07:21.588+0900][458.598s][info][gc,phases   ] GC(66)   Merge Heap Roots: 0.4ms
[2025-01-03T12:07:21.588+0900][458.598s][info][gc,phases   ] GC(66)   Evacuate Collection Set: 21.0ms
[2025-01-03T12:07:21.588+0900][458.598s][info][gc,phases   ] GC(66)   Post Evacuate Collection Set: 0.7ms
[2025-01-03T12:07:21.588+0900][458.598s][info][gc,phases   ] GC(66)   Other: 0.1ms
[2025-01-03T12:07:21.588+0900][458.598s][info][gc,heap     ] GC(66) Eden regions: 421->0(421)
[2025-01-03T12:07:21.588+0900][458.598s][info][gc,heap     ] GC(66) Survivor regions: 9->9(54)
[2025-01-03T12:07:21.588+0900][458.598s][info][gc,heap     ] GC(66) Old regions: 11->11
[2025-01-03T12:07:21.588+0900][458.598s][info][gc,heap     ] GC(66) Humongous regions: 0->0
[2025-01-03T12:07:21.588+0900][458.598s][info][gc,metaspace] GC(66) Metaspace: 31886K(32512K)->31886K(32512K) NonClass: 27615K(27968K)->27615K(27968K) Class: 4270K(4544K)->4270K(4544K)
[2025-01-03T12:07:21.588+0900][458.598s][info][gc          ] GC(66) Pause Young (Normal) (G1 Evacuation Pause) 879M->37M(1436M) 23.272ms
[2025-01-03T12:07:21.588+0900][458.598s][info][gc,cpu      ] GC(66) User=0.05s Sys=0.00s Real=0.02s
[2025-01-03T12:07:21.850+0900][458.859s][info][gc,start    ] GC(67) Pause Young (Normal) (G1 Evacuation Pause)
[2025-01-03T12:07:21.850+0900][458.859s][info][gc,task     ] GC(67) Using 8 workers of 8 for evacuation
[2025-01-03T12:07:21.865+0900][458.875s][info][gc,phases   ] GC(67)   Pre Evacuate Collection Set: 0.3ms
[2025-01-03T12:07:21.866+0900][458.875s][info][gc,phases   ] GC(67)   Merge Heap Roots: 0.1ms
[2025-01-03T12:07:21.866+0900][458.875s][info][gc,phases   ] GC(67)   Evacuate Collection Set: 14.3ms
[2025-01-03T12:07:21.866+0900][458.875s][info][gc,phases   ] GC(67)   Post Evacuate Collection Set: 0.9ms
[2025-01-03T12:07:21.866+0900][458.875s][info][gc,phases   ] GC(67)   Other: 0.1ms
[2025-01-03T12:07:21.866+0900][458.875s][info][gc,heap     ] GC(67) Eden regions: 421->0(421)
[2025-01-03T12:07:21.866+0900][458.875s][info][gc,heap     ] GC(67) Survivor regions: 9->9(54)
[2025-01-03T12:07:21.866+0900][458.875s][info][gc,heap     ] GC(67) Old regions: 11->11
[2025-01-03T12:07:21.866+0900][458.875s][info][gc,heap     ] GC(67) Humongous regions: 0->0
[2025-01-03T12:07:21.866+0900][458.875s][info][gc,metaspace] GC(67) Metaspace: 31886K(32512K)->31886K(32512K) NonClass: 27615K(27968K)->27615K(27968K) Class: 4270K(4544K)->4270K(4544K)
[2025-01-03T12:07:21.866+0900][458.875s][info][gc          ] GC(67) Pause Young (Normal) (G1 Evacuation Pause) 879M->38M(1436M) 16.256ms
[2025-01-03T12:07:21.866+0900][458.876s][info][gc,cpu      ] GC(67) User=0.06s Sys=0.00s Real=0.01s
[2025-01-03T12:07:22.102+0900][459.112s][info][gc,start    ] GC(68) Pause Young (Normal) (G1 Evacuation Pause)
[2025-01-03T12:07:22.102+0900][459.112s][info][gc,task     ] GC(68) Using 8 workers of 8 for evacuation
[2025-01-03T12:07:22.123+0900][459.133s][info][gc,phases   ] GC(68)   Pre Evacuate Collection Set: 0.3ms
[2025-01-03T12:07:22.123+0900][459.133s][info][gc,phases   ] GC(68)   Merge Heap Roots: 0.1ms
[2025-01-03T12:07:22.123+0900][459.133s][info][gc,phases   ] GC(68)   Evacuate Collection Set: 19.3ms
[2025-01-03T12:07:22.123+0900][459.133s][info][gc,phases   ] GC(68)   Post Evacuate Collection Set: 1.2ms
[2025-01-03T12:07:22.123+0900][459.133s][info][gc,phases   ] GC(68)   Other: 0.1ms
[2025-01-03T12:07:22.123+0900][459.133s][info][gc,heap     ] GC(68) Eden regions: 421->0(454)
[2025-01-03T12:07:22.124+0900][459.133s][info][gc,heap     ] GC(68) Survivor regions: 9->9(54)
[2025-01-03T12:07:22.124+0900][459.133s][info][gc,heap     ] GC(68) Old regions: 11->11
[2025-01-03T12:07:22.124+0900][459.133s][info][gc,heap     ] GC(68) Humongous regions: 0->0
[2025-01-03T12:07:22.124+0900][459.133s][info][gc,metaspace] GC(68) Metaspace: 31886K(32512K)->31886K(32512K) NonClass: 27615K(27968K)->27615K(27968K) Class: 4270K(4544K)->4270K(4544K)
[2025-01-03T12:07:22.124+0900][459.133s][info][gc          ] GC(68) Pause Young (Normal) (G1 Evacuation Pause) 880M->38M(1544M) 21.329ms
[2025-01-03T12:07:22.124+0900][459.133s][info][gc,cpu      ] GC(68) User=0.05s Sys=0.01s Real=0.02s
[2025-01-03T12:07:22.401+0900][459.411s][info][gc,start    ] GC(69) Pause Young (Normal) (G1 Evacuation Pause)
[2025-01-03T12:07:22.402+0900][459.411s][info][gc,task     ] GC(69) Using 8 workers of 8 for evacuation
[2025-01-03T12:07:22.420+0900][459.429s][info][gc,phases   ] GC(69)   Pre Evacuate Collection Set: 0.3ms
[2025-01-03T12:07:22.420+0900][459.429s][info][gc,phases   ] GC(69)   Merge Heap Roots: 0.1ms
[2025-01-03T12:07:22.420+0900][459.429s][info][gc,phases   ] GC(69)   Evacuate Collection Set: 17.1ms
[2025-01-03T12:07:22.420+0900][459.429s][info][gc,phases   ] GC(69)   Post Evacuate Collection Set: 0.6ms
[2025-01-03T12:07:22.420+0900][459.429s][info][gc,phases   ] GC(69)   Other: 0.1ms
[2025-01-03T12:07:22.420+0900][459.430s][info][gc,heap     ] GC(69) Eden regions: 454->0(454)
[2025-01-03T12:07:22.420+0900][459.430s][info][gc,heap     ] GC(69) Survivor regions: 9->9(58)
[2025-01-03T12:07:22.420+0900][459.430s][info][gc,heap     ] GC(69) Old regions: 11->11
[2025-01-03T12:07:22.420+0900][459.430s][info][gc,heap     ] GC(69) Humongous regions: 0->0
[2025-01-03T12:07:22.420+0900][459.430s][info][gc,metaspace] GC(69) Metaspace: 31886K(32512K)->31886K(32512K) NonClass: 27615K(27968K)->27615K(27968K) Class: 4270K(4544K)->4270K(4544K)
[2025-01-03T12:07:22.420+0900][459.430s][info][gc          ] GC(69) Pause Young (Normal) (G1 Evacuation Pause) 946M->38M(1544M) 18.560ms
[2025-01-03T12:07:22.420+0900][459.430s][info][gc,cpu      ] GC(69) User=0.05s Sys=0.00s Real=0.02s
[2025-01-03T12:07:22.730+0900][459.740s][info][gc,start    ] GC(70) Pause Young (Normal) (G1 Evacuation Pause)
[2025-01-03T12:07:22.730+0900][459.740s][info][gc,task     ] GC(70) Using 8 workers of 8 for evacuation
[2025-01-03T12:07:22.744+0900][459.753s][info][gc,phases   ] GC(70)   Pre Evacuate Collection Set: 0.2ms
[2025-01-03T12:07:22.744+0900][459.753s][info][gc,phases   ] GC(70)   Merge Heap Roots: 0.1ms
[2025-01-03T12:07:22.744+0900][459.753s][info][gc,phases   ] GC(70)   Evacuate Collection Set: 12.6ms
[2025-01-03T12:07:22.744+0900][459.753s][info][gc,phases   ] GC(70)   Post Evacuate Collection Set: 0.6ms
[2025-01-03T12:07:22.744+0900][459.753s][info][gc,phases   ] GC(70)   Other: 0.1ms
[2025-01-03T12:07:22.744+0900][459.753s][info][gc,heap     ] GC(70) Eden regions: 454->0(453)
[2025-01-03T12:07:22.744+0900][459.753s][info][gc,heap     ] GC(70) Survivor regions: 9->10(58)
[2025-01-03T12:07:22.744+0900][459.753s][info][gc,heap     ] GC(70) Old regions: 11->11
[2025-01-03T12:07:22.744+0900][459.753s][info][gc,heap     ] GC(70) Humongous regions: 0->0
[2025-01-03T12:07:22.744+0900][459.753s][info][gc,metaspace] GC(70) Metaspace: 31886K(32512K)->31886K(32512K) NonClass: 27615K(27968K)->27615K(27968K) Class: 4270K(4544K)->4270K(4544K)
[2025-01-03T12:07:22.744+0900][459.754s][info][gc          ] GC(70) Pause Young (Normal) (G1 Evacuation Pause) 946M->39M(1544M) 13.987ms
[2025-01-03T12:07:22.744+0900][459.754s][info][gc,cpu      ] GC(70) User=0.05s Sys=0.01s Real=0.01s
[2025-01-03T12:07:23.012+0900][460.021s][info][gc,start    ] GC(71) Pause Young (Normal) (G1 Evacuation Pause)
[2025-01-03T12:07:23.012+0900][460.022s][info][gc,task     ] GC(71) Using 8 workers of 8 for evacuation
[2025-01-03T12:07:23.025+0900][460.034s][info][gc,phases   ] GC(71)   Pre Evacuate Collection Set: 0.2ms
[2025-01-03T12:07:23.025+0900][460.034s][info][gc,phases   ] GC(71)   Merge Heap Roots: 0.1ms
[2025-01-03T12:07:23.025+0900][460.034s][info][gc,phases   ] GC(71)   Evacuate Collection Set: 11.7ms
[2025-01-03T12:07:23.025+0900][460.034s][info][gc,phases   ] GC(71)   Post Evacuate Collection Set: 0.5ms
[2025-01-03T12:07:23.025+0900][460.034s][info][gc,phases   ] GC(71)   Other: 0.1ms
[2025-01-03T12:07:23.025+0900][460.034s][info][gc,heap     ] GC(71) Eden regions: 453->0(453)
[2025-01-03T12:07:23.025+0900][460.034s][info][gc,heap     ] GC(71) Survivor regions: 10->10(58)
[2025-01-03T12:07:23.025+0900][460.034s][info][gc,heap     ] GC(71) Old regions: 11->12
[2025-01-03T12:07:23.025+0900][460.034s][info][gc,heap     ] GC(71) Humongous regions: 0->0
[2025-01-03T12:07:23.025+0900][460.034s][info][gc,metaspace] GC(71) Metaspace: 31886K(32512K)->31886K(32512K) NonClass: 27615K(27968K)->27615K(27968K) Class: 4270K(4544K)->4270K(4544K)
[2025-01-03T12:07:23.025+0900][460.034s][info][gc          ] GC(71) Pause Young (Normal) (G1 Evacuation Pause) 945M->40M(1544M) 12.915ms
[2025-01-03T12:07:23.025+0900][460.034s][info][gc,cpu      ] GC(71) User=0.05s Sys=0.00s Real=0.01s
[2025-01-03T12:07:23.284+0900][460.294s][info][gc,start    ] GC(72) Pause Young (Normal) (G1 Evacuation Pause)
[2025-01-03T12:07:23.284+0900][460.294s][info][gc,task     ] GC(72) Using 8 workers of 8 for evacuation
[2025-01-03T12:07:23.305+0900][460.314s][info][gc,phases   ] GC(72)   Pre Evacuate Collection Set: 0.2ms
[2025-01-03T12:07:23.305+0900][460.314s][info][gc,phases   ] GC(72)   Merge Heap Roots: 0.1ms
[2025-01-03T12:07:23.305+0900][460.314s][info][gc,phases   ] GC(72)   Evacuate Collection Set: 19.5ms
[2025-01-03T12:07:23.305+0900][460.314s][info][gc,phases   ] GC(72)   Post Evacuate Collection Set: 0.7ms
[2025-01-03T12:07:23.305+0900][460.314s][info][gc,phases   ] GC(72)   Other: 0.1ms
[2025-01-03T12:07:23.305+0900][460.315s][info][gc,heap     ] GC(72) Eden regions: 453->0(453)
[2025-01-03T12:07:23.305+0900][460.315s][info][gc,heap     ] GC(72) Survivor regions: 10->10(58)
[2025-01-03T12:07:23.305+0900][460.315s][info][gc,heap     ] GC(72) Old regions: 12->12
[2025-01-03T12:07:23.305+0900][460.315s][info][gc,heap     ] GC(72) Humongous regions: 0->0
[2025-01-03T12:07:23.305+0900][460.315s][info][gc,metaspace] GC(72) Metaspace: 31886K(32512K)->31886K(32512K) NonClass: 27615K(27968K)->27615K(27968K) Class: 4270K(4544K)->4270K(4544K)
[2025-01-03T12:07:23.305+0900][460.315s][info][gc          ] GC(72) Pause Young (Normal) (G1 Evacuation Pause) 946M->41M(1544M) 20.921ms
[2025-01-03T12:07:23.305+0900][460.315s][info][gc,cpu      ] GC(72) User=0.06s Sys=0.00s Real=0.02s
[2025-01-03T12:07:23.561+0900][460.570s][info][gc,start    ] GC(73) Pause Young (Normal) (G1 Evacuation Pause)
[2025-01-03T12:07:23.561+0900][460.571s][info][gc,task     ] GC(73) Using 8 workers of 8 for evacuation
[2025-01-03T12:07:23.576+0900][460.586s][info][gc,phases   ] GC(73)   Pre Evacuate Collection Set: 0.2ms
[2025-01-03T12:07:23.576+0900][460.586s][info][gc,phases   ] GC(73)   Merge Heap Roots: 0.1ms
[2025-01-03T12:07:23.576+0900][460.586s][info][gc,phases   ] GC(73)   Evacuate Collection Set: 14.1ms
[2025-01-03T12:07:23.576+0900][460.586s][info][gc,phases   ] GC(73)   Post Evacuate Collection Set: 0.6ms
[2025-01-03T12:07:23.576+0900][460.586s][info][gc,phases   ] GC(73)   Other: 0.1ms
[2025-01-03T12:07:23.576+0900][460.586s][info][gc,heap     ] GC(73) Eden regions: 453->0(454)
[2025-01-03T12:07:23.576+0900][460.586s][info][gc,heap     ] GC(73) Survivor regions: 10->9(58)
[2025-01-03T12:07:23.576+0900][460.586s][info][gc,heap     ] GC(73) Old regions: 12->12
[2025-01-03T12:07:23.576+0900][460.586s][info][gc,heap     ] GC(73) Humongous regions: 0->0
[2025-01-03T12:07:23.576+0900][460.586s][info][gc,metaspace] GC(73) Metaspace: 31886K(32512K)->31886K(32512K) NonClass: 27615K(27968K)->27615K(27968K) Class: 4270K(4544K)->4270K(4544K)
[2025-01-03T12:07:23.576+0900][460.586s][info][gc          ] GC(73) Pause Young (Normal) (G1 Evacuation Pause) 947M->39M(1544M) 15.436ms
[2025-01-03T12:07:23.576+0900][460.586s][info][gc,cpu      ] GC(73) User=0.06s Sys=0.00s Real=0.01s
[2025-01-03T12:07:23.839+0900][460.849s][info][gc,start    ] GC(74) Pause Young (Normal) (G1 Evacuation Pause)
[2025-01-03T12:07:23.839+0900][460.849s][info][gc,task     ] GC(74) Using 8 workers of 8 for evacuation
[2025-01-03T12:07:23.855+0900][460.865s][info][gc,phases   ] GC(74)   Pre Evacuate Collection Set: 0.5ms
[2025-01-03T12:07:23.855+0900][460.865s][info][gc,phases   ] GC(74)   Merge Heap Roots: 0.2ms
[2025-01-03T12:07:23.855+0900][460.865s][info][gc,phases   ] GC(74)   Evacuate Collection Set: 14.3ms
[2025-01-03T12:07:23.855+0900][460.865s][info][gc,phases   ] GC(74)   Post Evacuate Collection Set: 0.5ms
[2025-01-03T12:07:23.855+0900][460.865s][info][gc,phases   ] GC(74)   Other: 0.1ms
[2025-01-03T12:07:23.855+0900][460.865s][info][gc,heap     ] GC(74) Eden regions: 454->0(453)
[2025-01-03T12:07:23.855+0900][460.865s][info][gc,heap     ] GC(74) Survivor regions: 9->10(58)
[2025-01-03T12:07:23.855+0900][460.865s][info][gc,heap     ] GC(74) Old regions: 12->12
[2025-01-03T12:07:23.855+0900][460.865s][info][gc,heap     ] GC(74) Humongous regions: 0->0
[2025-01-03T12:07:23.855+0900][460.865s][info][gc,metaspace] GC(74) Metaspace: 31886K(32512K)->31886K(32512K) NonClass: 27615K(27968K)->27615K(27968K) Class: 4270K(4544K)->4270K(4544K)
[2025-01-03T12:07:23.855+0900][460.865s][info][gc          ] GC(74) Pause Young (Normal) (G1 Evacuation Pause) 947M->41M(1544M) 15.979ms
[2025-01-03T12:07:23.855+0900][460.865s][info][gc,cpu      ] GC(74) User=0.06s Sys=0.00s Real=0.02s
[2025-01-03T12:07:24.128+0900][461.138s][info][gc,start    ] GC(75) Pause Young (Normal) (G1 Evacuation Pause)
[2025-01-03T12:07:24.128+0900][461.138s][info][gc,task     ] GC(75) Using 8 workers of 8 for evacuation
[2025-01-03T12:07:24.145+0900][461.155s][info][gc,phases   ] GC(75)   Pre Evacuate Collection Set: 0.2ms
[2025-01-03T12:07:24.145+0900][461.155s][info][gc,phases   ] GC(75)   Merge Heap Roots: 0.1ms
[2025-01-03T12:07:24.145+0900][461.155s][info][gc,phases   ] GC(75)   Evacuate Collection Set: 15.7ms
[2025-01-03T12:07:24.145+0900][461.155s][info][gc,phases   ] GC(75)   Post Evacuate Collection Set: 0.6ms
[2025-01-03T12:07:24.145+0900][461.155s][info][gc,phases   ] GC(75)   Other: 0.1ms
[2025-01-03T12:07:24.145+0900][461.155s][info][gc,heap     ] GC(75) Eden regions: 453->0(453)
[2025-01-03T12:07:24.145+0900][461.155s][info][gc,heap     ] GC(75) Survivor regions: 10->10(58)
[2025-01-03T12:07:24.145+0900][461.155s][info][gc,heap     ] GC(75) Old regions: 12->12
[2025-01-03T12:07:24.145+0900][461.155s][info][gc,heap     ] GC(75) Humongous regions: 0->0
[2025-01-03T12:07:24.145+0900][461.155s][info][gc,metaspace] GC(75) Metaspace: 31886K(32512K)->31886K(32512K) NonClass: 27615K(27968K)->27615K(27968K) Class: 4270K(4544K)->4270K(4544K)
[2025-01-03T12:07:24.145+0900][461.155s][info][gc          ] GC(75) Pause Young (Normal) (G1 Evacuation Pause) 947M->41M(1544M) 17.133ms
[2025-01-03T12:07:24.145+0900][461.155s][info][gc,cpu      ] GC(75) User=0.06s Sys=0.00s Real=0.02s
[2025-01-03T12:07:24.391+0900][461.401s][info][gc,start    ] GC(76) Pause Young (Normal) (G1 Evacuation Pause)
[2025-01-03T12:07:24.391+0900][461.401s][info][gc,task     ] GC(76) Using 8 workers of 8 for evacuation
[2025-01-03T12:07:24.410+0900][461.419s][info][gc,phases   ] GC(76)   Pre Evacuate Collection Set: 0.2ms
[2025-01-03T12:07:24.410+0900][461.419s][info][gc,phases   ] GC(76)   Merge Heap Roots: 0.1ms
[2025-01-03T12:07:24.410+0900][461.419s][info][gc,phases   ] GC(76)   Evacuate Collection Set: 17.2ms
[2025-01-03T12:07:24.410+0900][461.419s][info][gc,phases   ] GC(76)   Post Evacuate Collection Set: 0.6ms
[2025-01-03T12:07:24.410+0900][461.419s][info][gc,phases   ] GC(76)   Other: 0.1ms
[2025-01-03T12:07:24.410+0900][461.420s][info][gc,heap     ] GC(76) Eden regions: 453->0(453)
[2025-01-03T12:07:24.410+0900][461.420s][info][gc,heap     ] GC(76) Survivor regions: 10->10(58)
[2025-01-03T12:07:24.410+0900][461.420s][info][gc,heap     ] GC(76) Old regions: 12->12
[2025-01-03T12:07:24.410+0900][461.420s][info][gc,heap     ] GC(76) Humongous regions: 0->0
[2025-01-03T12:07:24.410+0900][461.420s][info][gc,metaspace] GC(76) Metaspace: 31886K(32512K)->31886K(32512K) NonClass: 27615K(27968K)->27615K(27968K) Class: 4270K(4544K)->4270K(4544K)
[2025-01-03T12:07:24.410+0900][461.420s][info][gc          ] GC(76) Pause Young (Normal) (G1 Evacuation Pause) 947M->41M(1544M) 18.711ms
[2025-01-03T12:07:24.410+0900][461.420s][info][gc,cpu      ] GC(76) User=0.06s Sys=0.00s Real=0.02s
[2025-01-03T12:07:24.705+0900][461.715s][info][gc,start    ] GC(77) Pause Young (Normal) (G1 Evacuation Pause)
[2025-01-03T12:07:24.705+0900][461.715s][info][gc,task     ] GC(77) Using 8 workers of 8 for evacuation
[2025-01-03T12:07:24.724+0900][461.734s][info][gc,phases   ] GC(77)   Pre Evacuate Collection Set: 0.2ms
[2025-01-03T12:07:24.724+0900][461.734s][info][gc,phases   ] GC(77)   Merge Heap Roots: 0.1ms
[2025-01-03T12:07:24.724+0900][461.734s][info][gc,phases   ] GC(77)   Evacuate Collection Set: 17.0ms
[2025-01-03T12:07:24.724+0900][461.734s][info][gc,phases   ] GC(77)   Post Evacuate Collection Set: 1.4ms
[2025-01-03T12:07:24.724+0900][461.734s][info][gc,phases   ] GC(77)   Other: 0.1ms
[2025-01-03T12:07:24.724+0900][461.734s][info][gc,heap     ] GC(77) Eden regions: 453->0(484)
[2025-01-03T12:07:24.724+0900][461.734s][info][gc,heap     ] GC(77) Survivor regions: 10->10(58)
[2025-01-03T12:07:24.724+0900][461.734s][info][gc,heap     ] GC(77) Old regions: 12->12
[2025-01-03T12:07:24.724+0900][461.734s][info][gc,heap     ] GC(77) Humongous regions: 0->0
[2025-01-03T12:07:24.724+0900][461.734s][info][gc,metaspace] GC(77) Metaspace: 31886K(32512K)->31886K(32512K) NonClass: 27615K(27968K)->27615K(27968K) Class: 4270K(4544K)->4270K(4544K)
[2025-01-03T12:07:24.724+0900][461.734s][info][gc          ] GC(77) Pause Young (Normal) (G1 Evacuation Pause) 947M->41M(1648M) 19.271ms
[2025-01-03T12:07:24.724+0900][461.734s][info][gc,cpu      ] GC(77) User=0.07s Sys=0.00s Real=0.02s
[2025-01-03T12:07:25.008+0900][462.018s][info][gc,start    ] GC(78) Pause Young (Normal) (G1 Evacuation Pause)
[2025-01-03T12:07:25.009+0900][462.018s][info][gc,task     ] GC(78) Using 8 workers of 8 for evacuation
[2025-01-03T12:07:25.022+0900][462.032s][info][gc,phases   ] GC(78)   Pre Evacuate Collection Set: 0.2ms
[2025-01-03T12:07:25.022+0900][462.032s][info][gc,phases   ] GC(78)   Merge Heap Roots: 0.2ms
[2025-01-03T12:07:25.022+0900][462.032s][info][gc,phases   ] GC(78)   Evacuate Collection Set: 12.1ms
[2025-01-03T12:07:25.022+0900][462.032s][info][gc,phases   ] GC(78)   Post Evacuate Collection Set: 0.6ms
[2025-01-03T12:07:25.022+0900][462.032s][info][gc,phases   ] GC(78)   Other: 0.1ms
[2025-01-03T12:07:25.022+0900][462.032s][info][gc,heap     ] GC(78) Eden regions: 484->0(483)
[2025-01-03T12:07:25.022+0900][462.032s][info][gc,heap     ] GC(78) Survivor regions: 10->11(62)
[2025-01-03T12:07:25.022+0900][462.032s][info][gc,heap     ] GC(78) Old regions: 12->12
[2025-01-03T12:07:25.022+0900][462.032s][info][gc,heap     ] GC(78) Humongous regions: 0->0
[2025-01-03T12:07:25.022+0900][462.032s][info][gc,metaspace] GC(78) Metaspace: 31886K(32512K)->31886K(32512K) NonClass: 27615K(27968K)->27615K(27968K) Class: 4270K(4544K)->4270K(4544K)
[2025-01-03T12:07:25.022+0900][462.032s][info][gc          ] GC(78) Pause Young (Normal) (G1 Evacuation Pause) 1009M->43M(1648M) 14.035ms
[2025-01-03T12:07:25.022+0900][462.032s][info][gc,cpu      ] GC(78) User=0.06s Sys=0.00s Real=0.02s
[2025-01-03T12:07:25.300+0900][462.310s][info][gc,start    ] GC(79) Pause Young (Normal) (G1 Evacuation Pause)
[2025-01-03T12:07:25.300+0900][462.310s][info][gc,task     ] GC(79) Using 8 workers of 8 for evacuation
[2025-01-03T12:07:25.318+0900][462.327s][info][gc,phases   ] GC(79)   Pre Evacuate Collection Set: 0.2ms
[2025-01-03T12:07:25.318+0900][462.327s][info][gc,phases   ] GC(79)   Merge Heap Roots: 0.1ms
[2025-01-03T12:07:25.318+0900][462.327s][info][gc,phases   ] GC(79)   Evacuate Collection Set: 16.2ms
[2025-01-03T12:07:25.318+0900][462.327s][info][gc,phases   ] GC(79)   Post Evacuate Collection Set: 0.8ms
[2025-01-03T12:07:25.318+0900][462.327s][info][gc,phases   ] GC(79)   Other: 0.1ms
[2025-01-03T12:07:25.318+0900][462.328s][info][gc,heap     ] GC(79) Eden regions: 483->0(484)
[2025-01-03T12:07:25.318+0900][462.328s][info][gc,heap     ] GC(79) Survivor regions: 11->10(62)
[2025-01-03T12:07:25.318+0900][462.328s][info][gc,heap     ] GC(79) Old regions: 12->12
[2025-01-03T12:07:25.318+0900][462.328s][info][gc,heap     ] GC(79) Humongous regions: 0->0
[2025-01-03T12:07:25.318+0900][462.328s][info][gc,metaspace] GC(79) Metaspace: 31886K(32512K)->31886K(32512K) NonClass: 27615K(27968K)->27615K(27968K) Class: 4270K(4544K)->4270K(4544K)
[2025-01-03T12:07:25.318+0900][462.328s][info][gc          ] GC(79) Pause Young (Normal) (G1 Evacuation Pause) 1009M->42M(1648M) 17.640ms
[2025-01-03T12:07:25.318+0900][462.328s][info][gc,cpu      ] GC(79) User=0.06s Sys=0.01s Real=0.01s
[2025-01-03T12:07:25.582+0900][462.592s][info][gc,start    ] GC(80) Pause Young (Normal) (G1 Evacuation Pause)
[2025-01-03T12:07:25.582+0900][462.592s][info][gc,task     ] GC(80) Using 8 workers of 8 for evacuation
[2025-01-03T12:07:25.603+0900][462.613s][info][gc,phases   ] GC(80)   Pre Evacuate Collection Set: 0.4ms
[2025-01-03T12:07:25.603+0900][462.613s][info][gc,phases   ] GC(80)   Merge Heap Roots: 0.1ms
[2025-01-03T12:07:25.603+0900][462.613s][info][gc,phases   ] GC(80)   Evacuate Collection Set: 19.5ms
[2025-01-03T12:07:25.603+0900][462.613s][info][gc,phases   ] GC(80)   Post Evacuate Collection Set: 0.7ms
[2025-01-03T12:07:25.603+0900][462.613s][info][gc,phases   ] GC(80)   Other: 0.2ms
[2025-01-03T12:07:25.603+0900][462.613s][info][gc,heap     ] GC(80) Eden regions: 484->0(483)
[2025-01-03T12:07:25.603+0900][462.613s][info][gc,heap     ] GC(80) Survivor regions: 10->11(62)
[2025-01-03T12:07:25.603+0900][462.613s][info][gc,heap     ] GC(80) Old regions: 12->12
[2025-01-03T12:07:25.603+0900][462.613s][info][gc,heap     ] GC(80) Humongous regions: 0->0
[2025-01-03T12:07:25.603+0900][462.613s][info][gc,metaspace] GC(80) Metaspace: 31886K(32512K)->31886K(32512K) NonClass: 27615K(27968K)->27615K(27968K) Class: 4270K(4544K)->4270K(4544K)
[2025-01-03T12:07:25.603+0900][462.613s][info][gc          ] GC(80) Pause Young (Normal) (G1 Evacuation Pause) 1010M->43M(1648M) 21.395ms
[2025-01-03T12:07:25.603+0900][462.613s][info][gc,cpu      ] GC(80) User=0.07s Sys=0.00s Real=0.02s
[2025-01-03T12:07:25.886+0900][462.895s][info][gc,start    ] GC(81) Pause Young (Normal) (G1 Evacuation Pause)
[2025-01-03T12:07:25.886+0900][462.895s][info][gc,task     ] GC(81) Using 8 workers of 8 for evacuation
[2025-01-03T12:07:25.903+0900][462.913s][info][gc,phases   ] GC(81)   Pre Evacuate Collection Set: 0.2ms
[2025-01-03T12:07:25.904+0900][462.913s][info][gc,phases   ] GC(81)   Merge Heap Roots: 0.1ms
[2025-01-03T12:07:25.904+0900][462.913s][info][gc,phases   ] GC(81)   Evacuate Collection Set: 16.6ms
[2025-01-03T12:07:25.904+0900][462.913s][info][gc,phases   ] GC(81)   Post Evacuate Collection Set: 0.7ms
[2025-01-03T12:07:25.904+0900][462.913s][info][gc,phases   ] GC(81)   Other: 0.2ms
[2025-01-03T12:07:25.904+0900][462.913s][info][gc,heap     ] GC(81) Eden regions: 483->0(483)
[2025-01-03T12:07:25.904+0900][462.913s][info][gc,heap     ] GC(81) Survivor regions: 11->11(62)
[2025-01-03T12:07:25.904+0900][462.913s][info][gc,heap     ] GC(81) Old regions: 12->12
[2025-01-03T12:07:25.904+0900][462.913s][info][gc,heap     ] GC(81) Humongous regions: 0->0
[2025-01-03T12:07:25.904+0900][462.913s][info][gc,metaspace] GC(81) Metaspace: 31886K(32512K)->31886K(32512K) NonClass: 27615K(27968K)->27615K(27968K) Class: 4270K(4544K)->4270K(4544K)
[2025-01-03T12:07:25.904+0900][462.913s][info][gc          ] GC(81) Pause Young (Normal) (G1 Evacuation Pause) 1009M->44M(1648M) 18.143ms
[2025-01-03T12:07:25.904+0900][462.913s][info][gc,cpu      ] GC(81) User=0.06s Sys=0.00s Real=0.02s
[2025-01-03T12:07:26.182+0900][463.191s][info][gc,start    ] GC(82) Pause Young (Normal) (G1 Evacuation Pause)
[2025-01-03T12:07:26.182+0900][463.191s][info][gc,task     ] GC(82) Using 8 workers of 8 for evacuation
[2025-01-03T12:07:26.201+0900][463.211s][info][gc,phases   ] GC(82)   Pre Evacuate Collection Set: 0.3ms
[2025-01-03T12:07:26.201+0900][463.211s][info][gc,phases   ] GC(82)   Merge Heap Roots: 0.1ms
[2025-01-03T12:07:26.201+0900][463.211s][info][gc,phases   ] GC(82)   Evacuate Collection Set: 18.4ms
[2025-01-03T12:07:26.201+0900][463.211s][info][gc,phases   ] GC(82)   Post Evacuate Collection Set: 0.4ms
[2025-01-03T12:07:26.201+0900][463.211s][info][gc,phases   ] GC(82)   Other: 0.2ms
[2025-01-03T12:07:26.201+0900][463.211s][info][gc,heap     ] GC(82) Eden regions: 483->0(483)
[2025-01-03T12:07:26.201+0900][463.211s][info][gc,heap     ] GC(82) Survivor regions: 11->11(62)
[2025-01-03T12:07:26.201+0900][463.211s][info][gc,heap     ] GC(82) Old regions: 12->13
[2025-01-03T12:07:26.201+0900][463.211s][info][gc,heap     ] GC(82) Humongous regions: 0->0
[2025-01-03T12:07:26.201+0900][463.211s][info][gc,metaspace] GC(82) Metaspace: 31886K(32512K)->31886K(32512K) NonClass: 27615K(27968K)->27615K(27968K) Class: 4270K(4544K)->4270K(4544K)
[2025-01-03T12:07:26.202+0900][463.211s][info][gc          ] GC(82) Pause Young (Normal) (G1 Evacuation Pause) 1010M->44M(1648M) 19.891ms
[2025-01-03T12:07:26.202+0900][463.211s][info][gc,cpu      ] GC(82) User=0.07s Sys=0.00s Real=0.02s
[2025-01-03T12:07:26.478+0900][463.487s][info][gc,start    ] GC(83) Pause Young (Normal) (G1 Evacuation Pause)
[2025-01-03T12:07:26.478+0900][463.487s][info][gc,task     ] GC(83) Using 8 workers of 8 for evacuation
[2025-01-03T12:07:26.495+0900][463.505s][info][gc,phases   ] GC(83)   Pre Evacuate Collection Set: 0.2ms
[2025-01-03T12:07:26.495+0900][463.505s][info][gc,phases   ] GC(83)   Merge Heap Roots: 0.1ms
[2025-01-03T12:07:26.495+0900][463.505s][info][gc,phases   ] GC(83)   Evacuate Collection Set: 16.7ms
[2025-01-03T12:07:26.495+0900][463.505s][info][gc,phases   ] GC(83)   Post Evacuate Collection Set: 0.4ms
[2025-01-03T12:07:26.495+0900][463.505s][info][gc,phases   ] GC(83)   Other: 0.1ms
[2025-01-03T12:07:26.495+0900][463.505s][info][gc,heap     ] GC(83) Eden regions: 483->0(483)
[2025-01-03T12:07:26.495+0900][463.505s][info][gc,heap     ] GC(83) Survivor regions: 11->11(62)
[2025-01-03T12:07:26.495+0900][463.505s][info][gc,heap     ] GC(83) Old regions: 13->13
[2025-01-03T12:07:26.495+0900][463.505s][info][gc,heap     ] GC(83) Humongous regions: 0->0
[2025-01-03T12:07:26.495+0900][463.505s][info][gc,metaspace] GC(83) Metaspace: 31886K(32512K)->31886K(32512K) NonClass: 27615K(27968K)->27615K(27968K) Class: 4270K(4544K)->4270K(4544K)
[2025-01-03T12:07:26.495+0900][463.505s][info][gc          ] GC(83) Pause Young (Normal) (G1 Evacuation Pause) 1010M->45M(1648M) 17.927ms
[2025-01-03T12:07:26.496+0900][463.505s][info][gc,cpu      ] GC(83) User=0.07s Sys=0.00s Real=0.02s
[2025-01-03T12:07:26.782+0900][463.792s][info][gc,start    ] GC(84) Pause Young (Normal) (G1 Evacuation Pause)
[2025-01-03T12:07:26.782+0900][463.792s][info][gc,task     ] GC(84) Using 8 workers of 8 for evacuation
[2025-01-03T12:07:26.799+0900][463.808s][info][gc,phases   ] GC(84)   Pre Evacuate Collection Set: 0.2ms
[2025-01-03T12:07:26.799+0900][463.808s][info][gc,phases   ] GC(84)   Merge Heap Roots: 0.1ms
[2025-01-03T12:07:26.799+0900][463.808s][info][gc,phases   ] GC(84)   Evacuate Collection Set: 14.7ms
[2025-01-03T12:07:26.799+0900][463.808s][info][gc,phases   ] GC(84)   Post Evacuate Collection Set: 1.1ms
[2025-01-03T12:07:26.799+0900][463.808s][info][gc,phases   ] GC(84)   Other: 0.1ms
[2025-01-03T12:07:26.799+0900][463.808s][info][gc,heap     ] GC(84) Eden regions: 483->0(482)
[2025-01-03T12:07:26.799+0900][463.808s][info][gc,heap     ] GC(84) Survivor regions: 11->12(62)
[2025-01-03T12:07:26.799+0900][463.808s][info][gc,heap     ] GC(84) Old regions: 13->13
[2025-01-03T12:07:26.799+0900][463.809s][info][gc,heap     ] GC(84) Humongous regions: 0->0
[2025-01-03T12:07:26.799+0900][463.809s][info][gc,metaspace] GC(84) Metaspace: 31886K(32512K)->31886K(32512K) NonClass: 27615K(27968K)->27615K(27968K) Class: 4270K(4544K)->4270K(4544K)
[2025-01-03T12:07:26.799+0900][463.809s][info][gc          ] GC(84) Pause Young (Normal) (G1 Evacuation Pause) 1011M->46M(1648M) 16.628ms
[2025-01-03T12:07:26.799+0900][463.809s][info][gc,cpu      ] GC(84) User=0.07s Sys=0.00s Real=0.01s
[2025-01-03T12:07:27.080+0900][464.090s][info][gc,start    ] GC(85) Pause Young (Normal) (G1 Evacuation Pause)
[2025-01-03T12:07:27.081+0900][464.090s][info][gc,task     ] GC(85) Using 8 workers of 8 for evacuation
[2025-01-03T12:07:27.101+0900][464.111s][info][gc,phases   ] GC(85)   Pre Evacuate Collection Set: 0.3ms
[2025-01-03T12:07:27.101+0900][464.111s][info][gc,phases   ] GC(85)   Merge Heap Roots: 0.1ms
[2025-01-03T12:07:27.101+0900][464.111s][info][gc,phases   ] GC(85)   Evacuate Collection Set: 19.8ms
[2025-01-03T12:07:27.101+0900][464.111s][info][gc,phases   ] GC(85)   Post Evacuate Collection Set: 0.4ms
[2025-01-03T12:07:27.101+0900][464.111s][info][gc,phases   ] GC(85)   Other: 0.1ms
[2025-01-03T12:07:27.101+0900][464.111s][info][gc,heap     ] GC(85) Eden regions: 482->0(482)
[2025-01-03T12:07:27.101+0900][464.111s][info][gc,heap     ] GC(85) Survivor regions: 12->12(62)
[2025-01-03T12:07:27.101+0900][464.111s][info][gc,heap     ] GC(85) Old regions: 13->13
[2025-01-03T12:07:27.101+0900][464.111s][info][gc,heap     ] GC(85) Humongous regions: 0->0
[2025-01-03T12:07:27.101+0900][464.111s][info][gc,metaspace] GC(85) Metaspace: 31886K(32512K)->31886K(32512K) NonClass: 27615K(27968K)->27615K(27968K) Class: 4270K(4544K)->4270K(4544K)
[2025-01-03T12:07:27.102+0900][464.111s][info][gc          ] GC(85) Pause Young (Normal) (G1 Evacuation Pause) 1010M->47M(1648M) 21.047ms
[2025-01-03T12:07:27.102+0900][464.111s][info][gc,cpu      ] GC(85) User=0.07s Sys=0.00s Real=0.02s
[2025-01-03T12:07:27.380+0900][464.389s][info][gc,start    ] GC(86) Pause Young (Normal) (G1 Evacuation Pause)
[2025-01-03T12:07:27.380+0900][464.389s][info][gc,task     ] GC(86) Using 8 workers of 8 for evacuation
[2025-01-03T12:07:27.398+0900][464.407s][info][gc,phases   ] GC(86)   Pre Evacuate Collection Set: 0.3ms
[2025-01-03T12:07:27.398+0900][464.407s][info][gc,phases   ] GC(86)   Merge Heap Roots: 0.1ms
[2025-01-03T12:07:27.398+0900][464.407s][info][gc,phases   ] GC(86)   Evacuate Collection Set: 16.9ms
[2025-01-03T12:07:27.398+0900][464.407s][info][gc,phases   ] GC(86)   Post Evacuate Collection Set: 0.5ms
[2025-01-03T12:07:27.398+0900][464.407s][info][gc,phases   ] GC(86)   Other: 0.1ms
[2025-01-03T12:07:27.398+0900][464.407s][info][gc,heap     ] GC(86) Eden regions: 482->0(482)
[2025-01-03T12:07:27.398+0900][464.407s][info][gc,heap     ] GC(86) Survivor regions: 12->12(62)
[2025-01-03T12:07:27.398+0900][464.407s][info][gc,heap     ] GC(86) Old regions: 13->13
[2025-01-03T12:07:27.398+0900][464.407s][info][gc,heap     ] GC(86) Humongous regions: 0->0
[2025-01-03T12:07:27.398+0900][464.407s][info][gc,metaspace] GC(86) Metaspace: 31886K(32512K)->31886K(32512K) NonClass: 27615K(27968K)->27615K(27968K) Class: 4270K(4544K)->4270K(4544K)
[2025-01-03T12:07:27.398+0900][464.408s][info][gc          ] GC(86) Pause Young (Normal) (G1 Evacuation Pause) 1011M->47M(1648M) 18.246ms
[2025-01-03T12:07:27.398+0900][464.408s][info][gc,cpu      ] GC(86) User=0.07s Sys=0.00s Real=0.01s
[2025-01-03T12:07:27.736+0900][464.746s][info][gc,start    ] GC(87) Pause Young (Normal) (G1 Evacuation Pause)
[2025-01-03T12:07:27.736+0900][464.746s][info][gc,task     ] GC(87) Using 8 workers of 8 for evacuation
[2025-01-03T12:07:27.759+0900][464.768s][info][gc,phases   ] GC(87)   Pre Evacuate Collection Set: 0.3ms
[2025-01-03T12:07:27.759+0900][464.768s][info][gc,phases   ] GC(87)   Merge Heap Roots: 0.1ms
[2025-01-03T12:07:27.759+0900][464.768s][info][gc,phases   ] GC(87)   Evacuate Collection Set: 21.2ms
[2025-01-03T12:07:27.759+0900][464.768s][info][gc,phases   ] GC(87)   Post Evacuate Collection Set: 0.5ms
[2025-01-03T12:07:27.759+0900][464.768s][info][gc,phases   ] GC(87)   Other: 0.1ms
[2025-01-03T12:07:27.759+0900][464.768s][info][gc,heap     ] GC(87) Eden regions: 482->0(481)
[2025-01-03T12:07:27.759+0900][464.768s][info][gc,heap     ] GC(87) Survivor regions: 12->13(62)
[2025-01-03T12:07:27.759+0900][464.768s][info][gc,heap     ] GC(87) Old regions: 13->13
[2025-01-03T12:07:27.759+0900][464.768s][info][gc,heap     ] GC(87) Humongous regions: 0->0
[2025-01-03T12:07:27.759+0900][464.768s][info][gc,metaspace] GC(87) Metaspace: 31886K(32512K)->31886K(32512K) NonClass: 27615K(27968K)->27615K(27968K) Class: 4270K(4544K)->4270K(4544K)
[2025-01-03T12:07:27.759+0900][464.768s][info][gc          ] GC(87) Pause Young (Normal) (G1 Evacuation Pause) 1011M->48M(1648M) 22.519ms
[2025-01-03T12:07:27.759+0900][464.768s][info][gc,cpu      ] GC(87) User=0.07s Sys=0.00s Real=0.02s
[2025-01-03T12:07:28.039+0900][465.048s][info][gc,start    ] GC(88) Pause Young (Normal) (G1 Evacuation Pause)
[2025-01-03T12:07:28.039+0900][465.049s][info][gc,task     ] GC(88) Using 8 workers of 8 for evacuation
[2025-01-03T12:07:28.060+0900][465.070s][info][gc,phases   ] GC(88)   Pre Evacuate Collection Set: 0.3ms
[2025-01-03T12:07:28.060+0900][465.070s][info][gc,phases   ] GC(88)   Merge Heap Roots: 0.1ms
[2025-01-03T12:07:28.060+0900][465.070s][info][gc,phases   ] GC(88)   Evacuate Collection Set: 20.1ms
[2025-01-03T12:07:28.060+0900][465.070s][info][gc,phases   ] GC(88)   Post Evacuate Collection Set: 0.6ms
[2025-01-03T12:07:28.060+0900][465.070s][info][gc,phases   ] GC(88)   Other: 0.1ms
[2025-01-03T12:07:28.060+0900][465.070s][info][gc,heap     ] GC(88) Eden regions: 481->0(481)
[2025-01-03T12:07:28.060+0900][465.070s][info][gc,heap     ] GC(88) Survivor regions: 13->13(62)
[2025-01-03T12:07:28.060+0900][465.070s][info][gc,heap     ] GC(88) Old regions: 13->13
[2025-01-03T12:07:28.060+0900][465.070s][info][gc,heap     ] GC(88) Humongous regions: 0->0
[2025-01-03T12:07:28.060+0900][465.070s][info][gc,metaspace] GC(88) Metaspace: 31886K(32512K)->31886K(32512K) NonClass: 27615K(27968K)->27615K(27968K) Class: 4270K(4544K)->4270K(4544K)
[2025-01-03T12:07:28.060+0900][465.070s][info][gc          ] GC(88) Pause Young (Normal) (G1 Evacuation Pause) 1010M->48M(1648M) 21.601ms
[2025-01-03T12:07:28.060+0900][465.070s][info][gc,cpu      ] GC(88) User=0.07s Sys=0.00s Real=0.03s
[2025-01-03T12:07:28.351+0900][465.361s][info][gc,start    ] GC(89) Pause Young (Normal) (G1 Evacuation Pause)
[2025-01-03T12:07:28.351+0900][465.361s][info][gc,task     ] GC(89) Using 8 workers of 8 for evacuation
[2025-01-03T12:07:28.371+0900][465.381s][info][gc,phases   ] GC(89)   Pre Evacuate Collection Set: 0.3ms
[2025-01-03T12:07:28.372+0900][465.381s][info][gc,phases   ] GC(89)   Merge Heap Roots: 0.1ms
[2025-01-03T12:07:28.372+0900][465.381s][info][gc,phases   ] GC(89)   Evacuate Collection Set: 19.0ms
[2025-01-03T12:07:28.372+0900][465.381s][info][gc,phases   ] GC(89)   Post Evacuate Collection Set: 0.8ms
[2025-01-03T12:07:28.372+0900][465.381s][info][gc,phases   ] GC(89)   Other: 0.1ms
[2025-01-03T12:07:28.372+0900][465.381s][info][gc,heap     ] GC(89) Eden regions: 481->0(510)
[2025-01-03T12:07:28.372+0900][465.381s][info][gc,heap     ] GC(89) Survivor regions: 13->13(62)
[2025-01-03T12:07:28.372+0900][465.381s][info][gc,heap     ] GC(89) Old regions: 13->13
[2025-01-03T12:07:28.372+0900][465.381s][info][gc,heap     ] GC(89) Humongous regions: 0->0
[2025-01-03T12:07:28.372+0900][465.381s][info][gc,metaspace] GC(89) Metaspace: 31886K(32512K)->31886K(32512K) NonClass: 27615K(27968K)->27615K(27968K) Class: 4270K(4544K)->4270K(4544K)
[2025-01-03T12:07:28.372+0900][465.381s][info][gc          ] GC(89) Pause Young (Normal) (G1 Evacuation Pause) 1010M->50M(1746M) 20.577ms
[2025-01-03T12:07:28.372+0900][465.381s][info][gc,cpu      ] GC(89) User=0.08s Sys=0.00s Real=0.02s
[2025-01-03T12:07:28.713+0900][465.722s][info][gc,start    ] GC(90) Pause Young (Normal) (G1 Evacuation Pause)
[2025-01-03T12:07:28.713+0900][465.722s][info][gc,task     ] GC(90) Using 8 workers of 8 for evacuation
[2025-01-03T12:07:28.732+0900][465.741s][info][gc,phases   ] GC(90)   Pre Evacuate Collection Set: 0.3ms
[2025-01-03T12:07:28.732+0900][465.741s][info][gc,phases   ] GC(90)   Merge Heap Roots: 0.1ms
[2025-01-03T12:07:28.732+0900][465.741s][info][gc,phases   ] GC(90)   Evacuate Collection Set: 17.3ms
[2025-01-03T12:07:28.732+0900][465.741s][info][gc,phases   ] GC(90)   Post Evacuate Collection Set: 1.1ms
[2025-01-03T12:07:28.732+0900][465.742s][info][gc,phases   ] GC(90)   Other: 0.1ms
[2025-01-03T12:07:28.732+0900][465.742s][info][gc,heap     ] GC(90) Eden regions: 510->0(510)
[2025-01-03T12:07:28.732+0900][465.742s][info][gc,heap     ] GC(90) Survivor regions: 13->13(66)
[2025-01-03T12:07:28.732+0900][465.742s][info][gc,heap     ] GC(90) Old regions: 13->13
[2025-01-03T12:07:28.732+0900][465.742s][info][gc,heap     ] GC(90) Humongous regions: 0->0
[2025-01-03T12:07:28.732+0900][465.742s][info][gc,metaspace] GC(90) Metaspace: 31886K(32512K)->31886K(32512K) NonClass: 27615K(27968K)->27615K(27968K) Class: 4270K(4544K)->4270K(4544K)
[2025-01-03T12:07:28.732+0900][465.742s][info][gc          ] GC(90) Pause Young (Normal) (G1 Evacuation Pause) 1070M->50M(1746M) 19.860ms
[2025-01-03T12:07:28.732+0900][465.742s][info][gc,cpu      ] GC(90) User=0.08s Sys=0.01s Real=0.02s
[2025-01-03T12:07:29.026+0900][466.036s][info][gc,start    ] GC(91) Pause Young (Normal) (G1 Evacuation Pause)
[2025-01-03T12:07:29.026+0900][466.036s][info][gc,task     ] GC(91) Using 8 workers of 8 for evacuation
[2025-01-03T12:07:29.046+0900][466.056s][info][gc,phases   ] GC(91)   Pre Evacuate Collection Set: 0.3ms
[2025-01-03T12:07:29.046+0900][466.056s][info][gc,phases   ] GC(91)   Merge Heap Roots: 0.1ms
[2025-01-03T12:07:29.046+0900][466.056s][info][gc,phases   ] GC(91)   Evacuate Collection Set: 18.7ms
[2025-01-03T12:07:29.046+0900][466.056s][info][gc,phases   ] GC(91)   Post Evacuate Collection Set: 0.6ms
[2025-01-03T12:07:29.046+0900][466.056s][info][gc,phases   ] GC(91)   Other: 0.1ms
[2025-01-03T12:07:29.046+0900][466.056s][info][gc,heap     ] GC(91) Eden regions: 510->0(510)
[2025-01-03T12:07:29.046+0900][466.056s][info][gc,heap     ] GC(91) Survivor regions: 13->13(66)
[2025-01-03T12:07:29.046+0900][466.056s][info][gc,heap     ] GC(91) Old regions: 13->13
[2025-01-03T12:07:29.046+0900][466.056s][info][gc,heap     ] GC(91) Humongous regions: 0->0
[2025-01-03T12:07:29.046+0900][466.056s][info][gc,metaspace] GC(91) Metaspace: 31886K(32512K)->31886K(32512K) NonClass: 27615K(27968K)->27615K(27968K) Class: 4270K(4544K)->4270K(4544K)
[2025-01-03T12:07:29.046+0900][466.056s][info][gc          ] GC(91) Pause Young (Normal) (G1 Evacuation Pause) 1070M->50M(1746M) 20.149ms
[2025-01-03T12:07:29.046+0900][466.056s][info][gc,cpu      ] GC(91) User=0.08s Sys=0.01s Real=0.02s
[2025-01-03T12:07:29.390+0900][466.399s][info][gc,start    ] GC(92) Pause Young (Normal) (G1 Evacuation Pause)
[2025-01-03T12:07:29.390+0900][466.400s][info][gc,task     ] GC(92) Using 8 workers of 8 for evacuation
[2025-01-03T12:07:29.420+0900][466.430s][info][gc,phases   ] GC(92)   Pre Evacuate Collection Set: 0.3ms
[2025-01-03T12:07:29.420+0900][466.430s][info][gc,phases   ] GC(92)   Merge Heap Roots: 0.1ms
[2025-01-03T12:07:29.420+0900][466.430s][info][gc,phases   ] GC(92)   Evacuate Collection Set: 28.9ms
[2025-01-03T12:07:29.420+0900][466.430s][info][gc,phases   ] GC(92)   Post Evacuate Collection Set: 0.5ms
[2025-01-03T12:07:29.420+0900][466.430s][info][gc,phases   ] GC(92)   Other: 0.1ms
[2025-01-03T12:07:29.420+0900][466.430s][info][gc,heap     ] GC(92) Eden regions: 510->0(510)
[2025-01-03T12:07:29.420+0900][466.430s][info][gc,heap     ] GC(92) Survivor regions: 13->13(66)
[2025-01-03T12:07:29.420+0900][466.430s][info][gc,heap     ] GC(92) Old regions: 13->13
[2025-01-03T12:07:29.420+0900][466.430s][info][gc,heap     ] GC(92) Humongous regions: 0->0
[2025-01-03T12:07:29.420+0900][466.430s][info][gc,metaspace] GC(92) Metaspace: 31886K(32512K)->31886K(32512K) NonClass: 27615K(27968K)->27615K(27968K) Class: 4270K(4544K)->4270K(4544K)
[2025-01-03T12:07:29.420+0900][466.430s][info][gc          ] GC(92) Pause Young (Normal) (G1 Evacuation Pause) 1070M->50M(1746M) 30.369ms
[2025-01-03T12:07:29.420+0900][466.430s][info][gc,cpu      ] GC(92) User=0.09s Sys=0.00s Real=0.03s
[2025-01-03T12:07:29.711+0900][466.720s][info][gc,start    ] GC(93) Pause Young (Normal) (G1 Evacuation Pause)
[2025-01-03T12:07:29.711+0900][466.720s][info][gc,task     ] GC(93) Using 8 workers of 8 for evacuation
[2025-01-03T12:07:29.729+0900][466.739s][info][gc,phases   ] GC(93)   Pre Evacuate Collection Set: 0.3ms
[2025-01-03T12:07:29.729+0900][466.739s][info][gc,phases   ] GC(93)   Merge Heap Roots: 0.1ms
[2025-01-03T12:07:29.729+0900][466.739s][info][gc,phases   ] GC(93)   Evacuate Collection Set: 17.3ms
[2025-01-03T12:07:29.729+0900][466.739s][info][gc,phases   ] GC(93)   Post Evacuate Collection Set: 0.5ms
[2025-01-03T12:07:29.729+0900][466.739s][info][gc,phases   ] GC(93)   Other: 0.1ms
[2025-01-03T12:07:29.729+0900][466.739s][info][gc,heap     ] GC(93) Eden regions: 510->0(510)
[2025-01-03T12:07:29.729+0900][466.739s][info][gc,heap     ] GC(93) Survivor regions: 13->13(66)
[2025-01-03T12:07:29.729+0900][466.739s][info][gc,heap     ] GC(93) Old regions: 13->13
[2025-01-03T12:07:29.729+0900][466.739s][info][gc,heap     ] GC(93) Humongous regions: 0->0
[2025-01-03T12:07:29.729+0900][466.739s][info][gc,metaspace] GC(93) Metaspace: 31886K(32512K)->31886K(32512K) NonClass: 27615K(27968K)->27615K(27968K) Class: 4270K(4544K)->4270K(4544K)
[2025-01-03T12:07:29.729+0900][466.739s][info][gc          ] GC(93) Pause Young (Normal) (G1 Evacuation Pause) 1070M->50M(1746M) 18.599ms
[2025-01-03T12:07:29.729+0900][466.739s][info][gc,cpu      ] GC(93) User=0.08s Sys=0.00s Real=0.01s
[2025-01-03T12:07:29.989+0900][466.999s][info][gc,start    ] GC(94) Pause Young (Normal) (G1 Evacuation Pause)
[2025-01-03T12:07:29.989+0900][466.999s][info][gc,task     ] GC(94) Using 8 workers of 8 for evacuation
[2025-01-03T12:07:30.012+0900][467.022s][info][gc,phases   ] GC(94)   Pre Evacuate Collection Set: 0.3ms
[2025-01-03T12:07:30.013+0900][467.022s][info][gc,phases   ] GC(94)   Merge Heap Roots: 0.1ms
[2025-01-03T12:07:30.013+0900][467.022s][info][gc,phases   ] GC(94)   Evacuate Collection Set: 22.0ms
[2025-01-03T12:07:30.013+0900][467.022s][info][gc,phases   ] GC(94)   Post Evacuate Collection Set: 0.6ms
[2025-01-03T12:07:30.013+0900][467.022s][info][gc,phases   ] GC(94)   Other: 0.1ms
[2025-01-03T12:07:30.013+0900][467.022s][info][gc,heap     ] GC(94) Eden regions: 510->0(509)
[2025-01-03T12:07:30.013+0900][467.022s][info][gc,heap     ] GC(94) Survivor regions: 13->14(66)
[2025-01-03T12:07:30.013+0900][467.022s][info][gc,heap     ] GC(94) Old regions: 13->14
[2025-01-03T12:07:30.013+0900][467.022s][info][gc,heap     ] GC(94) Humongous regions: 0->0
[2025-01-03T12:07:30.013+0900][467.022s][info][gc,metaspace] GC(94) Metaspace: 31886K(32512K)->31886K(32512K) NonClass: 27615K(27968K)->27615K(27968K) Class: 4270K(4544K)->4270K(4544K)
[2025-01-03T12:07:30.013+0900][467.022s][info][gc          ] GC(94) Pause Young (Normal) (G1 Evacuation Pause) 1070M->51M(1746M) 23.480ms
[2025-01-03T12:07:30.013+0900][467.022s][info][gc,cpu      ] GC(94) User=0.08s Sys=0.00s Real=0.03s
[2025-01-03T12:07:30.254+0900][467.264s][info][gc,start    ] GC(95) Pause Young (Normal) (G1 Evacuation Pause)
[2025-01-03T12:07:30.254+0900][467.264s][info][gc,task     ] GC(95) Using 8 workers of 8 for evacuation
[2025-01-03T12:07:30.279+0900][467.289s][info][gc,phases   ] GC(95)   Pre Evacuate Collection Set: 0.3ms
[2025-01-03T12:07:30.280+0900][467.289s][info][gc,phases   ] GC(95)   Merge Heap Roots: 0.1ms
[2025-01-03T12:07:30.280+0900][467.289s][info][gc,phases   ] GC(95)   Evacuate Collection Set: 24.0ms
[2025-01-03T12:07:30.280+0900][467.289s][info][gc,phases   ] GC(95)   Post Evacuate Collection Set: 0.5ms
[2025-01-03T12:07:30.280+0900][467.289s][info][gc,phases   ] GC(95)   Other: 0.1ms
[2025-01-03T12:07:30.280+0900][467.289s][info][gc,heap     ] GC(95) Eden regions: 509->0(509)
[2025-01-03T12:07:30.280+0900][467.289s][info][gc,heap     ] GC(95) Survivor regions: 14->14(66)
[2025-01-03T12:07:30.280+0900][467.289s][info][gc,heap     ] GC(95) Old regions: 14->14
[2025-01-03T12:07:30.280+0900][467.289s][info][gc,heap     ] GC(95) Humongous regions: 0->0
[2025-01-03T12:07:30.280+0900][467.289s][info][gc,metaspace] GC(95) Metaspace: 31886K(32512K)->31886K(32512K) NonClass: 27615K(27968K)->27615K(27968K) Class: 4270K(4544K)->4270K(4544K)
[2025-01-03T12:07:30.280+0900][467.289s][info][gc          ] GC(95) Pause Young (Normal) (G1 Evacuation Pause) 1069M->52M(1746M) 25.426ms
[2025-01-03T12:07:30.280+0900][467.289s][info][gc,cpu      ] GC(95) User=0.08s Sys=0.00s Real=0.03s
[2025-01-03T12:07:30.566+0900][467.576s][info][gc,start    ] GC(96) Pause Young (Normal) (G1 Evacuation Pause)
[2025-01-03T12:07:30.566+0900][467.576s][info][gc,task     ] GC(96) Using 8 workers of 8 for evacuation
[2025-01-03T12:07:30.587+0900][467.597s][info][gc,phases   ] GC(96)   Pre Evacuate Collection Set: 0.3ms
[2025-01-03T12:07:30.587+0900][467.597s][info][gc,phases   ] GC(96)   Merge Heap Roots: 0.1ms
[2025-01-03T12:07:30.587+0900][467.597s][info][gc,phases   ] GC(96)   Evacuate Collection Set: 19.3ms
[2025-01-03T12:07:30.587+0900][467.597s][info][gc,phases   ] GC(96)   Post Evacuate Collection Set: 0.8ms
[2025-01-03T12:07:30.587+0900][467.597s][info][gc,phases   ] GC(96)   Other: 0.1ms
[2025-01-03T12:07:30.587+0900][467.597s][info][gc,heap     ] GC(96) Eden regions: 509->0(508)
[2025-01-03T12:07:30.587+0900][467.597s][info][gc,heap     ] GC(96) Survivor regions: 14->15(66)
[2025-01-03T12:07:30.587+0900][467.597s][info][gc,heap     ] GC(96) Old regions: 14->14
[2025-01-03T12:07:30.587+0900][467.597s][info][gc,heap     ] GC(96) Humongous regions: 0->0
[2025-01-03T12:07:30.587+0900][467.597s][info][gc,metaspace] GC(96) Metaspace: 31886K(32512K)->31886K(32512K) NonClass: 27615K(27968K)->27615K(27968K) Class: 4270K(4544K)->4270K(4544K)
[2025-01-03T12:07:30.587+0900][467.597s][info][gc          ] GC(96) Pause Young (Normal) (G1 Evacuation Pause) 1070M->54M(1746M) 20.966ms
[2025-01-03T12:07:30.587+0900][467.597s][info][gc,cpu      ] GC(96) User=0.09s Sys=0.00s Real=0.02s
[2025-01-03T12:07:30.895+0900][467.905s][info][gc,start    ] GC(97) Pause Young (Normal) (G1 Evacuation Pause)
[2025-01-03T12:07:30.895+0900][467.905s][info][gc,task     ] GC(97) Using 8 workers of 8 for evacuation
[2025-01-03T12:07:30.918+0900][467.928s][info][gc,phases   ] GC(97)   Pre Evacuate Collection Set: 0.3ms
[2025-01-03T12:07:30.918+0900][467.928s][info][gc,phases   ] GC(97)   Merge Heap Roots: 0.1ms
[2025-01-03T12:07:30.918+0900][467.928s][info][gc,phases   ] GC(97)   Evacuate Collection Set: 21.7ms
[2025-01-03T12:07:30.918+0900][467.928s][info][gc,phases   ] GC(97)   Post Evacuate Collection Set: 0.6ms
[2025-01-03T12:07:30.918+0900][467.928s][info][gc,phases   ] GC(97)   Other: 0.1ms
[2025-01-03T12:07:30.918+0900][467.928s][info][gc,heap     ] GC(97) Eden regions: 508->0(537)
[2025-01-03T12:07:30.918+0900][467.928s][info][gc,heap     ] GC(97) Survivor regions: 15->15(66)
[2025-01-03T12:07:30.918+0900][467.928s][info][gc,heap     ] GC(97) Old regions: 14->14
[2025-01-03T12:07:30.918+0900][467.928s][info][gc,heap     ] GC(97) Humongous regions: 0->0
[2025-01-03T12:07:30.918+0900][467.928s][info][gc,metaspace] GC(97) Metaspace: 31886K(32512K)->31886K(32512K) NonClass: 27615K(27968K)->27615K(27968K) Class: 4270K(4544K)->4270K(4544K)
[2025-01-03T12:07:30.918+0900][467.928s][info][gc          ] GC(97) Pause Young (Normal) (G1 Evacuation Pause) 1070M->54M(1840M) 23.447ms
[2025-01-03T12:07:30.919+0900][467.928s][info][gc,cpu      ] GC(97) User=0.08s Sys=0.00s Real=0.02s
[2025-01-03T12:07:31.301+0900][468.311s][info][gc,start    ] GC(98) Pause Young (Normal) (G1 Evacuation Pause)
[2025-01-03T12:07:31.301+0900][468.311s][info][gc,task     ] GC(98) Using 8 workers of 8 for evacuation
[2025-01-03T12:07:31.324+0900][468.334s][info][gc,phases   ] GC(98)   Pre Evacuate Collection Set: 0.3ms
[2025-01-03T12:07:31.324+0900][468.334s][info][gc,phases   ] GC(98)   Merge Heap Roots: 0.1ms
[2025-01-03T12:07:31.324+0900][468.334s][info][gc,phases   ] GC(98)   Evacuate Collection Set: 21.6ms
[2025-01-03T12:07:31.324+0900][468.334s][info][gc,phases   ] GC(98)   Post Evacuate Collection Set: 0.8ms
[2025-01-03T12:07:31.324+0900][468.334s][info][gc,phases   ] GC(98)   Other: 0.1ms
[2025-01-03T12:07:31.324+0900][468.334s][info][gc,heap     ] GC(98) Eden regions: 537->0(537)
[2025-01-03T12:07:31.324+0900][468.334s][info][gc,heap     ] GC(98) Survivor regions: 15->15(69)
[2025-01-03T12:07:31.324+0900][468.334s][info][gc,heap     ] GC(98) Old regions: 14->14
[2025-01-03T12:07:31.324+0900][468.334s][info][gc,heap     ] GC(98) Humongous regions: 0->0
[2025-01-03T12:07:31.324+0900][468.334s][info][gc,metaspace] GC(98) Metaspace: 31886K(32512K)->31886K(32512K) NonClass: 27615K(27968K)->27615K(27968K) Class: 4270K(4544K)->4270K(4544K)
[2025-01-03T12:07:31.324+0900][468.334s][info][gc          ] GC(98) Pause Young (Normal) (G1 Evacuation Pause) 1128M->55M(1840M) 23.279ms
[2025-01-03T12:07:31.324+0900][468.334s][info][gc,cpu      ] GC(98) User=0.09s Sys=0.00s Real=0.02s
[2025-01-03T12:07:31.614+0900][468.623s][info][gc,start    ] GC(99) Pause Young (Normal) (G1 Evacuation Pause)
[2025-01-03T12:07:31.614+0900][468.623s][info][gc,task     ] GC(99) Using 8 workers of 8 for evacuation
[2025-01-03T12:07:31.637+0900][468.646s][info][gc,phases   ] GC(99)   Pre Evacuate Collection Set: 0.4ms
[2025-01-03T12:07:31.637+0900][468.646s][info][gc,phases   ] GC(99)   Merge Heap Roots: 0.1ms
[2025-01-03T12:07:31.637+0900][468.646s][info][gc,phases   ] GC(99)   Evacuate Collection Set: 21.6ms
[2025-01-03T12:07:31.637+0900][468.646s][info][gc,phases   ] GC(99)   Post Evacuate Collection Set: 0.5ms
[2025-01-03T12:07:31.637+0900][468.646s][info][gc,phases   ] GC(99)   Other: 0.1ms
[2025-01-03T12:07:31.637+0900][468.646s][info][gc,heap     ] GC(99) Eden regions: 537->0(537)
[2025-01-03T12:07:31.637+0900][468.646s][info][gc,heap     ] GC(99) Survivor regions: 15->15(69)
[2025-01-03T12:07:31.637+0900][468.646s][info][gc,heap     ] GC(99) Old regions: 14->14
[2025-01-03T12:07:31.637+0900][468.646s][info][gc,heap     ] GC(99) Humongous regions: 0->0
[2025-01-03T12:07:31.637+0900][468.646s][info][gc,metaspace] GC(99) Metaspace: 31886K(32512K)->31886K(32512K) NonClass: 27615K(27968K)->27615K(27968K) Class: 4270K(4544K)->4270K(4544K)
[2025-01-03T12:07:31.637+0900][468.646s][info][gc          ] GC(99) Pause Young (Normal) (G1 Evacuation Pause) 1129M->56M(1840M) 23.159ms
[2025-01-03T12:07:31.637+0900][468.646s][info][gc,cpu      ] GC(99) User=0.09s Sys=0.00s Real=0.02s
[2025-01-03T12:07:31.988+0900][468.997s][info][gc,start    ] GC(100) Pause Young (Normal) (G1 Evacuation Pause)
[2025-01-03T12:07:31.988+0900][468.997s][info][gc,task     ] GC(100) Using 8 workers of 8 for evacuation
[2025-01-03T12:07:32.026+0900][469.036s][info][gc,phases   ] GC(100)   Pre Evacuate Collection Set: 0.3ms
[2025-01-03T12:07:32.026+0900][469.036s][info][gc,phases   ] GC(100)   Merge Heap Roots: 0.2ms
[2025-01-03T12:07:32.026+0900][469.036s][info][gc,phases   ] GC(100)   Evacuate Collection Set: 36.7ms
[2025-01-03T12:07:32.026+0900][469.036s][info][gc,phases   ] GC(100)   Post Evacuate Collection Set: 1.1ms
[2025-01-03T12:07:32.026+0900][469.036s][info][gc,phases   ] GC(100)   Other: 0.1ms
[2025-01-03T12:07:32.026+0900][469.036s][info][gc,heap     ] GC(100) Eden regions: 537->0(536)
[2025-01-03T12:07:32.026+0900][469.036s][info][gc,heap     ] GC(100) Survivor regions: 15->16(69)
[2025-01-03T12:07:32.026+0900][469.036s][info][gc,heap     ] GC(100) Old regions: 14->14
[2025-01-03T12:07:32.026+0900][469.036s][info][gc,heap     ] GC(100) Humongous regions: 0->0
[2025-01-03T12:07:32.026+0900][469.036s][info][gc,metaspace] GC(100) Metaspace: 31886K(32512K)->31886K(32512K) NonClass: 27615K(27968K)->27615K(27968K) Class: 4270K(4544K)->4270K(4544K)
[2025-01-03T12:07:32.026+0900][469.036s][info][gc          ] GC(100) Pause Young (Normal) (G1 Evacuation Pause) 1130M->57M(1840M) 38.788ms
[2025-01-03T12:07:32.027+0900][469.036s][info][gc,cpu      ] GC(100) User=0.09s Sys=0.01s Real=0.04s
[2025-01-03T12:07:32.384+0900][469.393s][info][gc,start    ] GC(101) Pause Young (Normal) (G1 Evacuation Pause)
[2025-01-03T12:07:32.384+0900][469.393s][info][gc,task     ] GC(101) Using 8 workers of 8 for evacuation
[2025-01-03T12:07:32.405+0900][469.415s][info][gc,phases   ] GC(101)   Pre Evacuate Collection Set: 0.2ms
[2025-01-03T12:07:32.405+0900][469.415s][info][gc,phases   ] GC(101)   Merge Heap Roots: 0.1ms
[2025-01-03T12:07:32.405+0900][469.415s][info][gc,phases   ] GC(101)   Evacuate Collection Set: 20.0ms
[2025-01-03T12:07:32.405+0900][469.415s][info][gc,phases   ] GC(101)   Post Evacuate Collection Set: 1.0ms
[2025-01-03T12:07:32.405+0900][469.415s][info][gc,phases   ] GC(101)   Other: 0.1ms
[2025-01-03T12:07:32.405+0900][469.415s][info][gc,heap     ] GC(101) Eden regions: 536->0(536)
[2025-01-03T12:07:32.405+0900][469.415s][info][gc,heap     ] GC(101) Survivor regions: 16->16(69)
[2025-01-03T12:07:32.405+0900][469.415s][info][gc,heap     ] GC(101) Old regions: 14->14
[2025-01-03T12:07:32.405+0900][469.415s][info][gc,heap     ] GC(101) Humongous regions: 0->0
[2025-01-03T12:07:32.405+0900][469.415s][info][gc,metaspace] GC(101) Metaspace: 31886K(32512K)->31886K(32512K) NonClass: 27615K(27968K)->27615K(27968K) Class: 4270K(4544K)->4270K(4544K)
[2025-01-03T12:07:32.405+0900][469.415s][info][gc          ] GC(101) Pause Young (Normal) (G1 Evacuation Pause) 1129M->57M(1840M) 21.699ms
[2025-01-03T12:07:32.405+0900][469.415s][info][gc,cpu      ] GC(101) User=0.08s Sys=0.00s Real=0.02s
[2025-01-03T12:07:32.775+0900][469.785s][info][gc,start    ] GC(102) Pause Young (Normal) (G1 Evacuation Pause)
[2025-01-03T12:07:32.775+0900][469.785s][info][gc,task     ] GC(102) Using 8 workers of 8 for evacuation
[2025-01-03T12:07:32.802+0900][469.812s][info][gc,phases   ] GC(102)   Pre Evacuate Collection Set: 0.3ms
[2025-01-03T12:07:32.803+0900][469.812s][info][gc,phases   ] GC(102)   Merge Heap Roots: 0.1ms
[2025-01-03T12:07:32.803+0900][469.812s][info][gc,phases   ] GC(102)   Evacuate Collection Set: 25.4ms
[2025-01-03T12:07:32.803+0900][469.812s][info][gc,phases   ] GC(102)   Post Evacuate Collection Set: 1.1ms
[2025-01-03T12:07:32.803+0900][469.812s][info][gc,phases   ] GC(102)   Other: 0.1ms
[2025-01-03T12:07:32.803+0900][469.812s][info][gc,heap     ] GC(102) Eden regions: 536->0(536)
[2025-01-03T12:07:32.803+0900][469.812s][info][gc,heap     ] GC(102) Survivor regions: 16->16(69)
[2025-01-03T12:07:32.803+0900][469.812s][info][gc,heap     ] GC(102) Old regions: 14->14
[2025-01-03T12:07:32.803+0900][469.812s][info][gc,heap     ] GC(102) Humongous regions: 0->0
[2025-01-03T12:07:32.803+0900][469.812s][info][gc,metaspace] GC(102) Metaspace: 31886K(32512K)->31886K(32512K) NonClass: 27615K(27968K)->27615K(27968K) Class: 4270K(4544K)->4270K(4544K)
[2025-01-03T12:07:32.803+0900][469.812s][info][gc          ] GC(102) Pause Young (Normal) (G1 Evacuation Pause) 1129M->57M(1840M) 27.480ms
[2025-01-03T12:07:32.803+0900][469.812s][info][gc,cpu      ] GC(102) User=0.09s Sys=0.01s Real=0.03s
[2025-01-03T12:07:33.082+0900][470.091s][info][gc,start    ] GC(103) Pause Young (Normal) (G1 Evacuation Pause)
[2025-01-03T12:07:33.082+0900][470.091s][info][gc,task     ] GC(103) Using 8 workers of 8 for evacuation
[2025-01-03T12:07:33.109+0900][470.118s][info][gc,phases   ] GC(103)   Pre Evacuate Collection Set: 0.6ms
[2025-01-03T12:07:33.109+0900][470.118s][info][gc,phases   ] GC(103)   Merge Heap Roots: 0.2ms
[2025-01-03T12:07:33.109+0900][470.118s][info][gc,phases   ] GC(103)   Evacuate Collection Set: 24.7ms
[2025-01-03T12:07:33.109+0900][470.118s][info][gc,phases   ] GC(103)   Post Evacuate Collection Set: 1.2ms
[2025-01-03T12:07:33.109+0900][470.118s][info][gc,phases   ] GC(103)   Other: 0.1ms
[2025-01-03T12:07:33.109+0900][470.118s][info][gc,heap     ] GC(103) Eden regions: 536->0(535)
[2025-01-03T12:07:33.109+0900][470.118s][info][gc,heap     ] GC(103) Survivor regions: 16->17(69)
[2025-01-03T12:07:33.109+0900][470.118s][info][gc,heap     ] GC(103) Old regions: 14->14
[2025-01-03T12:07:33.109+0900][470.118s][info][gc,heap     ] GC(103) Humongous regions: 0->0
[2025-01-03T12:07:33.109+0900][470.118s][info][gc,metaspace] GC(103) Metaspace: 31886K(32512K)->31886K(32512K) NonClass: 27615K(27968K)->27615K(27968K) Class: 4270K(4544K)->4270K(4544K)
[2025-01-03T12:07:33.109+0900][470.119s][info][gc          ] GC(103) Pause Young (Normal) (G1 Evacuation Pause) 1129M->60M(1840M) 27.326ms
[2025-01-03T12:07:33.109+0900][470.119s][info][gc,cpu      ] GC(103) User=0.10s Sys=0.00s Real=0.02s
[2025-01-03T12:07:33.450+0900][470.460s][info][gc,start    ] GC(104) Pause Young (Normal) (G1 Evacuation Pause)
[2025-01-03T12:07:33.450+0900][470.460s][info][gc,task     ] GC(104) Using 8 workers of 8 for evacuation
[2025-01-03T12:07:33.472+0900][470.481s][info][gc,phases   ] GC(104)   Pre Evacuate Collection Set: 0.3ms
[2025-01-03T12:07:33.472+0900][470.482s][info][gc,phases   ] GC(104)   Merge Heap Roots: 0.1ms
[2025-01-03T12:07:33.472+0900][470.482s][info][gc,phases   ] GC(104)   Evacuate Collection Set: 20.2ms
[2025-01-03T12:07:33.472+0900][470.482s][info][gc,phases   ] GC(104)   Post Evacuate Collection Set: 0.9ms
[2025-01-03T12:07:33.472+0900][470.482s][info][gc,phases   ] GC(104)   Other: 0.1ms
[2025-01-03T12:07:33.472+0900][470.482s][info][gc,heap     ] GC(104) Eden regions: 535->0(536)
[2025-01-03T12:07:33.472+0900][470.482s][info][gc,heap     ] GC(104) Survivor regions: 17->16(69)
[2025-01-03T12:07:33.472+0900][470.482s][info][gc,heap     ] GC(104) Old regions: 14->15
[2025-01-03T12:07:33.472+0900][470.482s][info][gc,heap     ] GC(104) Humongous regions: 0->0
[2025-01-03T12:07:33.472+0900][470.482s][info][gc,metaspace] GC(104) Metaspace: 31886K(32512K)->31886K(32512K) NonClass: 27615K(27968K)->27615K(27968K) Class: 4270K(4544K)->4270K(4544K)
[2025-01-03T12:07:33.472+0900][470.482s][info][gc          ] GC(104) Pause Young (Normal) (G1 Evacuation Pause) 1130M->59M(1840M) 21.937ms
[2025-01-03T12:07:33.472+0900][470.482s][info][gc,cpu      ] GC(104) User=0.08s Sys=0.00s Real=0.02s
[2025-01-03T12:07:33.801+0900][470.810s][info][gc,start    ] GC(105) Pause Young (Normal) (G1 Evacuation Pause)
[2025-01-03T12:07:33.801+0900][470.810s][info][gc,task     ] GC(105) Using 8 workers of 8 for evacuation
[2025-01-03T12:07:33.841+0900][470.850s][info][gc,phases   ] GC(105)   Pre Evacuate Collection Set: 7.8ms
[2025-01-03T12:07:33.841+0900][470.850s][info][gc,phases   ] GC(105)   Merge Heap Roots: 1.5ms
[2025-01-03T12:07:33.841+0900][470.851s][info][gc,phases   ] GC(105)   Evacuate Collection Set: 28.4ms
[2025-01-03T12:07:33.841+0900][470.851s][info][gc,phases   ] GC(105)   Post Evacuate Collection Set: 2.3ms
[2025-01-03T12:07:33.841+0900][470.851s][info][gc,phases   ] GC(105)   Other: 0.1ms
[2025-01-03T12:07:33.841+0900][470.851s][info][gc,heap     ] GC(105) Eden regions: 536->0(536)
[2025-01-03T12:07:33.841+0900][470.851s][info][gc,heap     ] GC(105) Survivor regions: 16->16(69)
[2025-01-03T12:07:33.841+0900][470.851s][info][gc,heap     ] GC(105) Old regions: 15->15
[2025-01-03T12:07:33.841+0900][470.851s][info][gc,heap     ] GC(105) Humongous regions: 0->0
[2025-01-03T12:07:33.841+0900][470.851s][info][gc,metaspace] GC(105) Metaspace: 31886K(32512K)->31886K(32512K) NonClass: 27615K(27968K)->27615K(27968K) Class: 4270K(4544K)->4270K(4544K)
[2025-01-03T12:07:33.841+0900][470.851s][info][gc          ] GC(105) Pause Young (Normal) (G1 Evacuation Pause) 1131M->58M(1840M) 40.579ms
[2025-01-03T12:07:33.841+0900][470.851s][info][gc,cpu      ] GC(105) User=0.09s Sys=0.00s Real=0.04s
[2025-01-03T12:07:34.166+0900][471.176s][info][gc,start    ] GC(106) Pause Young (Normal) (G1 Evacuation Pause)
[2025-01-03T12:07:34.167+0900][471.176s][info][gc,task     ] GC(106) Using 8 workers of 8 for evacuation
[2025-01-03T12:07:34.201+0900][471.210s][info][gc,phases   ] GC(106)   Pre Evacuate Collection Set: 0.2ms
[2025-01-03T12:07:34.201+0900][471.210s][info][gc,phases   ] GC(106)   Merge Heap Roots: 0.1ms
[2025-01-03T12:07:34.201+0900][471.210s][info][gc,phases   ] GC(106)   Evacuate Collection Set: 32.2ms
[2025-01-03T12:07:34.201+0900][471.210s][info][gc,phases   ] GC(106)   Post Evacuate Collection Set: 1.4ms
[2025-01-03T12:07:34.201+0900][471.210s][info][gc,phases   ] GC(106)   Other: 0.1ms
[2025-01-03T12:07:34.201+0900][471.210s][info][gc,heap     ] GC(106) Eden regions: 536->0(576)
[2025-01-03T12:07:34.201+0900][471.210s][info][gc,heap     ] GC(106) Survivor regions: 16->16(69)
[2025-01-03T12:07:34.201+0900][471.210s][info][gc,heap     ] GC(106) Old regions: 15->15
[2025-01-03T12:07:34.201+0900][471.210s][info][gc,heap     ] GC(106) Humongous regions: 0->0
[2025-01-03T12:07:34.201+0900][471.210s][info][gc,metaspace] GC(106) Metaspace: 31886K(32512K)->31886K(32512K) NonClass: 27615K(27968K)->27615K(27968K) Class: 4270K(4544K)->4270K(4544K)
[2025-01-03T12:07:34.201+0900][471.210s][info][gc          ] GC(106) Pause Young (Normal) (G1 Evacuation Pause) 1130M->59M(1974M) 34.369ms
[2025-01-03T12:07:34.201+0900][471.210s][info][gc,cpu      ] GC(106) User=0.10s Sys=0.00s Real=0.04s
[2025-01-03T12:07:34.545+0900][471.555s][info][gc,start    ] GC(107) Pause Young (Normal) (G1 Evacuation Pause)
[2025-01-03T12:07:34.545+0900][471.555s][info][gc,task     ] GC(107) Using 8 workers of 8 for evacuation
[2025-01-03T12:07:34.574+0900][471.583s][info][gc,phases   ] GC(107)   Pre Evacuate Collection Set: 0.3ms
[2025-01-03T12:07:34.574+0900][471.583s][info][gc,phases   ] GC(107)   Merge Heap Roots: 0.1ms
[2025-01-03T12:07:34.574+0900][471.583s][info][gc,phases   ] GC(107)   Evacuate Collection Set: 26.8ms
[2025-01-03T12:07:34.574+0900][471.584s][info][gc,phases   ] GC(107)   Post Evacuate Collection Set: 0.9ms
[2025-01-03T12:07:34.574+0900][471.584s][info][gc,phases   ] GC(107)   Other: 0.2ms
[2025-01-03T12:07:34.574+0900][471.584s][info][gc,heap     ] GC(107) Eden regions: 576->0(575)
[2025-01-03T12:07:34.574+0900][471.584s][info][gc,heap     ] GC(107) Survivor regions: 16->17(74)
[2025-01-03T12:07:34.574+0900][471.584s][info][gc,heap     ] GC(107) Old regions: 15->15
[2025-01-03T12:07:34.574+0900][471.584s][info][gc,heap     ] GC(107) Humongous regions: 0->0
[2025-01-03T12:07:34.574+0900][471.584s][info][gc,metaspace] GC(107) Metaspace: 31886K(32512K)->31886K(32512K) NonClass: 27615K(27968K)->27615K(27968K) Class: 4270K(4544K)->4270K(4544K)
[2025-01-03T12:07:34.574+0900][471.584s][info][gc          ] GC(107) Pause Young (Normal) (G1 Evacuation Pause) 1211M->60M(1974M) 28.820ms
[2025-01-03T12:07:34.574+0900][471.584s][info][gc,cpu      ] GC(107) User=0.10s Sys=0.01s Real=0.03s
[2025-01-03T12:07:34.925+0900][471.935s][info][gc,start    ] GC(108) Pause Young (Normal) (G1 Evacuation Pause)
[2025-01-03T12:07:34.925+0900][471.935s][info][gc,task     ] GC(108) Using 8 workers of 8 for evacuation
[2025-01-03T12:07:34.960+0900][471.970s][info][gc,phases   ] GC(108)   Pre Evacuate Collection Set: 1.8ms
[2025-01-03T12:07:34.960+0900][471.970s][info][gc,phases   ] GC(108)   Merge Heap Roots: 0.2ms
[2025-01-03T12:07:34.960+0900][471.970s][info][gc,phases   ] GC(108)   Evacuate Collection Set: 31.8ms
[2025-01-03T12:07:34.960+0900][471.970s][info][gc,phases   ] GC(108)   Post Evacuate Collection Set: 0.5ms
[2025-01-03T12:07:34.960+0900][471.970s][info][gc,phases   ] GC(108)   Other: 0.1ms
[2025-01-03T12:07:34.960+0900][471.970s][info][gc,heap     ] GC(108) Eden regions: 575->0(574)
[2025-01-03T12:07:34.960+0900][471.970s][info][gc,heap     ] GC(108) Survivor regions: 17->18(74)
[2025-01-03T12:07:34.960+0900][471.970s][info][gc,heap     ] GC(108) Old regions: 15->15
[2025-01-03T12:07:34.960+0900][471.970s][info][gc,heap     ] GC(108) Humongous regions: 0->0
[2025-01-03T12:07:34.960+0900][471.970s][info][gc,metaspace] GC(108) Metaspace: 31886K(32512K)->31886K(32512K) NonClass: 27615K(27968K)->27615K(27968K) Class: 4270K(4544K)->4270K(4544K)
[2025-01-03T12:07:34.960+0900][471.970s][info][gc          ] GC(108) Pause Young (Normal) (G1 Evacuation Pause) 1210M->62M(1974M) 34.897ms
[2025-01-03T12:07:34.960+0900][471.970s][info][gc,cpu      ] GC(108) User=0.10s Sys=0.00s Real=0.04s
[2025-01-03T12:07:35.271+0900][472.281s][info][gc,start    ] GC(109) Pause Young (Normal) (G1 Evacuation Pause)
[2025-01-03T12:07:35.271+0900][472.281s][info][gc,task     ] GC(109) Using 8 workers of 8 for evacuation
[2025-01-03T12:07:35.304+0900][472.314s][info][gc,phases   ] GC(109)   Pre Evacuate Collection Set: 0.4ms
[2025-01-03T12:07:35.304+0900][472.314s][info][gc,phases   ] GC(109)   Merge Heap Roots: 0.2ms
[2025-01-03T12:07:35.304+0900][472.314s][info][gc,phases   ] GC(109)   Evacuate Collection Set: 31.4ms
[2025-01-03T12:07:35.304+0900][472.314s][info][gc,phases   ] GC(109)   Post Evacuate Collection Set: 0.6ms
[2025-01-03T12:07:35.304+0900][472.314s][info][gc,phases   ] GC(109)   Other: 0.1ms
[2025-01-03T12:07:35.304+0900][472.314s][info][gc,heap     ] GC(109) Eden regions: 574->0(575)
[2025-01-03T12:07:35.304+0900][472.314s][info][gc,heap     ] GC(109) Survivor regions: 18->17(74)
[2025-01-03T12:07:35.304+0900][472.314s][info][gc,heap     ] GC(109) Old regions: 15->15
[2025-01-03T12:07:35.304+0900][472.314s][info][gc,heap     ] GC(109) Humongous regions: 0->0
[2025-01-03T12:07:35.304+0900][472.314s][info][gc,metaspace] GC(109) Metaspace: 31886K(32512K)->31886K(32512K) NonClass: 27615K(27968K)->27615K(27968K) Class: 4270K(4544K)->4270K(4544K)
[2025-01-03T12:07:35.304+0900][472.314s][info][gc          ] GC(109) Pause Young (Normal) (G1 Evacuation Pause) 1210M->62M(1974M) 33.087ms
[2025-01-03T12:07:35.304+0900][472.314s][info][gc,cpu      ] GC(109) User=0.10s Sys=0.00s Real=0.03s
[2025-01-03T12:07:35.641+0900][472.651s][info][gc,start    ] GC(110) Pause Young (Normal) (G1 Evacuation Pause)
[2025-01-03T12:07:35.641+0900][472.651s][info][gc,task     ] GC(110) Using 8 workers of 8 for evacuation
[2025-01-03T12:07:35.671+0900][472.680s][info][gc,phases   ] GC(110)   Pre Evacuate Collection Set: 0.4ms
[2025-01-03T12:07:35.671+0900][472.680s][info][gc,phases   ] GC(110)   Merge Heap Roots: 0.2ms
[2025-01-03T12:07:35.671+0900][472.680s][info][gc,phases   ] GC(110)   Evacuate Collection Set: 27.5ms
[2025-01-03T12:07:35.671+0900][472.680s][info][gc,phases   ] GC(110)   Post Evacuate Collection Set: 1.0ms
[2025-01-03T12:07:35.671+0900][472.680s][info][gc,phases   ] GC(110)   Other: 0.1ms
[2025-01-03T12:07:35.671+0900][472.680s][info][gc,heap     ] GC(110) Eden regions: 575->0(601)
[2025-01-03T12:07:35.671+0900][472.680s][info][gc,heap     ] GC(110) Survivor regions: 17->17(74)
[2025-01-03T12:07:35.671+0900][472.680s][info][gc,heap     ] GC(110) Old regions: 15->15
[2025-01-03T12:07:35.671+0900][472.680s][info][gc,heap     ] GC(110) Humongous regions: 0->0
[2025-01-03T12:07:35.671+0900][472.680s][info][gc,metaspace] GC(110) Metaspace: 31886K(32512K)->31886K(32512K) NonClass: 27615K(27968K)->27615K(27968K) Class: 4270K(4544K)->4270K(4544K)
[2025-01-03T12:07:35.671+0900][472.680s][info][gc          ] GC(110) Pause Young (Normal) (G1 Evacuation Pause) 1212M->62M(2060M) 29.600ms
[2025-01-03T12:07:35.671+0900][472.681s][info][gc,cpu      ] GC(110) User=0.11s Sys=0.00s Real=0.03s
[2025-01-03T12:07:36.047+0900][473.056s][info][gc,start    ] GC(111) Pause Young (Normal) (G1 Evacuation Pause)
[2025-01-03T12:07:36.047+0900][473.056s][info][gc,task     ] GC(111) Using 8 workers of 8 for evacuation
[2025-01-03T12:07:36.076+0900][473.086s][info][gc,phases   ] GC(111)   Pre Evacuate Collection Set: 0.3ms
[2025-01-03T12:07:36.076+0900][473.086s][info][gc,phases   ] GC(111)   Merge Heap Roots: 0.1ms
[2025-01-03T12:07:36.076+0900][473.086s][info][gc,phases   ] GC(111)   Evacuate Collection Set: 27.7ms
[2025-01-03T12:07:36.076+0900][473.086s][info][gc,phases   ] GC(111)   Post Evacuate Collection Set: 0.8ms
[2025-01-03T12:07:36.076+0900][473.086s][info][gc,phases   ] GC(111)   Other: 0.1ms
[2025-01-03T12:07:36.076+0900][473.086s][info][gc,heap     ] GC(111) Eden regions: 601->0(600)
[2025-01-03T12:07:36.076+0900][473.086s][info][gc,heap     ] GC(111) Survivor regions: 17->18(78)
[2025-01-03T12:07:36.076+0900][473.086s][info][gc,heap     ] GC(111) Old regions: 15->15
[2025-01-03T12:07:36.076+0900][473.086s][info][gc,heap     ] GC(111) Humongous regions: 0->0
[2025-01-03T12:07:36.076+0900][473.086s][info][gc,metaspace] GC(111) Metaspace: 31886K(32512K)->31886K(32512K) NonClass: 27615K(27968K)->27615K(27968K) Class: 4270K(4544K)->4270K(4544K)
[2025-01-03T12:07:36.076+0900][473.086s][info][gc          ] GC(111) Pause Young (Normal) (G1 Evacuation Pause) 1264M->63M(2060M) 29.509ms
[2025-01-03T12:07:36.076+0900][473.086s][info][gc,cpu      ] GC(111) User=0.11s Sys=0.00s Real=0.03s
[2025-01-03T12:07:36.409+0900][473.418s][info][gc,start    ] GC(112) Pause Young (Normal) (G1 Evacuation Pause)
[2025-01-03T12:07:36.409+0900][473.418s][info][gc,task     ] GC(112) Using 8 workers of 8 for evacuation
[2025-01-03T12:07:36.438+0900][473.448s][info][gc,phases   ] GC(112)   Pre Evacuate Collection Set: 0.4ms
[2025-01-03T12:07:36.438+0900][473.448s][info][gc,phases   ] GC(112)   Merge Heap Roots: 0.2ms
[2025-01-03T12:07:36.438+0900][473.448s][info][gc,phases   ] GC(112)   Evacuate Collection Set: 27.8ms
[2025-01-03T12:07:36.438+0900][473.448s][info][gc,phases   ] GC(112)   Post Evacuate Collection Set: 0.6ms
[2025-01-03T12:07:36.438+0900][473.448s][info][gc,phases   ] GC(112)   Other: 0.1ms
[2025-01-03T12:07:36.438+0900][473.448s][info][gc,heap     ] GC(112) Eden regions: 600->0(600)
[2025-01-03T12:07:36.438+0900][473.448s][info][gc,heap     ] GC(112) Survivor regions: 18->18(78)
[2025-01-03T12:07:36.438+0900][473.448s][info][gc,heap     ] GC(112) Old regions: 15->15
[2025-01-03T12:07:36.438+0900][473.448s][info][gc,heap     ] GC(112) Humongous regions: 0->0
[2025-01-03T12:07:36.438+0900][473.448s][info][gc,metaspace] GC(112) Metaspace: 31886K(32512K)->31886K(32512K) NonClass: 27615K(27968K)->27615K(27968K) Class: 4270K(4544K)->4270K(4544K)
[2025-01-03T12:07:36.438+0900][473.448s][info][gc          ] GC(112) Pause Young (Normal) (G1 Evacuation Pause) 1263M->64M(2060M) 29.572ms
[2025-01-03T12:07:36.438+0900][473.448s][info][gc,cpu      ] GC(112) User=0.10s Sys=0.00s Real=0.03s
[2025-01-03T12:07:36.790+0900][473.800s][info][gc,start    ] GC(113) Pause Young (Normal) (G1 Evacuation Pause)
[2025-01-03T12:07:36.790+0900][473.800s][info][gc,task     ] GC(113) Using 8 workers of 8 for evacuation
[2025-01-03T12:07:36.819+0900][473.829s][info][gc,phases   ] GC(113)   Pre Evacuate Collection Set: 0.5ms
[2025-01-03T12:07:36.819+0900][473.829s][info][gc,phases   ] GC(113)   Merge Heap Roots: 0.2ms
[2025-01-03T12:07:36.819+0900][473.829s][info][gc,phases   ] GC(113)   Evacuate Collection Set: 27.6ms
[2025-01-03T12:07:36.819+0900][473.829s][info][gc,phases   ] GC(113)   Post Evacuate Collection Set: 0.5ms
[2025-01-03T12:07:36.819+0900][473.829s][info][gc,phases   ] GC(113)   Other: 0.1ms
[2025-01-03T12:07:36.819+0900][473.829s][info][gc,heap     ] GC(113) Eden regions: 600->0(600)
[2025-01-03T12:07:36.819+0900][473.829s][info][gc,heap     ] GC(113) Survivor regions: 18->18(78)
[2025-01-03T12:07:36.819+0900][473.829s][info][gc,heap     ] GC(113) Old regions: 15->15
[2025-01-03T12:07:36.819+0900][473.829s][info][gc,heap     ] GC(113) Humongous regions: 0->0
[2025-01-03T12:07:36.819+0900][473.829s][info][gc,metaspace] GC(113) Metaspace: 31886K(32512K)->31886K(32512K) NonClass: 27615K(27968K)->27615K(27968K) Class: 4270K(4544K)->4270K(4544K)
[2025-01-03T12:07:36.819+0900][473.829s][info][gc          ] GC(113) Pause Young (Normal) (G1 Evacuation Pause) 1264M->64M(2060M) 29.300ms
[2025-01-03T12:07:36.819+0900][473.829s][info][gc,cpu      ] GC(113) User=0.11s Sys=0.01s Real=0.02s
[2025-01-03T12:07:37.215+0900][474.225s][info][gc,start    ] GC(114) Pause Young (Normal) (G1 Evacuation Pause)
[2025-01-03T12:07:37.216+0900][474.225s][info][gc,task     ] GC(114) Using 8 workers of 8 for evacuation
[2025-01-03T12:07:37.256+0900][474.265s][info][gc,phases   ] GC(114)   Pre Evacuate Collection Set: 0.3ms
[2025-01-03T12:07:37.256+0900][474.265s][info][gc,phases   ] GC(114)   Merge Heap Roots: 0.1ms
[2025-01-03T12:07:37.256+0900][474.265s][info][gc,phases   ] GC(114)   Evacuate Collection Set: 39.0ms
[2025-01-03T12:07:37.256+0900][474.265s][info][gc,phases   ] GC(114)   Post Evacuate Collection Set: 0.5ms
[2025-01-03T12:07:37.256+0900][474.265s][info][gc,phases   ] GC(114)   Other: 0.1ms
[2025-01-03T12:07:37.256+0900][474.265s][info][gc,heap     ] GC(114) Eden regions: 600->0(600)
[2025-01-03T12:07:37.256+0900][474.265s][info][gc,heap     ] GC(114) Survivor regions: 18->18(78)
[2025-01-03T12:07:37.256+0900][474.265s][info][gc,heap     ] GC(114) Old regions: 15->16
[2025-01-03T12:07:37.256+0900][474.265s][info][gc,heap     ] GC(114) Humongous regions: 0->0
[2025-01-03T12:07:37.256+0900][474.265s][info][gc,metaspace] GC(114) Metaspace: 31886K(32512K)->31886K(32512K) NonClass: 27615K(27968K)->27615K(27968K) Class: 4270K(4544K)->4270K(4544K)
[2025-01-03T12:07:37.256+0900][474.266s][info][gc          ] GC(114) Pause Young (Normal) (G1 Evacuation Pause) 1264M->64M(2060M) 40.468ms
[2025-01-03T12:07:37.256+0900][474.266s][info][gc,cpu      ] GC(114) User=0.10s Sys=0.00s Real=0.04s
[2025-01-03T12:07:37.644+0900][474.654s][info][gc,start    ] GC(115) Pause Young (Normal) (G1 Evacuation Pause)
[2025-01-03T12:07:37.645+0900][474.654s][info][gc,task     ] GC(115) Using 8 workers of 8 for evacuation
[2025-01-03T12:07:37.670+0900][474.680s][info][gc,phases   ] GC(115)   Pre Evacuate Collection Set: 0.5ms
[2025-01-03T12:07:37.671+0900][474.680s][info][gc,phases   ] GC(115)   Merge Heap Roots: 0.1ms
[2025-01-03T12:07:37.671+0900][474.680s][info][gc,phases   ] GC(115)   Evacuate Collection Set: 24.0ms
[2025-01-03T12:07:37.671+0900][474.680s][info][gc,phases   ] GC(115)   Post Evacuate Collection Set: 0.8ms
[2025-01-03T12:07:37.671+0900][474.680s][info][gc,phases   ] GC(115)   Other: 0.3ms
[2025-01-03T12:07:37.671+0900][474.680s][info][gc,heap     ] GC(115) Eden regions: 600->0(599)
[2025-01-03T12:07:37.671+0900][474.680s][info][gc,heap     ] GC(115) Survivor regions: 18->19(78)
[2025-01-03T12:07:37.671+0900][474.680s][info][gc,heap     ] GC(115) Old regions: 16->16
[2025-01-03T12:07:37.671+0900][474.680s][info][gc,heap     ] GC(115) Humongous regions: 0->0
[2025-01-03T12:07:37.671+0900][474.680s][info][gc,metaspace] GC(115) Metaspace: 31886K(32512K)->31886K(32512K) NonClass: 27615K(27968K)->27615K(27968K) Class: 4270K(4544K)->4270K(4544K)
[2025-01-03T12:07:37.671+0900][474.680s][info][gc          ] GC(115) Pause Young (Normal) (G1 Evacuation Pause) 1264M->67M(2060M) 26.228ms
[2025-01-03T12:07:37.671+0900][474.680s][info][gc,cpu      ] GC(115) User=0.11s Sys=0.01s Real=0.03s
[2025-01-03T12:07:38.040+0900][475.049s][info][gc,start    ] GC(116) Pause Young (Normal) (G1 Evacuation Pause)
[2025-01-03T12:07:38.040+0900][475.049s][info][gc,task     ] GC(116) Using 8 workers of 8 for evacuation
[2025-01-03T12:07:38.064+0900][475.074s][info][gc,phases   ] GC(116)   Pre Evacuate Collection Set: 0.3ms
[2025-01-03T12:07:38.065+0900][475.074s][info][gc,phases   ] GC(116)   Merge Heap Roots: 0.1ms
[2025-01-03T12:07:38.065+0900][475.074s][info][gc,phases   ] GC(116)   Evacuate Collection Set: 23.6ms
[2025-01-03T12:07:38.065+0900][475.074s][info][gc,phases   ] GC(116)   Post Evacuate Collection Set: 0.5ms
[2025-01-03T12:07:38.065+0900][475.074s][info][gc,phases   ] GC(116)   Other: 0.1ms
[2025-01-03T12:07:38.065+0900][475.074s][info][gc,heap     ] GC(116) Eden regions: 599->0(598)
[2025-01-03T12:07:38.065+0900][475.074s][info][gc,heap     ] GC(116) Survivor regions: 19->20(78)
[2025-01-03T12:07:38.065+0900][475.074s][info][gc,heap     ] GC(116) Old regions: 16->16
[2025-01-03T12:07:38.065+0900][475.074s][info][gc,heap     ] GC(116) Humongous regions: 0->0
[2025-01-03T12:07:38.065+0900][475.074s][info][gc,metaspace] GC(116) Metaspace: 31886K(32512K)->31886K(32512K) NonClass: 27615K(27968K)->27615K(27968K) Class: 4270K(4544K)->4270K(4544K)
[2025-01-03T12:07:38.065+0900][475.074s][info][gc          ] GC(116) Pause Young (Normal) (G1 Evacuation Pause) 1265M->69M(2060M) 25.287ms
[2025-01-03T12:07:38.065+0900][475.075s][info][gc,cpu      ] GC(116) User=0.11s Sys=0.00s Real=0.02s
[2025-01-03T12:07:38.449+0900][475.459s][info][gc,start    ] GC(117) Pause Young (Normal) (G1 Evacuation Pause)
[2025-01-03T12:07:38.449+0900][475.459s][info][gc,task     ] GC(117) Using 8 workers of 8 for evacuation
[2025-01-03T12:07:38.500+0900][475.510s][info][gc,phases   ] GC(117)   Pre Evacuate Collection Set: 4.0ms
[2025-01-03T12:07:38.501+0900][475.510s][info][gc,phases   ] GC(117)   Merge Heap Roots: 0.3ms
[2025-01-03T12:07:38.501+0900][475.510s][info][gc,phases   ] GC(117)   Evacuate Collection Set: 42.7ms
[2025-01-03T12:07:38.501+0900][475.510s][info][gc,phases   ] GC(117)   Post Evacuate Collection Set: 4.0ms
[2025-01-03T12:07:38.501+0900][475.510s][info][gc,phases   ] GC(117)   Other: 0.1ms
[2025-01-03T12:07:38.501+0900][475.510s][info][gc,heap     ] GC(117) Eden regions: 598->0(599)
[2025-01-03T12:07:38.501+0900][475.510s][info][gc,heap     ] GC(117) Survivor regions: 20->19(78)
[2025-01-03T12:07:38.501+0900][475.510s][info][gc,heap     ] GC(117) Old regions: 16->16
[2025-01-03T12:07:38.501+0900][475.510s][info][gc,heap     ] GC(117) Humongous regions: 0->0
[2025-01-03T12:07:38.501+0900][475.510s][info][gc,metaspace] GC(117) Metaspace: 31886K(32512K)->31886K(32512K) NonClass: 27615K(27968K)->27615K(27968K) Class: 4270K(4544K)->4270K(4544K)
[2025-01-03T12:07:38.501+0900][475.510s][info][gc          ] GC(117) Pause Young (Normal) (G1 Evacuation Pause) 1265M->67M(2060M) 51.457ms
[2025-01-03T12:07:38.501+0900][475.510s][info][gc,cpu      ] GC(117) User=0.12s Sys=0.00s Real=0.06s
[2025-01-03T12:07:38.946+0900][475.955s][info][gc,start    ] GC(118) Pause Young (Normal) (G1 Evacuation Pause)
[2025-01-03T12:07:38.946+0900][475.956s][info][gc,task     ] GC(118) Using 8 workers of 8 for evacuation
[2025-01-03T12:07:38.988+0900][475.997s][info][gc,phases   ] GC(118)   Pre Evacuate Collection Set: 0.5ms
[2025-01-03T12:07:38.988+0900][475.997s][info][gc,phases   ] GC(118)   Merge Heap Roots: 0.2ms
[2025-01-03T12:07:38.988+0900][475.997s][info][gc,phases   ] GC(118)   Evacuate Collection Set: 39.9ms
[2025-01-03T12:07:38.988+0900][475.997s][info][gc,phases   ] GC(118)   Post Evacuate Collection Set: 1.1ms
[2025-01-03T12:07:38.988+0900][475.997s][info][gc,phases   ] GC(118)   Other: 0.1ms
[2025-01-03T12:07:38.988+0900][475.997s][info][gc,heap     ] GC(118) Eden regions: 599->0(623)
[2025-01-03T12:07:38.988+0900][475.997s][info][gc,heap     ] GC(118) Survivor regions: 19->19(78)
[2025-01-03T12:07:38.988+0900][475.998s][info][gc,heap     ] GC(118) Old regions: 16->16
[2025-01-03T12:07:38.988+0900][475.998s][info][gc,heap     ] GC(118) Humongous regions: 0->0
[2025-01-03T12:07:38.988+0900][475.998s][info][gc,metaspace] GC(118) Metaspace: 31886K(32512K)->31886K(32512K) NonClass: 27615K(27968K)->27615K(27968K) Class: 4270K(4544K)->4270K(4544K)
[2025-01-03T12:07:38.988+0900][475.998s][info][gc          ] GC(118) Pause Young (Normal) (G1 Evacuation Pause) 1265M->68M(2142M) 42.099ms
[2025-01-03T12:07:38.988+0900][475.998s][info][gc,cpu      ] GC(118) User=0.12s Sys=0.00s Real=0.04s
[2025-01-03T12:07:39.389+0900][476.398s][info][gc,start    ] GC(119) Pause Young (Normal) (G1 Evacuation Pause)
[2025-01-03T12:07:39.389+0900][476.399s][info][gc,task     ] GC(119) Using 8 workers of 8 for evacuation
[2025-01-03T12:07:39.433+0900][476.443s][info][gc,phases   ] GC(119)   Pre Evacuate Collection Set: 0.4ms
[2025-01-03T12:07:39.433+0900][476.443s][info][gc,phases   ] GC(119)   Merge Heap Roots: 0.4ms
[2025-01-03T12:07:39.433+0900][476.443s][info][gc,phases   ] GC(119)   Evacuate Collection Set: 42.5ms
[2025-01-03T12:07:39.433+0900][476.443s][info][gc,phases   ] GC(119)   Post Evacuate Collection Set: 0.6ms
[2025-01-03T12:07:39.433+0900][476.443s][info][gc,phases   ] GC(119)   Other: 0.2ms
[2025-01-03T12:07:39.433+0900][476.443s][info][gc,heap     ] GC(119) Eden regions: 623->0(621)
[2025-01-03T12:07:39.433+0900][476.443s][info][gc,heap     ] GC(119) Survivor regions: 19->21(81)
[2025-01-03T12:07:39.433+0900][476.443s][info][gc,heap     ] GC(119) Old regions: 16->16
[2025-01-03T12:07:39.433+0900][476.443s][info][gc,heap     ] GC(119) Humongous regions: 0->0
[2025-01-03T12:07:39.433+0900][476.443s][info][gc,metaspace] GC(119) Metaspace: 31886K(32512K)->31886K(32512K) NonClass: 27615K(27968K)->27615K(27968K) Class: 4270K(4544K)->4270K(4544K)
[2025-01-03T12:07:39.433+0900][476.443s][info][gc          ] GC(119) Pause Young (Normal) (G1 Evacuation Pause) 1314M->71M(2142M) 44.724ms
[2025-01-03T12:07:39.433+0900][476.443s][info][gc,cpu      ] GC(119) User=0.11s Sys=0.01s Real=0.05s
[2025-01-03T12:07:39.846+0900][476.855s][info][gc,start    ] GC(120) Pause Young (Normal) (G1 Evacuation Pause)
[2025-01-03T12:07:39.846+0900][476.855s][info][gc,task     ] GC(120) Using 8 workers of 8 for evacuation
[2025-01-03T12:07:39.881+0900][476.891s][info][gc,phases   ] GC(120)   Pre Evacuate Collection Set: 0.4ms
[2025-01-03T12:07:39.882+0900][476.891s][info][gc,phases   ] GC(120)   Merge Heap Roots: 0.1ms
[2025-01-03T12:07:39.882+0900][476.891s][info][gc,phases   ] GC(120)   Evacuate Collection Set: 33.8ms
[2025-01-03T12:07:39.882+0900][476.891s][info][gc,phases   ] GC(120)   Post Evacuate Collection Set: 1.1ms
[2025-01-03T12:07:39.882+0900][476.891s][info][gc,phases   ] GC(120)   Other: 0.1ms
[2025-01-03T12:07:39.882+0900][476.891s][info][gc,heap     ] GC(120) Eden regions: 621->0(621)
[2025-01-03T12:07:39.882+0900][476.891s][info][gc,heap     ] GC(120) Survivor regions: 21->21(81)
[2025-01-03T12:07:39.882+0900][476.891s][info][gc,heap     ] GC(120) Old regions: 16->16
[2025-01-03T12:07:39.882+0900][476.891s][info][gc,heap     ] GC(120) Humongous regions: 0->0
[2025-01-03T12:07:39.882+0900][476.891s][info][gc,metaspace] GC(120) Metaspace: 31886K(32512K)->31886K(32512K) NonClass: 27615K(27968K)->27615K(27968K) Class: 4270K(4544K)->4270K(4544K)
[2025-01-03T12:07:39.882+0900][476.891s][info][gc          ] GC(120) Pause Young (Normal) (G1 Evacuation Pause) 1313M->71M(2142M) 36.088ms
[2025-01-03T12:07:39.882+0900][476.891s][info][gc,cpu      ] GC(120) User=0.13s Sys=0.00s Real=0.04s
[2025-01-03T12:07:40.302+0900][477.311s][info][gc,start    ] GC(121) Pause Young (Normal) (G1 Evacuation Pause)
[2025-01-03T12:07:40.302+0900][477.312s][info][gc,task     ] GC(121) Using 8 workers of 8 for evacuation
[2025-01-03T12:07:40.334+0900][477.344s][info][gc,phases   ] GC(121)   Pre Evacuate Collection Set: 0.5ms
[2025-01-03T12:07:40.334+0900][477.344s][info][gc,phases   ] GC(121)   Merge Heap Roots: 0.2ms
[2025-01-03T12:07:40.334+0900][477.344s][info][gc,phases   ] GC(121)   Evacuate Collection Set: 30.6ms
[2025-01-03T12:07:40.334+0900][477.344s][info][gc,phases   ] GC(121)   Post Evacuate Collection Set: 0.7ms
[2025-01-03T12:07:40.334+0900][477.344s][info][gc,phases   ] GC(121)   Other: 0.1ms
[2025-01-03T12:07:40.334+0900][477.344s][info][gc,heap     ] GC(121) Eden regions: 621->0(622)
[2025-01-03T12:07:40.334+0900][477.344s][info][gc,heap     ] GC(121) Survivor regions: 21->20(81)
[2025-01-03T12:07:40.334+0900][477.344s][info][gc,heap     ] GC(121) Old regions: 16->16
[2025-01-03T12:07:40.334+0900][477.344s][info][gc,heap     ] GC(121) Humongous regions: 0->0
[2025-01-03T12:07:40.334+0900][477.344s][info][gc,metaspace] GC(121) Metaspace: 31886K(32512K)->31886K(32512K) NonClass: 27615K(27968K)->27615K(27968K) Class: 4270K(4544K)->4270K(4544K)
[2025-01-03T12:07:40.334+0900][477.344s][info][gc          ] GC(121) Pause Young (Normal) (G1 Evacuation Pause) 1313M->70M(2142M) 32.524ms
[2025-01-03T12:07:40.334+0900][477.344s][info][gc,cpu      ] GC(121) User=0.12s Sys=0.01s Real=0.03s
[2025-01-03T12:07:40.754+0900][477.763s][info][gc,start    ] GC(122) Pause Young (Normal) (G1 Evacuation Pause)
[2025-01-03T12:07:40.754+0900][477.764s][info][gc,task     ] GC(122) Using 8 workers of 8 for evacuation
[2025-01-03T12:07:40.791+0900][477.800s][info][gc,phases   ] GC(122)   Pre Evacuate Collection Set: 0.4ms
[2025-01-03T12:07:40.791+0900][477.800s][info][gc,phases   ] GC(122)   Merge Heap Roots: 0.2ms
[2025-01-03T12:07:40.791+0900][477.801s][info][gc,phases   ] GC(122)   Evacuate Collection Set: 34.6ms
[2025-01-03T12:07:40.791+0900][477.801s][info][gc,phases   ] GC(122)   Post Evacuate Collection Set: 1.5ms
[2025-01-03T12:07:40.791+0900][477.801s][info][gc,phases   ] GC(122)   Other: 0.1ms
[2025-01-03T12:07:40.791+0900][477.801s][info][gc,heap     ] GC(122) Eden regions: 622->0(621)
[2025-01-03T12:07:40.791+0900][477.801s][info][gc,heap     ] GC(122) Survivor regions: 20->21(81)
[2025-01-03T12:07:40.791+0900][477.801s][info][gc,heap     ] GC(122) Old regions: 16->17
[2025-01-03T12:07:40.791+0900][477.801s][info][gc,heap     ] GC(122) Humongous regions: 0->0
[2025-01-03T12:07:40.791+0900][477.801s][info][gc,metaspace] GC(122) Metaspace: 31886K(32512K)->31886K(32512K) NonClass: 27615K(27968K)->27615K(27968K) Class: 4270K(4544K)->4270K(4544K)
[2025-01-03T12:07:40.791+0900][477.801s][info][gc          ] GC(122) Pause Young (Normal) (G1 Evacuation Pause) 1314M->73M(2142M) 37.336ms
[2025-01-03T12:07:40.791+0900][477.801s][info][gc,cpu      ] GC(122) User=0.12s Sys=0.01s Real=0.04s
[2025-01-03T12:07:41.185+0900][478.194s][info][gc,start    ] GC(123) Pause Young (Normal) (G1 Evacuation Pause)
[2025-01-03T12:07:41.185+0900][478.194s][info][gc,task     ] GC(123) Using 8 workers of 8 for evacuation
[2025-01-03T12:07:41.228+0900][478.238s][info][gc,phases   ] GC(123)   Pre Evacuate Collection Set: 0.3ms
[2025-01-03T12:07:41.228+0900][478.238s][info][gc,phases   ] GC(123)   Merge Heap Roots: 0.1ms
[2025-01-03T12:07:41.228+0900][478.238s][info][gc,phases   ] GC(123)   Evacuate Collection Set: 42.0ms
[2025-01-03T12:07:41.228+0900][478.238s][info][gc,phases   ] GC(123)   Post Evacuate Collection Set: 0.8ms
[2025-01-03T12:07:41.228+0900][478.238s][info][gc,phases   ] GC(123)   Other: 0.1ms
[2025-01-03T12:07:41.228+0900][478.238s][info][gc,heap     ] GC(123) Eden regions: 621->0(645)
[2025-01-03T12:07:41.229+0900][478.238s][info][gc,heap     ] GC(123) Survivor regions: 21->21(81)
[2025-01-03T12:07:41.229+0900][478.238s][info][gc,heap     ] GC(123) Old regions: 17->17
[2025-01-03T12:07:41.229+0900][478.238s][info][gc,heap     ] GC(123) Humongous regions: 0->0
[2025-01-03T12:07:41.229+0900][478.238s][info][gc,metaspace] GC(123) Metaspace: 31886K(32512K)->31886K(32512K) NonClass: 27615K(27968K)->27615K(27968K) Class: 4270K(4544K)->4270K(4544K)
[2025-01-03T12:07:41.229+0900][478.238s][info][gc          ] GC(123) Pause Young (Normal) (G1 Evacuation Pause) 1315M->73M(2222M) 43.824ms
[2025-01-03T12:07:41.229+0900][478.238s][info][gc,cpu      ] GC(123) User=0.13s Sys=0.01s Real=0.04s
[2025-01-03T12:07:41.673+0900][478.683s][info][gc,start    ] GC(124) Pause Young (Normal) (G1 Evacuation Pause)
[2025-01-03T12:07:41.673+0900][478.683s][info][gc,task     ] GC(124) Using 8 workers of 8 for evacuation
[2025-01-03T12:07:41.721+0900][478.730s][info][gc,phases   ] GC(124)   Pre Evacuate Collection Set: 0.7ms
[2025-01-03T12:07:41.721+0900][478.730s][info][gc,phases   ] GC(124)   Merge Heap Roots: 0.2ms
[2025-01-03T12:07:41.721+0900][478.730s][info][gc,phases   ] GC(124)   Evacuate Collection Set: 45.2ms
[2025-01-03T12:07:41.721+0900][478.730s][info][gc,phases   ] GC(124)   Post Evacuate Collection Set: 0.8ms
[2025-01-03T12:07:41.721+0900][478.730s][info][gc,phases   ] GC(124)   Other: 0.3ms
[2025-01-03T12:07:41.721+0900][478.730s][info][gc,heap     ] GC(124) Eden regions: 645->0(644)
[2025-01-03T12:07:41.721+0900][478.730s][info][gc,heap     ] GC(124) Survivor regions: 21->22(84)
[2025-01-03T12:07:41.721+0900][478.730s][info][gc,heap     ] GC(124) Old regions: 17->17
[2025-01-03T12:07:41.721+0900][478.730s][info][gc,heap     ] GC(124) Humongous regions: 0->0
[2025-01-03T12:07:41.721+0900][478.730s][info][gc,metaspace] GC(124) Metaspace: 31886K(32512K)->31886K(32512K) NonClass: 27615K(27968K)->27615K(27968K) Class: 4270K(4544K)->4270K(4544K)
[2025-01-03T12:07:41.721+0900][478.730s][info][gc          ] GC(124) Pause Young (Normal) (G1 Evacuation Pause) 1363M->74M(2222M) 47.617ms
[2025-01-03T12:07:41.721+0900][478.731s][info][gc,cpu      ] GC(124) User=0.13s Sys=0.01s Real=0.05s
[2025-01-03T12:07:42.158+0900][479.167s][info][gc,start    ] GC(125) Pause Young (Normal) (G1 Evacuation Pause)
[2025-01-03T12:07:42.158+0900][479.167s][info][gc,task     ] GC(125) Using 8 workers of 8 for evacuation
[2025-01-03T12:07:42.191+0900][479.200s][info][gc,phases   ] GC(125)   Pre Evacuate Collection Set: 0.3ms
[2025-01-03T12:07:42.191+0900][479.200s][info][gc,phases   ] GC(125)   Merge Heap Roots: 0.1ms
[2025-01-03T12:07:42.191+0900][479.200s][info][gc,phases   ] GC(125)   Evacuate Collection Set: 30.8ms
[2025-01-03T12:07:42.191+0900][479.200s][info][gc,phases   ] GC(125)   Post Evacuate Collection Set: 1.5ms
[2025-01-03T12:07:42.191+0900][479.200s][info][gc,phases   ] GC(125)   Other: 0.1ms
[2025-01-03T12:07:42.191+0900][479.201s][info][gc,heap     ] GC(125) Eden regions: 644->0(645)
[2025-01-03T12:07:42.191+0900][479.201s][info][gc,heap     ] GC(125) Survivor regions: 22->21(84)
[2025-01-03T12:07:42.191+0900][479.201s][info][gc,heap     ] GC(125) Old regions: 17->17
[2025-01-03T12:07:42.191+0900][479.201s][info][gc,heap     ] GC(125) Humongous regions: 0->0
[2025-01-03T12:07:42.191+0900][479.201s][info][gc,metaspace] GC(125) Metaspace: 31886K(32512K)->31886K(32512K) NonClass: 27615K(27968K)->27615K(27968K) Class: 4270K(4544K)->4270K(4544K)
[2025-01-03T12:07:42.191+0900][479.201s][info][gc          ] GC(125) Pause Young (Normal) (G1 Evacuation Pause) 1362M->73M(2222M) 33.272ms
[2025-01-03T12:07:42.191+0900][479.201s][info][gc,cpu      ] GC(125) User=0.12s Sys=0.01s Real=0.04s
[2025-01-03T12:07:42.619+0900][479.628s][info][gc,start    ] GC(126) Pause Young (Normal) (G1 Evacuation Pause)
[2025-01-03T12:07:42.619+0900][479.628s][info][gc,task     ] GC(126) Using 8 workers of 8 for evacuation
[2025-01-03T12:07:42.652+0900][479.661s][info][gc,phases   ] GC(126)   Pre Evacuate Collection Set: 0.4ms
[2025-01-03T12:07:42.652+0900][479.661s][info][gc,phases   ] GC(126)   Merge Heap Roots: 0.2ms
[2025-01-03T12:07:42.652+0900][479.661s][info][gc,phases   ] GC(126)   Evacuate Collection Set: 31.4ms
[2025-01-03T12:07:42.652+0900][479.661s][info][gc,phases   ] GC(126)   Post Evacuate Collection Set: 0.6ms
[2025-01-03T12:07:42.652+0900][479.661s][info][gc,phases   ] GC(126)   Other: 0.1ms
[2025-01-03T12:07:42.652+0900][479.661s][info][gc,heap     ] GC(126) Eden regions: 645->0(645)
[2025-01-03T12:07:42.652+0900][479.661s][info][gc,heap     ] GC(126) Survivor regions: 21->21(84)
[2025-01-03T12:07:42.652+0900][479.661s][info][gc,heap     ] GC(126) Old regions: 17->17
[2025-01-03T12:07:42.652+0900][479.661s][info][gc,heap     ] GC(126) Humongous regions: 0->0
[2025-01-03T12:07:42.652+0900][479.661s][info][gc,metaspace] GC(126) Metaspace: 31886K(32512K)->31886K(32512K) NonClass: 27615K(27968K)->27615K(27968K) Class: 4270K(4544K)->4270K(4544K)
[2025-01-03T12:07:42.652+0900][479.661s][info][gc          ] GC(126) Pause Young (Normal) (G1 Evacuation Pause) 1363M->73M(2222M) 33.155ms
[2025-01-03T12:07:42.652+0900][479.662s][info][gc,cpu      ] GC(126) User=0.12s Sys=0.00s Real=0.04s
[2025-01-03T12:07:43.051+0900][480.061s][info][gc,start    ] GC(127) Pause Young (Normal) (G1 Evacuation Pause)
[2025-01-03T12:07:43.051+0900][480.061s][info][gc,task     ] GC(127) Using 8 workers of 8 for evacuation
[2025-01-03T12:07:43.086+0900][480.096s][info][gc,phases   ] GC(127)   Pre Evacuate Collection Set: 0.5ms
[2025-01-03T12:07:43.087+0900][480.096s][info][gc,phases   ] GC(127)   Merge Heap Roots: 0.2ms
[2025-01-03T12:07:43.087+0900][480.096s][info][gc,phases   ] GC(127)   Evacuate Collection Set: 34.0ms
[2025-01-03T12:07:43.087+0900][480.096s][info][gc,phases   ] GC(127)   Post Evacuate Collection Set: 0.6ms
[2025-01-03T12:07:43.087+0900][480.096s][info][gc,phases   ] GC(127)   Other: 0.1ms
[2025-01-03T12:07:43.087+0900][480.096s][info][gc,heap     ] GC(127) Eden regions: 645->0(644)
[2025-01-03T12:07:43.087+0900][480.096s][info][gc,heap     ] GC(127) Survivor regions: 21->22(84)
[2025-01-03T12:07:43.087+0900][480.096s][info][gc,heap     ] GC(127) Old regions: 17->17
[2025-01-03T12:07:43.087+0900][480.096s][info][gc,heap     ] GC(127) Humongous regions: 0->0
[2025-01-03T12:07:43.087+0900][480.096s][info][gc,metaspace] GC(127) Metaspace: 31886K(32512K)->31886K(32512K) NonClass: 27615K(27968K)->27615K(27968K) Class: 4270K(4544K)->4270K(4544K)
[2025-01-03T12:07:43.087+0900][480.096s][info][gc          ] GC(127) Pause Young (Normal) (G1 Evacuation Pause) 1363M->75M(2222M) 35.785ms
[2025-01-03T12:07:43.087+0900][480.096s][info][gc,cpu      ] GC(127) User=0.13s Sys=0.00s Real=0.03s
[2025-01-03T12:07:43.455+0900][480.464s][info][gc,start    ] GC(128) Pause Young (Normal) (G1 Evacuation Pause)
[2025-01-03T12:07:43.455+0900][480.464s][info][gc,task     ] GC(128) Using 8 workers of 8 for evacuation
[2025-01-03T12:07:43.491+0900][480.501s][info][gc,phases   ] GC(128)   Pre Evacuate Collection Set: 0.4ms
[2025-01-03T12:07:43.491+0900][480.501s][info][gc,phases   ] GC(128)   Merge Heap Roots: 0.1ms
[2025-01-03T12:07:43.491+0900][480.501s][info][gc,phases   ] GC(128)   Evacuate Collection Set: 34.6ms
[2025-01-03T12:07:43.491+0900][480.501s][info][gc,phases   ] GC(128)   Post Evacuate Collection Set: 1.3ms
[2025-01-03T12:07:43.491+0900][480.501s][info][gc,phases   ] GC(128)   Other: 0.1ms
[2025-01-03T12:07:43.492+0900][480.501s][info][gc,heap     ] GC(128) Eden regions: 644->0(646)
[2025-01-03T12:07:43.492+0900][480.501s][info][gc,heap     ] GC(128) Survivor regions: 22->20(84)
[2025-01-03T12:07:43.492+0900][480.501s][info][gc,heap     ] GC(128) Old regions: 17->17
[2025-01-03T12:07:43.492+0900][480.501s][info][gc,heap     ] GC(128) Humongous regions: 0->0
[2025-01-03T12:07:43.492+0900][480.501s][info][gc,metaspace] GC(128) Metaspace: 31886K(32512K)->31886K(32512K) NonClass: 27615K(27968K)->27615K(27968K) Class: 4270K(4544K)->4270K(4544K)
[2025-01-03T12:07:43.492+0900][480.501s][info][gc          ] GC(128) Pause Young (Normal) (G1 Evacuation Pause) 1363M->72M(2222M) 36.909ms
[2025-01-03T12:07:43.492+0900][480.501s][info][gc,cpu      ] GC(128) User=0.12s Sys=0.01s Real=0.04s
[2025-01-03T12:07:43.878+0900][480.888s][info][gc,start    ] GC(129) Pause Young (Normal) (G1 Evacuation Pause)
[2025-01-03T12:07:43.878+0900][480.888s][info][gc,task     ] GC(129) Using 8 workers of 8 for evacuation
[2025-01-03T12:07:43.911+0900][480.921s][info][gc,phases   ] GC(129)   Pre Evacuate Collection Set: 0.7ms
[2025-01-03T12:07:43.911+0900][480.921s][info][gc,phases   ] GC(129)   Merge Heap Roots: 0.3ms
[2025-01-03T12:07:43.911+0900][480.921s][info][gc,phases   ] GC(129)   Evacuate Collection Set: 31.0ms
[2025-01-03T12:07:43.911+0900][480.921s][info][gc,phases   ] GC(129)   Post Evacuate Collection Set: 0.8ms
[2025-01-03T12:07:43.911+0900][480.921s][info][gc,phases   ] GC(129)   Other: 0.1ms
[2025-01-03T12:07:43.911+0900][480.921s][info][gc,heap     ] GC(129) Eden regions: 646->0(669)
[2025-01-03T12:07:43.911+0900][480.921s][info][gc,heap     ] GC(129) Survivor regions: 20->20(84)
[2025-01-03T12:07:43.912+0900][480.921s][info][gc,heap     ] GC(129) Old regions: 17->17
[2025-01-03T12:07:43.912+0900][480.921s][info][gc,heap     ] GC(129) Humongous regions: 0->0
[2025-01-03T12:07:43.912+0900][480.921s][info][gc,metaspace] GC(129) Metaspace: 31886K(32512K)->31886K(32512K) NonClass: 27615K(27968K)->27615K(27968K) Class: 4270K(4544K)->4270K(4544K)
[2025-01-03T12:07:43.912+0900][480.921s][info][gc          ] GC(129) Pause Young (Normal) (G1 Evacuation Pause) 1364M->72M(2298M) 33.380ms
[2025-01-03T12:07:43.912+0900][480.921s][info][gc,cpu      ] GC(129) User=0.12s Sys=0.00s Real=0.04s
[2025-01-03T12:07:44.469+0900][481.479s][info][gc,start    ] GC(130) Pause Young (Normal) (G1 Evacuation Pause)
[2025-01-03T12:07:44.470+0900][481.479s][info][gc,task     ] GC(130) Using 8 workers of 8 for evacuation
[2025-01-03T12:07:44.520+0900][481.530s][info][gc,phases   ] GC(130)   Pre Evacuate Collection Set: 0.4ms
[2025-01-03T12:07:44.520+0900][481.530s][info][gc,phases   ] GC(130)   Merge Heap Roots: 0.1ms
[2025-01-03T12:07:44.520+0900][481.530s][info][gc,phases   ] GC(130)   Evacuate Collection Set: 33.9ms
[2025-01-03T12:07:44.520+0900][481.530s][info][gc,phases   ] GC(130)   Post Evacuate Collection Set: 16.1ms
[2025-01-03T12:07:44.520+0900][481.530s][info][gc,phases   ] GC(130)   Other: 0.1ms
[2025-01-03T12:07:44.520+0900][481.530s][info][gc,heap     ] GC(130) Eden regions: 669->0(669)
[2025-01-03T12:07:44.520+0900][481.530s][info][gc,heap     ] GC(130) Survivor regions: 20->20(87)
[2025-01-03T12:07:44.520+0900][481.530s][info][gc,heap     ] GC(130) Old regions: 17->17
[2025-01-03T12:07:44.521+0900][481.530s][info][gc,heap     ] GC(130) Humongous regions: 0->0
[2025-01-03T12:07:44.521+0900][481.530s][info][gc,metaspace] GC(130) Metaspace: 31886K(32512K)->31886K(32512K) NonClass: 27615K(27968K)->27615K(27968K) Class: 4270K(4544K)->4270K(4544K)
[2025-01-03T12:07:44.521+0900][481.530s][info][gc          ] GC(130) Pause Young (Normal) (G1 Evacuation Pause) 1410M->72M(2298M) 51.074ms
[2025-01-03T12:07:44.521+0900][481.530s][info][gc,cpu      ] GC(130) User=0.12s Sys=0.00s Real=0.06s
[2025-01-03T12:07:44.926+0900][481.936s][info][gc,start    ] GC(131) Pause Young (Normal) (G1 Evacuation Pause)
[2025-01-03T12:07:44.926+0900][481.936s][info][gc,task     ] GC(131) Using 8 workers of 8 for evacuation
[2025-01-03T12:07:44.960+0900][481.970s][info][gc,phases   ] GC(131)   Pre Evacuate Collection Set: 0.3ms
[2025-01-03T12:07:44.960+0900][481.970s][info][gc,phases   ] GC(131)   Merge Heap Roots: 0.2ms
[2025-01-03T12:07:44.960+0900][481.970s][info][gc,phases   ] GC(131)   Evacuate Collection Set: 32.6ms
[2025-01-03T12:07:44.960+0900][481.970s][info][gc,phases   ] GC(131)   Post Evacuate Collection Set: 0.8ms
[2025-01-03T12:07:44.960+0900][481.970s][info][gc,phases   ] GC(131)   Other: 0.1ms
[2025-01-03T12:07:44.960+0900][481.970s][info][gc,heap     ] GC(131) Eden regions: 669->0(669)
[2025-01-03T12:07:44.960+0900][481.970s][info][gc,heap     ] GC(131) Survivor regions: 20->20(87)
[2025-01-03T12:07:44.960+0900][481.970s][info][gc,heap     ] GC(131) Old regions: 17->18
[2025-01-03T12:07:44.960+0900][481.970s][info][gc,heap     ] GC(131) Humongous regions: 0->0
[2025-01-03T12:07:44.960+0900][481.970s][info][gc,metaspace] GC(131) Metaspace: 31886K(32512K)->31886K(32512K) NonClass: 27615K(27968K)->27615K(27968K) Class: 4270K(4544K)->4270K(4544K)
[2025-01-03T12:07:44.960+0900][481.970s][info][gc          ] GC(131) Pause Young (Normal) (G1 Evacuation Pause) 1410M->73M(2298M) 34.351ms
[2025-01-03T12:07:44.960+0900][481.970s][info][gc,cpu      ] GC(131) User=0.12s Sys=0.00s Real=0.04s
[2025-01-03T12:07:45.419+0900][482.428s][info][gc,start    ] GC(132) Pause Young (Normal) (G1 Evacuation Pause)
[2025-01-03T12:07:45.419+0900][482.428s][info][gc,task     ] GC(132) Using 8 workers of 8 for evacuation
[2025-01-03T12:07:45.454+0900][482.464s][info][gc,phases   ] GC(132)   Pre Evacuate Collection Set: 0.4ms
[2025-01-03T12:07:45.454+0900][482.464s][info][gc,phases   ] GC(132)   Merge Heap Roots: 0.2ms
[2025-01-03T12:07:45.454+0900][482.464s][info][gc,phases   ] GC(132)   Evacuate Collection Set: 33.6ms
[2025-01-03T12:07:45.454+0900][482.464s][info][gc,phases   ] GC(132)   Post Evacuate Collection Set: 0.8ms
[2025-01-03T12:07:45.454+0900][482.464s][info][gc,phases   ] GC(132)   Other: 0.1ms
[2025-01-03T12:07:45.454+0900][482.464s][info][gc,heap     ] GC(132) Eden regions: 669->0(669)
[2025-01-03T12:07:45.454+0900][482.464s][info][gc,heap     ] GC(132) Survivor regions: 20->20(87)
[2025-01-03T12:07:45.454+0900][482.464s][info][gc,heap     ] GC(132) Old regions: 18->18
[2025-01-03T12:07:45.454+0900][482.464s][info][gc,heap     ] GC(132) Humongous regions: 0->0
[2025-01-03T12:07:45.454+0900][482.464s][info][gc,metaspace] GC(132) Metaspace: 31886K(32512K)->31886K(32512K) NonClass: 27615K(27968K)->27615K(27968K) Class: 4270K(4544K)->4270K(4544K)
[2025-01-03T12:07:45.454+0900][482.464s][info][gc          ] GC(132) Pause Young (Normal) (G1 Evacuation Pause) 1411M->72M(2298M) 35.459ms
[2025-01-03T12:07:45.454+0900][482.464s][info][gc,cpu      ] GC(132) User=0.12s Sys=0.00s Real=0.04s
[2025-01-03T12:07:45.868+0900][482.877s][info][gc,start    ] GC(133) Pause Young (Normal) (G1 Evacuation Pause)
[2025-01-03T12:07:45.868+0900][482.877s][info][gc,task     ] GC(133) Using 8 workers of 8 for evacuation
[2025-01-03T12:07:45.909+0900][482.919s][info][gc,phases   ] GC(133)   Pre Evacuate Collection Set: 0.4ms
[2025-01-03T12:07:45.909+0900][482.919s][info][gc,phases   ] GC(133)   Merge Heap Roots: 0.2ms
[2025-01-03T12:07:45.909+0900][482.919s][info][gc,phases   ] GC(133)   Evacuate Collection Set: 39.5ms
[2025-01-03T12:07:45.909+0900][482.919s][info][gc,phases   ] GC(133)   Post Evacuate Collection Set: 1.2ms
[2025-01-03T12:07:45.909+0900][482.919s][info][gc,phases   ] GC(133)   Other: 0.1ms
[2025-01-03T12:07:45.909+0900][482.919s][info][gc,heap     ] GC(133) Eden regions: 669->0(670)
[2025-01-03T12:07:45.909+0900][482.919s][info][gc,heap     ] GC(133) Survivor regions: 20->19(87)
[2025-01-03T12:07:45.909+0900][482.919s][info][gc,heap     ] GC(133) Old regions: 18->18
[2025-01-03T12:07:45.909+0900][482.919s][info][gc,heap     ] GC(133) Humongous regions: 0->0
[2025-01-03T12:07:45.909+0900][482.919s][info][gc,metaspace] GC(133) Metaspace: 31886K(32512K)->31886K(32512K) NonClass: 27615K(27968K)->27615K(27968K) Class: 4270K(4544K)->4270K(4544K)
[2025-01-03T12:07:45.909+0900][482.919s][info][gc          ] GC(133) Pause Young (Normal) (G1 Evacuation Pause) 1410M->71M(2298M) 41.662ms
[2025-01-03T12:07:45.910+0900][482.919s][info][gc,cpu      ] GC(133) User=0.11s Sys=0.00s Real=0.05s
[2025-01-03T12:07:46.307+0900][483.317s][info][gc,start    ] GC(134) Pause Young (Normal) (G1 Evacuation Pause)
[2025-01-03T12:07:46.307+0900][483.317s][info][gc,task     ] GC(134) Using 8 workers of 8 for evacuation
[2025-01-03T12:07:46.347+0900][483.356s][info][gc,phases   ] GC(134)   Pre Evacuate Collection Set: 0.6ms
[2025-01-03T12:07:46.347+0900][483.356s][info][gc,phases   ] GC(134)   Merge Heap Roots: 0.2ms
[2025-01-03T12:07:46.347+0900][483.356s][info][gc,phases   ] GC(134)   Evacuate Collection Set: 37.4ms
[2025-01-03T12:07:46.347+0900][483.356s][info][gc,phases   ] GC(134)   Post Evacuate Collection Set: 1.0ms
[2025-01-03T12:07:46.347+0900][483.356s][info][gc,phases   ] GC(134)   Other: 0.1ms
[2025-01-03T12:07:46.347+0900][483.356s][info][gc,heap     ] GC(134) Eden regions: 670->0(692)
[2025-01-03T12:07:46.347+0900][483.356s][info][gc,heap     ] GC(134) Survivor regions: 19->19(87)
[2025-01-03T12:07:46.347+0900][483.356s][info][gc,heap     ] GC(134) Old regions: 18->18
[2025-01-03T12:07:46.347+0900][483.356s][info][gc,heap     ] GC(134) Humongous regions: 0->0
[2025-01-03T12:07:46.347+0900][483.356s][info][gc,metaspace] GC(134) Metaspace: 31886K(32512K)->31886K(32512K) NonClass: 27615K(27968K)->27615K(27968K) Class: 4270K(4544K)->4270K(4544K)
[2025-01-03T12:07:46.347+0900][483.357s][info][gc          ] GC(134) Pause Young (Normal) (G1 Evacuation Pause) 1411M->70M(2370M) 39.938ms
[2025-01-03T12:07:46.347+0900][483.357s][info][gc,cpu      ] GC(134) User=0.11s Sys=0.00s Real=0.04s
[2025-01-03T12:07:46.767+0900][483.776s][info][gc,start    ] GC(135) Pause Young (Normal) (G1 Evacuation Pause)
[2025-01-03T12:07:46.767+0900][483.776s][info][gc,task     ] GC(135) Using 8 workers of 8 for evacuation
[2025-01-03T12:07:46.798+0900][483.808s][info][gc,phases   ] GC(135)   Pre Evacuate Collection Set: 0.6ms
[2025-01-03T12:07:46.798+0900][483.808s][info][gc,phases   ] GC(135)   Merge Heap Roots: 0.2ms
[2025-01-03T12:07:46.798+0900][483.808s][info][gc,phases   ] GC(135)   Evacuate Collection Set: 29.9ms
[2025-01-03T12:07:46.798+0900][483.808s][info][gc,phases   ] GC(135)   Post Evacuate Collection Set: 0.7ms
[2025-01-03T12:07:46.798+0900][483.808s][info][gc,phases   ] GC(135)   Other: 0.2ms
[2025-01-03T12:07:46.798+0900][483.808s][info][gc,heap     ] GC(135) Eden regions: 692->0(692)
[2025-01-03T12:07:46.798+0900][483.808s][info][gc,heap     ] GC(135) Survivor regions: 19->19(89)
[2025-01-03T12:07:46.798+0900][483.808s][info][gc,heap     ] GC(135) Old regions: 18->18
[2025-01-03T12:07:46.799+0900][483.808s][info][gc,heap     ] GC(135) Humongous regions: 0->0
[2025-01-03T12:07:46.799+0900][483.808s][info][gc,metaspace] GC(135) Metaspace: 31886K(32512K)->31886K(32512K) NonClass: 27615K(27968K)->27615K(27968K) Class: 4270K(4544K)->4270K(4544K)
[2025-01-03T12:07:46.799+0900][483.808s][info][gc          ] GC(135) Pause Young (Normal) (G1 Evacuation Pause) 1454M->72M(2370M) 32.034ms
[2025-01-03T12:07:46.799+0900][483.808s][info][gc,cpu      ] GC(135) User=0.12s Sys=0.00s Real=0.03s
[2025-01-03T12:07:47.199+0900][484.209s][info][gc,start    ] GC(136) Pause Young (Normal) (G1 Evacuation Pause)
[2025-01-03T12:07:47.199+0900][484.209s][info][gc,task     ] GC(136) Using 8 workers of 8 for evacuation
[2025-01-03T12:07:47.237+0900][484.247s][info][gc,phases   ] GC(136)   Pre Evacuate Collection Set: 0.3ms
[2025-01-03T12:07:47.237+0900][484.247s][info][gc,phases   ] GC(136)   Merge Heap Roots: 0.1ms
[2025-01-03T12:07:47.237+0900][484.247s][info][gc,phases   ] GC(136)   Evacuate Collection Set: 36.2ms
[2025-01-03T12:07:47.237+0900][484.247s][info][gc,phases   ] GC(136)   Post Evacuate Collection Set: 0.8ms
[2025-01-03T12:07:47.237+0900][484.247s][info][gc,phases   ] GC(136)   Other: 0.1ms
[2025-01-03T12:07:47.237+0900][484.247s][info][gc,heap     ] GC(136) Eden regions: 692->0(691)
[2025-01-03T12:07:47.237+0900][484.247s][info][gc,heap     ] GC(136) Survivor regions: 19->20(89)
[2025-01-03T12:07:47.237+0900][484.247s][info][gc,heap     ] GC(136) Old regions: 18->18
[2025-01-03T12:07:47.237+0900][484.247s][info][gc,heap     ] GC(136) Humongous regions: 0->0
[2025-01-03T12:07:47.237+0900][484.247s][info][gc,metaspace] GC(136) Metaspace: 31886K(32512K)->31886K(32512K) NonClass: 27615K(27968K)->27615K(27968K) Class: 4270K(4544K)->4270K(4544K)
[2025-01-03T12:07:47.237+0900][484.247s][info][gc          ] GC(136) Pause Young (Normal) (G1 Evacuation Pause) 1456M->73M(2370M) 37.856ms
[2025-01-03T12:07:47.237+0900][484.247s][info][gc,cpu      ] GC(136) User=0.13s Sys=0.01s Real=0.04s
[2025-01-03T12:07:47.661+0900][484.670s][info][gc,start    ] GC(137) Pause Young (Normal) (G1 Evacuation Pause)
[2025-01-03T12:07:47.661+0900][484.670s][info][gc,task     ] GC(137) Using 8 workers of 8 for evacuation
[2025-01-03T12:07:47.699+0900][484.708s][info][gc,phases   ] GC(137)   Pre Evacuate Collection Set: 0.8ms
[2025-01-03T12:07:47.699+0900][484.709s][info][gc,phases   ] GC(137)   Merge Heap Roots: 0.3ms
[2025-01-03T12:07:47.699+0900][484.709s][info][gc,phases   ] GC(137)   Evacuate Collection Set: 35.8ms
[2025-01-03T12:07:47.699+0900][484.709s][info][gc,phases   ] GC(137)   Post Evacuate Collection Set: 1.1ms
[2025-01-03T12:07:47.699+0900][484.709s][info][gc,phases   ] GC(137)   Other: 0.2ms
[2025-01-03T12:07:47.699+0900][484.709s][info][gc,heap     ] GC(137) Eden regions: 691->0(692)
[2025-01-03T12:07:47.699+0900][484.709s][info][gc,heap     ] GC(137) Survivor regions: 20->19(89)
[2025-01-03T12:07:47.699+0900][484.709s][info][gc,heap     ] GC(137) Old regions: 18->19
[2025-01-03T12:07:47.699+0900][484.709s][info][gc,heap     ] GC(137) Humongous regions: 0->0
[2025-01-03T12:07:47.699+0900][484.709s][info][gc,metaspace] GC(137) Metaspace: 31886K(32512K)->31886K(32512K) NonClass: 27615K(27968K)->27615K(27968K) Class: 4270K(4544K)->4270K(4544K)
[2025-01-03T12:07:47.699+0900][484.709s][info][gc          ] GC(137) Pause Young (Normal) (G1 Evacuation Pause) 1455M->73M(2370M) 38.554ms
[2025-01-03T12:07:47.699+0900][484.709s][info][gc,cpu      ] GC(137) User=0.13s Sys=0.00s Real=0.03s
[2025-01-03T12:07:48.098+0900][485.108s][info][gc,start    ] GC(138) Pause Young (Normal) (G1 Evacuation Pause)
[2025-01-03T12:07:48.098+0900][485.108s][info][gc,task     ] GC(138) Using 8 workers of 8 for evacuation
[2025-01-03T12:07:48.130+0900][485.140s][info][gc,phases   ] GC(138)   Pre Evacuate Collection Set: 0.7ms
[2025-01-03T12:07:48.130+0900][485.140s][info][gc,phases   ] GC(138)   Merge Heap Roots: 0.3ms
[2025-01-03T12:07:48.130+0900][485.140s][info][gc,phases   ] GC(138)   Evacuate Collection Set: 30.1ms
[2025-01-03T12:07:48.130+0900][485.140s][info][gc,phases   ] GC(138)   Post Evacuate Collection Set: 0.7ms
[2025-01-03T12:07:48.130+0900][485.140s][info][gc,phases   ] GC(138)   Other: 0.1ms
[2025-01-03T12:07:48.130+0900][485.140s][info][gc,heap     ] GC(138) Eden regions: 692->0(692)
[2025-01-03T12:07:48.130+0900][485.140s][info][gc,heap     ] GC(138) Survivor regions: 19->19(89)
[2025-01-03T12:07:48.130+0900][485.140s][info][gc,heap     ] GC(138) Old regions: 19->19
[2025-01-03T12:07:48.130+0900][485.140s][info][gc,heap     ] GC(138) Humongous regions: 0->0
[2025-01-03T12:07:48.130+0900][485.140s][info][gc,metaspace] GC(138) Metaspace: 31886K(32512K)->31886K(32512K) NonClass: 27615K(27968K)->27615K(27968K) Class: 4270K(4544K)->4270K(4544K)
[2025-01-03T12:07:48.130+0900][485.140s][info][gc          ] GC(138) Pause Young (Normal) (G1 Evacuation Pause) 1457M->72M(2370M) 32.183ms
[2025-01-03T12:07:48.130+0900][485.140s][info][gc,cpu      ] GC(138) User=0.12s Sys=0.00s Real=0.04s
[2025-01-03T12:07:48.545+0900][485.555s][info][gc,start    ] GC(139) Pause Young (Normal) (G1 Evacuation Pause)
[2025-01-03T12:07:48.545+0900][485.555s][info][gc,task     ] GC(139) Using 8 workers of 8 for evacuation
[2025-01-03T12:07:48.582+0900][485.591s][info][gc,phases   ] GC(139)   Pre Evacuate Collection Set: 0.4ms
[2025-01-03T12:07:48.582+0900][485.591s][info][gc,phases   ] GC(139)   Merge Heap Roots: 0.2ms
[2025-01-03T12:07:48.582+0900][485.591s][info][gc,phases   ] GC(139)   Evacuate Collection Set: 34.8ms
[2025-01-03T12:07:48.582+0900][485.591s][info][gc,phases   ] GC(139)   Post Evacuate Collection Set: 0.6ms
[2025-01-03T12:07:48.582+0900][485.591s][info][gc,phases   ] GC(139)   Other: 0.1ms
[2025-01-03T12:07:48.582+0900][485.591s][info][gc,heap     ] GC(139) Eden regions: 692->0(693)
[2025-01-03T12:07:48.582+0900][485.591s][info][gc,heap     ] GC(139) Survivor regions: 19->18(89)
[2025-01-03T12:07:48.582+0900][485.591s][info][gc,heap     ] GC(139) Old regions: 19->19
[2025-01-03T12:07:48.582+0900][485.591s][info][gc,heap     ] GC(139) Humongous regions: 0->0
[2025-01-03T12:07:48.582+0900][485.591s][info][gc,metaspace] GC(139) Metaspace: 31886K(32512K)->31886K(32512K) NonClass: 27615K(27968K)->27615K(27968K) Class: 4270K(4544K)->4270K(4544K)
[2025-01-03T12:07:48.582+0900][485.591s][info][gc          ] GC(139) Pause Young (Normal) (G1 Evacuation Pause) 1456M->71M(2370M) 36.523ms
[2025-01-03T12:07:48.582+0900][485.591s][info][gc,cpu      ] GC(139) User=0.12s Sys=0.01s Real=0.04s
[2025-01-03T12:07:49.026+0900][486.035s][info][gc,start    ] GC(140) Pause Young (Normal) (G1 Evacuation Pause)
[2025-01-03T12:07:49.026+0900][486.036s][info][gc,task     ] GC(140) Using 8 workers of 8 for evacuation
[2025-01-03T12:07:49.065+0900][486.074s][info][gc,phases   ] GC(140)   Pre Evacuate Collection Set: 0.5ms
[2025-01-03T12:07:49.065+0900][486.075s][info][gc,phases   ] GC(140)   Merge Heap Roots: 0.1ms
[2025-01-03T12:07:49.065+0900][486.075s][info][gc,phases   ] GC(140)   Evacuate Collection Set: 37.0ms
[2025-01-03T12:07:49.065+0900][486.075s][info][gc,phases   ] GC(140)   Post Evacuate Collection Set: 1.2ms
[2025-01-03T12:07:49.065+0900][486.075s][info][gc,phases   ] GC(140)   Other: 0.1ms
[2025-01-03T12:07:49.065+0900][486.075s][info][gc,heap     ] GC(140) Eden regions: 693->0(714)
[2025-01-03T12:07:49.065+0900][486.075s][info][gc,heap     ] GC(140) Survivor regions: 18->18(89)
[2025-01-03T12:07:49.065+0900][486.075s][info][gc,heap     ] GC(140) Old regions: 19->19
[2025-01-03T12:07:49.065+0900][486.075s][info][gc,heap     ] GC(140) Humongous regions: 0->0
[2025-01-03T12:07:49.065+0900][486.075s][info][gc,metaspace] GC(140) Metaspace: 31886K(32512K)->31886K(32512K) NonClass: 27615K(27968K)->27615K(27968K) Class: 4270K(4544K)->4270K(4544K)
[2025-01-03T12:07:49.065+0900][486.075s][info][gc          ] GC(140) Pause Young (Normal) (G1 Evacuation Pause) 1457M->71M(2440M) 39.324ms
[2025-01-03T12:07:49.065+0900][486.075s][info][gc,cpu      ] GC(140) User=0.12s Sys=0.01s Real=0.04s
[2025-01-03T12:07:49.567+0900][486.577s][info][gc,start    ] GC(141) Pause Young (Normal) (G1 Evacuation Pause)
[2025-01-03T12:07:49.567+0900][486.577s][info][gc,task     ] GC(141) Using 8 workers of 8 for evacuation
[2025-01-03T12:07:49.610+0900][486.620s][info][gc,phases   ] GC(141)   Pre Evacuate Collection Set: 0.4ms
[2025-01-03T12:07:49.611+0900][486.620s][info][gc,phases   ] GC(141)   Merge Heap Roots: 0.2ms
[2025-01-03T12:07:49.611+0900][486.620s][info][gc,phases   ] GC(141)   Evacuate Collection Set: 42.0ms
[2025-01-03T12:07:49.611+0900][486.620s][info][gc,phases   ] GC(141)   Post Evacuate Collection Set: 0.6ms
[2025-01-03T12:07:49.611+0900][486.620s][info][gc,phases   ] GC(141)   Other: 0.1ms
[2025-01-03T12:07:49.611+0900][486.620s][info][gc,heap     ] GC(141) Eden regions: 714->0(714)
[2025-01-03T12:07:49.611+0900][486.620s][info][gc,heap     ] GC(141) Survivor regions: 18->18(92)
[2025-01-03T12:07:49.611+0900][486.620s][info][gc,heap     ] GC(141) Old regions: 19->19
[2025-01-03T12:07:49.611+0900][486.620s][info][gc,heap     ] GC(141) Humongous regions: 0->0
[2025-01-03T12:07:49.611+0900][486.620s][info][gc,metaspace] GC(141) Metaspace: 31886K(32512K)->31886K(32512K) NonClass: 27615K(27968K)->27615K(27968K) Class: 4270K(4544K)->4270K(4544K)
[2025-01-03T12:07:49.611+0900][486.620s][info][gc          ] GC(141) Pause Young (Normal) (G1 Evacuation Pause) 1499M->71M(2440M) 43.659ms
[2025-01-03T12:07:49.611+0900][486.620s][info][gc,cpu      ] GC(141) User=0.12s Sys=0.01s Real=0.05s
[2025-01-03T12:07:50.079+0900][487.088s][info][gc,start    ] GC(142) Pause Young (Normal) (G1 Evacuation Pause)
[2025-01-03T12:07:50.079+0900][487.089s][info][gc,task     ] GC(142) Using 8 workers of 8 for evacuation
[2025-01-03T12:07:50.124+0900][487.134s][info][gc,phases   ] GC(142)   Pre Evacuate Collection Set: 0.3ms
[2025-01-03T12:07:50.124+0900][487.134s][info][gc,phases   ] GC(142)   Merge Heap Roots: 0.2ms
[2025-01-03T12:07:50.124+0900][487.134s][info][gc,phases   ] GC(142)   Evacuate Collection Set: 43.4ms
[2025-01-03T12:07:50.124+0900][487.134s][info][gc,phases   ] GC(142)   Post Evacuate Collection Set: 1.3ms
[2025-01-03T12:07:50.124+0900][487.134s][info][gc,phases   ] GC(142)   Other: 0.2ms
[2025-01-03T12:07:50.124+0900][487.134s][info][gc,heap     ] GC(142) Eden regions: 714->0(714)
[2025-01-03T12:07:50.124+0900][487.134s][info][gc,heap     ] GC(142) Survivor regions: 18->18(92)
[2025-01-03T12:07:50.124+0900][487.134s][info][gc,heap     ] GC(142) Old regions: 19->19
[2025-01-03T12:07:50.124+0900][487.134s][info][gc,heap     ] GC(142) Humongous regions: 0->0
[2025-01-03T12:07:50.125+0900][487.134s][info][gc,metaspace] GC(142) Metaspace: 31886K(32512K)->31886K(32512K) NonClass: 27615K(27968K)->27615K(27968K) Class: 4270K(4544K)->4270K(4544K)
[2025-01-03T12:07:50.125+0900][487.134s][info][gc          ] GC(142) Pause Young (Normal) (G1 Evacuation Pause) 1499M->71M(2440M) 45.754ms
[2025-01-03T12:07:50.125+0900][487.134s][info][gc,cpu      ] GC(142) User=0.12s Sys=0.01s Real=0.05s
[2025-01-03T12:07:50.596+0900][487.605s][info][gc,start    ] GC(143) Pause Young (Normal) (G1 Evacuation Pause)
[2025-01-03T12:07:50.596+0900][487.606s][info][gc,task     ] GC(143) Using 8 workers of 8 for evacuation
[2025-01-03T12:07:50.638+0900][487.647s][info][gc,phases   ] GC(143)   Pre Evacuate Collection Set: 0.4ms
[2025-01-03T12:07:50.638+0900][487.647s][info][gc,phases   ] GC(143)   Merge Heap Roots: 0.2ms
[2025-01-03T12:07:50.638+0900][487.647s][info][gc,phases   ] GC(143)   Evacuate Collection Set: 39.3ms
[2025-01-03T12:07:50.638+0900][487.647s][info][gc,phases   ] GC(143)   Post Evacuate Collection Set: 1.6ms
[2025-01-03T12:07:50.638+0900][487.647s][info][gc,phases   ] GC(143)   Other: 0.1ms
[2025-01-03T12:07:50.638+0900][487.647s][info][gc,heap     ] GC(143) Eden regions: 714->0(714)
[2025-01-03T12:07:50.638+0900][487.647s][info][gc,heap     ] GC(143) Survivor regions: 18->18(92)
[2025-01-03T12:07:50.638+0900][487.647s][info][gc,heap     ] GC(143) Old regions: 19->19
[2025-01-03T12:07:50.638+0900][487.647s][info][gc,heap     ] GC(143) Humongous regions: 0->0
[2025-01-03T12:07:50.638+0900][487.647s][info][gc,metaspace] GC(143) Metaspace: 31886K(32512K)->31886K(32512K) NonClass: 27615K(27968K)->27615K(27968K) Class: 4270K(4544K)->4270K(4544K)
[2025-01-03T12:07:50.638+0900][487.647s][info][gc          ] GC(143) Pause Young (Normal) (G1 Evacuation Pause) 1499M->71M(2440M) 42.068ms
[2025-01-03T12:07:50.638+0900][487.648s][info][gc,cpu      ] GC(143) User=0.12s Sys=0.01s Real=0.04s
[2025-01-03T12:07:51.060+0900][488.069s][info][gc,start    ] GC(144) Pause Young (Normal) (G1 Evacuation Pause)
[2025-01-03T12:07:51.060+0900][488.069s][info][gc,task     ] GC(144) Using 8 workers of 8 for evacuation
[2025-01-03T12:07:51.096+0900][488.105s][info][gc,phases   ] GC(144)   Pre Evacuate Collection Set: 0.3ms
[2025-01-03T12:07:51.096+0900][488.105s][info][gc,phases   ] GC(144)   Merge Heap Roots: 0.2ms
[2025-01-03T12:07:51.096+0900][488.105s][info][gc,phases   ] GC(144)   Evacuate Collection Set: 34.6ms
[2025-01-03T12:07:51.096+0900][488.105s][info][gc,phases   ] GC(144)   Post Evacuate Collection Set: 0.8ms
[2025-01-03T12:07:51.096+0900][488.105s][info][gc,phases   ] GC(144)   Other: 0.1ms
[2025-01-03T12:07:51.096+0900][488.105s][info][gc,heap     ] GC(144) Eden regions: 714->0(734)
[2025-01-03T12:07:51.096+0900][488.105s][info][gc,heap     ] GC(144) Survivor regions: 18->18(92)
[2025-01-03T12:07:51.096+0900][488.106s][info][gc,heap     ] GC(144) Old regions: 19->19
[2025-01-03T12:07:51.096+0900][488.106s][info][gc,heap     ] GC(144) Humongous regions: 0->0
[2025-01-03T12:07:51.096+0900][488.106s][info][gc,metaspace] GC(144) Metaspace: 31886K(32512K)->31886K(32512K) NonClass: 27615K(27968K)->27615K(27968K) Class: 4270K(4544K)->4270K(4544K)
[2025-01-03T12:07:51.096+0900][488.106s][info][gc          ] GC(144) Pause Young (Normal) (G1 Evacuation Pause) 1499M->71M(2508M) 36.372ms
[2025-01-03T12:07:51.096+0900][488.106s][info][gc,cpu      ] GC(144) User=0.12s Sys=0.00s Real=0.03s
[2025-01-03T12:07:51.558+0900][488.567s][info][gc,start    ] GC(145) Pause Young (Normal) (G1 Evacuation Pause)
[2025-01-03T12:07:51.558+0900][488.568s][info][gc,task     ] GC(145) Using 8 workers of 8 for evacuation
[2025-01-03T12:07:51.601+0900][488.610s][info][gc,phases   ] GC(145)   Pre Evacuate Collection Set: 0.6ms
[2025-01-03T12:07:51.601+0900][488.610s][info][gc,phases   ] GC(145)   Merge Heap Roots: 0.2ms
[2025-01-03T12:07:51.601+0900][488.610s][info][gc,phases   ] GC(145)   Evacuate Collection Set: 40.6ms
[2025-01-03T12:07:51.601+0900][488.610s][info][gc,phases   ] GC(145)   Post Evacuate Collection Set: 1.2ms
[2025-01-03T12:07:51.601+0900][488.610s][info][gc,phases   ] GC(145)   Other: 0.1ms
[2025-01-03T12:07:51.601+0900][488.610s][info][gc,heap     ] GC(145) Eden regions: 734->0(734)
[2025-01-03T12:07:51.601+0900][488.610s][info][gc,heap     ] GC(145) Survivor regions: 18->18(94)
[2025-01-03T12:07:51.601+0900][488.611s][info][gc,heap     ] GC(145) Old regions: 19->19
[2025-01-03T12:07:51.601+0900][488.611s][info][gc,heap     ] GC(145) Humongous regions: 0->0
[2025-01-03T12:07:51.601+0900][488.611s][info][gc,metaspace] GC(145) Metaspace: 31886K(32512K)->31886K(32512K) NonClass: 27615K(27968K)->27615K(27968K) Class: 4270K(4544K)->4270K(4544K)
[2025-01-03T12:07:51.601+0900][488.611s][info][gc          ] GC(145) Pause Young (Normal) (G1 Evacuation Pause) 1539M->70M(2508M) 43.085ms
[2025-01-03T12:07:51.601+0900][488.611s][info][gc,cpu      ] GC(145) User=0.12s Sys=0.00s Real=0.05s
[2025-01-03T12:07:52.066+0900][489.076s][info][gc,start    ] GC(146) Pause Young (Normal) (G1 Evacuation Pause)
[2025-01-03T12:07:52.067+0900][489.076s][info][gc,task     ] GC(146) Using 8 workers of 8 for evacuation
[2025-01-03T12:07:52.112+0900][489.121s][info][gc,phases   ] GC(146)   Pre Evacuate Collection Set: 0.5ms
[2025-01-03T12:07:52.112+0900][489.121s][info][gc,phases   ] GC(146)   Merge Heap Roots: 0.2ms
[2025-01-03T12:07:52.112+0900][489.121s][info][gc,phases   ] GC(146)   Evacuate Collection Set: 43.5ms
[2025-01-03T12:07:52.112+0900][489.121s][info][gc,phases   ] GC(146)   Post Evacuate Collection Set: 0.7ms
[2025-01-03T12:07:52.112+0900][489.121s][info][gc,phases   ] GC(146)   Other: 0.2ms
[2025-01-03T12:07:52.112+0900][489.121s][info][gc,heap     ] GC(146) Eden regions: 734->0(734)
[2025-01-03T12:07:52.112+0900][489.121s][info][gc,heap     ] GC(146) Survivor regions: 18->18(94)
[2025-01-03T12:07:52.112+0900][489.121s][info][gc,heap     ] GC(146) Old regions: 19->19
[2025-01-03T12:07:52.112+0900][489.121s][info][gc,heap     ] GC(146) Humongous regions: 0->0
[2025-01-03T12:07:52.112+0900][489.121s][info][gc,metaspace] GC(146) Metaspace: 31886K(32512K)->31886K(32512K) NonClass: 27615K(27968K)->27615K(27968K) Class: 4270K(4544K)->4270K(4544K)
[2025-01-03T12:07:52.112+0900][489.121s][info][gc          ] GC(146) Pause Young (Normal) (G1 Evacuation Pause) 1538M->71M(2508M) 45.533ms
[2025-01-03T12:07:52.112+0900][489.122s][info][gc,cpu      ] GC(146) User=0.11s Sys=0.00s Real=0.05s
[2025-01-03T12:07:52.547+0900][489.556s][info][gc,start    ] GC(147) Pause Young (Normal) (G1 Evacuation Pause)
[2025-01-03T12:07:52.547+0900][489.556s][info][gc,task     ] GC(147) Using 8 workers of 8 for evacuation
[2025-01-03T12:07:52.582+0900][489.591s][info][gc,phases   ] GC(147)   Pre Evacuate Collection Set: 0.5ms
[2025-01-03T12:07:52.582+0900][489.591s][info][gc,phases   ] GC(147)   Merge Heap Roots: 0.2ms
[2025-01-03T12:07:52.582+0900][489.591s][info][gc,phases   ] GC(147)   Evacuate Collection Set: 33.1ms
[2025-01-03T12:07:52.582+0900][489.591s][info][gc,phases   ] GC(147)   Post Evacuate Collection Set: 0.8ms
[2025-01-03T12:07:52.582+0900][489.591s][info][gc,phases   ] GC(147)   Other: 0.1ms
[2025-01-03T12:07:52.582+0900][489.591s][info][gc,heap     ] GC(147) Eden regions: 734->0(734)
[2025-01-03T12:07:52.582+0900][489.592s][info][gc,heap     ] GC(147) Survivor regions: 18->18(94)
[2025-01-03T12:07:52.582+0900][489.592s][info][gc,heap     ] GC(147) Old regions: 19->19
[2025-01-03T12:07:52.582+0900][489.592s][info][gc,heap     ] GC(147) Humongous regions: 0->0
[2025-01-03T12:07:52.582+0900][489.592s][info][gc,metaspace] GC(147) Metaspace: 31886K(32512K)->31886K(32512K) NonClass: 27615K(27968K)->27615K(27968K) Class: 4270K(4544K)->4270K(4544K)
[2025-01-03T12:07:52.582+0900][489.592s][info][gc          ] GC(147) Pause Young (Normal) (G1 Evacuation Pause) 1539M->70M(2508M) 35.315ms
[2025-01-03T12:07:52.582+0900][489.592s][info][gc,cpu      ] GC(147) User=0.11s Sys=0.01s Real=0.04s
[2025-01-03T12:07:53.052+0900][490.061s][info][gc,start    ] GC(148) Pause Young (Normal) (G1 Evacuation Pause)
[2025-01-03T12:07:53.052+0900][490.061s][info][gc,task     ] GC(148) Using 8 workers of 8 for evacuation
[2025-01-03T12:07:53.085+0900][490.095s][info][gc,phases   ] GC(148)   Pre Evacuate Collection Set: 0.5ms
[2025-01-03T12:07:53.085+0900][490.095s][info][gc,phases   ] GC(148)   Merge Heap Roots: 0.3ms
[2025-01-03T12:07:53.085+0900][490.095s][info][gc,phases   ] GC(148)   Evacuate Collection Set: 31.9ms
[2025-01-03T12:07:53.085+0900][490.095s][info][gc,phases   ] GC(148)   Post Evacuate Collection Set: 0.6ms
[2025-01-03T12:07:53.085+0900][490.095s][info][gc,phases   ] GC(148)   Other: 0.1ms
[2025-01-03T12:07:53.085+0900][490.095s][info][gc,heap     ] GC(148) Eden regions: 734->0(735)
[2025-01-03T12:07:53.085+0900][490.095s][info][gc,heap     ] GC(148) Survivor regions: 18->17(94)
[2025-01-03T12:07:53.085+0900][490.095s][info][gc,heap     ] GC(148) Old regions: 19->19
[2025-01-03T12:07:53.085+0900][490.095s][info][gc,heap     ] GC(148) Humongous regions: 0->0
[2025-01-03T12:07:53.085+0900][490.095s][info][gc,metaspace] GC(148) Metaspace: 31886K(32512K)->31886K(32512K) NonClass: 27615K(27968K)->27615K(27968K) Class: 4270K(4544K)->4270K(4544K)
[2025-01-03T12:07:53.086+0900][490.095s][info][gc          ] GC(148) Pause Young (Normal) (G1 Evacuation Pause) 1538M->69M(2508M) 33.749ms
[2025-01-03T12:07:53.086+0900][490.095s][info][gc,cpu      ] GC(148) User=0.12s Sys=0.01s Real=0.03s
[2025-01-03T12:07:53.537+0900][490.547s][info][gc,start    ] GC(149) Pause Young (Normal) (G1 Evacuation Pause)
[2025-01-03T12:07:53.537+0900][490.547s][info][gc,task     ] GC(149) Using 8 workers of 8 for evacuation
[2025-01-03T12:07:53.576+0900][490.585s][info][gc,phases   ] GC(149)   Pre Evacuate Collection Set: 0.7ms
[2025-01-03T12:07:53.576+0900][490.586s][info][gc,phases   ] GC(149)   Merge Heap Roots: 0.3ms
[2025-01-03T12:07:53.576+0900][490.586s][info][gc,phases   ] GC(149)   Evacuate Collection Set: 36.6ms
[2025-01-03T12:07:53.576+0900][490.586s][info][gc,phases   ] GC(149)   Post Evacuate Collection Set: 0.8ms
[2025-01-03T12:07:53.576+0900][490.586s][info][gc,phases   ] GC(149)   Other: 0.2ms
[2025-01-03T12:07:53.576+0900][490.586s][info][gc,heap     ] GC(149) Eden regions: 735->0(735)
[2025-01-03T12:07:53.576+0900][490.586s][info][gc,heap     ] GC(149) Survivor regions: 17->17(94)
[2025-01-03T12:07:53.576+0900][490.586s][info][gc,heap     ] GC(149) Old regions: 19->19
[2025-01-03T12:07:53.576+0900][490.586s][info][gc,heap     ] GC(149) Humongous regions: 0->0
[2025-01-03T12:07:53.576+0900][490.586s][info][gc,metaspace] GC(149) Metaspace: 31886K(32512K)->31886K(32512K) NonClass: 27615K(27968K)->27615K(27968K) Class: 4270K(4544K)->4270K(4544K)
[2025-01-03T12:07:53.576+0900][490.586s][info][gc          ] GC(149) Pause Young (Normal) (G1 Evacuation Pause) 1539M->69M(2508M) 39.011ms
[2025-01-03T12:07:53.576+0900][490.586s][info][gc,cpu      ] GC(149) User=0.11s Sys=0.00s Real=0.04s
[2025-01-03T12:07:54.028+0900][491.037s][info][gc,start    ] GC(150) Pause Young (Normal) (G1 Evacuation Pause)
[2025-01-03T12:07:54.028+0900][491.037s][info][gc,task     ] GC(150) Using 8 workers of 8 for evacuation
[2025-01-03T12:07:54.056+0900][491.065s][info][gc,phases   ] GC(150)   Pre Evacuate Collection Set: 0.4ms
[2025-01-03T12:07:54.056+0900][491.066s][info][gc,phases   ] GC(150)   Merge Heap Roots: 0.2ms
[2025-01-03T12:07:54.056+0900][491.066s][info][gc,phases   ] GC(150)   Evacuate Collection Set: 26.4ms
[2025-01-03T12:07:54.056+0900][491.066s][info][gc,phases   ] GC(150)   Post Evacuate Collection Set: 1.1ms
[2025-01-03T12:07:54.056+0900][491.066s][info][gc,phases   ] GC(150)   Other: 0.1ms
[2025-01-03T12:07:54.056+0900][491.066s][info][gc,heap     ] GC(150) Eden regions: 735->0(755)
[2025-01-03T12:07:54.056+0900][491.066s][info][gc,heap     ] GC(150) Survivor regions: 17->16(94)
[2025-01-03T12:07:54.056+0900][491.066s][info][gc,heap     ] GC(150) Old regions: 19->19
[2025-01-03T12:07:54.056+0900][491.066s][info][gc,heap     ] GC(150) Humongous regions: 0->0
[2025-01-03T12:07:54.056+0900][491.066s][info][gc,metaspace] GC(150) Metaspace: 31886K(32512K)->31886K(32512K) NonClass: 27615K(27968K)->27615K(27968K) Class: 4270K(4544K)->4270K(4544K)
[2025-01-03T12:07:54.056+0900][491.066s][info][gc          ] GC(150) Pause Young (Normal) (G1 Evacuation Pause) 1539M->67M(2572M) 28.554ms
[2025-01-03T12:07:54.056+0900][491.066s][info][gc,cpu      ] GC(150) User=0.10s Sys=0.01s Real=0.03s
[2025-01-03T12:07:54.571+0900][491.580s][info][gc,start    ] GC(151) Pause Young (Normal) (G1 Evacuation Pause)
[2025-01-03T12:07:54.571+0900][491.581s][info][gc,task     ] GC(151) Using 8 workers of 8 for evacuation
[2025-01-03T12:07:54.601+0900][491.611s][info][gc,phases   ] GC(151)   Pre Evacuate Collection Set: 0.4ms
[2025-01-03T12:07:54.601+0900][491.611s][info][gc,phases   ] GC(151)   Merge Heap Roots: 0.2ms
[2025-01-03T12:07:54.601+0900][491.611s][info][gc,phases   ] GC(151)   Evacuate Collection Set: 29.2ms
[2025-01-03T12:07:54.601+0900][491.611s][info][gc,phases   ] GC(151)   Post Evacuate Collection Set: 0.5ms
[2025-01-03T12:07:54.601+0900][491.611s][info][gc,phases   ] GC(151)   Other: 0.1ms
[2025-01-03T12:07:54.601+0900][491.611s][info][gc,heap     ] GC(151) Eden regions: 755->0(754)
[2025-01-03T12:07:54.602+0900][491.611s][info][gc,heap     ] GC(151) Survivor regions: 16->17(97)
[2025-01-03T12:07:54.602+0900][491.611s][info][gc,heap     ] GC(151) Old regions: 19->19
[2025-01-03T12:07:54.602+0900][491.611s][info][gc,heap     ] GC(151) Humongous regions: 0->0
[2025-01-03T12:07:54.602+0900][491.611s][info][gc,metaspace] GC(151) Metaspace: 31886K(32512K)->31886K(32512K) NonClass: 27615K(27968K)->27615K(27968K) Class: 4270K(4544K)->4270K(4544K)
[2025-01-03T12:07:54.602+0900][491.611s][info][gc          ] GC(151) Pause Young (Normal) (G1 Evacuation Pause) 1577M->68M(2572M) 30.811ms
[2025-01-03T12:07:54.602+0900][491.611s][info][gc,cpu      ] GC(151) User=0.11s Sys=0.00s Real=0.03s
[2025-01-03T12:07:55.095+0900][492.105s][info][gc,start    ] GC(152) Pause Young (Normal) (G1 Evacuation Pause)
[2025-01-03T12:07:55.095+0900][492.105s][info][gc,task     ] GC(152) Using 8 workers of 8 for evacuation
[2025-01-03T12:07:55.125+0900][492.135s][info][gc,phases   ] GC(152)   Pre Evacuate Collection Set: 0.4ms
[2025-01-03T12:07:55.126+0900][492.135s][info][gc,phases   ] GC(152)   Merge Heap Roots: 0.2ms
[2025-01-03T12:07:55.126+0900][492.135s][info][gc,phases   ] GC(152)   Evacuate Collection Set: 29.1ms
[2025-01-03T12:07:55.126+0900][492.135s][info][gc,phases   ] GC(152)   Post Evacuate Collection Set: 0.7ms
[2025-01-03T12:07:55.126+0900][492.135s][info][gc,phases   ] GC(152)   Other: 0.1ms
[2025-01-03T12:07:55.126+0900][492.135s][info][gc,heap     ] GC(152) Eden regions: 754->0(755)
[2025-01-03T12:07:55.126+0900][492.135s][info][gc,heap     ] GC(152) Survivor regions: 17->16(97)
[2025-01-03T12:07:55.126+0900][492.135s][info][gc,heap     ] GC(152) Old regions: 19->19
[2025-01-03T12:07:55.126+0900][492.135s][info][gc,heap     ] GC(152) Humongous regions: 0->0
[2025-01-03T12:07:55.126+0900][492.135s][info][gc,metaspace] GC(152) Metaspace: 31886K(32512K)->31886K(32512K) NonClass: 27615K(27968K)->27615K(27968K) Class: 4270K(4544K)->4270K(4544K)
[2025-01-03T12:07:55.126+0900][492.135s][info][gc          ] GC(152) Pause Young (Normal) (G1 Evacuation Pause) 1576M->67M(2572M) 30.738ms
[2025-01-03T12:07:55.126+0900][492.135s][info][gc,cpu      ] GC(152) User=0.11s Sys=0.00s Real=0.03s
[2025-01-03T12:07:55.613+0900][492.622s][info][gc,start    ] GC(153) Pause Young (Normal) (G1 Evacuation Pause)
[2025-01-03T12:07:55.613+0900][492.622s][info][gc,task     ] GC(153) Using 8 workers of 8 for evacuation
[2025-01-03T12:07:55.650+0900][492.660s][info][gc,phases   ] GC(153)   Pre Evacuate Collection Set: 1.6ms
[2025-01-03T12:07:55.650+0900][492.660s][info][gc,phases   ] GC(153)   Merge Heap Roots: 0.2ms
[2025-01-03T12:07:55.650+0900][492.660s][info][gc,phases   ] GC(153)   Evacuate Collection Set: 34.4ms
[2025-01-03T12:07:55.650+0900][492.660s][info][gc,phases   ] GC(153)   Post Evacuate Collection Set: 1.2ms
[2025-01-03T12:07:55.650+0900][492.660s][info][gc,phases   ] GC(153)   Other: 0.1ms
[2025-01-03T12:07:55.650+0900][492.660s][info][gc,heap     ] GC(153) Eden regions: 755->0(754)
[2025-01-03T12:07:55.650+0900][492.660s][info][gc,heap     ] GC(153) Survivor regions: 16->17(97)
[2025-01-03T12:07:55.650+0900][492.660s][info][gc,heap     ] GC(153) Old regions: 19->19
[2025-01-03T12:07:55.650+0900][492.660s][info][gc,heap     ] GC(153) Humongous regions: 0->0
[2025-01-03T12:07:55.650+0900][492.660s][info][gc,metaspace] GC(153) Metaspace: 31886K(32512K)->31886K(32512K) NonClass: 27615K(27968K)->27615K(27968K) Class: 4270K(4544K)->4270K(4544K)
[2025-01-03T12:07:55.650+0900][492.660s][info][gc          ] GC(153) Pause Young (Normal) (G1 Evacuation Pause) 1577M->68M(2572M) 37.841ms
[2025-01-03T12:07:55.650+0900][492.660s][info][gc,cpu      ] GC(153) User=0.10s Sys=0.00s Real=0.04s
[2025-01-03T12:07:56.119+0900][493.129s][info][gc,start    ] GC(154) Pause Young (Normal) (G1 Evacuation Pause)
[2025-01-03T12:07:56.119+0900][493.129s][info][gc,task     ] GC(154) Using 8 workers of 8 for evacuation
[2025-01-03T12:07:56.146+0900][493.155s][info][gc,phases   ] GC(154)   Pre Evacuate Collection Set: 0.4ms
[2025-01-03T12:07:56.146+0900][493.155s][info][gc,phases   ] GC(154)   Merge Heap Roots: 0.2ms
[2025-01-03T12:07:56.146+0900][493.155s][info][gc,phases   ] GC(154)   Evacuate Collection Set: 25.1ms
[2025-01-03T12:07:56.146+0900][493.155s][info][gc,phases   ] GC(154)   Post Evacuate Collection Set: 0.6ms
[2025-01-03T12:07:56.146+0900][493.155s][info][gc,phases   ] GC(154)   Other: 0.1ms
[2025-01-03T12:07:56.146+0900][493.155s][info][gc,heap     ] GC(154) Eden regions: 754->0(754)
[2025-01-03T12:07:56.146+0900][493.155s][info][gc,heap     ] GC(154) Survivor regions: 17->17(97)
[2025-01-03T12:07:56.146+0900][493.155s][info][gc,heap     ] GC(154) Old regions: 19->19
[2025-01-03T12:07:56.146+0900][493.155s][info][gc,heap     ] GC(154) Humongous regions: 0->0
[2025-01-03T12:07:56.146+0900][493.155s][info][gc,metaspace] GC(154) Metaspace: 31886K(32512K)->31886K(32512K) NonClass: 27615K(27968K)->27615K(27968K) Class: 4270K(4544K)->4270K(4544K)
[2025-01-03T12:07:56.146+0900][493.156s][info][gc          ] GC(154) Pause Young (Normal) (G1 Evacuation Pause) 1576M->69M(2572M) 26.747ms
[2025-01-03T12:07:56.146+0900][493.156s][info][gc,cpu      ] GC(154) User=0.11s Sys=0.00s Real=0.03s
[2025-01-03T12:07:56.581+0900][493.591s][info][gc,start    ] GC(155) Pause Young (Normal) (G1 Evacuation Pause)
[2025-01-03T12:07:56.582+0900][493.591s][info][gc,task     ] GC(155) Using 8 workers of 8 for evacuation
[2025-01-03T12:07:56.609+0900][493.619s][info][gc,phases   ] GC(155)   Pre Evacuate Collection Set: 0.5ms
[2025-01-03T12:07:56.609+0900][493.619s][info][gc,phases   ] GC(155)   Merge Heap Roots: 0.3ms
[2025-01-03T12:07:56.609+0900][493.619s][info][gc,phases   ] GC(155)   Evacuate Collection Set: 26.3ms
[2025-01-03T12:07:56.609+0900][493.619s][info][gc,phases   ] GC(155)   Post Evacuate Collection Set: 0.6ms
[2025-01-03T12:07:56.609+0900][493.619s][info][gc,phases   ] GC(155)   Other: 0.1ms
[2025-01-03T12:07:56.610+0900][493.619s][info][gc,heap     ] GC(155) Eden regions: 754->0(754)
[2025-01-03T12:07:56.610+0900][493.619s][info][gc,heap     ] GC(155) Survivor regions: 17->17(97)
[2025-01-03T12:07:56.610+0900][493.619s][info][gc,heap     ] GC(155) Old regions: 19->19
[2025-01-03T12:07:56.610+0900][493.619s][info][gc,heap     ] GC(155) Humongous regions: 0->0
[2025-01-03T12:07:56.610+0900][493.619s][info][gc,metaspace] GC(155) Metaspace: 31886K(32512K)->31886K(32512K) NonClass: 27615K(27968K)->27615K(27968K) Class: 4270K(4544K)->4270K(4544K)
[2025-01-03T12:07:56.610+0900][493.619s][info][gc          ] GC(155) Pause Young (Normal) (G1 Evacuation Pause) 1577M->68M(2572M) 28.142ms
[2025-01-03T12:07:56.610+0900][493.619s][info][gc,cpu      ] GC(155) User=0.11s Sys=0.01s Real=0.03s
[2025-01-03T12:07:57.109+0900][494.119s][info][gc,start    ] GC(156) Pause Young (Normal) (G1 Evacuation Pause)
[2025-01-03T12:07:57.109+0900][494.119s][info][gc,task     ] GC(156) Using 8 workers of 8 for evacuation
[2025-01-03T12:07:57.141+0900][494.151s][info][gc,phases   ] GC(156)   Pre Evacuate Collection Set: 0.4ms
[2025-01-03T12:07:57.141+0900][494.151s][info][gc,phases   ] GC(156)   Merge Heap Roots: 0.2ms
[2025-01-03T12:07:57.141+0900][494.151s][info][gc,phases   ] GC(156)   Evacuate Collection Set: 30.0ms
[2025-01-03T12:07:57.141+0900][494.151s][info][gc,phases   ] GC(156)   Post Evacuate Collection Set: 1.0ms
[2025-01-03T12:07:57.141+0900][494.151s][info][gc,phases   ] GC(156)   Other: 0.1ms
[2025-01-03T12:07:57.141+0900][494.151s][info][gc,heap     ] GC(156) Eden regions: 754->0(754)
[2025-01-03T12:07:57.141+0900][494.151s][info][gc,heap     ] GC(156) Survivor regions: 17->17(97)
[2025-01-03T12:07:57.141+0900][494.151s][info][gc,heap     ] GC(156) Old regions: 19->19
[2025-01-03T12:07:57.141+0900][494.151s][info][gc,heap     ] GC(156) Humongous regions: 0->0
[2025-01-03T12:07:57.141+0900][494.151s][info][gc,metaspace] GC(156) Metaspace: 31886K(32512K)->31886K(32512K) NonClass: 27615K(27968K)->27615K(27968K) Class: 4270K(4544K)->4270K(4544K)
[2025-01-03T12:07:57.141+0900][494.151s][info][gc          ] GC(156) Pause Young (Normal) (G1 Evacuation Pause) 1576M->69M(2572M) 31.997ms
[2025-01-03T12:07:57.141+0900][494.151s][info][gc,cpu      ] GC(156) User=0.11s Sys=0.00s Real=0.04s
[2025-01-03T12:07:57.553+0900][494.562s][info][gc,start    ] GC(157) Pause Young (Normal) (G1 Evacuation Pause)
[2025-01-03T12:07:57.553+0900][494.562s][info][gc,task     ] GC(157) Using 8 workers of 8 for evacuation
[2025-01-03T12:07:57.582+0900][494.592s][info][gc,phases   ] GC(157)   Pre Evacuate Collection Set: 0.4ms
[2025-01-03T12:07:57.583+0900][494.592s][info][gc,phases   ] GC(157)   Merge Heap Roots: 0.2ms
[2025-01-03T12:07:57.583+0900][494.592s][info][gc,phases   ] GC(157)   Evacuate Collection Set: 28.1ms
[2025-01-03T12:07:57.583+0900][494.592s][info][gc,phases   ] GC(157)   Post Evacuate Collection Set: 1.0ms
[2025-01-03T12:07:57.583+0900][494.592s][info][gc,phases   ] GC(157)   Other: 0.1ms
[2025-01-03T12:07:57.583+0900][494.592s][info][gc,heap     ] GC(157) Eden regions: 754->0(754)
[2025-01-03T12:07:57.583+0900][494.592s][info][gc,heap     ] GC(157) Survivor regions: 17->17(97)
[2025-01-03T12:07:57.583+0900][494.592s][info][gc,heap     ] GC(157) Old regions: 19->19
[2025-01-03T12:07:57.583+0900][494.592s][info][gc,heap     ] GC(157) Humongous regions: 0->0
[2025-01-03T12:07:57.583+0900][494.592s][info][gc,metaspace] GC(157) Metaspace: 31886K(32512K)->31886K(32512K) NonClass: 27615K(27968K)->27615K(27968K) Class: 4270K(4544K)->4270K(4544K)
[2025-01-03T12:07:57.583+0900][494.592s][info][gc          ] GC(157) Pause Young (Normal) (G1 Evacuation Pause) 1577M->69M(2572M) 30.245ms
[2025-01-03T12:07:57.583+0900][494.593s][info][gc,cpu      ] GC(157) User=0.11s Sys=0.01s Real=0.03s
[2025-01-03T12:07:58.031+0900][495.041s][info][gc,start    ] GC(158) Pause Young (Normal) (G1 Evacuation Pause)
[2025-01-03T12:07:58.031+0900][495.041s][info][gc,task     ] GC(158) Using 8 workers of 8 for evacuation
[2025-01-03T12:07:58.062+0900][495.072s][info][gc,phases   ] GC(158)   Pre Evacuate Collection Set: 0.7ms
[2025-01-03T12:07:58.062+0900][495.072s][info][gc,phases   ] GC(158)   Merge Heap Roots: 0.2ms
[2025-01-03T12:07:58.062+0900][495.072s][info][gc,phases   ] GC(158)   Evacuate Collection Set: 29.2ms
[2025-01-03T12:07:58.062+0900][495.072s][info][gc,phases   ] GC(158)   Post Evacuate Collection Set: 0.6ms
[2025-01-03T12:07:58.062+0900][495.072s][info][gc,phases   ] GC(158)   Other: 0.1ms
[2025-01-03T12:07:58.062+0900][495.072s][info][gc,heap     ] GC(158) Eden regions: 754->0(755)
[2025-01-03T12:07:58.062+0900][495.072s][info][gc,heap     ] GC(158) Survivor regions: 17->16(97)
[2025-01-03T12:07:58.062+0900][495.072s][info][gc,heap     ] GC(158) Old regions: 19->19
[2025-01-03T12:07:58.062+0900][495.072s][info][gc,heap     ] GC(158) Humongous regions: 0->0
[2025-01-03T12:07:58.062+0900][495.072s][info][gc,metaspace] GC(158) Metaspace: 31886K(32512K)->31886K(32512K) NonClass: 27615K(27968K)->27615K(27968K) Class: 4270K(4544K)->4270K(4544K)
[2025-01-03T12:07:58.062+0900][495.072s][info][gc          ] GC(158) Pause Young (Normal) (G1 Evacuation Pause) 1577M->67M(2572M) 31.283ms
[2025-01-03T12:07:58.062+0900][495.072s][info][gc,cpu      ] GC(158) User=0.11s Sys=0.00s Real=0.03s
[2025-01-03T12:07:58.550+0900][495.559s][info][gc,start    ] GC(159) Pause Young (Normal) (G1 Evacuation Pause)
[2025-01-03T12:07:58.550+0900][495.560s][info][gc,task     ] GC(159) Using 8 workers of 8 for evacuation
[2025-01-03T12:07:58.585+0900][495.594s][info][gc,phases   ] GC(159)   Pre Evacuate Collection Set: 0.5ms
[2025-01-03T12:07:58.585+0900][495.594s][info][gc,phases   ] GC(159)   Merge Heap Roots: 0.1ms
[2025-01-03T12:07:58.585+0900][495.594s][info][gc,phases   ] GC(159)   Evacuate Collection Set: 33.4ms
[2025-01-03T12:07:58.585+0900][495.594s][info][gc,phases   ] GC(159)   Post Evacuate Collection Set: 0.6ms
[2025-01-03T12:07:58.585+0900][495.595s][info][gc,phases   ] GC(159)   Other: 0.2ms
[2025-01-03T12:07:58.585+0900][495.595s][info][gc,heap     ] GC(159) Eden regions: 755->0(755)
[2025-01-03T12:07:58.585+0900][495.595s][info][gc,heap     ] GC(159) Survivor regions: 16->16(97)
[2025-01-03T12:07:58.585+0900][495.595s][info][gc,heap     ] GC(159) Old regions: 19->19
[2025-01-03T12:07:58.585+0900][495.595s][info][gc,heap     ] GC(159) Humongous regions: 0->0
[2025-01-03T12:07:58.585+0900][495.595s][info][gc,metaspace] GC(159) Metaspace: 31886K(32512K)->31886K(32512K) NonClass: 27615K(27968K)->27615K(27968K) Class: 4270K(4544K)->4270K(4544K)
[2025-01-03T12:07:58.585+0900][495.595s][info][gc          ] GC(159) Pause Young (Normal) (G1 Evacuation Pause) 1577M->67M(2572M) 35.264ms
[2025-01-03T12:07:58.585+0900][495.595s][info][gc,cpu      ] GC(159) User=0.11s Sys=0.00s Real=0.03s
[2025-01-03T12:07:59.011+0900][496.021s][info][gc,start    ] GC(160) Pause Young (Normal) (G1 Evacuation Pause)
[2025-01-03T12:07:59.011+0900][496.021s][info][gc,task     ] GC(160) Using 8 workers of 8 for evacuation
[2025-01-03T12:07:59.045+0900][496.055s][info][gc,phases   ] GC(160)   Pre Evacuate Collection Set: 0.4ms
[2025-01-03T12:07:59.045+0900][496.055s][info][gc,phases   ] GC(160)   Merge Heap Roots: 0.2ms
[2025-01-03T12:07:59.045+0900][496.055s][info][gc,phases   ] GC(160)   Evacuate Collection Set: 32.3ms
[2025-01-03T12:07:59.045+0900][496.055s][info][gc,phases   ] GC(160)   Post Evacuate Collection Set: 0.7ms
[2025-01-03T12:07:59.045+0900][496.055s][info][gc,phases   ] GC(160)   Other: 0.1ms
[2025-01-03T12:07:59.045+0900][496.055s][info][gc,heap     ] GC(160) Eden regions: 755->0(755)
[2025-01-03T12:07:59.045+0900][496.055s][info][gc,heap     ] GC(160) Survivor regions: 16->16(97)
[2025-01-03T12:07:59.045+0900][496.055s][info][gc,heap     ] GC(160) Old regions: 19->19
[2025-01-03T12:07:59.045+0900][496.055s][info][gc,heap     ] GC(160) Humongous regions: 0->0
[2025-01-03T12:07:59.045+0900][496.055s][info][gc,metaspace] GC(160) Metaspace: 31886K(32512K)->31886K(32512K) NonClass: 27615K(27968K)->27615K(27968K) Class: 4270K(4544K)->4270K(4544K)
[2025-01-03T12:07:59.045+0900][496.055s][info][gc          ] GC(160) Pause Young (Normal) (G1 Evacuation Pause) 1577M->67M(2572M) 34.164ms
[2025-01-03T12:07:59.045+0900][496.055s][info][gc,cpu      ] GC(160) User=0.11s Sys=0.01s Real=0.03s
[2025-01-03T12:07:59.492+0900][496.502s][info][gc,start    ] GC(161) Pause Young (Normal) (G1 Evacuation Pause)
[2025-01-03T12:07:59.493+0900][496.502s][info][gc,task     ] GC(161) Using 8 workers of 8 for evacuation
[2025-01-03T12:07:59.523+0900][496.533s][info][gc,phases   ] GC(161)   Pre Evacuate Collection Set: 0.5ms
[2025-01-03T12:07:59.524+0900][496.533s][info][gc,phases   ] GC(161)   Merge Heap Roots: 0.2ms
[2025-01-03T12:07:59.524+0900][496.533s][info][gc,phases   ] GC(161)   Evacuate Collection Set: 29.3ms
[2025-01-03T12:07:59.524+0900][496.533s][info][gc,phases   ] GC(161)   Post Evacuate Collection Set: 0.9ms
[2025-01-03T12:07:59.524+0900][496.533s][info][gc,phases   ] GC(161)   Other: 0.1ms
[2025-01-03T12:07:59.524+0900][496.533s][info][gc,heap     ] GC(161) Eden regions: 755->0(755)
[2025-01-03T12:07:59.524+0900][496.533s][info][gc,heap     ] GC(161) Survivor regions: 16->16(97)
[2025-01-03T12:07:59.524+0900][496.533s][info][gc,heap     ] GC(161) Old regions: 19->19
[2025-01-03T12:07:59.524+0900][496.533s][info][gc,heap     ] GC(161) Humongous regions: 0->0
[2025-01-03T12:07:59.524+0900][496.533s][info][gc,metaspace] GC(161) Metaspace: 31886K(32512K)->31886K(32512K) NonClass: 27615K(27968K)->27615K(27968K) Class: 4270K(4544K)->4270K(4544K)
[2025-01-03T12:07:59.524+0900][496.533s][info][gc          ] GC(161) Pause Young (Normal) (G1 Evacuation Pause) 1577M->67M(2572M) 31.334ms
[2025-01-03T12:07:59.524+0900][496.533s][info][gc,cpu      ] GC(161) User=0.11s Sys=0.00s Real=0.03s
[2025-01-03T12:07:59.961+0900][496.971s][info][gc,start    ] GC(162) Pause Young (Normal) (G1 Evacuation Pause)
[2025-01-03T12:07:59.961+0900][496.971s][info][gc,task     ] GC(162) Using 8 workers of 8 for evacuation
[2025-01-03T12:07:59.996+0900][497.006s][info][gc,phases   ] GC(162)   Pre Evacuate Collection Set: 0.4ms
[2025-01-03T12:07:59.996+0900][497.006s][info][gc,phases   ] GC(162)   Merge Heap Roots: 0.2ms
[2025-01-03T12:07:59.996+0900][497.006s][info][gc,phases   ] GC(162)   Evacuate Collection Set: 33.2ms
[2025-01-03T12:07:59.996+0900][497.006s][info][gc,phases   ] GC(162)   Post Evacuate Collection Set: 0.7ms
[2025-01-03T12:07:59.996+0900][497.006s][info][gc,phases   ] GC(162)   Other: 0.1ms
[2025-01-03T12:07:59.996+0900][497.006s][info][gc,heap     ] GC(162) Eden regions: 755->0(755)
[2025-01-03T12:07:59.996+0900][497.006s][info][gc,heap     ] GC(162) Survivor regions: 16->16(97)
[2025-01-03T12:07:59.996+0900][497.006s][info][gc,heap     ] GC(162) Old regions: 19->19
[2025-01-03T12:07:59.996+0900][497.006s][info][gc,heap     ] GC(162) Humongous regions: 0->0
[2025-01-03T12:07:59.996+0900][497.006s][info][gc,metaspace] GC(162) Metaspace: 31886K(32512K)->31886K(32512K) NonClass: 27615K(27968K)->27615K(27968K) Class: 4270K(4544K)->4270K(4544K)
[2025-01-03T12:07:59.996+0900][497.006s][info][gc          ] GC(162) Pause Young (Normal) (G1 Evacuation Pause) 1577M->67M(2572M) 34.956ms
[2025-01-03T12:07:59.996+0900][497.006s][info][gc,cpu      ] GC(162) User=0.10s Sys=0.00s Real=0.03s
[2025-01-03T12:08:00.449+0900][497.459s][info][gc,start    ] GC(163) Pause Young (Normal) (G1 Evacuation Pause)
[2025-01-03T12:08:00.450+0900][497.459s][info][gc,task     ] GC(163) Using 8 workers of 8 for evacuation
[2025-01-03T12:08:00.482+0900][497.492s][info][gc,phases   ] GC(163)   Pre Evacuate Collection Set: 0.6ms
[2025-01-03T12:08:00.483+0900][497.492s][info][gc,phases   ] GC(163)   Merge Heap Roots: 0.1ms
[2025-01-03T12:08:00.483+0900][497.492s][info][gc,phases   ] GC(163)   Evacuate Collection Set: 30.8ms
[2025-01-03T12:08:00.483+0900][497.492s][info][gc,phases   ] GC(163)   Post Evacuate Collection Set: 1.1ms
[2025-01-03T12:08:00.483+0900][497.492s][info][gc,phases   ] GC(163)   Other: 0.2ms
[2025-01-03T12:08:00.483+0900][497.492s][info][gc,heap     ] GC(163) Eden regions: 755->0(755)
[2025-01-03T12:08:00.483+0900][497.492s][info][gc,heap     ] GC(163) Survivor regions: 16->16(97)
[2025-01-03T12:08:00.483+0900][497.492s][info][gc,heap     ] GC(163) Old regions: 19->19
[2025-01-03T12:08:00.483+0900][497.492s][info][gc,heap     ] GC(163) Humongous regions: 0->0
[2025-01-03T12:08:00.483+0900][497.492s][info][gc,metaspace] GC(163) Metaspace: 31886K(32512K)->31886K(32512K) NonClass: 27615K(27968K)->27615K(27968K) Class: 4270K(4544K)->4270K(4544K)
[2025-01-03T12:08:00.483+0900][497.492s][info][gc          ] GC(163) Pause Young (Normal) (G1 Evacuation Pause) 1577M->67M(2572M) 33.438ms
[2025-01-03T12:08:00.483+0900][497.493s][info][gc,cpu      ] GC(163) User=0.10s Sys=0.00s Real=0.04s
[2025-01-03T12:08:00.968+0900][497.977s][info][gc,start    ] GC(164) Pause Young (Normal) (G1 Evacuation Pause)
[2025-01-03T12:08:00.968+0900][497.977s][info][gc,task     ] GC(164) Using 8 workers of 8 for evacuation
[2025-01-03T12:08:00.998+0900][498.007s][info][gc,phases   ] GC(164)   Pre Evacuate Collection Set: 0.3ms
[2025-01-03T12:08:00.998+0900][498.007s][info][gc,phases   ] GC(164)   Merge Heap Roots: 0.1ms
[2025-01-03T12:08:00.998+0900][498.007s][info][gc,phases   ] GC(164)   Evacuate Collection Set: 28.5ms
[2025-01-03T12:08:00.998+0900][498.007s][info][gc,phases   ] GC(164)   Post Evacuate Collection Set: 0.6ms
[2025-01-03T12:08:00.998+0900][498.007s][info][gc,phases   ] GC(164)   Other: 0.1ms
[2025-01-03T12:08:00.998+0900][498.007s][info][gc,heap     ] GC(164) Eden regions: 755->0(755)
[2025-01-03T12:08:00.998+0900][498.007s][info][gc,heap     ] GC(164) Survivor regions: 16->16(97)
[2025-01-03T12:08:00.998+0900][498.007s][info][gc,heap     ] GC(164) Old regions: 19->19
[2025-01-03T12:08:00.998+0900][498.007s][info][gc,heap     ] GC(164) Humongous regions: 0->0
[2025-01-03T12:08:00.998+0900][498.007s][info][gc,metaspace] GC(164) Metaspace: 31886K(32512K)->31886K(32512K) NonClass: 27615K(27968K)->27615K(27968K) Class: 4270K(4544K)->4270K(4544K)
[2025-01-03T12:08:00.998+0900][498.007s][info][gc          ] GC(164) Pause Young (Normal) (G1 Evacuation Pause) 1577M->66M(2572M) 30.056ms
[2025-01-03T12:08:00.998+0900][498.008s][info][gc,cpu      ] GC(164) User=0.10s Sys=0.01s Real=0.03s
[2025-01-03T12:08:01.462+0900][498.472s][info][gc,start    ] GC(165) Pause Young (Normal) (G1 Evacuation Pause)
[2025-01-03T12:08:01.463+0900][498.472s][info][gc,task     ] GC(165) Using 8 workers of 8 for evacuation
[2025-01-03T12:08:01.490+0900][498.500s][info][gc,phases   ] GC(165)   Pre Evacuate Collection Set: 0.4ms
[2025-01-03T12:08:01.490+0900][498.500s][info][gc,phases   ] GC(165)   Merge Heap Roots: 0.2ms
[2025-01-03T12:08:01.490+0900][498.500s][info][gc,phases   ] GC(165)   Evacuate Collection Set: 26.1ms
[2025-01-03T12:08:01.490+0900][498.500s][info][gc,phases   ] GC(165)   Post Evacuate Collection Set: 0.7ms
[2025-01-03T12:08:01.490+0900][498.500s][info][gc,phases   ] GC(165)   Other: 0.1ms
[2025-01-03T12:08:01.490+0900][498.500s][info][gc,heap     ] GC(165) Eden regions: 755->0(755)
[2025-01-03T12:08:01.490+0900][498.500s][info][gc,heap     ] GC(165) Survivor regions: 16->16(97)
[2025-01-03T12:08:01.490+0900][498.500s][info][gc,heap     ] GC(165) Old regions: 19->19
[2025-01-03T12:08:01.490+0900][498.500s][info][gc,heap     ] GC(165) Humongous regions: 0->0
[2025-01-03T12:08:01.490+0900][498.500s][info][gc,metaspace] GC(165) Metaspace: 31886K(32512K)->31886K(32512K) NonClass: 27615K(27968K)->27615K(27968K) Class: 4270K(4544K)->4270K(4544K)
[2025-01-03T12:08:01.490+0900][498.500s][info][gc          ] GC(165) Pause Young (Normal) (G1 Evacuation Pause) 1576M->67M(2572M) 27.896ms
[2025-01-03T12:08:01.490+0900][498.500s][info][gc,cpu      ] GC(165) User=0.09s Sys=0.00s Real=0.03s
[2025-01-03T12:08:01.976+0900][498.986s][info][gc,start    ] GC(166) Pause Young (Normal) (G1 Evacuation Pause)
[2025-01-03T12:08:01.977+0900][498.986s][info][gc,task     ] GC(166) Using 8 workers of 8 for evacuation
[2025-01-03T12:08:02.008+0900][499.018s][info][gc,phases   ] GC(166)   Pre Evacuate Collection Set: 0.5ms
[2025-01-03T12:08:02.008+0900][499.018s][info][gc,phases   ] GC(166)   Merge Heap Roots: 0.2ms
[2025-01-03T12:08:02.008+0900][499.018s][info][gc,phases   ] GC(166)   Evacuate Collection Set: 30.1ms
[2025-01-03T12:08:02.009+0900][499.018s][info][gc,phases   ] GC(166)   Post Evacuate Collection Set: 0.6ms
[2025-01-03T12:08:02.009+0900][499.018s][info][gc,phases   ] GC(166)   Other: 0.1ms
[2025-01-03T12:08:02.009+0900][499.018s][info][gc,heap     ] GC(166) Eden regions: 755->0(755)
[2025-01-03T12:08:02.009+0900][499.018s][info][gc,heap     ] GC(166) Survivor regions: 16->16(97)
[2025-01-03T12:08:02.009+0900][499.018s][info][gc,heap     ] GC(166) Old regions: 19->19
[2025-01-03T12:08:02.009+0900][499.018s][info][gc,heap     ] GC(166) Humongous regions: 0->0
[2025-01-03T12:08:02.009+0900][499.018s][info][gc,metaspace] GC(166) Metaspace: 31886K(32512K)->31886K(32512K) NonClass: 27615K(27968K)->27615K(27968K) Class: 4270K(4544K)->4270K(4544K)
[2025-01-03T12:08:02.009+0900][499.018s][info][gc          ] GC(166) Pause Young (Normal) (G1 Evacuation Pause) 1577M->66M(2572M) 32.377ms
[2025-01-03T12:08:02.009+0900][499.018s][info][gc,cpu      ] GC(166) User=0.10s Sys=0.00s Real=0.03s
[2025-01-03T12:08:02.483+0900][499.493s][info][gc,start    ] GC(167) Pause Young (Normal) (G1 Evacuation Pause)
[2025-01-03T12:08:02.483+0900][499.493s][info][gc,task     ] GC(167) Using 8 workers of 8 for evacuation
[2025-01-03T12:08:02.514+0900][499.524s][info][gc,phases   ] GC(167)   Pre Evacuate Collection Set: 0.4ms
[2025-01-03T12:08:02.514+0900][499.524s][info][gc,phases   ] GC(167)   Merge Heap Roots: 0.2ms
[2025-01-03T12:08:02.514+0900][499.524s][info][gc,phases   ] GC(167)   Evacuate Collection Set: 29.4ms
[2025-01-03T12:08:02.514+0900][499.524s][info][gc,phases   ] GC(167)   Post Evacuate Collection Set: 0.6ms
[2025-01-03T12:08:02.514+0900][499.524s][info][gc,phases   ] GC(167)   Other: 0.1ms
[2025-01-03T12:08:02.514+0900][499.524s][info][gc,heap     ] GC(167) Eden regions: 755->0(756)
[2025-01-03T12:08:02.514+0900][499.524s][info][gc,heap     ] GC(167) Survivor regions: 16->15(97)
[2025-01-03T12:08:02.514+0900][499.524s][info][gc,heap     ] GC(167) Old regions: 19->19
[2025-01-03T12:08:02.514+0900][499.524s][info][gc,heap     ] GC(167) Humongous regions: 0->0
[2025-01-03T12:08:02.514+0900][499.524s][info][gc,metaspace] GC(167) Metaspace: 31886K(32512K)->31886K(32512K) NonClass: 27615K(27968K)->27615K(27968K) Class: 4270K(4544K)->4270K(4544K)
[2025-01-03T12:08:02.514+0900][499.524s][info][gc          ] GC(167) Pause Young (Normal) (G1 Evacuation Pause) 1576M->65M(2572M) 30.992ms
[2025-01-03T12:08:02.514+0900][499.524s][info][gc,cpu      ] GC(167) User=0.10s Sys=0.00s Real=0.03s
[2025-01-03T12:08:03.020+0900][500.030s][info][gc,start    ] GC(168) Pause Young (Normal) (G1 Evacuation Pause)
[2025-01-03T12:08:03.020+0900][500.030s][info][gc,task     ] GC(168) Using 8 workers of 8 for evacuation
[2025-01-03T12:08:03.050+0900][500.060s][info][gc,phases   ] GC(168)   Pre Evacuate Collection Set: 0.4ms
[2025-01-03T12:08:03.050+0900][500.060s][info][gc,phases   ] GC(168)   Merge Heap Roots: 0.2ms
[2025-01-03T12:08:03.050+0900][500.060s][info][gc,phases   ] GC(168)   Evacuate Collection Set: 28.5ms
[2025-01-03T12:08:03.050+0900][500.060s][info][gc,phases   ] GC(168)   Post Evacuate Collection Set: 0.8ms
[2025-01-03T12:08:03.050+0900][500.060s][info][gc,phases   ] GC(168)   Other: 0.1ms
[2025-01-03T12:08:03.051+0900][500.060s][info][gc,heap     ] GC(168) Eden regions: 756->0(756)
[2025-01-03T12:08:03.051+0900][500.060s][info][gc,heap     ] GC(168) Survivor regions: 15->15(97)
[2025-01-03T12:08:03.051+0900][500.060s][info][gc,heap     ] GC(168) Old regions: 19->19
[2025-01-03T12:08:03.051+0900][500.060s][info][gc,heap     ] GC(168) Humongous regions: 0->0
[2025-01-03T12:08:03.051+0900][500.060s][info][gc,metaspace] GC(168) Metaspace: 31886K(32512K)->31886K(32512K) NonClass: 27615K(27968K)->27615K(27968K) Class: 4270K(4544K)->4270K(4544K)
[2025-01-03T12:08:03.051+0900][500.060s][info][gc          ] GC(168) Pause Young (Normal) (G1 Evacuation Pause) 1577M->65M(2572M) 30.241ms
[2025-01-03T12:08:03.051+0900][500.060s][info][gc,cpu      ] GC(168) User=0.09s Sys=0.00s Real=0.03s
[2025-01-03T12:08:03.505+0900][500.514s][info][gc,start    ] GC(169) Pause Young (Normal) (G1 Evacuation Pause)
[2025-01-03T12:08:03.505+0900][500.514s][info][gc,task     ] GC(169) Using 8 workers of 8 for evacuation
[2025-01-03T12:08:03.534+0900][500.544s][info][gc,phases   ] GC(169)   Pre Evacuate Collection Set: 0.3ms
[2025-01-03T12:08:03.534+0900][500.544s][info][gc,phases   ] GC(169)   Merge Heap Roots: 0.2ms
[2025-01-03T12:08:03.534+0900][500.544s][info][gc,phases   ] GC(169)   Evacuate Collection Set: 27.1ms
[2025-01-03T12:08:03.534+0900][500.544s][info][gc,phases   ] GC(169)   Post Evacuate Collection Set: 1.4ms
[2025-01-03T12:08:03.534+0900][500.544s][info][gc,phases   ] GC(169)   Other: 0.1ms
[2025-01-03T12:08:03.534+0900][500.544s][info][gc,heap     ] GC(169) Eden regions: 756->0(755)
[2025-01-03T12:08:03.534+0900][500.544s][info][gc,heap     ] GC(169) Survivor regions: 15->16(97)
[2025-01-03T12:08:03.534+0900][500.544s][info][gc,heap     ] GC(169) Old regions: 19->19
[2025-01-03T12:08:03.534+0900][500.544s][info][gc,heap     ] GC(169) Humongous regions: 0->0
[2025-01-03T12:08:03.534+0900][500.544s][info][gc,metaspace] GC(169) Metaspace: 31886K(32512K)->31886K(32512K) NonClass: 27615K(27968K)->27615K(27968K) Class: 4270K(4544K)->4270K(4544K)
[2025-01-03T12:08:03.534+0900][500.544s][info][gc          ] GC(169) Pause Young (Normal) (G1 Evacuation Pause) 1577M->66M(2572M) 29.467ms
[2025-01-03T12:08:03.534+0900][500.544s][info][gc,cpu      ] GC(169) User=0.10s Sys=0.00s Real=0.03s
[2025-01-03T12:08:04.018+0900][501.028s][info][gc,start    ] GC(170) Pause Young (Normal) (G1 Evacuation Pause)
[2025-01-03T12:08:04.018+0900][501.028s][info][gc,task     ] GC(170) Using 8 workers of 8 for evacuation
[2025-01-03T12:08:04.035+0900][501.044s][info][gc,phases   ] GC(170)   Pre Evacuate Collection Set: 0.3ms
[2025-01-03T12:08:04.035+0900][501.045s][info][gc,phases   ] GC(170)   Merge Heap Roots: 0.2ms
[2025-01-03T12:08:04.035+0900][501.045s][info][gc,phases   ] GC(170)   Evacuate Collection Set: 15.4ms
[2025-01-03T12:08:04.035+0900][501.045s][info][gc,phases   ] GC(170)   Post Evacuate Collection Set: 0.5ms
[2025-01-03T12:08:04.035+0900][501.045s][info][gc,phases   ] GC(170)   Other: 0.1ms
[2025-01-03T12:08:04.035+0900][501.045s][info][gc,heap     ] GC(170) Eden regions: 755->0(756)
[2025-01-03T12:08:04.035+0900][501.045s][info][gc,heap     ] GC(170) Survivor regions: 16->15(97)
[2025-01-03T12:08:04.035+0900][501.045s][info][gc,heap     ] GC(170) Old regions: 19->19
[2025-01-03T12:08:04.035+0900][501.045s][info][gc,heap     ] GC(170) Humongous regions: 0->0
[2025-01-03T12:08:04.035+0900][501.045s][info][gc,metaspace] GC(170) Metaspace: 31886K(32512K)->31886K(32512K) NonClass: 27615K(27968K)->27615K(27968K) Class: 4270K(4544K)->4270K(4544K)
[2025-01-03T12:08:04.035+0900][501.045s][info][gc          ] GC(170) Pause Young (Normal) (G1 Evacuation Pause) 1576M->64M(2572M) 16.816ms
[2025-01-03T12:08:04.035+0900][501.045s][info][gc,cpu      ] GC(170) User=0.08s Sys=0.00s Real=0.02s
[2025-01-03T12:08:04.488+0900][501.498s][info][gc,start    ] GC(171) Pause Young (Normal) (G1 Evacuation Pause)
[2025-01-03T12:08:04.488+0900][501.498s][info][gc,task     ] GC(171) Using 8 workers of 8 for evacuation
[2025-01-03T12:08:04.528+0900][501.538s][info][gc,phases   ] GC(171)   Pre Evacuate Collection Set: 0.6ms
[2025-01-03T12:08:04.528+0900][501.538s][info][gc,phases   ] GC(171)   Merge Heap Roots: 0.2ms
[2025-01-03T12:08:04.528+0900][501.538s][info][gc,phases   ] GC(171)   Evacuate Collection Set: 38.2ms
[2025-01-03T12:08:04.528+0900][501.538s][info][gc,phases   ] GC(171)   Post Evacuate Collection Set: 0.8ms
[2025-01-03T12:08:04.528+0900][501.538s][info][gc,phases   ] GC(171)   Other: 0.1ms
[2025-01-03T12:08:04.528+0900][501.538s][info][gc,heap     ] GC(171) Eden regions: 756->0(756)
[2025-01-03T12:08:04.528+0900][501.538s][info][gc,heap     ] GC(171) Survivor regions: 15->15(97)
[2025-01-03T12:08:04.528+0900][501.538s][info][gc,heap     ] GC(171) Old regions: 19->19
[2025-01-03T12:08:04.528+0900][501.538s][info][gc,heap     ] GC(171) Humongous regions: 0->0
[2025-01-03T12:08:04.528+0900][501.538s][info][gc,metaspace] GC(171) Metaspace: 31886K(32512K)->31886K(32512K) NonClass: 27615K(27968K)->27615K(27968K) Class: 4270K(4544K)->4270K(4544K)
[2025-01-03T12:08:04.528+0900][501.538s][info][gc          ] GC(171) Pause Young (Normal) (G1 Evacuation Pause) 1576M->65M(2572M) 40.289ms
[2025-01-03T12:08:04.528+0900][501.538s][info][gc,cpu      ] GC(171) User=0.10s Sys=0.00s Real=0.04s
[2025-01-03T12:08:04.948+0900][501.958s][info][gc,start    ] GC(172) Pause Young (Normal) (G1 Evacuation Pause)
[2025-01-03T12:08:04.949+0900][501.958s][info][gc,task     ] GC(172) Using 8 workers of 8 for evacuation
[2025-01-03T12:08:04.979+0900][501.988s][info][gc,phases   ] GC(172)   Pre Evacuate Collection Set: 0.8ms
[2025-01-03T12:08:04.979+0900][501.988s][info][gc,phases   ] GC(172)   Merge Heap Roots: 0.2ms
[2025-01-03T12:08:04.979+0900][501.988s][info][gc,phases   ] GC(172)   Evacuate Collection Set: 28.3ms
[2025-01-03T12:08:04.979+0900][501.988s][info][gc,phases   ] GC(172)   Post Evacuate Collection Set: 0.6ms
[2025-01-03T12:08:04.979+0900][501.988s][info][gc,phases   ] GC(172)   Other: 0.2ms
[2025-01-03T12:08:04.979+0900][501.988s][info][gc,heap     ] GC(172) Eden regions: 756->0(756)
[2025-01-03T12:08:04.979+0900][501.988s][info][gc,heap     ] GC(172) Survivor regions: 15->15(97)
[2025-01-03T12:08:04.979+0900][501.988s][info][gc,heap     ] GC(172) Old regions: 19->19
[2025-01-03T12:08:04.979+0900][501.988s][info][gc,heap     ] GC(172) Humongous regions: 0->0
[2025-01-03T12:08:04.979+0900][501.988s][info][gc,metaspace] GC(172) Metaspace: 31886K(32512K)->31886K(32512K) NonClass: 27615K(27968K)->27615K(27968K) Class: 4270K(4544K)->4270K(4544K)
[2025-01-03T12:08:04.979+0900][501.988s][info][gc          ] GC(172) Pause Young (Normal) (G1 Evacuation Pause) 1577M->64M(2572M) 30.478ms
[2025-01-03T12:08:04.979+0900][501.988s][info][gc,cpu      ] GC(172) User=0.10s Sys=0.01s Real=0.03s
[2025-01-03T12:08:05.459+0900][502.469s][info][gc,start    ] GC(173) Pause Young (Normal) (G1 Evacuation Pause)
[2025-01-03T12:08:05.459+0900][502.469s][info][gc,task     ] GC(173) Using 8 workers of 8 for evacuation
[2025-01-03T12:08:05.485+0900][502.495s][info][gc,phases   ] GC(173)   Pre Evacuate Collection Set: 0.5ms
[2025-01-03T12:08:05.485+0900][502.495s][info][gc,phases   ] GC(173)   Merge Heap Roots: 0.2ms
[2025-01-03T12:08:05.485+0900][502.495s][info][gc,phases   ] GC(173)   Evacuate Collection Set: 24.2ms
[2025-01-03T12:08:05.485+0900][502.495s][info][gc,phases   ] GC(173)   Post Evacuate Collection Set: 0.6ms
[2025-01-03T12:08:05.485+0900][502.495s][info][gc,phases   ] GC(173)   Other: 0.2ms
[2025-01-03T12:08:05.485+0900][502.495s][info][gc,heap     ] GC(173) Eden regions: 756->0(757)
[2025-01-03T12:08:05.485+0900][502.495s][info][gc,heap     ] GC(173) Survivor regions: 15->14(97)
[2025-01-03T12:08:05.485+0900][502.495s][info][gc,heap     ] GC(173) Old regions: 19->19
[2025-01-03T12:08:05.485+0900][502.495s][info][gc,heap     ] GC(173) Humongous regions: 0->0
[2025-01-03T12:08:05.485+0900][502.495s][info][gc,metaspace] GC(173) Metaspace: 31886K(32512K)->31886K(32512K) NonClass: 27615K(27968K)->27615K(27968K) Class: 4270K(4544K)->4270K(4544K)
[2025-01-03T12:08:05.485+0900][502.495s][info][gc          ] GC(173) Pause Young (Normal) (G1 Evacuation Pause) 1576M->63M(2572M) 26.147ms
[2025-01-03T12:08:05.486+0900][502.495s][info][gc,cpu      ] GC(173) User=0.09s Sys=0.00s Real=0.03s
[2025-01-03T12:08:05.947+0900][502.956s][info][gc,start    ] GC(174) Pause Young (Normal) (G1 Evacuation Pause)
[2025-01-03T12:08:05.947+0900][502.957s][info][gc,task     ] GC(174) Using 8 workers of 8 for evacuation
[2025-01-03T12:08:05.977+0900][502.986s][info][gc,phases   ] GC(174)   Pre Evacuate Collection Set: 0.8ms
[2025-01-03T12:08:05.977+0900][502.986s][info][gc,phases   ] GC(174)   Merge Heap Roots: 0.2ms
[2025-01-03T12:08:05.977+0900][502.986s][info][gc,phases   ] GC(174)   Evacuate Collection Set: 27.8ms
[2025-01-03T12:08:05.977+0900][502.986s][info][gc,phases   ] GC(174)   Post Evacuate Collection Set: 0.6ms
[2025-01-03T12:08:05.977+0900][502.986s][info][gc,phases   ] GC(174)   Other: 0.1ms
[2025-01-03T12:08:05.977+0900][502.986s][info][gc,heap     ] GC(174) Eden regions: 757->0(758)
[2025-01-03T12:08:05.977+0900][502.986s][info][gc,heap     ] GC(174) Survivor regions: 14->13(97)
[2025-01-03T12:08:05.977+0900][502.986s][info][gc,heap     ] GC(174) Old regions: 19->19
[2025-01-03T12:08:05.977+0900][502.986s][info][gc,heap     ] GC(174) Humongous regions: 0->0
[2025-01-03T12:08:05.977+0900][502.986s][info][gc,metaspace] GC(174) Metaspace: 31886K(32512K)->31886K(32512K) NonClass: 27615K(27968K)->27615K(27968K) Class: 4270K(4544K)->4270K(4544K)
[2025-01-03T12:08:05.977+0900][502.986s][info][gc          ] GC(174) Pause Young (Normal) (G1 Evacuation Pause) 1577M->61M(2572M) 29.967ms
[2025-01-03T12:08:05.977+0900][502.986s][info][gc,cpu      ] GC(174) User=0.09s Sys=0.00s Real=0.03s
[2025-01-03T12:08:06.403+0900][503.413s][info][gc,start    ] GC(175) Pause Young (Normal) (G1 Evacuation Pause)
[2025-01-03T12:08:06.403+0900][503.413s][info][gc,task     ] GC(175) Using 8 workers of 8 for evacuation
[2025-01-03T12:08:06.426+0900][503.436s][info][gc,phases   ] GC(175)   Pre Evacuate Collection Set: 0.9ms
[2025-01-03T12:08:06.426+0900][503.436s][info][gc,phases   ] GC(175)   Merge Heap Roots: 0.2ms
[2025-01-03T12:08:06.426+0900][503.436s][info][gc,phases   ] GC(175)   Evacuate Collection Set: 20.5ms
[2025-01-03T12:08:06.426+0900][503.436s][info][gc,phases   ] GC(175)   Post Evacuate Collection Set: 0.8ms
[2025-01-03T12:08:06.426+0900][503.436s][info][gc,phases   ] GC(175)   Other: 0.1ms
[2025-01-03T12:08:06.426+0900][503.436s][info][gc,heap     ] GC(175) Eden regions: 758->0(759)
[2025-01-03T12:08:06.426+0900][503.436s][info][gc,heap     ] GC(175) Survivor regions: 13->12(97)
[2025-01-03T12:08:06.426+0900][503.436s][info][gc,heap     ] GC(175) Old regions: 19->19
[2025-01-03T12:08:06.426+0900][503.436s][info][gc,heap     ] GC(175) Humongous regions: 0->0
[2025-01-03T12:08:06.426+0900][503.436s][info][gc,metaspace] GC(175) Metaspace: 31886K(32512K)->31886K(32512K) NonClass: 27615K(27968K)->27615K(27968K) Class: 4270K(4544K)->4270K(4544K)
[2025-01-03T12:08:06.426+0900][503.436s][info][gc          ] GC(175) Pause Young (Normal) (G1 Evacuation Pause) 1577M->59M(2572M) 23.009ms
[2025-01-03T12:08:06.426+0900][503.436s][info][gc,cpu      ] GC(175) User=0.08s Sys=0.00s Real=0.02s
[2025-01-03T12:08:06.858+0900][503.867s][info][gc,start    ] GC(176) Pause Young (Normal) (G1 Evacuation Pause)
[2025-01-03T12:08:06.858+0900][503.868s][info][gc,task     ] GC(176) Using 8 workers of 8 for evacuation
[2025-01-03T12:08:06.895+0900][503.905s][info][gc,phases   ] GC(176)   Pre Evacuate Collection Set: 0.6ms
[2025-01-03T12:08:06.895+0900][503.905s][info][gc,phases   ] GC(176)   Merge Heap Roots: 0.3ms
[2025-01-03T12:08:06.895+0900][503.905s][info][gc,phases   ] GC(176)   Evacuate Collection Set: 35.3ms
[2025-01-03T12:08:06.895+0900][503.905s][info][gc,phases   ] GC(176)   Post Evacuate Collection Set: 0.9ms
[2025-01-03T12:08:06.895+0900][503.905s][info][gc,phases   ] GC(176)   Other: 0.1ms
[2025-01-03T12:08:06.895+0900][503.905s][info][gc,heap     ] GC(176) Eden regions: 759->0(758)
[2025-01-03T12:08:06.895+0900][503.905s][info][gc,heap     ] GC(176) Survivor regions: 12->13(97)
[2025-01-03T12:08:06.895+0900][503.905s][info][gc,heap     ] GC(176) Old regions: 19->19
[2025-01-03T12:08:06.895+0900][503.905s][info][gc,heap     ] GC(176) Humongous regions: 0->0
[2025-01-03T12:08:06.895+0900][503.905s][info][gc,metaspace] GC(176) Metaspace: 31886K(32512K)->31886K(32512K) NonClass: 27615K(27968K)->27615K(27968K) Class: 4270K(4544K)->4270K(4544K)
[2025-01-03T12:08:06.895+0900][503.905s][info][gc          ] GC(176) Pause Young (Normal) (G1 Evacuation Pause) 1577M->60M(2572M) 37.503ms
[2025-01-03T12:08:06.895+0900][503.905s][info][gc,cpu      ] GC(176) User=0.09s Sys=0.00s Real=0.04s
[2025-01-03T12:08:07.369+0900][504.378s][info][gc,start    ] GC(177) Pause Young (Normal) (G1 Evacuation Pause)
[2025-01-03T12:08:07.369+0900][504.379s][info][gc,task     ] GC(177) Using 8 workers of 8 for evacuation
[2025-01-03T12:08:07.403+0900][504.413s][info][gc,phases   ] GC(177)   Pre Evacuate Collection Set: 0.5ms
[2025-01-03T12:08:07.403+0900][504.413s][info][gc,phases   ] GC(177)   Merge Heap Roots: 0.3ms
[2025-01-03T12:08:07.403+0900][504.413s][info][gc,phases   ] GC(177)   Evacuate Collection Set: 32.4ms
[2025-01-03T12:08:07.403+0900][504.413s][info][gc,phases   ] GC(177)   Post Evacuate Collection Set: 0.7ms
[2025-01-03T12:08:07.403+0900][504.413s][info][gc,phases   ] GC(177)   Other: 0.1ms
[2025-01-03T12:08:07.403+0900][504.413s][info][gc,heap     ] GC(177) Eden regions: 758->0(758)
[2025-01-03T12:08:07.403+0900][504.413s][info][gc,heap     ] GC(177) Survivor regions: 13->13(97)
[2025-01-03T12:08:07.403+0900][504.413s][info][gc,heap     ] GC(177) Old regions: 19->19
[2025-01-03T12:08:07.403+0900][504.413s][info][gc,heap     ] GC(177) Humongous regions: 0->0
[2025-01-03T12:08:07.403+0900][504.413s][info][gc,metaspace] GC(177) Metaspace: 31886K(32512K)->31886K(32512K) NonClass: 27615K(27968K)->27615K(27968K) Class: 4270K(4544K)->4270K(4544K)
[2025-01-03T12:08:07.403+0900][504.413s][info][gc          ] GC(177) Pause Young (Normal) (G1 Evacuation Pause) 1576M->60M(2572M) 34.309ms
[2025-01-03T12:08:07.403+0900][504.413s][info][gc,cpu      ] GC(177) User=0.08s Sys=0.00s Real=0.04s
[2025-01-03T12:08:07.852+0900][504.862s][info][gc,start    ] GC(178) Pause Young (Normal) (G1 Evacuation Pause)
[2025-01-03T12:08:07.852+0900][504.862s][info][gc,task     ] GC(178) Using 8 workers of 8 for evacuation
[2025-01-03T12:08:07.881+0900][504.890s][info][gc,phases   ] GC(178)   Pre Evacuate Collection Set: 0.4ms
[2025-01-03T12:08:07.881+0900][504.891s][info][gc,phases   ] GC(178)   Merge Heap Roots: 0.2ms
[2025-01-03T12:08:07.881+0900][504.891s][info][gc,phases   ] GC(178)   Evacuate Collection Set: 27.0ms
[2025-01-03T12:08:07.881+0900][504.891s][info][gc,phases   ] GC(178)   Post Evacuate Collection Set: 1.0ms
[2025-01-03T12:08:07.881+0900][504.891s][info][gc,phases   ] GC(178)   Other: 0.1ms
[2025-01-03T12:08:07.881+0900][504.891s][info][gc,heap     ] GC(178) Eden regions: 758->0(760)
[2025-01-03T12:08:07.881+0900][504.891s][info][gc,heap     ] GC(178) Survivor regions: 13->11(97)
[2025-01-03T12:08:07.881+0900][504.891s][info][gc,heap     ] GC(178) Old regions: 19->19
[2025-01-03T12:08:07.881+0900][504.891s][info][gc,heap     ] GC(178) Humongous regions: 0->0
[2025-01-03T12:08:07.881+0900][504.891s][info][gc,metaspace] GC(178) Metaspace: 31886K(32512K)->31886K(32512K) NonClass: 27615K(27968K)->27615K(27968K) Class: 4270K(4544K)->4270K(4544K)
[2025-01-03T12:08:07.881+0900][504.891s][info][gc          ] GC(178) Pause Young (Normal) (G1 Evacuation Pause) 1576M->57M(2572M) 29.063ms
[2025-01-03T12:08:07.881+0900][504.891s][info][gc,cpu      ] GC(178) User=0.08s Sys=0.00s Real=0.03s
[2025-01-03T12:08:08.311+0900][505.320s][info][gc,start    ] GC(179) Pause Young (Normal) (G1 Evacuation Pause)
[2025-01-03T12:08:08.311+0900][505.320s][info][gc,task     ] GC(179) Using 8 workers of 8 for evacuation
[2025-01-03T12:08:08.334+0900][505.344s][info][gc,phases   ] GC(179)   Pre Evacuate Collection Set: 0.4ms
[2025-01-03T12:08:08.334+0900][505.344s][info][gc,phases   ] GC(179)   Merge Heap Roots: 0.2ms
[2025-01-03T12:08:08.334+0900][505.344s][info][gc,phases   ] GC(179)   Evacuate Collection Set: 21.5ms
[2025-01-03T12:08:08.334+0900][505.344s][info][gc,phases   ] GC(179)   Post Evacuate Collection Set: 1.0ms
[2025-01-03T12:08:08.334+0900][505.344s][info][gc,phases   ] GC(179)   Other: 0.1ms
[2025-01-03T12:08:08.334+0900][505.344s][info][gc,heap     ] GC(179) Eden regions: 760->0(759)
[2025-01-03T12:08:08.334+0900][505.344s][info][gc,heap     ] GC(179) Survivor regions: 11->12(97)
[2025-01-03T12:08:08.334+0900][505.344s][info][gc,heap     ] GC(179) Old regions: 19->19
[2025-01-03T12:08:08.334+0900][505.344s][info][gc,heap     ] GC(179) Humongous regions: 0->0
[2025-01-03T12:08:08.334+0900][505.344s][info][gc,metaspace] GC(179) Metaspace: 31886K(32512K)->31886K(32512K) NonClass: 27615K(27968K)->27615K(27968K) Class: 4270K(4544K)->4270K(4544K)
[2025-01-03T12:08:08.334+0900][505.344s][info][gc          ] GC(179) Pause Young (Normal) (G1 Evacuation Pause) 1577M->58M(2572M) 23.479ms
[2025-01-03T12:08:08.334+0900][505.344s][info][gc,cpu      ] GC(179) User=0.08s Sys=0.00s Real=0.02s
[2025-01-03T12:08:08.792+0900][505.801s][info][gc,start    ] GC(180) Pause Young (Normal) (G1 Evacuation Pause)
[2025-01-03T12:08:08.792+0900][505.801s][info][gc,task     ] GC(180) Using 8 workers of 8 for evacuation
[2025-01-03T12:08:08.816+0900][505.826s][info][gc,phases   ] GC(180)   Pre Evacuate Collection Set: 0.4ms
[2025-01-03T12:08:08.816+0900][505.826s][info][gc,phases   ] GC(180)   Merge Heap Roots: 0.2ms
[2025-01-03T12:08:08.816+0900][505.826s][info][gc,phases   ] GC(180)   Evacuate Collection Set: 22.3ms
[2025-01-03T12:08:08.816+0900][505.826s][info][gc,phases   ] GC(180)   Post Evacuate Collection Set: 1.4ms
[2025-01-03T12:08:08.816+0900][505.826s][info][gc,phases   ] GC(180)   Other: 0.1ms
[2025-01-03T12:08:08.817+0900][505.826s][info][gc,heap     ] GC(180) Eden regions: 759->0(759)
[2025-01-03T12:08:08.817+0900][505.826s][info][gc,heap     ] GC(180) Survivor regions: 12->12(97)
[2025-01-03T12:08:08.817+0900][505.826s][info][gc,heap     ] GC(180) Old regions: 19->19
[2025-01-03T12:08:08.817+0900][505.826s][info][gc,heap     ] GC(180) Humongous regions: 0->0
[2025-01-03T12:08:08.817+0900][505.826s][info][gc,metaspace] GC(180) Metaspace: 31886K(32512K)->31886K(32512K) NonClass: 27615K(27968K)->27615K(27968K) Class: 4270K(4544K)->4270K(4544K)
[2025-01-03T12:08:08.817+0900][505.826s][info][gc          ] GC(180) Pause Young (Normal) (G1 Evacuation Pause) 1576M->58M(2572M) 24.882ms
[2025-01-03T12:08:08.817+0900][505.826s][info][gc,cpu      ] GC(180) User=0.08s Sys=0.00s Real=0.02s
[2025-01-03T12:08:09.247+0900][506.257s][info][gc,start    ] GC(181) Pause Young (Normal) (G1 Evacuation Pause)
[2025-01-03T12:08:09.247+0900][506.257s][info][gc,task     ] GC(181) Using 8 workers of 8 for evacuation
[2025-01-03T12:08:09.269+0900][506.279s][info][gc,phases   ] GC(181)   Pre Evacuate Collection Set: 0.4ms
[2025-01-03T12:08:09.269+0900][506.279s][info][gc,phases   ] GC(181)   Merge Heap Roots: 0.2ms
[2025-01-03T12:08:09.269+0900][506.279s][info][gc,phases   ] GC(181)   Evacuate Collection Set: 20.9ms
[2025-01-03T12:08:09.269+0900][506.279s][info][gc,phases   ] GC(181)   Post Evacuate Collection Set: 0.6ms
[2025-01-03T12:08:09.269+0900][506.279s][info][gc,phases   ] GC(181)   Other: 0.1ms
[2025-01-03T12:08:09.269+0900][506.279s][info][gc,heap     ] GC(181) Eden regions: 759->0(760)
[2025-01-03T12:08:09.270+0900][506.279s][info][gc,heap     ] GC(181) Survivor regions: 12->11(97)
[2025-01-03T12:08:09.270+0900][506.279s][info][gc,heap     ] GC(181) Old regions: 19->19
[2025-01-03T12:08:09.270+0900][506.279s][info][gc,heap     ] GC(181) Humongous regions: 0->0
[2025-01-03T12:08:09.270+0900][506.279s][info][gc,metaspace] GC(181) Metaspace: 31886K(32512K)->31886K(32512K) NonClass: 27615K(27968K)->27615K(27968K) Class: 4270K(4544K)->4270K(4544K)
[2025-01-03T12:08:09.270+0900][506.279s][info][gc          ] GC(181) Pause Young (Normal) (G1 Evacuation Pause) 1576M->57M(2572M) 22.518ms
[2025-01-03T12:08:09.270+0900][506.279s][info][gc,cpu      ] GC(181) User=0.07s Sys=0.00s Real=0.03s
[2025-01-03T12:08:09.704+0900][506.713s][info][gc,start    ] GC(182) Pause Young (Normal) (G1 Evacuation Pause)
[2025-01-03T12:08:09.704+0900][506.714s][info][gc,task     ] GC(182) Using 8 workers of 8 for evacuation
[2025-01-03T12:08:09.729+0900][506.738s][info][gc,phases   ] GC(182)   Pre Evacuate Collection Set: 0.3ms
[2025-01-03T12:08:09.729+0900][506.738s][info][gc,phases   ] GC(182)   Merge Heap Roots: 0.1ms
[2025-01-03T12:08:09.729+0900][506.738s][info][gc,phases   ] GC(182)   Evacuate Collection Set: 23.4ms
[2025-01-03T12:08:09.729+0900][506.738s][info][gc,phases   ] GC(182)   Post Evacuate Collection Set: 0.7ms
[2025-01-03T12:08:09.729+0900][506.738s][info][gc,phases   ] GC(182)   Other: 0.1ms
[2025-01-03T12:08:09.729+0900][506.738s][info][gc,heap     ] GC(182) Eden regions: 760->0(760)
[2025-01-03T12:08:09.729+0900][506.738s][info][gc,heap     ] GC(182) Survivor regions: 11->11(97)
[2025-01-03T12:08:09.729+0900][506.738s][info][gc,heap     ] GC(182) Old regions: 19->19
[2025-01-03T12:08:09.729+0900][506.738s][info][gc,heap     ] GC(182) Humongous regions: 0->0
[2025-01-03T12:08:09.729+0900][506.738s][info][gc,metaspace] GC(182) Metaspace: 31886K(32512K)->31886K(32512K) NonClass: 27615K(27968K)->27615K(27968K) Class: 4270K(4544K)->4270K(4544K)
[2025-01-03T12:08:09.729+0900][506.738s][info][gc          ] GC(182) Pause Young (Normal) (G1 Evacuation Pause) 1577M->56M(2572M) 25.005ms
[2025-01-03T12:08:09.729+0900][506.739s][info][gc,cpu      ] GC(182) User=0.08s Sys=0.00s Real=0.02s
[2025-01-03T12:08:10.171+0900][507.180s][info][gc,start    ] GC(183) Pause Young (Normal) (G1 Evacuation Pause)
[2025-01-03T12:08:10.171+0900][507.181s][info][gc,task     ] GC(183) Using 8 workers of 8 for evacuation
[2025-01-03T12:08:10.227+0900][507.236s][info][gc,phases   ] GC(183)   Pre Evacuate Collection Set: 33.4ms
[2025-01-03T12:08:10.227+0900][507.236s][info][gc,phases   ] GC(183)   Merge Heap Roots: 0.2ms
[2025-01-03T12:08:10.227+0900][507.236s][info][gc,phases   ] GC(183)   Evacuate Collection Set: 21.0ms
[2025-01-03T12:08:10.227+0900][507.236s][info][gc,phases   ] GC(183)   Post Evacuate Collection Set: 0.8ms
[2025-01-03T12:08:10.227+0900][507.236s][info][gc,phases   ] GC(183)   Other: 0.1ms
[2025-01-03T12:08:10.227+0900][507.236s][info][gc,heap     ] GC(183) Eden regions: 760->0(760)
[2025-01-03T12:08:10.227+0900][507.236s][info][gc,heap     ] GC(183) Survivor regions: 11->11(97)
[2025-01-03T12:08:10.227+0900][507.236s][info][gc,heap     ] GC(183) Old regions: 19->19
[2025-01-03T12:08:10.227+0900][507.236s][info][gc,heap     ] GC(183) Humongous regions: 0->0
[2025-01-03T12:08:10.227+0900][507.236s][info][gc,metaspace] GC(183) Metaspace: 31886K(32512K)->31886K(32512K) NonClass: 27615K(27968K)->27615K(27968K) Class: 4270K(4544K)->4270K(4544K)
[2025-01-03T12:08:10.227+0900][507.236s][info][gc          ] GC(183) Pause Young (Normal) (G1 Evacuation Pause) 1576M->56M(2572M) 55.872ms
[2025-01-03T12:08:10.227+0900][507.236s][info][gc,cpu      ] GC(183) User=0.07s Sys=0.00s Real=0.05s
[2025-01-03T12:08:10.721+0900][507.731s][info][gc,start    ] GC(184) Pause Young (Normal) (G1 Evacuation Pause)
[2025-01-03T12:08:10.722+0900][507.731s][info][gc,task     ] GC(184) Using 8 workers of 8 for evacuation
[2025-01-03T12:08:10.746+0900][507.756s][info][gc,phases   ] GC(184)   Pre Evacuate Collection Set: 0.5ms
[2025-01-03T12:08:10.746+0900][507.756s][info][gc,phases   ] GC(184)   Merge Heap Roots: 0.2ms
[2025-01-03T12:08:10.746+0900][507.756s][info][gc,phases   ] GC(184)   Evacuate Collection Set: 23.2ms
[2025-01-03T12:08:10.746+0900][507.756s][info][gc,phases   ] GC(184)   Post Evacuate Collection Set: 0.6ms
[2025-01-03T12:08:10.746+0900][507.756s][info][gc,phases   ] GC(184)   Other: 0.1ms
[2025-01-03T12:08:10.746+0900][507.756s][info][gc,heap     ] GC(184) Eden regions: 760->0(760)
[2025-01-03T12:08:10.746+0900][507.756s][info][gc,heap     ] GC(184) Survivor regions: 11->11(97)
[2025-01-03T12:08:10.746+0900][507.756s][info][gc,heap     ] GC(184) Old regions: 19->19
[2025-01-03T12:08:10.746+0900][507.756s][info][gc,heap     ] GC(184) Humongous regions: 0->0
[2025-01-03T12:08:10.746+0900][507.756s][info][gc,metaspace] GC(184) Metaspace: 31886K(32512K)->31886K(32512K) NonClass: 27615K(27968K)->27615K(27968K) Class: 4270K(4544K)->4270K(4544K)
[2025-01-03T12:08:10.746+0900][507.756s][info][gc          ] GC(184) Pause Young (Normal) (G1 Evacuation Pause) 1576M->57M(2572M) 24.942ms
[2025-01-03T12:08:10.746+0900][507.756s][info][gc,cpu      ] GC(184) User=0.07s Sys=0.01s Real=0.02s
[2025-01-03T12:08:11.234+0900][508.243s][info][gc,start    ] GC(185) Pause Young (Normal) (G1 Evacuation Pause)
[2025-01-03T12:08:11.234+0900][508.243s][info][gc,task     ] GC(185) Using 8 workers of 8 for evacuation
[2025-01-03T12:08:11.253+0900][508.263s][info][gc,phases   ] GC(185)   Pre Evacuate Collection Set: 0.3ms
[2025-01-03T12:08:11.253+0900][508.263s][info][gc,phases   ] GC(185)   Merge Heap Roots: 0.1ms
[2025-01-03T12:08:11.253+0900][508.263s][info][gc,phases   ] GC(185)   Evacuate Collection Set: 17.9ms
[2025-01-03T12:08:11.253+0900][508.263s][info][gc,phases   ] GC(185)   Post Evacuate Collection Set: 0.7ms
[2025-01-03T12:08:11.253+0900][508.263s][info][gc,phases   ] GC(185)   Other: 0.1ms
[2025-01-03T12:08:11.253+0900][508.263s][info][gc,heap     ] GC(185) Eden regions: 760->0(761)
[2025-01-03T12:08:11.253+0900][508.263s][info][gc,heap     ] GC(185) Survivor regions: 11->10(97)
[2025-01-03T12:08:11.253+0900][508.263s][info][gc,heap     ] GC(185) Old regions: 19->19
[2025-01-03T12:08:11.253+0900][508.263s][info][gc,heap     ] GC(185) Humongous regions: 0->0
[2025-01-03T12:08:11.253+0900][508.263s][info][gc,metaspace] GC(185) Metaspace: 31886K(32512K)->31886K(32512K) NonClass: 27615K(27968K)->27615K(27968K) Class: 4270K(4544K)->4270K(4544K)
[2025-01-03T12:08:11.253+0900][508.263s][info][gc          ] GC(185) Pause Young (Normal) (G1 Evacuation Pause) 1577M->54M(2572M) 19.499ms
[2025-01-03T12:08:11.253+0900][508.263s][info][gc,cpu      ] GC(185) User=0.06s Sys=0.01s Real=0.02s
[2025-01-03T12:08:11.770+0900][508.780s][info][gc,start    ] GC(186) Pause Young (Normal) (G1 Evacuation Pause)
[2025-01-03T12:08:11.770+0900][508.780s][info][gc,task     ] GC(186) Using 8 workers of 8 for evacuation
[2025-01-03T12:08:11.788+0900][508.797s][info][gc,phases   ] GC(186)   Pre Evacuate Collection Set: 0.4ms
[2025-01-03T12:08:11.788+0900][508.797s][info][gc,phases   ] GC(186)   Merge Heap Roots: 0.2ms
[2025-01-03T12:08:11.788+0900][508.797s][info][gc,phases   ] GC(186)   Evacuate Collection Set: 15.7ms
[2025-01-03T12:08:11.788+0900][508.797s][info][gc,phases   ] GC(186)   Post Evacuate Collection Set: 0.9ms
[2025-01-03T12:08:11.788+0900][508.797s][info][gc,phases   ] GC(186)   Other: 0.1ms
[2025-01-03T12:08:11.788+0900][508.797s][info][gc,heap     ] GC(186) Eden regions: 761->0(761)
[2025-01-03T12:08:11.788+0900][508.797s][info][gc,heap     ] GC(186) Survivor regions: 10->10(97)
[2025-01-03T12:08:11.788+0900][508.797s][info][gc,heap     ] GC(186) Old regions: 19->19
[2025-01-03T12:08:11.788+0900][508.797s][info][gc,heap     ] GC(186) Humongous regions: 0->0
[2025-01-03T12:08:11.788+0900][508.797s][info][gc,metaspace] GC(186) Metaspace: 31886K(32512K)->31886K(32512K) NonClass: 27615K(27968K)->27615K(27968K) Class: 4270K(4544K)->4270K(4544K)
[2025-01-03T12:08:11.788+0900][508.797s][info][gc          ] GC(186) Pause Young (Normal) (G1 Evacuation Pause) 1576M->55M(2572M) 17.675ms
[2025-01-03T12:08:11.788+0900][508.797s][info][gc,cpu      ] GC(186) User=0.07s Sys=0.00s Real=0.01s
[2025-01-03T12:08:12.298+0900][509.308s][info][gc,start    ] GC(187) Pause Young (Normal) (G1 Evacuation Pause)
[2025-01-03T12:08:12.298+0900][509.308s][info][gc,task     ] GC(187) Using 8 workers of 8 for evacuation
[2025-01-03T12:08:12.320+0900][509.329s][info][gc,phases   ] GC(187)   Pre Evacuate Collection Set: 0.8ms
[2025-01-03T12:08:12.320+0900][509.329s][info][gc,phases   ] GC(187)   Merge Heap Roots: 0.4ms
[2025-01-03T12:08:12.320+0900][509.329s][info][gc,phases   ] GC(187)   Evacuate Collection Set: 19.5ms
[2025-01-03T12:08:12.320+0900][509.329s][info][gc,phases   ] GC(187)   Post Evacuate Collection Set: 0.6ms
[2025-01-03T12:08:12.320+0900][509.329s][info][gc,phases   ] GC(187)   Other: 0.1ms
[2025-01-03T12:08:12.320+0900][509.329s][info][gc,heap     ] GC(187) Eden regions: 761->0(762)
[2025-01-03T12:08:12.320+0900][509.329s][info][gc,heap     ] GC(187) Survivor regions: 10->9(97)
[2025-01-03T12:08:12.320+0900][509.329s][info][gc,heap     ] GC(187) Old regions: 19->19
[2025-01-03T12:08:12.320+0900][509.329s][info][gc,heap     ] GC(187) Humongous regions: 0->0
[2025-01-03T12:08:12.320+0900][509.329s][info][gc,metaspace] GC(187) Metaspace: 31886K(32512K)->31886K(32512K) NonClass: 27615K(27968K)->27615K(27968K) Class: 4270K(4544K)->4270K(4544K)
[2025-01-03T12:08:12.320+0900][509.329s][info][gc          ] GC(187) Pause Young (Normal) (G1 Evacuation Pause) 1577M->53M(2572M) 21.827ms
[2025-01-03T12:08:12.320+0900][509.330s][info][gc,cpu      ] GC(187) User=0.06s Sys=0.00s Real=0.03s
[2025-01-03T12:08:12.801+0900][509.811s][info][gc,start    ] GC(188) Pause Young (Normal) (G1 Evacuation Pause)
[2025-01-03T12:08:12.801+0900][509.811s][info][gc,task     ] GC(188) Using 8 workers of 8 for evacuation
[2025-01-03T12:08:12.819+0900][509.828s][info][gc,phases   ] GC(188)   Pre Evacuate Collection Set: 0.3ms
[2025-01-03T12:08:12.819+0900][509.829s][info][gc,phases   ] GC(188)   Merge Heap Roots: 0.2ms
[2025-01-03T12:08:12.819+0900][509.829s][info][gc,phases   ] GC(188)   Evacuate Collection Set: 16.1ms
[2025-01-03T12:08:12.819+0900][509.829s][info][gc,phases   ] GC(188)   Post Evacuate Collection Set: 1.2ms
[2025-01-03T12:08:12.819+0900][509.829s][info][gc,phases   ] GC(188)   Other: 0.1ms
[2025-01-03T12:08:12.819+0900][509.829s][info][gc,heap     ] GC(188) Eden regions: 762->0(763)
[2025-01-03T12:08:12.819+0900][509.829s][info][gc,heap     ] GC(188) Survivor regions: 9->8(97)
[2025-01-03T12:08:12.819+0900][509.829s][info][gc,heap     ] GC(188) Old regions: 19->19
[2025-01-03T12:08:12.819+0900][509.829s][info][gc,heap     ] GC(188) Humongous regions: 0->0
[2025-01-03T12:08:12.819+0900][509.829s][info][gc,metaspace] GC(188) Metaspace: 31886K(32512K)->31886K(32512K) NonClass: 27615K(27968K)->27615K(27968K) Class: 4270K(4544K)->4270K(4544K)
[2025-01-03T12:08:12.819+0900][509.829s][info][gc          ] GC(188) Pause Young (Normal) (G1 Evacuation Pause) 1577M->51M(2572M) 18.163ms
[2025-01-03T12:08:12.819+0900][509.829s][info][gc,cpu      ] GC(188) User=0.05s Sys=0.01s Real=0.01s
[2025-01-03T12:08:13.342+0900][510.352s][info][gc,start    ] GC(189) Pause Young (Normal) (G1 Evacuation Pause)
[2025-01-03T12:08:13.343+0900][510.352s][info][gc,task     ] GC(189) Using 8 workers of 8 for evacuation
[2025-01-03T12:08:13.362+0900][510.371s][info][gc,phases   ] GC(189)   Pre Evacuate Collection Set: 0.8ms
[2025-01-03T12:08:13.362+0900][510.371s][info][gc,phases   ] GC(189)   Merge Heap Roots: 0.2ms
[2025-01-03T12:08:13.362+0900][510.371s][info][gc,phases   ] GC(189)   Evacuate Collection Set: 17.2ms
[2025-01-03T12:08:13.362+0900][510.371s][info][gc,phases   ] GC(189)   Post Evacuate Collection Set: 0.6ms
[2025-01-03T12:08:13.362+0900][510.371s][info][gc,phases   ] GC(189)   Other: 0.1ms
[2025-01-03T12:08:13.362+0900][510.371s][info][gc,heap     ] GC(189) Eden regions: 763->0(762)
[2025-01-03T12:08:13.362+0900][510.371s][info][gc,heap     ] GC(189) Survivor regions: 8->9(97)
[2025-01-03T12:08:13.362+0900][510.371s][info][gc,heap     ] GC(189) Old regions: 19->19
[2025-01-03T12:08:13.362+0900][510.371s][info][gc,heap     ] GC(189) Humongous regions: 0->0
[2025-01-03T12:08:13.362+0900][510.371s][info][gc,metaspace] GC(189) Metaspace: 31886K(32512K)->31886K(32512K) NonClass: 27615K(27968K)->27615K(27968K) Class: 4270K(4544K)->4270K(4544K)
[2025-01-03T12:08:13.362+0900][510.371s][info][gc          ] GC(189) Pause Young (Normal) (G1 Evacuation Pause) 1577M->52M(2572M) 19.415ms
[2025-01-03T12:08:13.362+0900][510.372s][info][gc,cpu      ] GC(189) User=0.06s Sys=0.01s Real=0.02s
[2025-01-03T12:08:13.923+0900][510.933s][info][gc,start    ] GC(190) Pause Young (Normal) (G1 Evacuation Pause)
[2025-01-03T12:08:13.923+0900][510.933s][info][gc,task     ] GC(190) Using 8 workers of 8 for evacuation
[2025-01-03T12:08:13.951+0900][510.961s][info][gc,phases   ] GC(190)   Pre Evacuate Collection Set: 0.7ms
[2025-01-03T12:08:13.951+0900][510.961s][info][gc,phases   ] GC(190)   Merge Heap Roots: 0.3ms
[2025-01-03T12:08:13.951+0900][510.961s][info][gc,phases   ] GC(190)   Evacuate Collection Set: 25.2ms
[2025-01-03T12:08:13.951+0900][510.961s][info][gc,phases   ] GC(190)   Post Evacuate Collection Set: 1.7ms
[2025-01-03T12:08:13.951+0900][510.961s][info][gc,phases   ] GC(190)   Other: 0.1ms
[2025-01-03T12:08:13.951+0900][510.961s][info][gc,heap     ] GC(190) Eden regions: 762->0(763)
[2025-01-03T12:08:13.951+0900][510.961s][info][gc,heap     ] GC(190) Survivor regions: 9->8(97)
[2025-01-03T12:08:13.951+0900][510.961s][info][gc,heap     ] GC(190) Old regions: 19->19
[2025-01-03T12:08:13.951+0900][510.961s][info][gc,heap     ] GC(190) Humongous regions: 0->0
[2025-01-03T12:08:13.951+0900][510.961s][info][gc,metaspace] GC(190) Metaspace: 31886K(32512K)->31886K(32512K) NonClass: 27615K(27968K)->27615K(27968K) Class: 4270K(4544K)->4270K(4544K)
[2025-01-03T12:08:13.951+0900][510.961s][info][gc          ] GC(190) Pause Young (Normal) (G1 Evacuation Pause) 1576M->51M(2572M) 28.280ms
[2025-01-03T12:08:13.952+0900][510.961s][info][gc,cpu      ] GC(190) User=0.05s Sys=0.00s Real=0.03s
[2025-01-03T12:08:14.387+0900][511.397s][info][gc,start    ] GC(191) Pause Young (Normal) (G1 Evacuation Pause)
[2025-01-03T12:08:14.387+0900][511.397s][info][gc,task     ] GC(191) Using 8 workers of 8 for evacuation
[2025-01-03T12:08:14.403+0900][511.412s][info][gc,phases   ] GC(191)   Pre Evacuate Collection Set: 0.5ms
[2025-01-03T12:08:14.403+0900][511.412s][info][gc,phases   ] GC(191)   Merge Heap Roots: 0.2ms
[2025-01-03T12:08:14.403+0900][511.412s][info][gc,phases   ] GC(191)   Evacuate Collection Set: 13.7ms
[2025-01-03T12:08:14.403+0900][511.412s][info][gc,phases   ] GC(191)   Post Evacuate Collection Set: 0.7ms
[2025-01-03T12:08:14.403+0900][511.412s][info][gc,phases   ] GC(191)   Other: 0.1ms
[2025-01-03T12:08:14.403+0900][511.412s][info][gc,heap     ] GC(191) Eden regions: 763->0(764)
[2025-01-03T12:08:14.403+0900][511.412s][info][gc,heap     ] GC(191) Survivor regions: 8->7(97)
[2025-01-03T12:08:14.403+0900][511.412s][info][gc,heap     ] GC(191) Old regions: 19->19
[2025-01-03T12:08:14.403+0900][511.412s][info][gc,heap     ] GC(191) Humongous regions: 0->0
[2025-01-03T12:08:14.403+0900][511.412s][info][gc,metaspace] GC(191) Metaspace: 31886K(32512K)->31886K(32512K) NonClass: 27615K(27968K)->27615K(27968K) Class: 4270K(4544K)->4270K(4544K)
[2025-01-03T12:08:14.403+0900][511.412s][info][gc          ] GC(191) Pause Young (Normal) (G1 Evacuation Pause) 1577M->49M(2572M) 15.572ms
[2025-01-03T12:08:14.403+0900][511.412s][info][gc,cpu      ] GC(191) User=0.05s Sys=0.01s Real=0.02s
[2025-01-03T12:08:14.837+0900][511.847s][info][gc,start    ] GC(192) Pause Young (Normal) (G1 Evacuation Pause)
[2025-01-03T12:08:14.837+0900][511.847s][info][gc,task     ] GC(192) Using 8 workers of 8 for evacuation
[2025-01-03T12:08:14.850+0900][511.860s][info][gc,phases   ] GC(192)   Pre Evacuate Collection Set: 0.4ms
[2025-01-03T12:08:14.850+0900][511.860s][info][gc,phases   ] GC(192)   Merge Heap Roots: 0.2ms
[2025-01-03T12:08:14.850+0900][511.860s][info][gc,phases   ] GC(192)   Evacuate Collection Set: 12.2ms
[2025-01-03T12:08:14.850+0900][511.860s][info][gc,phases   ] GC(192)   Post Evacuate Collection Set: 0.4ms
[2025-01-03T12:08:14.850+0900][511.860s][info][gc,phases   ] GC(192)   Other: 0.1ms
[2025-01-03T12:08:14.850+0900][511.860s][info][gc,heap     ] GC(192) Eden regions: 764->0(765)
[2025-01-03T12:08:14.850+0900][511.860s][info][gc,heap     ] GC(192) Survivor regions: 7->6(97)
[2025-01-03T12:08:14.851+0900][511.860s][info][gc,heap     ] GC(192) Old regions: 19->19
[2025-01-03T12:08:14.851+0900][511.860s][info][gc,heap     ] GC(192) Humongous regions: 0->0
[2025-01-03T12:08:14.851+0900][511.860s][info][gc,metaspace] GC(192) Metaspace: 31886K(32512K)->31886K(32512K) NonClass: 27615K(27968K)->27615K(27968K) Class: 4270K(4544K)->4270K(4544K)
[2025-01-03T12:08:14.851+0900][511.860s][info][gc          ] GC(192) Pause Young (Normal) (G1 Evacuation Pause) 1577M->47M(2572M) 13.549ms
[2025-01-03T12:08:14.851+0900][511.860s][info][gc,cpu      ] GC(192) User=0.05s Sys=0.01s Real=0.02s
[2025-01-03T12:08:15.286+0900][512.296s][info][gc,start    ] GC(193) Pause Young (Normal) (G1 Evacuation Pause)
[2025-01-03T12:08:15.286+0900][512.296s][info][gc,task     ] GC(193) Using 8 workers of 8 for evacuation
[2025-01-03T12:08:15.300+0900][512.310s][info][gc,phases   ] GC(193)   Pre Evacuate Collection Set: 0.4ms
[2025-01-03T12:08:15.300+0900][512.310s][info][gc,phases   ] GC(193)   Merge Heap Roots: 0.2ms
[2025-01-03T12:08:15.300+0900][512.310s][info][gc,phases   ] GC(193)   Evacuate Collection Set: 11.7ms
[2025-01-03T12:08:15.300+0900][512.310s][info][gc,phases   ] GC(193)   Post Evacuate Collection Set: 1.4ms
[2025-01-03T12:08:15.300+0900][512.310s][info][gc,phases   ] GC(193)   Other: 0.1ms
[2025-01-03T12:08:15.300+0900][512.310s][info][gc,heap     ] GC(193) Eden regions: 765->0(765)
[2025-01-03T12:08:15.300+0900][512.310s][info][gc,heap     ] GC(193) Survivor regions: 6->6(97)
[2025-01-03T12:08:15.300+0900][512.310s][info][gc,heap     ] GC(193) Old regions: 19->19
[2025-01-03T12:08:15.300+0900][512.310s][info][gc,heap     ] GC(193) Humongous regions: 0->0
[2025-01-03T12:08:15.300+0900][512.310s][info][gc,metaspace] GC(193) Metaspace: 31886K(32512K)->31886K(32512K) NonClass: 27615K(27968K)->27615K(27968K) Class: 4270K(4544K)->4270K(4544K)
[2025-01-03T12:08:15.300+0900][512.310s][info][gc          ] GC(193) Pause Young (Normal) (G1 Evacuation Pause) 1577M->46M(2572M) 14.018ms
[2025-01-03T12:08:15.300+0900][512.310s][info][gc,cpu      ] GC(193) User=0.04s Sys=0.01s Real=0.02s
[2025-01-03T12:08:15.755+0900][512.765s][info][gc,start    ] GC(194) Pause Young (Normal) (G1 Evacuation Pause)
[2025-01-03T12:08:15.756+0900][512.765s][info][gc,task     ] GC(194) Using 8 workers of 8 for evacuation
[2025-01-03T12:08:15.765+0900][512.775s][info][gc,phases   ] GC(194)   Pre Evacuate Collection Set: 0.4ms
[2025-01-03T12:08:15.765+0900][512.775s][info][gc,phases   ] GC(194)   Merge Heap Roots: 0.2ms
[2025-01-03T12:08:15.765+0900][512.775s][info][gc,phases   ] GC(194)   Evacuate Collection Set: 7.9ms
[2025-01-03T12:08:15.765+0900][512.775s][info][gc,phases   ] GC(194)   Post Evacuate Collection Set: 0.9ms
[2025-01-03T12:08:15.765+0900][512.775s][info][gc,phases   ] GC(194)   Other: 0.1ms
[2025-01-03T12:08:15.765+0900][512.775s][info][gc,heap     ] GC(194) Eden regions: 765->0(767)
[2025-01-03T12:08:15.765+0900][512.775s][info][gc,heap     ] GC(194) Survivor regions: 6->4(97)
[2025-01-03T12:08:15.765+0900][512.775s][info][gc,heap     ] GC(194) Old regions: 19->19
[2025-01-03T12:08:15.765+0900][512.775s][info][gc,heap     ] GC(194) Humongous regions: 0->0
[2025-01-03T12:08:15.765+0900][512.775s][info][gc,metaspace] GC(194) Metaspace: 31886K(32512K)->31886K(32512K) NonClass: 27615K(27968K)->27615K(27968K) Class: 4270K(4544K)->4270K(4544K)
[2025-01-03T12:08:15.765+0900][512.775s][info][gc          ] GC(194) Pause Young (Normal) (G1 Evacuation Pause) 1576M->43M(2572M) 9.877ms
[2025-01-03T12:08:15.765+0900][512.775s][info][gc,cpu      ] GC(194) User=0.03s Sys=0.01s Real=0.01s
[2025-01-03T12:08:16.269+0900][513.279s][info][gc,start    ] GC(195) Pause Young (Normal) (G1 Evacuation Pause)
[2025-01-03T12:08:16.269+0900][513.279s][info][gc,task     ] GC(195) Using 8 workers of 8 for evacuation
[2025-01-03T12:08:16.280+0900][513.289s][info][gc,phases   ] GC(195)   Pre Evacuate Collection Set: 0.3ms
[2025-01-03T12:08:16.280+0900][513.289s][info][gc,phases   ] GC(195)   Merge Heap Roots: 0.2ms
[2025-01-03T12:08:16.280+0900][513.289s][info][gc,phases   ] GC(195)   Evacuate Collection Set: 9.0ms
[2025-01-03T12:08:16.280+0900][513.289s][info][gc,phases   ] GC(195)   Post Evacuate Collection Set: 0.8ms
[2025-01-03T12:08:16.280+0900][513.289s][info][gc,phases   ] GC(195)   Other: 0.1ms
[2025-01-03T12:08:16.280+0900][513.289s][info][gc,heap     ] GC(195) Eden regions: 767->0(768)
[2025-01-03T12:08:16.280+0900][513.289s][info][gc,heap     ] GC(195) Survivor regions: 4->3(97)
[2025-01-03T12:08:16.280+0900][513.289s][info][gc,heap     ] GC(195) Old regions: 19->19
[2025-01-03T12:08:16.280+0900][513.289s][info][gc,heap     ] GC(195) Humongous regions: 0->0
[2025-01-03T12:08:16.280+0900][513.289s][info][gc,metaspace] GC(195) Metaspace: 31886K(32512K)->31886K(32512K) NonClass: 27615K(27968K)->27615K(27968K) Class: 4270K(4544K)->4270K(4544K)
[2025-01-03T12:08:16.280+0900][513.289s][info][gc          ] GC(195) Pause Young (Normal) (G1 Evacuation Pause) 1577M->40M(2572M) 10.723ms
[2025-01-03T12:08:16.280+0900][513.289s][info][gc,cpu      ] GC(195) User=0.02s Sys=0.00s Real=0.02s
[2025-01-03T12:10:18.761+0900][635.771s][info][gc,start    ] GC(196) Pause Young (Concurrent Start) (CodeCache GC Threshold)
[2025-01-03T12:10:18.761+0900][635.771s][info][gc,task     ] GC(196) Using 8 workers of 8 for evacuation
[2025-01-03T12:10:18.763+0900][635.772s][info][gc,phases   ] GC(196)   Pre Evacuate Collection Set: 0.2ms
[2025-01-03T12:10:18.763+0900][635.772s][info][gc,phases   ] GC(196)   Merge Heap Roots: 0.1ms
[2025-01-03T12:10:18.763+0900][635.772s][info][gc,phases   ] GC(196)   Evacuate Collection Set: 0.5ms
[2025-01-03T12:10:18.763+0900][635.772s][info][gc,phases   ] GC(196)   Post Evacuate Collection Set: 0.3ms
[2025-01-03T12:10:18.763+0900][635.772s][info][gc,phases   ] GC(196)   Other: 0.1ms
[2025-01-03T12:10:18.763+0900][635.772s][info][gc,heap     ] GC(196) Eden regions: 493->0(770)
[2025-01-03T12:10:18.763+0900][635.772s][info][gc,heap     ] GC(196) Survivor regions: 3->1(97)
[2025-01-03T12:10:18.763+0900][635.772s][info][gc,heap     ] GC(196) Old regions: 19->19
[2025-01-03T12:10:18.763+0900][635.772s][info][gc,heap     ] GC(196) Humongous regions: 0->0
[2025-01-03T12:10:18.763+0900][635.772s][info][gc,metaspace] GC(196) Metaspace: 31913K(32512K)->31913K(32512K) NonClass: 27634K(27968K)->27634K(27968K) Class: 4279K(4544K)->4279K(4544K)
[2025-01-03T12:10:18.763+0900][635.772s][info][gc          ] GC(196) Pause Young (Concurrent Start) (CodeCache GC Threshold) 1025M->36M(2572M) 1.401ms
[2025-01-03T12:10:18.763+0900][635.772s][info][gc,cpu      ] GC(196) User=0.00s Sys=0.00s Real=0.00s
[2025-01-03T12:10:18.763+0900][635.772s][info][gc          ] GC(197) Concurrent Mark Cycle
[2025-01-03T12:10:18.763+0900][635.772s][info][gc,marking  ] GC(197) Concurrent Scan Root Regions
[2025-01-03T12:10:18.763+0900][635.773s][info][gc,marking  ] GC(197) Concurrent Scan Root Regions 0.289ms
[2025-01-03T12:10:18.763+0900][635.773s][info][gc,marking  ] GC(197) Concurrent Mark
[2025-01-03T12:10:18.763+0900][635.773s][info][gc,marking  ] GC(197) Concurrent Mark From Roots
[2025-01-03T12:10:18.763+0900][635.773s][info][gc,task     ] GC(197) Using 2 workers of 2 for marking
[2025-01-03T12:10:18.775+0900][635.784s][info][gc,marking  ] GC(197) Concurrent Mark From Roots 11.446ms
[2025-01-03T12:10:18.775+0900][635.784s][info][gc,marking  ] GC(197) Concurrent Preclean
[2025-01-03T12:10:18.775+0900][635.784s][info][gc,marking  ] GC(197) Concurrent Preclean 0.082ms
[2025-01-03T12:10:18.775+0900][635.784s][info][gc,start    ] GC(197) Pause Remark
[2025-01-03T12:10:18.780+0900][635.790s][info][gc          ] GC(197) Pause Remark 42M->42M(154M) 5.563ms
[2025-01-03T12:10:18.780+0900][635.790s][info][gc,cpu      ] GC(197) User=0.02s Sys=0.00s Real=0.01s
[2025-01-03T12:10:18.780+0900][635.790s][info][gc,marking  ] GC(197) Concurrent Mark 17.371ms
[2025-01-03T12:10:18.781+0900][635.790s][info][gc,marking  ] GC(197) Concurrent Rebuild Remembered Sets and Scrub Regions
[2025-01-03T12:10:18.781+0900][635.790s][info][gc,marking  ] GC(197) Concurrent Rebuild Remembered Sets and Scrub Regions 0.192ms
[2025-01-03T12:10:18.781+0900][635.790s][info][gc,marking  ] GC(197) Concurrent Mark Abort
[2025-01-03T12:10:18.781+0900][635.790s][info][gc          ] GC(197) Concurrent Mark Cycle 17.993ms
[2025-01-03T12:10:18.781+0900][635.790s][info][gc,heap,exit] Heap
[2025-01-03T12:10:18.781+0900][635.790s][info][gc,heap,exit]  garbage-first heap   total 157696K, used 43124K [0x0000000700000000, 0x0000000800000000)
[2025-01-03T12:10:18.781+0900][635.790s][info][gc,heap,exit]   region size 2048K, 4 young (8192K), 1 survivors (2048K)
[2025-01-03T12:10:18.781+0900][635.790s][info][gc,heap,exit]  Metaspace       used 32002K, committed 32576K, reserved 1114112K
[2025-01-03T12:10:18.781+0900][635.790s][info][gc,heap,exit]   class space    used 4297K, committed 4544K, reserved 1048576K
