[2025-01-03T12:27:20.454+0900][0.008s][info][gc,init] CardTable entry size: 512
[2025-01-03T12:27:20.454+0900][0.008s][info][gc     ] Using Parallel
[2025-01-03T12:27:20.454+0900][0.008s][info][gc,init] Version: 21.0.2+13-58 (release)
[2025-01-03T12:27:20.455+0900][0.008s][info][gc,init] CPUs: 8 total, 8 available
[2025-01-03T12:27:20.455+0900][0.008s][info][gc,init] Memory: 16384M
[2025-01-03T12:27:20.455+0900][0.008s][info][gc,init] Large Page Support: Disabled
[2025-01-03T12:27:20.455+0900][0.008s][info][gc,init] NUMA Support: Disabled
[2025-01-03T12:27:20.455+0900][0.008s][info][gc,init] Compressed Oops: Enabled (Zero based)
[2025-01-03T12:27:20.455+0900][0.008s][info][gc,init] Alignments: Space 512K, Generation 512K, Heap 8M
[2025-01-03T12:27:20.455+0900][0.008s][info][gc,init] Heap Min Capacity: 8M
[2025-01-03T12:27:20.455+0900][0.008s][info][gc,init] Heap Initial Capacity: 256M
[2025-01-03T12:27:20.455+0900][0.008s][info][gc,init] Heap Max Capacity: 4G
[2025-01-03T12:27:20.455+0900][0.008s][info][gc,init] Pre-touch: Disabled
[2025-01-03T12:27:20.455+0900][0.008s][info][gc,init] Parallel Workers: 8
[2025-01-03T12:27:20.462+0900][0.015s][info][gc,metaspace] CDS archive(s) mapped at: [0x0000007000000000-0x0000007000ca4000-0x0000007000ca4000), size 13254656, SharedBaseAddress: 0x0000007000000000, ArchiveRelocationMode: 1.
[2025-01-03T12:27:20.462+0900][0.015s][info][gc,metaspace] Compressed class space mapped at: 0x0000007001000000-0x0000007041000000, reserved size: 1073741824
[2025-01-03T12:27:20.462+0900][0.015s][info][gc,metaspace] Narrow klass base: 0x0000007000000000, Narrow klass shift: 0, Narrow klass range: 0x100000000
[2025-01-03T12:27:21.484+0900][1.038s][info][gc,start    ] GC(0) Pause Young (Allocation Failure)
[2025-01-03T12:27:21.489+0900][1.043s][info][gc,heap     ] GC(0) PSYoungGen: 65536K(76288K)->7040K(76288K) Eden: 65536K(65536K)->0K(65536K) From: 0K(10752K)->7040K(10752K)
[2025-01-03T12:27:21.489+0900][1.043s][info][gc,heap     ] GC(0) ParOldGen: 1036K(175104K)->1052K(175104K)
[2025-01-03T12:27:21.489+0900][1.043s][info][gc,metaspace] GC(0) Metaspace: 16230K(16576K)->16230K(16576K) NonClass: 14134K(14336K)->14134K(14336K) Class: 2096K(2240K)->2096K(2240K)
[2025-01-03T12:27:21.489+0900][1.043s][info][gc          ] GC(0) Pause Young (Allocation Failure) 65M->7M(245M) 5.021ms
[2025-01-03T12:27:21.489+0900][1.043s][info][gc,cpu      ] GC(0) User=0.02s Sys=0.01s Real=0.00s
[2025-01-03T12:27:21.695+0900][1.249s][info][gc,start    ] GC(1) Pause Young (GCLocker Initiated GC)
[2025-01-03T12:27:21.699+0900][1.253s][info][gc,heap     ] GC(1) PSYoungGen: 44695K(76288K)->9610K(76288K) Eden: 37654K(65536K)->0K(65536K) From: 7040K(10752K)->9610K(10752K)
[2025-01-03T12:27:21.699+0900][1.253s][info][gc,heap     ] GC(1) ParOldGen: 1052K(175104K)->1068K(175104K)
[2025-01-03T12:27:21.699+0900][1.253s][info][gc,metaspace] GC(1) Metaspace: 20765K(21056K)->20765K(21056K) NonClass: 18015K(18176K)->18015K(18176K) Class: 2749K(2880K)->2749K(2880K)
[2025-01-03T12:27:21.699+0900][1.253s][info][gc          ] GC(1) Pause Young (GCLocker Initiated GC) 44M->10M(245M) 4.147ms
[2025-01-03T12:27:21.699+0900][1.253s][info][gc,cpu      ] GC(1) User=0.02s Sys=0.01s Real=0.00s
[2025-01-03T12:27:21.728+0900][1.282s][info][gc,start    ] GC(2) Pause Young (Metadata GC Threshold)
[2025-01-03T12:27:21.732+0900][1.286s][info][gc,heap     ] GC(2) PSYoungGen: 15266K(76288K)->9805K(76288K) Eden: 5656K(65536K)->0K(65536K) From: 9610K(10752K)->9805K(10752K)
[2025-01-03T12:27:21.732+0900][1.286s][info][gc,heap     ] GC(2) ParOldGen: 1068K(175104K)->1076K(175104K)
[2025-01-03T12:27:21.732+0900][1.286s][info][gc,metaspace] GC(2) Metaspace: 21236K(21504K)->21236K(21504K) NonClass: 18416K(18560K)->18416K(18560K) Class: 2819K(2944K)->2819K(2944K)
[2025-01-03T12:27:21.732+0900][1.286s][info][gc          ] GC(2) Pause Young (Metadata GC Threshold) 15M->10M(245M) 4.068ms
[2025-01-03T12:27:21.732+0900][1.286s][info][gc,cpu      ] GC(2) User=0.02s Sys=0.01s Real=0.01s
[2025-01-03T12:27:21.732+0900][1.286s][info][gc,start    ] GC(3) Pause Full (Metadata GC Threshold)
[2025-01-03T12:27:21.732+0900][1.286s][info][gc,phases,start] GC(3) Marking Phase
[2025-01-03T12:27:21.738+0900][1.292s][info][gc,phases      ] GC(3) Marking Phase 5.462ms
[2025-01-03T12:27:21.738+0900][1.292s][info][gc,phases,start] GC(3) Summary Phase
[2025-01-03T12:27:21.738+0900][1.292s][info][gc,phases      ] GC(3) Summary Phase 0.009ms
[2025-01-03T12:27:21.738+0900][1.292s][info][gc,phases,start] GC(3) Adjust Roots
[2025-01-03T12:27:21.740+0900][1.294s][info][gc,phases      ] GC(3) Adjust Roots 2.323ms
[2025-01-03T12:27:21.740+0900][1.294s][info][gc,phases,start] GC(3) Compaction Phase
[2025-01-03T12:27:21.746+0900][1.300s][info][gc,phases      ] GC(3) Compaction Phase 5.604ms
[2025-01-03T12:27:21.746+0900][1.300s][info][gc,phases,start] GC(3) Post Compact
[2025-01-03T12:27:21.746+0900][1.300s][info][gc,phases      ] GC(3) Post Compact 0.223ms
[2025-01-03T12:27:21.746+0900][1.300s][info][gc,heap        ] GC(3) PSYoungGen: 9805K(76288K)->0K(76288K) Eden: 0K(65536K)->0K(65536K) From: 9805K(10752K)->0K(10752K)
[2025-01-03T12:27:21.746+0900][1.300s][info][gc,heap        ] GC(3) ParOldGen: 1076K(175104K)->10534K(175104K)
[2025-01-03T12:27:21.746+0900][1.300s][info][gc,metaspace   ] GC(3) Metaspace: 21236K(21504K)->21236K(21504K) NonClass: 18416K(18560K)->18416K(18560K) Class: 2819K(2944K)->2819K(2944K)
[2025-01-03T12:27:21.746+0900][1.300s][info][gc             ] GC(3) Pause Full (Metadata GC Threshold) 10M->10M(245M) 13.751ms
[2025-01-03T12:27:21.746+0900][1.300s][info][gc,cpu         ] GC(3) User=0.06s Sys=0.00s Real=0.01s
[2025-01-03T12:41:11.706+0900][831.259s][info][gc,heap,exit   ] Heap
[2025-01-03T12:41:11.706+0900][831.259s][info][gc,heap,exit   ]  PSYoungGen      total 76288K, used 63302K [0x00000007aab00000, 0x00000007b0000000, 0x0000000800000000)
[2025-01-03T12:41:11.706+0900][831.259s][info][gc,heap,exit   ]   eden space 65536K, 96% used [0x00000007aab00000,0x00000007ae8d19c8,0x00000007aeb00000)
[2025-01-03T12:41:11.706+0900][831.259s][info][gc,heap,exit   ]   from space 10752K, 0% used [0x00000007aeb00000,0x00000007aeb00000,0x00000007af580000)
[2025-01-03T12:41:11.706+0900][831.259s][info][gc,heap,exit   ]   to   space 10752K, 0% used [0x00000007af580000,0x00000007af580000,0x00000007b0000000)
[2025-01-03T12:41:11.706+0900][831.259s][info][gc,heap,exit   ]  ParOldGen       total 175104K, used 10534K [0x0000000700000000, 0x000000070ab00000, 0x00000007aab00000)
[2025-01-03T12:41:11.706+0900][831.259s][info][gc,heap,exit   ]   object space 175104K, 6% used [0x0000000700000000,0x0000000700a49a98,0x000000070ab00000)
[2025-01-03T12:41:11.706+0900][831.259s][info][gc,heap,exit   ]  Metaspace       used 30550K, committed 31104K, reserved 1114112K
[2025-01-03T12:41:11.706+0900][831.259s][info][gc,heap,exit   ]   class space    used 4096K, committed 4352K, reserved 1048576K
