[2025-01-03T12:41:22.113+0900][0.008s][info][gc,init] CardTable entry size: 512
[2025-01-03T12:41:22.113+0900][0.008s][info][gc     ] Using Parallel
[2025-01-03T12:41:22.113+0900][0.008s][info][gc,init] Version: 21.0.2+13-58 (release)
[2025-01-03T12:41:22.113+0900][0.008s][info][gc,init] CPUs: 8 total, 8 available
[2025-01-03T12:41:22.113+0900][0.008s][info][gc,init] Memory: 16384M
[2025-01-03T12:41:22.113+0900][0.008s][info][gc,init] Large Page Support: Disabled
[2025-01-03T12:41:22.113+0900][0.008s][info][gc,init] NUMA Support: Disabled
[2025-01-03T12:41:22.113+0900][0.009s][info][gc,init] Compressed Oops: Enabled (Zero based)
[2025-01-03T12:41:22.113+0900][0.009s][info][gc,init] Alignments: Space 512K, Generation 512K, Heap 8M
[2025-01-03T12:41:22.113+0900][0.009s][info][gc,init] Heap Min Capacity: 8M
[2025-01-03T12:41:22.113+0900][0.009s][info][gc,init] Heap Initial Capacity: 256M
[2025-01-03T12:41:22.113+0900][0.009s][info][gc,init] Heap Max Capacity: 4G
[2025-01-03T12:41:22.113+0900][0.009s][info][gc,init] Pre-touch: Disabled
[2025-01-03T12:41:22.113+0900][0.009s][info][gc,init] Parallel Workers: 8
[2025-01-03T12:41:22.121+0900][0.016s][info][gc,metaspace] CDS archive(s) mapped at: [0x000000e800000000-0x000000e800ca4000-0x000000e800ca4000), size 13254656, SharedBaseAddress: 0x000000e800000000, ArchiveRelocationMode: 1.
[2025-01-03T12:41:22.121+0900][0.016s][info][gc,metaspace] Compressed class space mapped at: 0x000000e801000000-0x000000e841000000, reserved size: 1073741824
[2025-01-03T12:41:22.121+0900][0.016s][info][gc,metaspace] Narrow klass base: 0x000000e800000000, Narrow klass shift: 0, Narrow klass range: 0x100000000
[2025-01-03T12:41:24.789+0900][2.684s][info][gc,start    ] GC(0) Pause Young (Allocation Failure)
[2025-01-03T12:41:24.793+0900][2.688s][info][gc,heap     ] GC(0) PSYoungGen: 65536K(76288K)->7159K(76288K) Eden: 65536K(65536K)->0K(65536K) From: 0K(10752K)->7159K(10752K)
[2025-01-03T12:41:24.793+0900][2.688s][info][gc,heap     ] GC(0) ParOldGen: 1036K(175104K)->1044K(175104K)
[2025-01-03T12:41:24.793+0900][2.688s][info][gc,metaspace] GC(0) Metaspace: 15559K(15808K)->15559K(15808K) NonClass: 13553K(13696K)->13553K(13696K) Class: 2006K(2112K)->2006K(2112K)
[2025-01-03T12:41:24.793+0900][2.688s][info][gc          ] GC(0) Pause Young (Allocation Failure) 65M->8M(245M) 4.083ms
[2025-01-03T12:41:24.793+0900][2.688s][info][gc,cpu      ] GC(0) User=0.02s Sys=0.01s Real=0.01s
[2025-01-03T12:41:24.999+0900][2.895s][info][gc,start    ] GC(1) Pause Young (CodeCache GC Threshold)
[2025-01-03T12:41:25.004+0900][2.899s][info][gc,heap     ] GC(1) PSYoungGen: 45862K(76288K)->9565K(76288K) Eden: 38702K(65536K)->0K(65536K) From: 7159K(10752K)->9565K(10752K)
[2025-01-03T12:41:25.004+0900][2.899s][info][gc,heap     ] GC(1) ParOldGen: 1044K(175104K)->1060K(175104K)
[2025-01-03T12:41:25.004+0900][2.899s][info][gc,metaspace] GC(1) Metaspace: 20756K(21056K)->20756K(21056K) NonClass: 18006K(18176K)->18006K(18176K) Class: 2749K(2880K)->2749K(2880K)
[2025-01-03T12:41:25.004+0900][2.899s][info][gc          ] GC(1) Pause Young (CodeCache GC Threshold) 45M->10M(245M) 4.240ms
[2025-01-03T12:41:25.004+0900][2.899s][info][gc,cpu      ] GC(1) User=0.02s Sys=0.00s Real=0.01s
[2025-01-03T12:41:25.004+0900][2.899s][info][gc,start    ] GC(2) Pause Full (CodeCache GC Threshold)
[2025-01-03T12:41:25.004+0900][2.899s][info][gc,phases,start] GC(2) Marking Phase
[2025-01-03T12:41:25.010+0900][2.905s][info][gc,phases      ] GC(2) Marking Phase 6.396ms
[2025-01-03T12:41:25.010+0900][2.905s][info][gc,phases,start] GC(2) Summary Phase
[2025-01-03T12:41:25.010+0900][2.905s][info][gc,phases      ] GC(2) Summary Phase 0.012ms
[2025-01-03T12:41:25.010+0900][2.905s][info][gc,phases,start] GC(2) Adjust Roots
[2025-01-03T12:41:25.012+0900][2.907s][info][gc,phases      ] GC(2) Adjust Roots 2.203ms
[2025-01-03T12:41:25.012+0900][2.907s][info][gc,phases,start] GC(2) Compaction Phase
[2025-01-03T12:41:25.018+0900][2.913s][info][gc,phases      ] GC(2) Compaction Phase 5.486ms
[2025-01-03T12:41:25.018+0900][2.913s][info][gc,phases,start] GC(2) Post Compact
[2025-01-03T12:41:25.018+0900][2.913s][info][gc,phases      ] GC(2) Post Compact 0.218ms
[2025-01-03T12:41:25.018+0900][2.913s][info][gc,heap        ] GC(2) PSYoungGen: 9565K(76288K)->0K(76288K) Eden: 0K(65536K)->0K(65536K) From: 9565K(10752K)->0K(10752K)
[2025-01-03T12:41:25.018+0900][2.913s][info][gc,heap        ] GC(2) ParOldGen: 1060K(175104K)->10284K(175104K)
[2025-01-03T12:41:25.018+0900][2.913s][info][gc,metaspace   ] GC(2) Metaspace: 20756K(21056K)->20756K(21056K) NonClass: 18006K(18176K)->18006K(18176K) Class: 2749K(2880K)->2749K(2880K)
[2025-01-03T12:41:25.018+0900][2.913s][info][gc             ] GC(2) Pause Full (CodeCache GC Threshold) 10M->10M(245M) 14.455ms
[2025-01-03T12:41:25.018+0900][2.913s][info][gc,cpu         ] GC(2) User=0.06s Sys=0.01s Real=0.01s
[2025-01-03T12:45:34.038+0900][251.933s][info][gc,start       ] GC(3) Pause Young (Allocation Failure)
[2025-01-03T12:45:34.042+0900][251.937s][info][gc,heap        ] GC(3) PSYoungGen: 65536K(76288K)->5648K(76288K) Eden: 65536K(65536K)->0K(65536K) From: 0K(10752K)->5648K(10752K)
[2025-01-03T12:45:34.042+0900][251.937s][info][gc,heap        ] GC(3) ParOldGen: 10284K(175104K)->10292K(175104K)
[2025-01-03T12:45:34.042+0900][251.937s][info][gc,metaspace   ] GC(3) Metaspace: 30837K(31424K)->30837K(31424K) NonClass: 26705K(27008K)->26705K(27008K) Class: 4131K(4416K)->4131K(4416K)
[2025-01-03T12:45:34.042+0900][251.937s][info][gc             ] GC(3) Pause Young (Allocation Failure) 74M->15M(245M) 3.677ms
[2025-01-03T12:45:34.042+0900][251.937s][info][gc,cpu         ] GC(3) User=0.02s Sys=0.00s Real=0.01s
[2025-01-03T12:45:34.174+0900][252.069s][info][gc,start       ] GC(4) Pause Young (Allocation Failure)
[2025-01-03T12:45:34.177+0900][252.072s][info][gc,heap        ] GC(4) PSYoungGen: 71184K(76288K)->4692K(76288K) Eden: 65536K(65536K)->0K(65536K) From: 5648K(10752K)->4692K(10752K)
[2025-01-03T12:45:34.177+0900][252.072s][info][gc,heap        ] GC(4) ParOldGen: 10292K(175104K)->10300K(175104K)
[2025-01-03T12:45:34.177+0900][252.072s][info][gc,metaspace   ] GC(4) Metaspace: 31884K(32448K)->31884K(32448K) NonClass: 27610K(27904K)->27610K(27904K) Class: 4273K(4544K)->4273K(4544K)
[2025-01-03T12:45:34.177+0900][252.072s][info][gc             ] GC(4) Pause Young (Allocation Failure) 79M->14M(245M) 2.733ms
[2025-01-03T12:45:34.177+0900][252.072s][info][gc,cpu         ] GC(4) User=0.01s Sys=0.01s Real=0.00s
[2025-01-03T12:45:34.203+0900][252.098s][info][gc,start       ] GC(5) Pause Young (Allocation Failure)
[2025-01-03T12:45:34.206+0900][252.101s][info][gc,heap        ] GC(5) PSYoungGen: 70228K(76288K)->4672K(76288K) Eden: 65536K(65536K)->0K(65536K) From: 4692K(10752K)->4672K(10752K)
[2025-01-03T12:45:34.206+0900][252.101s][info][gc,heap        ] GC(5) ParOldGen: 10300K(175104K)->10308K(175104K)
[2025-01-03T12:45:34.206+0900][252.101s][info][gc,metaspace   ] GC(5) Metaspace: 31890K(32448K)->31890K(32448K) NonClass: 27615K(27904K)->27615K(27904K) Class: 4274K(4544K)->4274K(4544K)
[2025-01-03T12:45:34.206+0900][252.101s][info][gc             ] GC(5) Pause Young (Allocation Failure) 78M->14M(245M) 2.676ms
[2025-01-03T12:45:34.206+0900][252.101s][info][gc,cpu         ] GC(5) User=0.02s Sys=0.00s Real=0.00s
[2025-01-03T12:45:34.228+0900][252.123s][info][gc,start       ] GC(6) Pause Young (Allocation Failure)
[2025-01-03T12:45:34.230+0900][252.126s][info][gc,heap        ] GC(6) PSYoungGen: 70208K(76288K)->4624K(140800K) Eden: 65536K(65536K)->0K(131072K) From: 4672K(10752K)->4624K(9728K)
[2025-01-03T12:45:34.230+0900][252.126s][info][gc,heap        ] GC(6) ParOldGen: 10308K(175104K)->10316K(175104K)
[2025-01-03T12:45:34.230+0900][252.126s][info][gc,metaspace   ] GC(6) Metaspace: 31890K(32448K)->31890K(32448K) NonClass: 27615K(27904K)->27615K(27904K) Class: 4274K(4544K)->4274K(4544K)
[2025-01-03T12:45:34.230+0900][252.126s][info][gc             ] GC(6) Pause Young (Allocation Failure) 78M->14M(308M) 2.791ms
[2025-01-03T12:45:34.231+0900][252.126s][info][gc,cpu         ] GC(6) User=0.01s Sys=0.01s Real=0.01s
[2025-01-03T12:45:34.281+0900][252.176s][info][gc,start       ] GC(7) Pause Young (Allocation Failure)
[2025-01-03T12:45:34.285+0900][252.180s][info][gc,heap        ] GC(7) PSYoungGen: 135696K(140800K)->4640K(141312K) Eden: 131072K(131072K)->0K(131072K) From: 4624K(9728K)->4640K(10240K)
[2025-01-03T12:45:34.285+0900][252.180s][info][gc,heap        ] GC(7) ParOldGen: 10316K(175104K)->10324K(175104K)
[2025-01-03T12:45:34.285+0900][252.180s][info][gc,metaspace   ] GC(7) Metaspace: 31892K(32448K)->31892K(32448K) NonClass: 27616K(27904K)->27616K(27904K) Class: 4275K(4544K)->4275K(4544K)
[2025-01-03T12:45:34.285+0900][252.180s][info][gc             ] GC(7) Pause Young (Allocation Failure) 142M->14M(309M) 3.790ms
[2025-01-03T12:45:34.285+0900][252.180s][info][gc,cpu         ] GC(7) User=0.01s Sys=0.00s Real=0.00s
[2025-01-03T12:45:34.325+0900][252.220s][info][gc,start       ] GC(8) Pause Young (Allocation Failure)
[2025-01-03T12:45:34.329+0900][252.224s][info][gc,heap        ] GC(8) PSYoungGen: 135712K(141312K)->779K(271872K) Eden: 131072K(131072K)->0K(261632K) From: 4640K(10240K)->779K(10240K)
[2025-01-03T12:45:34.329+0900][252.224s][info][gc,heap        ] GC(8) ParOldGen: 10324K(175104K)->14728K(175104K)
[2025-01-03T12:45:34.329+0900][252.224s][info][gc,metaspace   ] GC(8) Metaspace: 31892K(32448K)->31892K(32448K) NonClass: 27616K(27904K)->27616K(27904K) Class: 4275K(4544K)->4275K(4544K)
[2025-01-03T12:45:34.329+0900][252.224s][info][gc             ] GC(8) Pause Young (Allocation Failure) 142M->15M(436M) 3.799ms
[2025-01-03T12:45:34.329+0900][252.224s][info][gc,cpu         ] GC(8) User=0.02s Sys=0.00s Real=0.00s
[2025-01-03T12:45:34.411+0900][252.306s][info][gc,start       ] GC(9) Pause Young (Allocation Failure)
[2025-01-03T12:45:34.411+0900][252.306s][info][gc,heap        ] GC(9) PSYoungGen: 262411K(271872K)->550K(272384K) Eden: 261632K(261632K)->0K(261632K) From: 779K(10240K)->550K(10752K)
[2025-01-03T12:45:34.411+0900][252.307s][info][gc,heap        ] GC(9) ParOldGen: 14728K(175104K)->14784K(175104K)
[2025-01-03T12:45:34.411+0900][252.307s][info][gc,metaspace   ] GC(9) Metaspace: 31892K(32448K)->31892K(32448K) NonClass: 27616K(27904K)->27616K(27904K) Class: 4275K(4544K)->4275K(4544K)
[2025-01-03T12:45:34.411+0900][252.307s][info][gc             ] GC(9) Pause Young (Allocation Failure) 270M->14M(437M) 0.769ms
[2025-01-03T12:45:34.411+0900][252.307s][info][gc,cpu         ] GC(9) User=0.00s Sys=0.00s Real=0.00s
[2025-01-03T12:45:34.536+0900][252.431s][info][gc,start       ] GC(10) Pause Young (Allocation Failure)
[2025-01-03T12:45:34.537+0900][252.432s][info][gc,heap        ] GC(10) PSYoungGen: 262182K(272384K)->640K(429056K) Eden: 261632K(261632K)->0K(418304K) From: 550K(10752K)->640K(10752K)
[2025-01-03T12:45:34.537+0900][252.432s][info][gc,heap        ] GC(10) ParOldGen: 14784K(175104K)->14944K(175104K)
[2025-01-03T12:45:34.537+0900][252.433s][info][gc,metaspace   ] GC(10) Metaspace: 31892K(32448K)->31892K(32448K) NonClass: 27616K(27904K)->27616K(27904K) Class: 4276K(4544K)->4276K(4544K)
[2025-01-03T12:45:34.537+0900][252.433s][info][gc             ] GC(10) Pause Young (Allocation Failure) 270M->15M(590M) 1.852ms
[2025-01-03T12:45:34.537+0900][252.433s][info][gc,cpu         ] GC(10) User=0.00s Sys=0.00s Real=0.00s
[2025-01-03T12:45:34.719+0900][252.614s][info][gc,start       ] GC(11) Pause Young (Allocation Failure)
[2025-01-03T12:45:34.721+0900][252.616s][info][gc,heap        ] GC(11) PSYoungGen: 418944K(429056K)->914K(429568K) Eden: 418304K(418304K)->0K(418304K) From: 640K(10752K)->914K(11264K)
[2025-01-03T12:45:34.721+0900][252.616s][info][gc,heap        ] GC(11) ParOldGen: 14944K(175104K)->15089K(175104K)
[2025-01-03T12:45:34.721+0900][252.616s][info][gc,metaspace   ] GC(11) Metaspace: 31892K(32448K)->31892K(32448K) NonClass: 27616K(27904K)->27616K(27904K) Class: 4276K(4544K)->4276K(4544K)
[2025-01-03T12:45:34.721+0900][252.616s][info][gc             ] GC(11) Pause Young (Allocation Failure) 423M->15M(590M) 2.416ms
[2025-01-03T12:45:34.721+0900][252.616s][info][gc,cpu         ] GC(11) User=0.01s Sys=0.00s Real=0.01s
[2025-01-03T12:45:34.850+0900][252.745s][info][gc,start       ] GC(12) Pause Young (Allocation Failure)
[2025-01-03T12:45:34.852+0900][252.747s][info][gc,heap        ] GC(12) PSYoungGen: 419218K(429568K)->1113K(679936K) Eden: 418304K(418304K)->0K(669696K) From: 914K(11264K)->1113K(10240K)
[2025-01-03T12:45:34.852+0900][252.747s][info][gc,heap        ] GC(12) ParOldGen: 15089K(175104K)->15233K(175104K)
[2025-01-03T12:45:34.852+0900][252.747s][info][gc,metaspace   ] GC(12) Metaspace: 31892K(32448K)->31892K(32448K) NonClass: 27616K(27904K)->27616K(27904K) Class: 4276K(4544K)->4276K(4544K)
[2025-01-03T12:45:34.852+0900][252.747s][info][gc             ] GC(12) Pause Young (Allocation Failure) 424M->15M(835M) 1.788ms
[2025-01-03T12:45:34.852+0900][252.747s][info][gc,cpu         ] GC(12) User=0.01s Sys=0.00s Real=0.00s
[2025-01-03T12:45:35.077+0900][252.972s][info][gc,start       ] GC(13) Pause Young (Allocation Failure)
[2025-01-03T12:45:35.079+0900][252.974s][info][gc,heap        ] GC(13) PSYoungGen: 670809K(679936K)->1371K(680448K) Eden: 669696K(669696K)->0K(669696K) From: 1113K(10240K)->1371K(10752K)
[2025-01-03T12:45:35.079+0900][252.974s][info][gc,heap        ] GC(13) ParOldGen: 15233K(175104K)->15369K(175104K)
[2025-01-03T12:45:35.079+0900][252.974s][info][gc,metaspace   ] GC(13) Metaspace: 31893K(32448K)->31893K(32448K) NonClass: 27617K(27904K)->27617K(27904K) Class: 4276K(4544K)->4276K(4544K)
[2025-01-03T12:45:35.079+0900][252.974s][info][gc             ] GC(13) Pause Young (Allocation Failure) 669M->16M(835M) 1.734ms
[2025-01-03T12:45:35.079+0900][252.974s][info][gc,cpu         ] GC(13) User=0.00s Sys=0.00s Real=0.00s
[2025-01-03T12:45:35.261+0900][253.156s][info][gc,start       ] GC(14) Pause Young (Allocation Failure)
[2025-01-03T12:45:35.262+0900][253.157s][info][gc,heap        ] GC(14) PSYoungGen: 671067K(680448K)->1293K(1081344K) Eden: 669696K(669696K)->0K(1071616K) From: 1371K(10752K)->1293K(9728K)
[2025-01-03T12:45:35.262+0900][253.157s][info][gc,heap        ] GC(14) ParOldGen: 15369K(175104K)->15657K(175104K)
[2025-01-03T12:45:35.262+0900][253.158s][info][gc,metaspace   ] GC(14) Metaspace: 31893K(32448K)->31893K(32448K) NonClass: 27617K(27904K)->27617K(27904K) Class: 4276K(4544K)->4276K(4544K)
[2025-01-03T12:45:35.262+0900][253.158s][info][gc             ] GC(14) Pause Young (Allocation Failure) 670M->16M(1227M) 1.828ms
[2025-01-03T12:45:35.262+0900][253.158s][info][gc,cpu         ] GC(14) User=0.00s Sys=0.00s Real=0.00s
[2025-01-03T12:45:35.638+0900][253.533s][info][gc,start       ] GC(15) Pause Young (Allocation Failure)
[2025-01-03T12:45:35.641+0900][253.536s][info][gc,heap        ] GC(15) PSYoungGen: 1072909K(1081344K)->1968K(1081856K) Eden: 1071616K(1071616K)->0K(1071616K) From: 1293K(9728K)->1968K(10240K)
[2025-01-03T12:45:35.641+0900][253.536s][info][gc,heap        ] GC(15) ParOldGen: 15657K(175104K)->15809K(175104K)
[2025-01-03T12:45:35.641+0900][253.536s][info][gc,metaspace   ] GC(15) Metaspace: 31895K(32512K)->31895K(32512K) NonClass: 27618K(27904K)->27618K(27904K) Class: 4276K(4608K)->4276K(4608K)
[2025-01-03T12:45:35.641+0900][253.536s][info][gc             ] GC(15) Pause Young (Allocation Failure) 1063M->17M(1227M) 2.850ms
[2025-01-03T12:45:35.641+0900][253.536s][info][gc,cpu         ] GC(15) User=0.01s Sys=0.00s Real=0.01s
[2025-01-03T12:45:36.000+0900][253.895s][info][gc,start       ] GC(16) Pause Young (Allocation Failure)
[2025-01-03T12:45:36.003+0900][253.898s][info][gc,heap        ] GC(16) PSYoungGen: 1073584K(1081856K)->3015K(1386496K) Eden: 1071616K(1071616K)->0K(1377792K) From: 1968K(10240K)->3015K(8704K)
[2025-01-03T12:45:36.003+0900][253.898s][info][gc,heap        ] GC(16) ParOldGen: 15809K(175104K)->16078K(175104K)
[2025-01-03T12:45:36.003+0900][253.898s][info][gc,metaspace   ] GC(16) Metaspace: 31895K(32512K)->31895K(32512K) NonClass: 27618K(27904K)->27618K(27904K) Class: 4276K(4608K)->4276K(4608K)
[2025-01-03T12:45:36.003+0900][253.898s][info][gc             ] GC(16) Pause Young (Allocation Failure) 1063M->18M(1525M) 3.034ms
[2025-01-03T12:45:36.003+0900][253.898s][info][gc,cpu         ] GC(16) User=0.01s Sys=0.00s Real=0.00s
[2025-01-03T12:45:36.469+0900][254.364s][info][gc,start       ] GC(17) Pause Young (Allocation Failure)
[2025-01-03T12:45:36.471+0900][254.366s][info][gc,heap        ] GC(17) PSYoungGen: 1380807K(1386496K)->2521K(1387008K) Eden: 1377792K(1377792K)->0K(1377792K) From: 3015K(8704K)->2521K(9216K)
[2025-01-03T12:45:36.471+0900][254.366s][info][gc,heap        ] GC(17) ParOldGen: 16078K(175104K)->16454K(175104K)
[2025-01-03T12:45:36.471+0900][254.366s][info][gc,metaspace   ] GC(17) Metaspace: 31897K(32512K)->31897K(32512K) NonClass: 27620K(27904K)->27620K(27904K) Class: 4276K(4608K)->4276K(4608K)
[2025-01-03T12:45:36.471+0900][254.366s][info][gc             ] GC(17) Pause Young (Allocation Failure) 1364M->18M(1525M) 2.510ms
[2025-01-03T12:45:36.471+0900][254.366s][info][gc,cpu         ] GC(17) User=0.00s Sys=0.00s Real=0.01s
[2025-01-03T12:45:36.937+0900][254.832s][info][gc,start       ] GC(18) Pause Young (Allocation Failure)
[2025-01-03T12:45:36.939+0900][254.834s][info][gc,heap        ] GC(18) PSYoungGen: 1380313K(1387008K)->3273K(1315840K) Eden: 1377792K(1377792K)->0K(1312256K) From: 2521K(9216K)->3273K(3584K)
[2025-01-03T12:45:36.939+0900][254.834s][info][gc,heap        ] GC(18) ParOldGen: 16454K(175104K)->16738K(175104K)
[2025-01-03T12:45:36.939+0900][254.834s][info][gc,metaspace   ] GC(18) Metaspace: 31897K(32512K)->31897K(32512K) NonClass: 27620K(27904K)->27620K(27904K) Class: 4276K(4608K)->4276K(4608K)
[2025-01-03T12:45:36.939+0900][254.834s][info][gc             ] GC(18) Pause Young (Allocation Failure) 1364M->19M(1456M) 2.374ms
[2025-01-03T12:45:36.939+0900][254.834s][info][gc,cpu         ] GC(18) User=0.01s Sys=0.00s Real=0.00s
[2025-01-03T12:45:37.140+0900][255.035s][info][gc,start       ] GC(19) Pause Young (CodeCache GC Threshold)
[2025-01-03T12:45:37.143+0900][255.038s][info][gc,heap        ] GC(19) PSYoungGen: 614801K(1315840K)->3351K(1315840K) Eden: 611527K(1312256K)->0K(1312256K) From: 3273K(3584K)->3351K(3584K)
[2025-01-03T12:45:37.143+0900][255.038s][info][gc,heap        ] GC(19) ParOldGen: 16738K(175104K)->17011K(175104K)
[2025-01-03T12:45:37.143+0900][255.038s][info][gc,metaspace   ] GC(19) Metaspace: 31897K(32512K)->31897K(32512K) NonClass: 27621K(27904K)->27621K(27904K) Class: 4276K(4608K)->4276K(4608K)
[2025-01-03T12:45:37.143+0900][255.038s][info][gc             ] GC(19) Pause Young (CodeCache GC Threshold) 616M->19M(1456M) 3.640ms
[2025-01-03T12:45:37.143+0900][255.038s][info][gc,cpu         ] GC(19) User=0.00s Sys=0.00s Real=0.00s
[2025-01-03T12:45:37.143+0900][255.038s][info][gc,start       ] GC(20) Pause Full (CodeCache GC Threshold)
[2025-01-03T12:45:37.143+0900][255.039s][info][gc,phases,start] GC(20) Marking Phase
[2025-01-03T12:45:37.180+0900][255.075s][info][gc,phases      ] GC(20) Marking Phase 36.184ms
[2025-01-03T12:45:37.180+0900][255.075s][info][gc,phases,start] GC(20) Summary Phase
[2025-01-03T12:45:37.180+0900][255.075s][info][gc,phases      ] GC(20) Summary Phase 0.031ms
[2025-01-03T12:45:37.180+0900][255.075s][info][gc,phases,start] GC(20) Adjust Roots
[2025-01-03T12:45:37.188+0900][255.083s][info][gc,phases      ] GC(20) Adjust Roots 7.967ms
[2025-01-03T12:45:37.188+0900][255.083s][info][gc,phases,start] GC(20) Compaction Phase
[2025-01-03T12:45:37.201+0900][255.096s][info][gc,phases      ] GC(20) Compaction Phase 13.084ms
[2025-01-03T12:45:37.201+0900][255.096s][info][gc,phases,start] GC(20) Post Compact
[2025-01-03T12:45:37.203+0900][255.098s][info][gc,phases      ] GC(20) Post Compact 1.521ms
[2025-01-03T12:45:37.203+0900][255.098s][info][gc,heap        ] GC(20) PSYoungGen: 3351K(1315840K)->0K(1315840K) Eden: 0K(1312256K)->0K(1312256K) From: 3351K(3584K)->0K(3584K)
[2025-01-03T12:45:37.203+0900][255.098s][info][gc,heap        ] GC(20) ParOldGen: 17011K(175104K)->18260K(175104K)
[2025-01-03T12:45:37.203+0900][255.098s][info][gc,metaspace   ] GC(20) Metaspace: 31897K(32512K)->31684K(32512K) NonClass: 27621K(27904K)->27465K(27904K) Class: 4276K(4608K)->4219K(4608K)
[2025-01-03T12:45:37.203+0900][255.098s][info][gc             ] GC(20) Pause Full (CodeCache GC Threshold) 19M->17M(1456M) 59.207ms
[2025-01-03T12:45:37.203+0900][255.098s][info][gc,cpu         ] GC(20) User=0.15s Sys=0.01s Real=0.06s
[2025-01-03T12:45:37.570+0900][255.465s][info][gc,start       ] GC(21) Pause Young (Allocation Failure)
[2025-01-03T12:45:37.572+0900][255.467s][info][gc,heap        ] GC(21) PSYoungGen: 1312256K(1315840K)->4384K(1254400K) Eden: 1312256K(1312256K)->0K(1249792K) From: 0K(3584K)->4384K(4608K)
[2025-01-03T12:45:37.572+0900][255.467s][info][gc,heap        ] GC(21) ParOldGen: 18260K(175104K)->18268K(175104K)
[2025-01-03T12:45:37.572+0900][255.467s][info][gc,metaspace   ] GC(21) Metaspace: 31684K(32512K)->31684K(32512K) NonClass: 27465K(27904K)->27465K(27904K) Class: 4219K(4608K)->4219K(4608K)
[2025-01-03T12:45:37.572+0900][255.467s][info][gc             ] GC(21) Pause Young (Allocation Failure) 1299M->22M(1396M) 2.687ms
[2025-01-03T12:45:37.572+0900][255.467s][info][gc,cpu         ] GC(21) User=0.01s Sys=0.00s Real=0.00s
[2025-01-03T12:45:37.897+0900][255.792s][info][gc,start       ] GC(22) Pause Young (Allocation Failure)
[2025-01-03T12:45:37.902+0900][255.797s][info][gc,heap        ] GC(22) PSYoungGen: 1254176K(1254400K)->4652K(1378304K) Eden: 1249792K(1249792K)->0K(1370624K) From: 4384K(4608K)->4652K(7680K)
[2025-01-03T12:45:37.902+0900][255.797s][info][gc,heap        ] GC(22) ParOldGen: 18268K(175104K)->18933K(175104K)
[2025-01-03T12:45:37.902+0900][255.797s][info][gc,metaspace   ] GC(22) Metaspace: 31684K(32512K)->31684K(32512K) NonClass: 27465K(27904K)->27465K(27904K) Class: 4219K(4608K)->4219K(4608K)
[2025-01-03T12:45:37.902+0900][255.797s][info][gc             ] GC(22) Pause Young (Allocation Failure) 1242M->23M(1517M) 5.472ms
[2025-01-03T12:45:37.902+0900][255.797s][info][gc,cpu         ] GC(22) User=0.01s Sys=0.01s Real=0.01s
[2025-01-03T12:45:38.273+0900][256.168s][info][gc,start       ] GC(23) Pause Young (Allocation Failure)
[2025-01-03T12:45:38.277+0900][256.172s][info][gc,heap        ] GC(23) PSYoungGen: 1375276K(1378304K)->5548K(1389568K) Eden: 1370624K(1370624K)->0K(1381376K) From: 4652K(7680K)->5548K(8192K)
[2025-01-03T12:45:38.277+0900][256.172s][info][gc,heap        ] GC(23) ParOldGen: 18933K(175104K)->19101K(175104K)
[2025-01-03T12:45:38.277+0900][256.172s][info][gc,metaspace   ] GC(23) Metaspace: 31685K(32512K)->31685K(32512K) NonClass: 27465K(27904K)->27465K(27904K) Class: 4220K(4608K)->4220K(4608K)
[2025-01-03T12:45:38.277+0900][256.172s][info][gc             ] GC(23) Pause Young (Allocation Failure) 1361M->24M(1528M) 4.075ms
[2025-01-03T12:45:38.277+0900][256.172s][info][gc,cpu         ] GC(23) User=0.01s Sys=0.01s Real=0.00s
[2025-01-03T12:45:38.650+0900][256.545s][info][gc,start       ] GC(24) Pause Young (Allocation Failure)
[2025-01-03T12:45:38.654+0900][256.549s][info][gc,heap        ] GC(24) PSYoungGen: 1386924K(1389568K)->5827K(1387520K) Eden: 1381376K(1381376K)->0K(1381376K) From: 5548K(8192K)->5827K(6144K)
[2025-01-03T12:45:38.654+0900][256.549s][info][gc,heap        ] GC(24) ParOldGen: 19101K(175104K)->19477K(175104K)
[2025-01-03T12:45:38.654+0900][256.549s][info][gc,metaspace   ] GC(24) Metaspace: 31685K(32512K)->31685K(32512K) NonClass: 27465K(27904K)->27465K(27904K) Class: 4220K(4608K)->4220K(4608K)
[2025-01-03T12:45:38.654+0900][256.549s][info][gc             ] GC(24) Pause Young (Allocation Failure) 1373M->24M(1526M) 3.897ms
[2025-01-03T12:45:38.654+0900][256.549s][info][gc,cpu         ] GC(24) User=0.01s Sys=0.00s Real=0.00s
[2025-01-03T12:45:39.035+0900][256.930s][info][gc,start       ] GC(25) Pause Young (Allocation Failure)
[2025-01-03T12:45:39.038+0900][256.934s][info][gc,heap        ] GC(25) PSYoungGen: 1387203K(1387520K)->6404K(1388032K) Eden: 1381376K(1381376K)->0K(1379328K) From: 5827K(6144K)->6404K(8704K)
[2025-01-03T12:45:39.039+0900][256.934s][info][gc,heap        ] GC(25) ParOldGen: 19477K(175104K)->19757K(175104K)
[2025-01-03T12:45:39.039+0900][256.934s][info][gc,metaspace   ] GC(25) Metaspace: 31685K(32512K)->31685K(32512K) NonClass: 27465K(27904K)->27465K(27904K) Class: 4220K(4608K)->4220K(4608K)
[2025-01-03T12:45:39.039+0900][256.934s][info][gc             ] GC(25) Pause Young (Allocation Failure) 1373M->25M(1526M) 3.636ms
[2025-01-03T12:45:39.039+0900][256.934s][info][gc,cpu         ] GC(25) User=0.02s Sys=0.00s Real=0.00s
[2025-01-03T12:45:39.573+0900][257.468s][info][gc,start       ] GC(26) Pause Young (Allocation Failure)
[2025-01-03T12:45:39.577+0900][257.472s][info][gc,heap        ] GC(26) PSYoungGen: 1385732K(1388032K)->6307K(1320448K) Eden: 1379328K(1379328K)->0K(1313792K) From: 6404K(8704K)->6307K(6656K)
[2025-01-03T12:45:39.577+0900][257.472s][info][gc,heap        ] GC(26) ParOldGen: 19757K(175104K)->20150K(175104K)
[2025-01-03T12:45:39.577+0900][257.472s][info][gc,metaspace   ] GC(26) Metaspace: 31685K(32512K)->31685K(32512K) NonClass: 27465K(27904K)->27465K(27904K) Class: 4220K(4608K)->4220K(4608K)
[2025-01-03T12:45:39.577+0900][257.472s][info][gc             ] GC(26) Pause Young (Allocation Failure) 1372M->25M(1460M) 4.457ms
[2025-01-03T12:45:39.577+0900][257.473s][info][gc,cpu         ] GC(26) User=0.01s Sys=0.00s Real=0.00s
[2025-01-03T12:45:39.938+0900][257.834s][info][gc,start       ] GC(27) Pause Young (Allocation Failure)
[2025-01-03T12:45:39.950+0900][257.845s][info][gc,heap        ] GC(27) PSYoungGen: 1320099K(1320448K)->3576K(1379328K) Eden: 1313792K(1313792K)->0K(1375744K) From: 6307K(6656K)->3576K(3584K)
[2025-01-03T12:45:39.950+0900][257.845s][info][gc,heap        ] GC(27) ParOldGen: 20150K(175104K)->23892K(175104K)
[2025-01-03T12:45:39.950+0900][257.845s][info][gc,metaspace   ] GC(27) Metaspace: 31685K(32512K)->31685K(32512K) NonClass: 27465K(27904K)->27465K(27904K) Class: 4220K(4608K)->4220K(4608K)
[2025-01-03T12:45:39.950+0900][257.845s][info][gc             ] GC(27) Pause Young (Allocation Failure) 1308M->26M(1518M) 11.912ms
[2025-01-03T12:45:39.951+0900][257.846s][info][gc,cpu         ] GC(27) User=0.02s Sys=0.00s Real=0.02s
[2025-01-03T12:45:40.378+0900][258.273s][info][gc,start       ] GC(28) Pause Young (Allocation Failure)
[2025-01-03T12:45:40.382+0900][258.278s][info][gc,heap        ] GC(28) PSYoungGen: 1379320K(1379328K)->7515K(1385984K) Eden: 1375744K(1375744K)->0K(1375744K) From: 3576K(3584K)->7515K(10240K)
[2025-01-03T12:45:40.383+0900][258.278s][info][gc,heap        ] GC(28) ParOldGen: 23892K(175104K)->24264K(175104K)
[2025-01-03T12:45:40.383+0900][258.278s][info][gc,metaspace   ] GC(28) Metaspace: 31685K(32512K)->31685K(32512K) NonClass: 27465K(27904K)->27465K(27904K) Class: 4220K(4608K)->4220K(4608K)
[2025-01-03T12:45:40.383+0900][258.278s][info][gc             ] GC(28) Pause Young (Allocation Failure) 1370M->31M(1524M) 4.786ms
[2025-01-03T12:45:40.383+0900][258.278s][info][gc,cpu         ] GC(28) User=0.01s Sys=0.00s Real=0.01s
[2025-01-03T12:45:40.780+0900][258.675s][info][gc,start       ] GC(29) Pause Young (Allocation Failure)
[2025-01-03T12:45:40.785+0900][258.680s][info][gc,heap        ] GC(29) PSYoungGen: 1383259K(1385984K)->7888K(1385984K) Eden: 1375744K(1375744K)->0K(1375232K) From: 7515K(10240K)->7888K(10752K)
[2025-01-03T12:45:40.785+0900][258.680s][info][gc,heap        ] GC(29) ParOldGen: 24264K(175104K)->24703K(175104K)
[2025-01-03T12:45:40.785+0900][258.680s][info][gc,metaspace   ] GC(29) Metaspace: 31685K(32512K)->31685K(32512K) NonClass: 27465K(27904K)->27465K(27904K) Class: 4220K(4608K)->4220K(4608K)
[2025-01-03T12:45:40.785+0900][258.680s][info][gc             ] GC(29) Pause Young (Allocation Failure) 1374M->31M(1524M) 5.479ms
[2025-01-03T12:45:40.785+0900][258.681s][info][gc,cpu         ] GC(29) User=0.02s Sys=0.00s Real=0.00s
[2025-01-03T12:45:41.162+0900][259.058s][info][gc,start       ] GC(30) Pause Young (Allocation Failure)
[2025-01-03T12:45:41.168+0900][259.063s][info][gc,heap        ] GC(30) PSYoungGen: 1383120K(1385984K)->8761K(1384448K) Eden: 1375232K(1375232K)->0K(1375232K) From: 7888K(10752K)->8761K(9216K)
[2025-01-03T12:45:41.168+0900][259.064s][info][gc,heap        ] GC(30) ParOldGen: 24703K(175104K)->25107K(175104K)
[2025-01-03T12:45:41.168+0900][259.064s][info][gc,metaspace   ] GC(30) Metaspace: 31685K(32512K)->31685K(32512K) NonClass: 27465K(27904K)->27465K(27904K) Class: 4220K(4608K)->4220K(4608K)
[2025-01-03T12:45:41.168+0900][259.064s][info][gc             ] GC(30) Pause Young (Allocation Failure) 1374M->33M(1523M) 6.042ms
[2025-01-03T12:45:41.169+0900][259.064s][info][gc,cpu         ] GC(30) User=0.02s Sys=0.00s Real=0.00s
[2025-01-03T12:45:41.628+0900][259.523s][info][gc,start       ] GC(31) Pause Young (Allocation Failure)
[2025-01-03T12:45:41.641+0900][259.536s][info][gc,heap        ] GC(31) PSYoungGen: 1383993K(1384448K)->9283K(1383936K) Eden: 1375232K(1375232K)->0K(1372160K) From: 8761K(9216K)->9283K(11776K)
[2025-01-03T12:45:41.641+0900][259.536s][info][gc,heap        ] GC(31) ParOldGen: 25107K(175104K)->25399K(175104K)
[2025-01-03T12:45:41.641+0900][259.536s][info][gc,metaspace   ] GC(31) Metaspace: 31685K(32512K)->31685K(32512K) NonClass: 27465K(27904K)->27465K(27904K) Class: 4220K(4608K)->4220K(4608K)
[2025-01-03T12:45:41.641+0900][259.536s][info][gc             ] GC(31) Pause Young (Allocation Failure) 1376M->33M(1522M) 12.962ms
[2025-01-03T12:45:41.641+0900][259.536s][info][gc,cpu         ] GC(31) User=0.02s Sys=0.00s Real=0.02s
[2025-01-03T12:45:42.220+0900][260.115s][info][gc,start       ] GC(32) Pause Young (Allocation Failure)
[2025-01-03T12:45:42.228+0900][260.123s][info][gc,heap        ] GC(32) PSYoungGen: 1381443K(1383936K)->9747K(1382400K) Eden: 1372160K(1372160K)->0K(1372160K) From: 9283K(11776K)->9747K(10240K)
[2025-01-03T12:45:42.228+0900][260.123s][info][gc,heap        ] GC(32) ParOldGen: 25399K(175104K)->25812K(175104K)
[2025-01-03T12:45:42.228+0900][260.124s][info][gc,metaspace   ] GC(32) Metaspace: 31685K(32512K)->31685K(32512K) NonClass: 27465K(27904K)->27465K(27904K) Class: 4220K(4608K)->4220K(4608K)
[2025-01-03T12:45:42.228+0900][260.124s][info][gc             ] GC(32) Pause Young (Allocation Failure) 1373M->34M(1521M) 8.326ms
[2025-01-03T12:45:42.229+0900][260.124s][info][gc,cpu         ] GC(32) User=0.02s Sys=0.00s Real=0.00s
[2025-01-03T12:45:42.696+0900][260.591s][info][gc,start       ] GC(33) Pause Young (Allocation Failure)
[2025-01-03T12:45:42.703+0900][260.598s][info][gc,heap        ] GC(33) PSYoungGen: 1381907K(1382400K)->10193K(1382400K) Eden: 1372160K(1372160K)->0K(1369088K) From: 9747K(10240K)->10193K(13312K)
[2025-01-03T12:45:42.703+0900][260.599s][info][gc,heap        ] GC(33) ParOldGen: 25812K(175104K)->26348K(175104K)
[2025-01-03T12:45:42.703+0900][260.599s][info][gc,metaspace   ] GC(33) Metaspace: 31685K(32512K)->31685K(32512K) NonClass: 27465K(27904K)->27465K(27904K) Class: 4220K(4608K)->4220K(4608K)
[2025-01-03T12:45:42.704+0900][260.599s][info][gc             ] GC(33) Pause Young (Allocation Failure) 1374M->35M(1521M) 7.426ms
[2025-01-03T12:45:42.704+0900][260.599s][info][gc,cpu         ] GC(33) User=0.02s Sys=0.00s Real=0.01s
[2025-01-03T12:45:43.115+0900][261.010s][info][gc,start       ] GC(34) Pause Young (Allocation Failure)
[2025-01-03T12:45:43.123+0900][261.018s][info][gc,heap        ] GC(34) PSYoungGen: 1379281K(1382400K)->11558K(1380864K) Eden: 1369088K(1369088K)->0K(1369088K) From: 10193K(13312K)->11558K(11776K)
[2025-01-03T12:45:43.123+0900][261.018s][info][gc,heap        ] GC(34) ParOldGen: 26348K(175104K)->26548K(175104K)
[2025-01-03T12:45:43.123+0900][261.018s][info][gc,metaspace   ] GC(34) Metaspace: 31685K(32512K)->31685K(32512K) NonClass: 27465K(27904K)->27465K(27904K) Class: 4220K(4608K)->4220K(4608K)
[2025-01-03T12:45:43.123+0900][261.018s][info][gc             ] GC(34) Pause Young (Allocation Failure) 1372M->37M(1519M) 7.885ms
[2025-01-03T12:45:43.123+0900][261.018s][info][gc,cpu         ] GC(34) User=0.02s Sys=0.00s Real=0.01s
[2025-01-03T12:45:43.553+0900][261.448s][info][gc,start       ] GC(35) Pause Young (Allocation Failure)
[2025-01-03T12:45:43.561+0900][261.456s][info][gc,heap        ] GC(35) PSYoungGen: 1380646K(1380864K)->10585K(1381376K) Eden: 1369088K(1369088K)->0K(1366016K) From: 11558K(11776K)->10585K(15360K)
[2025-01-03T12:45:43.561+0900][261.456s][info][gc,heap        ] GC(35) ParOldGen: 26548K(175104K)->26993K(175104K)
[2025-01-03T12:45:43.561+0900][261.456s][info][gc,metaspace   ] GC(35) Metaspace: 31685K(32512K)->31685K(32512K) NonClass: 27465K(27904K)->27465K(27904K) Class: 4220K(4608K)->4220K(4608K)
[2025-01-03T12:45:43.561+0900][261.456s][info][gc             ] GC(35) Pause Young (Allocation Failure) 1374M->36M(1520M) 8.299ms
[2025-01-03T12:45:43.561+0900][261.456s][info][gc,cpu         ] GC(35) User=0.02s Sys=0.00s Real=0.01s
[2025-01-03T12:45:43.977+0900][261.872s][info][gc,start       ] GC(36) Pause Young (Allocation Failure)
[2025-01-03T12:45:43.986+0900][261.881s][info][gc,heap        ] GC(36) PSYoungGen: 1376601K(1381376K)->11331K(1377792K) Eden: 1366016K(1366016K)->0K(1366016K) From: 10585K(15360K)->11331K(11776K)
[2025-01-03T12:45:43.986+0900][261.881s][info][gc,heap        ] GC(36) ParOldGen: 26993K(175104K)->27221K(175104K)
[2025-01-03T12:45:43.986+0900][261.881s][info][gc,metaspace   ] GC(36) Metaspace: 31685K(32512K)->31685K(32512K) NonClass: 27465K(27904K)->27465K(27904K) Class: 4220K(4608K)->4220K(4608K)
[2025-01-03T12:45:43.986+0900][261.881s][info][gc             ] GC(36) Pause Young (Allocation Failure) 1370M->37M(1516M) 9.057ms
[2025-01-03T12:45:43.986+0900][261.881s][info][gc,cpu         ] GC(36) User=0.02s Sys=0.00s Real=0.01s
[2025-01-03T12:45:44.384+0900][262.279s][info][gc,start       ] GC(37) Pause Young (Allocation Failure)
[2025-01-03T12:45:44.391+0900][262.286s][info][gc,heap        ] GC(37) PSYoungGen: 1377347K(1377792K)->12657K(1379328K) Eden: 1366016K(1366016K)->0K(1362944K) From: 11331K(11776K)->12657K(16384K)
[2025-01-03T12:45:44.391+0900][262.286s][info][gc,heap        ] GC(37) ParOldGen: 27221K(175104K)->27605K(175104K)
[2025-01-03T12:45:44.391+0900][262.286s][info][gc,metaspace   ] GC(37) Metaspace: 31685K(32512K)->31685K(32512K) NonClass: 27465K(27904K)->27465K(27904K) Class: 4220K(4608K)->4220K(4608K)
[2025-01-03T12:45:44.391+0900][262.286s][info][gc             ] GC(37) Pause Young (Allocation Failure) 1371M->39M(1518M) 7.081ms
[2025-01-03T12:45:44.391+0900][262.286s][info][gc,cpu         ] GC(37) User=0.03s Sys=0.01s Real=0.01s
[2025-01-03T12:45:44.800+0900][262.695s][info][gc,start       ] GC(38) Pause Young (Allocation Failure)
[2025-01-03T12:45:44.806+0900][262.701s][info][gc,heap        ] GC(38) PSYoungGen: 1375601K(1379328K)->12547K(1375744K) Eden: 1362944K(1362944K)->0K(1362944K) From: 12657K(16384K)->12547K(12800K)
[2025-01-03T12:45:44.806+0900][262.701s][info][gc,heap        ] GC(38) ParOldGen: 27605K(175104K)->27966K(175104K)
[2025-01-03T12:45:44.806+0900][262.702s][info][gc,metaspace   ] GC(38) Metaspace: 31685K(32512K)->31685K(32512K) NonClass: 27465K(27904K)->27465K(27904K) Class: 4220K(4608K)->4220K(4608K)
[2025-01-03T12:45:44.806+0900][262.702s][info][gc             ] GC(38) Pause Young (Allocation Failure) 1370M->39M(1514M) 6.724ms
[2025-01-03T12:45:44.807+0900][262.702s][info][gc,cpu         ] GC(38) User=0.03s Sys=0.00s Real=0.00s
[2025-01-03T12:45:45.196+0900][263.091s][info][gc,start       ] GC(39) Pause Young (Allocation Failure)
[2025-01-03T12:45:45.204+0900][263.099s][info][gc,heap        ] GC(39) PSYoungGen: 1375491K(1375744K)->13433K(1377792K) Eden: 1362944K(1362944K)->0K(1359872K) From: 12547K(12800K)->13433K(17920K)
[2025-01-03T12:45:45.204+0900][263.099s][info][gc,heap        ] GC(39) ParOldGen: 27966K(175104K)->28298K(175104K)
[2025-01-03T12:45:45.204+0900][263.099s][info][gc,metaspace   ] GC(39) Metaspace: 31685K(32512K)->31685K(32512K) NonClass: 27465K(27904K)->27465K(27904K) Class: 4220K(4608K)->4220K(4608K)
[2025-01-03T12:45:45.204+0900][263.099s][info][gc             ] GC(39) Pause Young (Allocation Failure) 1370M->40M(1516M) 7.696ms
[2025-01-03T12:45:45.204+0900][263.099s][info][gc,cpu         ] GC(39) User=0.03s Sys=0.00s Real=0.01s
[2025-01-03T12:45:45.590+0900][263.485s][info][gc,start       ] GC(40) Pause Young (Allocation Failure)
[2025-01-03T12:45:45.597+0900][263.492s][info][gc,heap        ] GC(40) PSYoungGen: 1373305K(1377792K)->13465K(1373696K) Eden: 1359872K(1359872K)->0K(1359872K) From: 13433K(17920K)->13465K(13824K)
[2025-01-03T12:45:45.597+0900][263.492s][info][gc,heap        ] GC(40) ParOldGen: 28298K(175104K)->28742K(175104K)
[2025-01-03T12:45:45.597+0900][263.492s][info][gc,metaspace   ] GC(40) Metaspace: 31685K(32512K)->31685K(32512K) NonClass: 27465K(27904K)->27465K(27904K) Class: 4220K(4608K)->4220K(4608K)
[2025-01-03T12:45:45.597+0900][263.492s][info][gc             ] GC(40) Pause Young (Allocation Failure) 1368M->41M(1512M) 7.137ms
[2025-01-03T12:45:45.597+0900][263.492s][info][gc,cpu         ] GC(40) User=0.02s Sys=0.01s Real=0.00s
[2025-01-03T12:45:46.044+0900][263.939s][info][gc,start       ] GC(41) Pause Young (Allocation Failure)
[2025-01-03T12:45:46.052+0900][263.947s][info][gc,heap        ] GC(41) PSYoungGen: 1373337K(1373696K)->14120K(1377280K) Eden: 1359872K(1359872K)->0K(1357824K) From: 13465K(13824K)->14120K(19456K)
[2025-01-03T12:45:46.052+0900][263.947s][info][gc,heap        ] GC(41) ParOldGen: 28742K(175104K)->28987K(175104K)
[2025-01-03T12:45:46.052+0900][263.947s][info][gc,metaspace   ] GC(41) Metaspace: 31685K(32512K)->31685K(32512K) NonClass: 27465K(27904K)->27465K(27904K) Class: 4220K(4608K)->4220K(4608K)
[2025-01-03T12:45:46.052+0900][263.947s][info][gc             ] GC(41) Pause Young (Allocation Failure) 1369M->42M(1516M) 8.101ms
[2025-01-03T12:45:46.052+0900][263.947s][info][gc,cpu         ] GC(41) User=0.03s Sys=0.00s Real=0.01s
[2025-01-03T12:45:46.402+0900][264.297s][info][gc,start       ] GC(42) Pause Young (Allocation Failure)
[2025-01-03T12:45:46.410+0900][264.305s][info][gc,heap        ] GC(42) PSYoungGen: 1371944K(1377280K)->14737K(1372672K) Eden: 1357824K(1357824K)->0K(1357824K) From: 14120K(19456K)->14737K(14848K)
[2025-01-03T12:45:46.410+0900][264.305s][info][gc,heap        ] GC(42) ParOldGen: 28987K(175104K)->29471K(175104K)
[2025-01-03T12:45:46.410+0900][264.305s][info][gc,metaspace   ] GC(42) Metaspace: 31685K(32512K)->31685K(32512K) NonClass: 27465K(27904K)->27465K(27904K) Class: 4220K(4608K)->4220K(4608K)
[2025-01-03T12:45:46.410+0900][264.305s][info][gc             ] GC(42) Pause Young (Allocation Failure) 1368M->43M(1511M) 8.540ms
[2025-01-03T12:45:46.410+0900][264.305s][info][gc,cpu         ] GC(42) User=0.03s Sys=0.00s Real=0.01s
[2025-01-03T12:45:46.779+0900][264.674s][info][gc,start       ] GC(43) Pause Young (Allocation Failure)
[2025-01-03T12:45:46.786+0900][264.681s][info][gc,heap        ] GC(43) PSYoungGen: 1372561K(1372672K)->15316K(1375744K) Eden: 1357824K(1357824K)->0K(1354752K) From: 14737K(14848K)->15316K(20992K)
[2025-01-03T12:45:46.786+0900][264.681s][info][gc,heap        ] GC(43) ParOldGen: 29471K(175104K)->29767K(175104K)
[2025-01-03T12:45:46.786+0900][264.681s][info][gc,metaspace   ] GC(43) Metaspace: 31685K(32512K)->31685K(32512K) NonClass: 27465K(27904K)->27465K(27904K) Class: 4220K(4608K)->4220K(4608K)
[2025-01-03T12:45:46.786+0900][264.681s][info][gc             ] GC(43) Pause Young (Allocation Failure) 1369M->44M(1514M) 7.262ms
[2025-01-03T12:45:46.786+0900][264.681s][info][gc,cpu         ] GC(43) User=0.03s Sys=0.00s Real=0.01s
[2025-01-03T12:45:47.152+0900][265.047s][info][gc,start       ] GC(44) Pause Young (Allocation Failure)
[2025-01-03T12:45:47.160+0900][265.055s][info][gc,heap        ] GC(44) PSYoungGen: 1370068K(1375744K)->15773K(1370624K) Eden: 1354752K(1354752K)->0K(1354752K) From: 15316K(20992K)->15773K(15872K)
[2025-01-03T12:45:47.160+0900][265.055s][info][gc,heap        ] GC(44) ParOldGen: 29767K(175104K)->30284K(175104K)
[2025-01-03T12:45:47.160+0900][265.055s][info][gc,metaspace   ] GC(44) Metaspace: 31685K(32512K)->31685K(32512K) NonClass: 27465K(27904K)->27465K(27904K) Class: 4220K(4608K)->4220K(4608K)
[2025-01-03T12:45:47.160+0900][265.055s][info][gc             ] GC(44) Pause Young (Allocation Failure) 1367M->44M(1509M) 8.718ms
[2025-01-03T12:45:47.160+0900][265.055s][info][gc,cpu         ] GC(44) User=0.03s Sys=0.00s Real=0.01s
[2025-01-03T12:45:47.553+0900][265.449s][info][gc,start       ] GC(45) Pause Young (Allocation Failure)
[2025-01-03T12:45:47.565+0900][265.460s][info][gc,heap        ] GC(45) PSYoungGen: 1370525K(1370624K)->16101K(1374208K) Eden: 1354752K(1354752K)->0K(1351680K) From: 15773K(15872K)->16101K(22528K)
[2025-01-03T12:45:47.565+0900][265.460s][info][gc,heap        ] GC(45) ParOldGen: 30284K(175104K)->30540K(175104K)
[2025-01-03T12:45:47.565+0900][265.460s][info][gc,metaspace   ] GC(45) Metaspace: 31685K(32512K)->31685K(32512K) NonClass: 27465K(27904K)->27465K(27904K) Class: 4220K(4608K)->4220K(4608K)
[2025-01-03T12:45:47.565+0900][265.460s][info][gc             ] GC(45) Pause Young (Allocation Failure) 1367M->45M(1513M) 11.679ms
[2025-01-03T12:45:47.565+0900][265.460s][info][gc,cpu         ] GC(45) User=0.03s Sys=0.00s Real=0.01s
[2025-01-03T12:45:47.920+0900][265.815s][info][gc,start       ] GC(46) Pause Young (Allocation Failure)
[2025-01-03T12:45:47.934+0900][265.829s][info][gc,heap        ] GC(46) PSYoungGen: 1367781K(1374208K)->16644K(1368576K) Eden: 1351680K(1351680K)->0K(1351680K) From: 16101K(22528K)->16644K(16896K)
[2025-01-03T12:45:47.935+0900][265.830s][info][gc,heap        ] GC(46) ParOldGen: 30540K(175104K)->30920K(175104K)
[2025-01-03T12:45:47.935+0900][265.830s][info][gc,metaspace   ] GC(46) Metaspace: 31685K(32512K)->31685K(32512K) NonClass: 27465K(27904K)->27465K(27904K) Class: 4220K(4608K)->4220K(4608K)
[2025-01-03T12:45:47.935+0900][265.830s][info][gc             ] GC(46) Pause Young (Allocation Failure) 1365M->46M(1507M) 15.237ms
[2025-01-03T12:45:47.935+0900][265.830s][info][gc,cpu         ] GC(46) User=0.03s Sys=0.00s Real=0.01s
[2025-01-03T12:45:48.296+0900][266.192s][info][gc,start       ] GC(47) Pause Young (Allocation Failure)
[2025-01-03T12:45:48.308+0900][266.203s][info][gc,heap        ] GC(47) PSYoungGen: 1368324K(1368576K)->16679K(1373184K) Eden: 1351680K(1351680K)->0K(1349632K) From: 16644K(16896K)->16679K(23552K)
[2025-01-03T12:45:48.308+0900][266.203s][info][gc,heap        ] GC(47) ParOldGen: 30920K(175104K)->31297K(175104K)
[2025-01-03T12:45:48.308+0900][266.203s][info][gc,metaspace   ] GC(47) Metaspace: 31685K(32512K)->31685K(32512K) NonClass: 27465K(27904K)->27465K(27904K) Class: 4220K(4608K)->4220K(4608K)
[2025-01-03T12:45:48.308+0900][266.203s][info][gc             ] GC(47) Pause Young (Allocation Failure) 1366M->46M(1512M) 11.857ms
[2025-01-03T12:45:48.308+0900][266.203s][info][gc,cpu         ] GC(47) User=0.04s Sys=0.00s Real=0.01s
[2025-01-03T12:45:48.667+0900][266.562s][info][gc,start       ] GC(48) Pause Young (Allocation Failure)
[2025-01-03T12:45:48.676+0900][266.571s][info][gc,heap        ] GC(48) PSYoungGen: 1366311K(1373184K)->17232K(1367040K) Eden: 1349632K(1349632K)->0K(1349632K) From: 16679K(23552K)->17232K(17408K)
[2025-01-03T12:45:48.676+0900][266.571s][info][gc,heap        ] GC(48) ParOldGen: 31297K(175104K)->31797K(175104K)
[2025-01-03T12:45:48.676+0900][266.571s][info][gc,metaspace   ] GC(48) Metaspace: 31685K(32512K)->31685K(32512K) NonClass: 27465K(27904K)->27465K(27904K) Class: 4220K(4608K)->4220K(4608K)
[2025-01-03T12:45:48.676+0900][266.571s][info][gc             ] GC(48) Pause Young (Allocation Failure) 1364M->47M(1506M) 8.867ms
[2025-01-03T12:45:48.676+0900][266.571s][info][gc,cpu         ] GC(48) User=0.03s Sys=0.00s Real=0.01s
[2025-01-03T12:45:49.075+0900][266.970s][info][gc,start       ] GC(49) Pause Young (Allocation Failure)
[2025-01-03T12:45:49.085+0900][266.980s][info][gc,heap        ] GC(49) PSYoungGen: 1366864K(1367040K)->18222K(1372160K) Eden: 1349632K(1349632K)->0K(1347584K) From: 17232K(17408K)->18222K(24576K)
[2025-01-03T12:45:49.085+0900][266.980s][info][gc,heap        ] GC(49) ParOldGen: 31797K(175104K)->32157K(175104K)
[2025-01-03T12:45:49.085+0900][266.980s][info][gc,metaspace   ] GC(49) Metaspace: 31685K(32512K)->31685K(32512K) NonClass: 27465K(27904K)->27465K(27904K) Class: 4220K(4608K)->4220K(4608K)
[2025-01-03T12:45:49.085+0900][266.980s][info][gc             ] GC(49) Pause Young (Allocation Failure) 1365M->49M(1511M) 9.992ms
[2025-01-03T12:45:49.085+0900][266.980s][info][gc,cpu         ] GC(49) User=0.04s Sys=0.00s Real=0.01s
[2025-01-03T12:45:49.473+0900][267.368s][info][gc,start       ] GC(50) Pause Young (Allocation Failure)
[2025-01-03T12:45:49.486+0900][267.381s][info][gc,heap        ] GC(50) PSYoungGen: 1365806K(1372160K)->17313K(1364992K) Eden: 1347584K(1347584K)->0K(1347584K) From: 18222K(24576K)->17313K(17408K)
[2025-01-03T12:45:49.487+0900][267.382s][info][gc,heap        ] GC(50) ParOldGen: 32157K(175104K)->32634K(175104K)
[2025-01-03T12:45:49.487+0900][267.382s][info][gc,metaspace   ] GC(50) Metaspace: 31685K(32512K)->31685K(32512K) NonClass: 27465K(27904K)->27465K(27904K) Class: 4220K(4608K)->4220K(4608K)
[2025-01-03T12:45:49.487+0900][267.382s][info][gc             ] GC(50) Pause Young (Allocation Failure) 1365M->48M(1504M) 13.662ms
[2025-01-03T12:45:49.487+0900][267.382s][info][gc,cpu         ] GC(50) User=0.03s Sys=0.00s Real=0.01s
[2025-01-03T12:45:49.859+0900][267.754s][info][gc,start       ] GC(51) Pause Young (Allocation Failure)
[2025-01-03T12:45:49.869+0900][267.764s][info][gc,heap        ] GC(51) PSYoungGen: 1364897K(1364992K)->18395K(1371136K) Eden: 1347584K(1347584K)->0K(1345536K) From: 17313K(17408K)->18395K(25600K)
[2025-01-03T12:45:49.869+0900][267.764s][info][gc,heap        ] GC(51) ParOldGen: 32634K(175104K)->32998K(175104K)
[2025-01-03T12:45:49.869+0900][267.764s][info][gc,metaspace   ] GC(51) Metaspace: 31685K(32512K)->31685K(32512K) NonClass: 27465K(27904K)->27465K(27904K) Class: 4220K(4608K)->4220K(4608K)
[2025-01-03T12:45:49.869+0900][267.764s][info][gc             ] GC(51) Pause Young (Allocation Failure) 1364M->50M(1510M) 10.277ms
[2025-01-03T12:45:49.869+0900][267.764s][info][gc,cpu         ] GC(51) User=0.04s Sys=0.00s Real=0.01s
[2025-01-03T12:45:50.229+0900][268.124s][info][gc,start       ] GC(52) Pause Young (Allocation Failure)
[2025-01-03T12:45:50.243+0900][268.139s][info][gc,heap        ] GC(52) PSYoungGen: 1363931K(1371136K)->18589K(1371648K) Eden: 1345536K(1345536K)->0K(1345536K) From: 18395K(25600K)->18589K(26112K)
[2025-01-03T12:45:50.244+0900][268.139s][info][gc,heap        ] GC(52) ParOldGen: 32998K(175104K)->33286K(175104K)
[2025-01-03T12:45:50.244+0900][268.139s][info][gc,metaspace   ] GC(52) Metaspace: 31685K(32512K)->31685K(32512K) NonClass: 27465K(27904K)->27465K(27904K) Class: 4220K(4608K)->4220K(4608K)
[2025-01-03T12:45:50.244+0900][268.139s][info][gc             ] GC(52) Pause Young (Allocation Failure) 1364M->50M(1510M) 14.367ms
[2025-01-03T12:45:50.244+0900][268.139s][info][gc,cpu         ] GC(52) User=0.04s Sys=0.00s Real=0.02s
[2025-01-03T12:45:50.780+0900][268.675s][info][gc,start       ] GC(53) Pause Young (Allocation Failure)
[2025-01-03T12:45:50.791+0900][268.686s][info][gc,heap        ] GC(53) PSYoungGen: 1364125K(1371648K)->20028K(1369600K) Eden: 1345536K(1345536K)->0K(1343488K) From: 18589K(26112K)->20028K(26112K)
[2025-01-03T12:45:50.792+0900][268.687s][info][gc,heap        ] GC(53) ParOldGen: 33286K(175104K)->33703K(175104K)
[2025-01-03T12:45:50.792+0900][268.687s][info][gc,metaspace   ] GC(53) Metaspace: 31685K(32512K)->31685K(32512K) NonClass: 27465K(27904K)->27465K(27904K) Class: 4220K(4608K)->4220K(4608K)
[2025-01-03T12:45:50.792+0900][268.687s][info][gc             ] GC(53) Pause Young (Allocation Failure) 1364M->52M(1508M) 11.844ms
[2025-01-03T12:45:50.792+0900][268.687s][info][gc,cpu         ] GC(53) User=0.04s Sys=0.00s Real=0.01s
[2025-01-03T12:45:51.175+0900][269.070s][info][gc,start       ] GC(54) Pause Young (Allocation Failure)
[2025-01-03T12:45:51.187+0900][269.082s][info][gc,heap        ] GC(54) PSYoungGen: 1363516K(1369600K)->19769K(1363456K) Eden: 1343488K(1343488K)->0K(1343488K) From: 20028K(26112K)->19769K(19968K)
[2025-01-03T12:45:51.187+0900][269.082s][info][gc,heap        ] GC(54) ParOldGen: 33703K(175104K)->34175K(175104K)
[2025-01-03T12:45:51.187+0900][269.082s][info][gc,metaspace   ] GC(54) Metaspace: 31685K(32512K)->31685K(32512K) NonClass: 27465K(27904K)->27465K(27904K) Class: 4220K(4608K)->4220K(4608K)
[2025-01-03T12:45:51.187+0900][269.082s][info][gc             ] GC(54) Pause Young (Allocation Failure) 1364M->52M(1502M) 12.693ms
[2025-01-03T12:45:51.187+0900][269.083s][info][gc,cpu         ] GC(54) User=0.04s Sys=0.00s Real=0.01s
[2025-01-03T12:45:51.550+0900][269.445s][info][gc,start       ] GC(55) Pause Young (Allocation Failure)
[2025-01-03T12:45:51.562+0900][269.457s][info][gc,heap        ] GC(55) PSYoungGen: 1363257K(1363456K)->17990K(1370624K) Eden: 1343488K(1343488K)->0K(1342976K) From: 19769K(19968K)->17990K(27648K)
[2025-01-03T12:45:51.562+0900][269.457s][info][gc,heap        ] GC(55) ParOldGen: 34175K(175104K)->34547K(175104K)
[2025-01-03T12:45:51.562+0900][269.457s][info][gc,metaspace   ] GC(55) Metaspace: 31685K(32512K)->31685K(32512K) NonClass: 27465K(27904K)->27465K(27904K) Class: 4220K(4608K)->4220K(4608K)
[2025-01-03T12:45:51.562+0900][269.457s][info][gc             ] GC(55) Pause Young (Allocation Failure) 1364M->51M(1509M) 11.955ms
[2025-01-03T12:45:51.562+0900][269.457s][info][gc,cpu         ] GC(55) User=0.03s Sys=0.00s Real=0.01s
[2025-01-03T12:45:51.944+0900][269.839s][info][gc,start       ] GC(56) Pause Young (Allocation Failure)
[2025-01-03T12:45:51.958+0900][269.853s][info][gc,heap        ] GC(56) PSYoungGen: 1360966K(1370624K)->20224K(1370112K) Eden: 1342976K(1342976K)->0K(1342976K) From: 17990K(27648K)->20224K(27136K)
[2025-01-03T12:45:51.958+0900][269.853s][info][gc,heap        ] GC(56) ParOldGen: 34547K(175104K)->34731K(175104K)
[2025-01-03T12:45:51.958+0900][269.853s][info][gc,metaspace   ] GC(56) Metaspace: 31685K(32512K)->31685K(32512K) NonClass: 27465K(27904K)->27465K(27904K) Class: 4220K(4608K)->4220K(4608K)
[2025-01-03T12:45:51.958+0900][269.853s][info][gc             ] GC(56) Pause Young (Allocation Failure) 1362M->53M(1509M) 14.069ms
[2025-01-03T12:45:51.958+0900][269.853s][info][gc,cpu         ] GC(56) User=0.04s Sys=0.00s Real=0.01s
[2025-01-03T12:45:52.318+0900][270.213s][info][gc,start       ] GC(57) Pause Young (Allocation Failure)
[2025-01-03T12:45:52.329+0900][270.224s][info][gc,heap        ] GC(57) PSYoungGen: 1363200K(1370112K)->21139K(1369088K) Eden: 1342976K(1342976K)->0K(1341440K) From: 20224K(27136K)->21139K(27648K)
[2025-01-03T12:45:52.329+0900][270.224s][info][gc,heap        ] GC(57) ParOldGen: 34731K(175104K)->35099K(175104K)
[2025-01-03T12:45:52.329+0900][270.224s][info][gc,metaspace   ] GC(57) Metaspace: 31685K(32512K)->31685K(32512K) NonClass: 27465K(27904K)->27465K(27904K) Class: 4220K(4608K)->4220K(4608K)
[2025-01-03T12:45:52.329+0900][270.224s][info][gc             ] GC(57) Pause Young (Allocation Failure) 1365M->54M(1508M) 10.931ms
[2025-01-03T12:45:52.329+0900][270.224s][info][gc,cpu         ] GC(57) User=0.04s Sys=0.01s Real=0.01s
[2025-01-03T12:45:52.678+0900][270.573s][info][gc,start       ] GC(58) Pause Young (Allocation Failure)
[2025-01-03T12:45:52.690+0900][270.585s][info][gc,heap        ] GC(58) PSYoungGen: 1362579K(1369088K)->21248K(1362944K) Eden: 1341440K(1341440K)->0K(1341440K) From: 21139K(27648K)->21248K(21504K)
[2025-01-03T12:45:52.690+0900][270.585s][info][gc,heap        ] GC(58) ParOldGen: 35099K(175104K)->35484K(175104K)
[2025-01-03T12:45:52.690+0900][270.585s][info][gc,metaspace   ] GC(58) Metaspace: 31685K(32512K)->31685K(32512K) NonClass: 27465K(27904K)->27465K(27904K) Class: 4220K(4608K)->4220K(4608K)
[2025-01-03T12:45:52.690+0900][270.585s][info][gc             ] GC(58) Pause Young (Allocation Failure) 1364M->55M(1502M) 11.586ms
[2025-01-03T12:45:52.690+0900][270.585s][info][gc,cpu         ] GC(58) User=0.04s Sys=0.00s Real=0.02s
[2025-01-03T12:45:53.039+0900][270.934s][info][gc,start       ] GC(59) Pause Young (Allocation Failure)
[2025-01-03T12:45:53.058+0900][270.953s][info][gc,heap        ] GC(59) PSYoungGen: 1362688K(1362944K)->20224K(1369088K) Eden: 1341440K(1341440K)->0K(1340416K) From: 21248K(21504K)->20224K(28672K)
[2025-01-03T12:45:53.058+0900][270.953s][info][gc,heap        ] GC(59) ParOldGen: 35484K(175104K)->35860K(175104K)
[2025-01-03T12:45:53.058+0900][270.953s][info][gc,metaspace   ] GC(59) Metaspace: 31685K(32512K)->31685K(32512K) NonClass: 27465K(27904K)->27465K(27904K) Class: 4220K(4608K)->4220K(4608K)
[2025-01-03T12:45:53.058+0900][270.954s][info][gc             ] GC(59) Pause Young (Allocation Failure) 1365M->54M(1508M) 19.612ms
[2025-01-03T12:45:53.059+0900][270.954s][info][gc,cpu         ] GC(59) User=0.04s Sys=0.00s Real=0.02s
[2025-01-03T12:45:53.454+0900][271.350s][info][gc,start       ] GC(60) Pause Young (Allocation Failure)
[2025-01-03T12:45:53.469+0900][271.364s][info][gc,heap        ] GC(60) PSYoungGen: 1360640K(1369088K)->22313K(1362944K) Eden: 1340416K(1340416K)->0K(1340416K) From: 20224K(28672K)->22313K(22528K)
[2025-01-03T12:45:53.469+0900][271.364s][info][gc,heap        ] GC(60) ParOldGen: 35860K(175104K)->36228K(175104K)
[2025-01-03T12:45:53.469+0900][271.364s][info][gc,metaspace   ] GC(60) Metaspace: 31685K(32512K)->31685K(32512K) NonClass: 27465K(27904K)->27465K(27904K) Class: 4220K(4608K)->4220K(4608K)
[2025-01-03T12:45:53.469+0900][271.364s][info][gc             ] GC(60) Pause Young (Allocation Failure) 1363M->57M(1502M) 14.827ms
[2025-01-03T12:45:53.469+0900][271.364s][info][gc,cpu         ] GC(60) User=0.04s Sys=0.01s Real=0.01s
[2025-01-03T12:45:53.833+0900][271.728s][info][gc,start       ] GC(61) Pause Young (Allocation Failure)
[2025-01-03T12:45:53.846+0900][271.741s][info][gc,heap        ] GC(61) PSYoungGen: 1362729K(1362944K)->23209K(1366528K) Eden: 1340416K(1340416K)->0K(1337344K) From: 22313K(22528K)->23209K(29184K)
[2025-01-03T12:45:53.846+0900][271.741s][info][gc,heap        ] GC(61) ParOldGen: 36228K(175104K)->36761K(175104K)
[2025-01-03T12:45:53.846+0900][271.741s][info][gc,metaspace   ] GC(61) Metaspace: 31685K(32512K)->31685K(32512K) NonClass: 27465K(27904K)->27465K(27904K) Class: 4220K(4608K)->4220K(4608K)
[2025-01-03T12:45:53.846+0900][271.741s][info][gc             ] GC(61) Pause Young (Allocation Failure) 1366M->58M(1505M) 13.128ms
[2025-01-03T12:45:53.846+0900][271.741s][info][gc,cpu         ] GC(61) User=0.04s Sys=0.00s Real=0.01s
[2025-01-03T12:45:54.208+0900][272.103s][info][gc,start       ] GC(62) Pause Young (Allocation Failure)
[2025-01-03T12:45:54.219+0900][272.114s][info][gc,heap        ] GC(62) PSYoungGen: 1360553K(1366528K)->23510K(1360896K) Eden: 1337344K(1337344K)->0K(1337344K) From: 23209K(29184K)->23510K(23552K)
[2025-01-03T12:45:54.219+0900][272.114s][info][gc,heap        ] GC(62) ParOldGen: 36761K(175104K)->37273K(175104K)
[2025-01-03T12:45:54.219+0900][272.114s][info][gc,metaspace   ] GC(62) Metaspace: 31685K(32512K)->31685K(32512K) NonClass: 27465K(27904K)->27465K(27904K) Class: 4220K(4608K)->4220K(4608K)
[2025-01-03T12:45:54.219+0900][272.114s][info][gc             ] GC(62) Pause Young (Allocation Failure) 1364M->59M(1500M) 11.563ms
[2025-01-03T12:45:54.219+0900][272.114s][info][gc,cpu         ] GC(62) User=0.05s Sys=0.01s Real=0.01s
[2025-01-03T12:45:54.580+0900][272.475s][info][gc,start       ] GC(63) Pause Young (Allocation Failure)
[2025-01-03T12:45:54.589+0900][272.484s][info][gc,heap        ] GC(63) PSYoungGen: 1360854K(1360896K)->22835K(1367040K) Eden: 1337344K(1337344K)->0K(1336320K) From: 23510K(23552K)->22835K(30720K)
[2025-01-03T12:45:54.589+0900][272.485s][info][gc,heap        ] GC(63) ParOldGen: 37273K(175104K)->37545K(175104K)
[2025-01-03T12:45:54.589+0900][272.485s][info][gc,metaspace   ] GC(63) Metaspace: 31685K(32512K)->31685K(32512K) NonClass: 27465K(27904K)->27465K(27904K) Class: 4220K(4608K)->4220K(4608K)
[2025-01-03T12:45:54.590+0900][272.485s][info][gc             ] GC(63) Pause Young (Allocation Failure) 1365M->58M(1506M) 10.019ms
[2025-01-03T12:45:54.590+0900][272.485s][info][gc,cpu         ] GC(63) User=0.04s Sys=0.00s Real=0.02s
[2025-01-03T12:45:54.984+0900][272.879s][info][gc,start       ] GC(64) Pause Young (Allocation Failure)
[2025-01-03T12:45:54.997+0900][272.892s][info][gc,heap        ] GC(64) PSYoungGen: 1359155K(1367040K)->23262K(1359872K) Eden: 1336320K(1336320K)->0K(1336320K) From: 22835K(30720K)->23262K(23552K)
[2025-01-03T12:45:54.997+0900][272.892s][info][gc,heap        ] GC(64) ParOldGen: 37545K(175104K)->37822K(175104K)
[2025-01-03T12:45:54.997+0900][272.892s][info][gc,metaspace   ] GC(64) Metaspace: 31685K(32512K)->31685K(32512K) NonClass: 27465K(27904K)->27465K(27904K) Class: 4220K(4608K)->4220K(4608K)
[2025-01-03T12:45:54.997+0900][272.892s][info][gc             ] GC(64) Pause Young (Allocation Failure) 1363M->59M(1499M) 13.820ms
[2025-01-03T12:45:54.997+0900][272.892s][info][gc,cpu         ] GC(64) User=0.04s Sys=0.00s Real=0.01s
[2025-01-03T12:45:55.400+0900][273.295s][info][gc,start       ] GC(65) Pause Young (Allocation Failure)
[2025-01-03T12:45:55.416+0900][273.311s][info][gc,heap        ] GC(65) PSYoungGen: 1359582K(1359872K)->24422K(1365504K) Eden: 1336320K(1336320K)->0K(1334272K) From: 23262K(23552K)->24422K(31232K)
[2025-01-03T12:45:55.416+0900][273.311s][info][gc,heap        ] GC(65) ParOldGen: 37822K(175104K)->38090K(175104K)
[2025-01-03T12:45:55.416+0900][273.311s][info][gc,metaspace   ] GC(65) Metaspace: 31685K(32512K)->31685K(32512K) NonClass: 27465K(27904K)->27465K(27904K) Class: 4220K(4608K)->4220K(4608K)
[2025-01-03T12:45:55.416+0900][273.311s][info][gc             ] GC(65) Pause Young (Allocation Failure) 1364M->61M(1504M) 15.995ms
[2025-01-03T12:45:55.416+0900][273.311s][info][gc,cpu         ] GC(65) User=0.04s Sys=0.00s Real=0.01s
[2025-01-03T12:45:55.812+0900][273.707s][info][gc,start       ] GC(66) Pause Young (Allocation Failure)
[2025-01-03T12:45:55.827+0900][273.722s][info][gc,heap        ] GC(66) PSYoungGen: 1358694K(1365504K)->24148K(1358848K) Eden: 1334272K(1334272K)->0K(1334272K) From: 24422K(31232K)->24148K(24576K)
[2025-01-03T12:45:55.827+0900][273.722s][info][gc,heap        ] GC(66) ParOldGen: 38090K(175104K)->38646K(175104K)
[2025-01-03T12:45:55.827+0900][273.722s][info][gc,metaspace   ] GC(66) Metaspace: 31685K(32512K)->31685K(32512K) NonClass: 27465K(27904K)->27465K(27904K) Class: 4220K(4608K)->4220K(4608K)
[2025-01-03T12:45:55.827+0900][273.722s][info][gc             ] GC(66) Pause Young (Allocation Failure) 1364M->61M(1498M) 14.889ms
[2025-01-03T12:45:55.827+0900][273.722s][info][gc,cpu         ] GC(66) User=0.04s Sys=0.00s Real=0.01s
[2025-01-03T12:45:56.193+0900][274.088s][info][gc,start       ] GC(67) Pause Young (Allocation Failure)
[2025-01-03T12:45:56.205+0900][274.100s][info][gc,heap        ] GC(67) PSYoungGen: 1358420K(1358848K)->25041K(1364480K) Eden: 1334272K(1334272K)->0K(1332224K) From: 24148K(24576K)->25041K(32256K)
[2025-01-03T12:45:56.205+0900][274.100s][info][gc,heap        ] GC(67) ParOldGen: 38646K(175104K)->39035K(175104K)
[2025-01-03T12:45:56.205+0900][274.100s][info][gc,metaspace   ] GC(67) Metaspace: 31685K(32512K)->31685K(32512K) NonClass: 27465K(27904K)->27465K(27904K) Class: 4220K(4608K)->4220K(4608K)
[2025-01-03T12:45:56.205+0900][274.100s][info][gc             ] GC(67) Pause Young (Allocation Failure) 1364M->62M(1503M) 12.596ms
[2025-01-03T12:45:56.205+0900][274.100s][info][gc,cpu         ] GC(67) User=0.05s Sys=0.00s Real=0.01s
[2025-01-03T12:45:56.631+0900][274.526s][info][gc,start       ] GC(68) Pause Young (Allocation Failure)
[2025-01-03T12:45:56.655+0900][274.550s][info][gc,heap        ] GC(68) PSYoungGen: 1357265K(1364480K)->26114K(1358848K) Eden: 1332224K(1332224K)->0K(1332224K) From: 25041K(32256K)->26114K(26624K)
[2025-01-03T12:45:56.655+0900][274.550s][info][gc,heap        ] GC(68) ParOldGen: 39035K(175104K)->39387K(175104K)
[2025-01-03T12:45:56.655+0900][274.550s][info][gc,metaspace   ] GC(68) Metaspace: 31685K(32512K)->31685K(32512K) NonClass: 27465K(27904K)->27465K(27904K) Class: 4220K(4608K)->4220K(4608K)
[2025-01-03T12:45:56.655+0900][274.550s][info][gc             ] GC(68) Pause Young (Allocation Failure) 1363M->63M(1498M) 23.948ms
[2025-01-03T12:45:56.655+0900][274.550s][info][gc,cpu         ] GC(68) User=0.05s Sys=0.00s Real=0.02s
[2025-01-03T12:45:57.054+0900][274.949s][info][gc,start       ] GC(69) Pause Young (Allocation Failure)
[2025-01-03T12:45:57.067+0900][274.962s][info][gc,heap        ] GC(69) PSYoungGen: 1358338K(1358848K)->25462K(1363456K) Eden: 1332224K(1332224K)->0K(1330176K) From: 26114K(26624K)->25462K(33280K)
[2025-01-03T12:45:57.067+0900][274.962s][info][gc,heap        ] GC(69) ParOldGen: 39387K(175104K)->39907K(175104K)
[2025-01-03T12:45:57.067+0900][274.963s][info][gc,metaspace   ] GC(69) Metaspace: 31685K(32512K)->31685K(32512K) NonClass: 27465K(27904K)->27465K(27904K) Class: 4220K(4608K)->4220K(4608K)
[2025-01-03T12:45:57.067+0900][274.963s][info][gc             ] GC(69) Pause Young (Allocation Failure) 1364M->63M(1502M) 13.870ms
[2025-01-03T12:45:57.068+0900][274.963s][info][gc,cpu         ] GC(69) User=0.05s Sys=0.00s Real=0.01s
[2025-01-03T12:45:57.431+0900][275.327s][info][gc,start       ] GC(70) Pause Young (Allocation Failure)
[2025-01-03T12:45:57.449+0900][275.344s][info][gc,heap        ] GC(70) PSYoungGen: 1355638K(1363456K)->26992K(1357312K) Eden: 1330176K(1330176K)->0K(1330176K) From: 25462K(33280K)->26992K(27136K)
[2025-01-03T12:45:57.449+0900][275.344s][info][gc,heap        ] GC(70) ParOldGen: 39907K(175104K)->40396K(175104K)
[2025-01-03T12:45:57.449+0900][275.344s][info][gc,metaspace   ] GC(70) Metaspace: 31685K(32512K)->31685K(32512K) NonClass: 27465K(27904K)->27465K(27904K) Class: 4220K(4608K)->4220K(4608K)
[2025-01-03T12:45:57.449+0900][275.344s][info][gc             ] GC(70) Pause Young (Allocation Failure) 1362M->65M(1496M) 17.476ms
[2025-01-03T12:45:57.449+0900][275.344s][info][gc,cpu         ] GC(70) User=0.05s Sys=0.00s Real=0.01s
[2025-01-03T12:45:57.805+0900][275.700s][info][gc,start       ] GC(71) Pause Young (Allocation Failure)
[2025-01-03T12:45:57.819+0900][275.714s][info][gc,heap        ] GC(71) PSYoungGen: 1357168K(1357312K)->27380K(1362432K) Eden: 1330176K(1330176K)->0K(1328128K) From: 26992K(27136K)->27380K(34304K)
[2025-01-03T12:45:57.819+0900][275.714s][info][gc,heap        ] GC(71) ParOldGen: 40396K(175104K)->40900K(175104K)
[2025-01-03T12:45:57.819+0900][275.714s][info][gc,metaspace   ] GC(71) Metaspace: 31685K(32512K)->31685K(32512K) NonClass: 27465K(27904K)->27465K(27904K) Class: 4220K(4608K)->4220K(4608K)
[2025-01-03T12:45:57.819+0900][275.714s][info][gc             ] GC(71) Pause Young (Allocation Failure) 1364M->66M(1501M) 13.750ms
[2025-01-03T12:45:57.819+0900][275.714s][info][gc,cpu         ] GC(71) User=0.05s Sys=0.00s Real=0.01s
[2025-01-03T12:45:58.273+0900][276.169s][info][gc,start       ] GC(72) Pause Young (Allocation Failure)
[2025-01-03T12:45:58.287+0900][276.182s][info][gc,heap        ] GC(72) PSYoungGen: 1355508K(1362432K)->28326K(1356800K) Eden: 1328128K(1328128K)->0K(1328128K) From: 27380K(34304K)->28326K(28672K)
[2025-01-03T12:45:58.287+0900][276.182s][info][gc,heap        ] GC(72) ParOldGen: 40900K(175104K)->41288K(175104K)
[2025-01-03T12:45:58.287+0900][276.182s][info][gc,metaspace   ] GC(72) Metaspace: 31685K(32512K)->31685K(32512K) NonClass: 27465K(27904K)->27465K(27904K) Class: 4220K(4608K)->4220K(4608K)
[2025-01-03T12:45:58.287+0900][276.182s][info][gc             ] GC(72) Pause Young (Allocation Failure) 1363M->67M(1496M) 13.385ms
[2025-01-03T12:45:58.287+0900][276.182s][info][gc,cpu         ] GC(72) User=0.06s Sys=0.00s Real=0.01s
[2025-01-03T12:45:58.656+0900][276.551s][info][gc,start       ] GC(73) Pause Young (Allocation Failure)
[2025-01-03T12:45:58.672+0900][276.567s][info][gc,heap        ] GC(73) PSYoungGen: 1356454K(1356800K)->28144K(1360896K) Eden: 1328128K(1328128K)->0K(1325056K) From: 28326K(28672K)->28144K(35840K)
[2025-01-03T12:45:58.672+0900][276.567s][info][gc,heap        ] GC(73) ParOldGen: 41288K(175104K)->41801K(175104K)
[2025-01-03T12:45:58.672+0900][276.567s][info][gc,metaspace   ] GC(73) Metaspace: 31685K(32512K)->31685K(32512K) NonClass: 27465K(27904K)->27465K(27904K) Class: 4220K(4608K)->4220K(4608K)
[2025-01-03T12:45:58.672+0900][276.567s][info][gc             ] GC(73) Pause Young (Allocation Failure) 1364M->68M(1500M) 16.133ms
[2025-01-03T12:45:58.672+0900][276.567s][info][gc,cpu         ] GC(73) User=0.05s Sys=0.01s Real=0.02s
[2025-01-03T12:45:59.071+0900][276.966s][info][gc,start       ] GC(74) Pause Young (Allocation Failure)
[2025-01-03T12:45:59.089+0900][276.984s][info][gc,heap        ] GC(74) PSYoungGen: 1353200K(1360896K)->28720K(1354240K) Eden: 1325056K(1325056K)->0K(1325056K) From: 28144K(35840K)->28720K(29184K)
[2025-01-03T12:45:59.089+0900][276.984s][info][gc,heap        ] GC(74) ParOldGen: 41801K(175104K)->42173K(175104K)
[2025-01-03T12:45:59.089+0900][276.984s][info][gc,metaspace   ] GC(74) Metaspace: 31685K(32512K)->31685K(32512K) NonClass: 27465K(27904K)->27465K(27904K) Class: 4220K(4608K)->4220K(4608K)
[2025-01-03T12:45:59.089+0900][276.984s][info][gc             ] GC(74) Pause Young (Allocation Failure) 1362M->69M(1493M) 18.140ms
[2025-01-03T12:45:59.089+0900][276.984s][info][gc,cpu         ] GC(74) User=0.06s Sys=0.00s Real=0.01s
[2025-01-03T12:45:59.424+0900][277.319s][info][gc,start       ] GC(75) Pause Young (Allocation Failure)
[2025-01-03T12:45:59.439+0900][277.335s][info][gc,heap        ] GC(75) PSYoungGen: 1353776K(1354240K)->29772K(1359872K) Eden: 1325056K(1325056K)->0K(1323008K) From: 28720K(29184K)->29772K(36864K)
[2025-01-03T12:45:59.440+0900][277.335s][info][gc,heap        ] GC(75) ParOldGen: 42173K(175104K)->42590K(175104K)
[2025-01-03T12:45:59.440+0900][277.335s][info][gc,metaspace   ] GC(75) Metaspace: 31685K(32512K)->31685K(32512K) NonClass: 27465K(27904K)->27465K(27904K) Class: 4220K(4608K)->4220K(4608K)
[2025-01-03T12:45:59.440+0900][277.335s][info][gc             ] GC(75) Pause Young (Allocation Failure) 1363M->70M(1499M) 15.568ms
[2025-01-03T12:45:59.440+0900][277.335s][info][gc,cpu         ] GC(75) User=0.06s Sys=0.00s Real=0.02s
[2025-01-03T12:45:59.932+0900][277.827s][info][gc,start       ] GC(76) Pause Young (Allocation Failure)
[2025-01-03T12:45:59.946+0900][277.842s][info][gc,heap        ] GC(76) PSYoungGen: 1352780K(1359872K)->29527K(1352704K) Eden: 1323008K(1323008K)->0K(1323008K) From: 29772K(36864K)->29527K(29696K)
[2025-01-03T12:45:59.947+0900][277.842s][info][gc,heap        ] GC(76) ParOldGen: 42590K(175104K)->43098K(175104K)
[2025-01-03T12:45:59.947+0900][277.842s][info][gc,metaspace   ] GC(76) Metaspace: 31685K(32512K)->31685K(32512K) NonClass: 27465K(27904K)->27465K(27904K) Class: 4220K(4608K)->4220K(4608K)
[2025-01-03T12:45:59.947+0900][277.842s][info][gc             ] GC(76) Pause Young (Allocation Failure) 1362M->70M(1492M) 14.903ms
[2025-01-03T12:45:59.947+0900][277.842s][info][gc,cpu         ] GC(76) User=0.06s Sys=0.00s Real=0.01s
[2025-01-03T12:46:00.347+0900][278.242s][info][gc,start       ] GC(77) Pause Young (Allocation Failure)
[2025-01-03T12:46:00.366+0900][278.261s][info][gc,heap        ] GC(77) PSYoungGen: 1352535K(1352704K)->29375K(1358848K) Eden: 1323008K(1323008K)->0K(1320960K) From: 29527K(29696K)->29375K(37888K)
[2025-01-03T12:46:00.366+0900][278.261s][info][gc,heap        ] GC(77) ParOldGen: 43098K(175104K)->43502K(175104K)
[2025-01-03T12:46:00.366+0900][278.261s][info][gc,metaspace   ] GC(77) Metaspace: 31685K(32512K)->31685K(32512K) NonClass: 27465K(27904K)->27465K(27904K) Class: 4220K(4608K)->4220K(4608K)
[2025-01-03T12:46:00.366+0900][278.261s][info][gc             ] GC(77) Pause Young (Allocation Failure) 1362M->71M(1498M) 18.357ms
[2025-01-03T12:46:00.366+0900][278.261s][info][gc,cpu         ] GC(77) User=0.05s Sys=0.01s Real=0.02s
[2025-01-03T12:46:00.750+0900][278.645s][info][gc,start       ] GC(78) Pause Young (Allocation Failure)
[2025-01-03T12:46:00.766+0900][278.661s][info][gc,heap        ] GC(78) PSYoungGen: 1350335K(1358848K)->31325K(1352704K) Eden: 1320960K(1320960K)->0K(1320960K) From: 29375K(37888K)->31325K(31744K)
[2025-01-03T12:46:00.766+0900][278.661s][info][gc,heap        ] GC(78) ParOldGen: 43502K(175104K)->43863K(175104K)
[2025-01-03T12:46:00.766+0900][278.661s][info][gc,metaspace   ] GC(78) Metaspace: 31685K(32512K)->31685K(32512K) NonClass: 27465K(27904K)->27465K(27904K) Class: 4220K(4608K)->4220K(4608K)
[2025-01-03T12:46:00.766+0900][278.661s][info][gc             ] GC(78) Pause Young (Allocation Failure) 1361M->73M(1492M) 16.557ms
[2025-01-03T12:46:00.766+0900][278.661s][info][gc,cpu         ] GC(78) User=0.06s Sys=0.00s Real=0.01s
[2025-01-03T12:46:01.125+0900][279.020s][info][gc,start       ] GC(79) Pause Young (Allocation Failure)
[2025-01-03T12:46:01.141+0900][279.036s][info][gc,heap        ] GC(79) PSYoungGen: 1352285K(1352704K)->31440K(1357824K) Eden: 1320960K(1320960K)->0K(1318912K) From: 31325K(31744K)->31440K(38912K)
[2025-01-03T12:46:01.141+0900][279.037s][info][gc,heap        ] GC(79) ParOldGen: 43863K(175104K)->44407K(175104K)
[2025-01-03T12:46:01.141+0900][279.037s][info][gc,metaspace   ] GC(79) Metaspace: 31685K(32512K)->31685K(32512K) NonClass: 27465K(27904K)->27465K(27904K) Class: 4220K(4608K)->4220K(4608K)
[2025-01-03T12:46:01.142+0900][279.037s][info][gc             ] GC(79) Pause Young (Allocation Failure) 1363M->74M(1497M) 16.267ms
[2025-01-03T12:46:01.142+0900][279.037s][info][gc,cpu         ] GC(79) User=0.06s Sys=0.01s Real=0.02s
[2025-01-03T12:46:01.525+0900][279.420s][info][gc,start       ] GC(80) Pause Young (Allocation Failure)
[2025-01-03T12:46:01.541+0900][279.436s][info][gc,heap        ] GC(80) PSYoungGen: 1350352K(1357824K)->31699K(1350656K) Eden: 1318912K(1318912K)->0K(1318912K) From: 31440K(38912K)->31699K(31744K)
[2025-01-03T12:46:01.541+0900][279.436s][info][gc,heap        ] GC(80) ParOldGen: 44407K(175104K)->44807K(175104K)
[2025-01-03T12:46:01.541+0900][279.436s][info][gc,metaspace   ] GC(80) Metaspace: 31685K(32512K)->31685K(32512K) NonClass: 27465K(27904K)->27465K(27904K) Class: 4220K(4608K)->4220K(4608K)
[2025-01-03T12:46:01.541+0900][279.436s][info][gc             ] GC(80) Pause Young (Allocation Failure) 1362M->74M(1490M) 16.623ms
[2025-01-03T12:46:01.541+0900][279.437s][info][gc,cpu         ] GC(80) User=0.06s Sys=0.00s Real=0.02s
[2025-01-03T12:46:01.926+0900][279.821s][info][gc,start       ] GC(81) Pause Young (Allocation Failure)
[2025-01-03T12:46:01.943+0900][279.838s][info][gc,heap        ] GC(81) PSYoungGen: 1350611K(1350656K)->32207K(1355776K) Eden: 1318912K(1318912K)->0K(1315840K) From: 31699K(31744K)->32207K(39936K)
[2025-01-03T12:46:01.943+0900][279.838s][info][gc,heap        ] GC(81) ParOldGen: 44807K(175104K)->45196K(175104K)
[2025-01-03T12:46:01.943+0900][279.838s][info][gc,metaspace   ] GC(81) Metaspace: 31685K(32512K)->31685K(32512K) NonClass: 27465K(27904K)->27465K(27904K) Class: 4220K(4608K)->4220K(4608K)
[2025-01-03T12:46:01.943+0900][279.838s][info][gc             ] GC(81) Pause Young (Allocation Failure) 1362M->75M(1495M) 16.893ms
[2025-01-03T12:46:01.943+0900][279.838s][info][gc,cpu         ] GC(81) User=0.06s Sys=0.00s Real=0.02s
[2025-01-03T12:46:02.296+0900][280.191s][info][gc,start       ] GC(82) Pause Young (Allocation Failure)
[2025-01-03T12:46:02.312+0900][280.207s][info][gc,heap        ] GC(82) PSYoungGen: 1348047K(1355776K)->32074K(1356800K) Eden: 1315840K(1315840K)->0K(1315840K) From: 32207K(39936K)->32074K(40960K)
[2025-01-03T12:46:02.312+0900][280.207s][info][gc,heap        ] GC(82) ParOldGen: 45196K(175104K)->45708K(175104K)
[2025-01-03T12:46:02.312+0900][280.207s][info][gc,metaspace   ] GC(82) Metaspace: 31685K(32512K)->31685K(32512K) NonClass: 27465K(27904K)->27465K(27904K) Class: 4220K(4608K)->4220K(4608K)
[2025-01-03T12:46:02.312+0900][280.207s][info][gc             ] GC(82) Pause Young (Allocation Failure) 1360M->75M(1496M) 16.464ms
[2025-01-03T12:46:02.312+0900][280.207s][info][gc,cpu         ] GC(82) User=0.06s Sys=0.00s Real=0.02s
[2025-01-03T12:46:02.678+0900][280.573s][info][gc,start       ] GC(83) Pause Young (Allocation Failure)
[2025-01-03T12:46:02.699+0900][280.594s][info][gc,heap        ] GC(83) PSYoungGen: 1347914K(1356800K)->31830K(1356800K) Eden: 1315840K(1315840K)->0K(1315840K) From: 32074K(40960K)->31830K(40960K)
[2025-01-03T12:46:02.699+0900][280.594s][info][gc,heap        ] GC(83) ParOldGen: 45708K(175104K)->45904K(175104K)
[2025-01-03T12:46:02.699+0900][280.594s][info][gc,metaspace   ] GC(83) Metaspace: 31686K(32512K)->31686K(32512K) NonClass: 27465K(27904K)->27465K(27904K) Class: 4220K(4608K)->4220K(4608K)
[2025-01-03T12:46:02.699+0900][280.594s][info][gc             ] GC(83) Pause Young (Allocation Failure) 1360M->75M(1496M) 21.255ms
[2025-01-03T12:46:02.702+0900][280.597s][info][gc,cpu         ] GC(83) User=0.06s Sys=0.00s Real=0.03s
[2025-01-03T12:46:03.086+0900][280.981s][info][gc,start       ] GC(84) Pause Young (Allocation Failure)
[2025-01-03T12:46:03.106+0900][281.001s][info][gc,heap        ] GC(84) PSYoungGen: 1347670K(1356800K)->32936K(1349120K) Eden: 1315840K(1315840K)->0K(1315840K) From: 31830K(40960K)->32936K(33280K)
[2025-01-03T12:46:03.106+0900][281.001s][info][gc,heap        ] GC(84) ParOldGen: 45904K(175104K)->46120K(175104K)
[2025-01-03T12:46:03.106+0900][281.001s][info][gc,metaspace   ] GC(84) Metaspace: 31686K(32512K)->31686K(32512K) NonClass: 27465K(27904K)->27465K(27904K) Class: 4220K(4608K)->4220K(4608K)
[2025-01-03T12:46:03.106+0900][281.001s][info][gc             ] GC(84) Pause Young (Allocation Failure) 1360M->77M(1488M) 19.940ms
[2025-01-03T12:46:03.106+0900][281.001s][info][gc,cpu         ] GC(84) User=0.06s Sys=0.00s Real=0.02s
[2025-01-03T12:46:03.444+0900][281.339s][info][gc,start       ] GC(85) Pause Young (Allocation Failure)
[2025-01-03T12:46:03.461+0900][281.356s][info][gc,heap        ] GC(85) PSYoungGen: 1348776K(1349120K)->33766K(1355264K) Eden: 1315840K(1315840K)->0K(1313792K) From: 32936K(33280K)->33766K(41472K)
[2025-01-03T12:46:03.461+0900][281.356s][info][gc,heap        ] GC(85) ParOldGen: 46120K(175104K)->46669K(175104K)
[2025-01-03T12:46:03.461+0900][281.356s][info][gc,metaspace   ] GC(85) Metaspace: 31686K(32512K)->31686K(32512K) NonClass: 27465K(27904K)->27465K(27904K) Class: 4220K(4608K)->4220K(4608K)
[2025-01-03T12:46:03.461+0900][281.356s][info][gc             ] GC(85) Pause Young (Allocation Failure) 1362M->78M(1494M) 16.574ms
[2025-01-03T12:46:03.461+0900][281.356s][info][gc,cpu         ] GC(85) User=0.06s Sys=0.00s Real=0.02s
[2025-01-03T12:46:03.800+0900][281.695s][info][gc,start       ] GC(86) Pause Young (Allocation Failure)
[2025-01-03T12:46:03.818+0900][281.713s][info][gc,heap        ] GC(86) PSYoungGen: 1347558K(1355264K)->34056K(1348096K) Eden: 1313792K(1313792K)->0K(1313792K) From: 33766K(41472K)->34056K(34304K)
[2025-01-03T12:46:03.818+0900][281.713s][info][gc,heap        ] GC(86) ParOldGen: 46669K(175104K)->47181K(175104K)
[2025-01-03T12:46:03.818+0900][281.713s][info][gc,metaspace   ] GC(86) Metaspace: 31686K(32512K)->31686K(32512K) NonClass: 27465K(27904K)->27465K(27904K) Class: 4220K(4608K)->4220K(4608K)
[2025-01-03T12:46:03.818+0900][281.713s][info][gc             ] GC(86) Pause Young (Allocation Failure) 1361M->79M(1487M) 17.915ms
[2025-01-03T12:46:03.818+0900][281.713s][info][gc,cpu         ] GC(86) User=0.06s Sys=0.00s Real=0.01s
[2025-01-03T12:46:04.168+0900][282.063s][info][gc,start       ] GC(87) Pause Young (Allocation Failure)
[2025-01-03T12:46:04.193+0900][282.088s][info][gc,heap        ] GC(87) PSYoungGen: 1347848K(1348096K)->33666K(1355264K) Eden: 1313792K(1313792K)->0K(1312768K) From: 34056K(34304K)->33666K(42496K)
[2025-01-03T12:46:04.193+0900][282.088s][info][gc,heap        ] GC(87) ParOldGen: 47181K(175104K)->47473K(175104K)
[2025-01-03T12:46:04.193+0900][282.088s][info][gc,metaspace   ] GC(87) Metaspace: 31686K(32512K)->31686K(32512K) NonClass: 27465K(27904K)->27465K(27904K) Class: 4220K(4608K)->4220K(4608K)
[2025-01-03T12:46:04.193+0900][282.088s][info][gc             ] GC(87) Pause Young (Allocation Failure) 1362M->79M(1494M) 24.835ms
[2025-01-03T12:46:04.193+0900][282.088s][info][gc,cpu         ] GC(87) User=0.06s Sys=0.00s Real=0.03s
[2025-01-03T12:46:04.545+0900][282.440s][info][gc,start       ] GC(88) Pause Young (Allocation Failure)
[2025-01-03T12:46:04.563+0900][282.459s][info][gc,heap        ] GC(88) PSYoungGen: 1346434K(1355264K)->33968K(1355264K) Eden: 1312768K(1312768K)->0K(1312768K) From: 33666K(42496K)->33968K(42496K)
[2025-01-03T12:46:04.564+0900][282.459s][info][gc,heap        ] GC(88) ParOldGen: 47473K(175104K)->47725K(175104K)
[2025-01-03T12:46:04.564+0900][282.459s][info][gc,metaspace   ] GC(88) Metaspace: 31686K(32512K)->31686K(32512K) NonClass: 27465K(27904K)->27465K(27904K) Class: 4220K(4608K)->4220K(4608K)
[2025-01-03T12:46:04.564+0900][282.459s][info][gc             ] GC(88) Pause Young (Allocation Failure) 1361M->79M(1494M) 18.329ms
[2025-01-03T12:46:04.564+0900][282.459s][info][gc,cpu         ] GC(88) User=0.07s Sys=0.00s Real=0.02s
[2025-01-03T12:46:04.928+0900][282.823s][info][gc,start       ] GC(89) Pause Young (Allocation Failure)
[2025-01-03T12:46:04.944+0900][282.840s][info][gc,heap        ] GC(89) PSYoungGen: 1346736K(1355264K)->33477K(1355264K) Eden: 1312768K(1312768K)->0K(1312768K) From: 33968K(42496K)->33477K(42496K)
[2025-01-03T12:46:04.945+0900][282.840s][info][gc,heap        ] GC(89) ParOldGen: 47725K(175104K)->47925K(175104K)
[2025-01-03T12:46:04.945+0900][282.840s][info][gc,metaspace   ] GC(89) Metaspace: 31686K(32512K)->31686K(32512K) NonClass: 27465K(27904K)->27465K(27904K) Class: 4220K(4608K)->4220K(4608K)
[2025-01-03T12:46:04.945+0900][282.840s][info][gc             ] GC(89) Pause Young (Allocation Failure) 1361M->79M(1494M) 16.536ms
[2025-01-03T12:46:04.945+0900][282.840s][info][gc,cpu         ] GC(89) User=0.06s Sys=0.00s Real=0.02s
[2025-01-03T12:46:05.297+0900][283.192s][info][gc,start       ] GC(90) Pause Young (Allocation Failure)
[2025-01-03T12:46:05.311+0900][283.206s][info][gc,heap        ] GC(90) PSYoungGen: 1346245K(1355264K)->33115K(1346048K) Eden: 1312768K(1312768K)->0K(1312768K) From: 33477K(42496K)->33115K(33280K)
[2025-01-03T12:46:05.311+0900][283.206s][info][gc,heap        ] GC(90) ParOldGen: 47925K(175104K)->48101K(175104K)
[2025-01-03T12:46:05.311+0900][283.206s][info][gc,metaspace   ] GC(90) Metaspace: 31686K(32512K)->31686K(32512K) NonClass: 27465K(27904K)->27465K(27904K) Class: 4220K(4608K)->4220K(4608K)
[2025-01-03T12:46:05.311+0900][283.206s][info][gc             ] GC(90) Pause Young (Allocation Failure) 1361M->79M(1485M) 14.335ms
[2025-01-03T12:46:05.311+0900][283.206s][info][gc,cpu         ] GC(90) User=0.06s Sys=0.01s Real=0.02s
[2025-01-03T12:46:05.681+0900][283.576s][info][gc,start       ] GC(91) Pause Young (Allocation Failure)
[2025-01-03T12:46:05.700+0900][283.595s][info][gc,heap        ] GC(91) PSYoungGen: 1345883K(1346048K)->33056K(1354752K) Eden: 1312768K(1312768K)->0K(1312768K) From: 33115K(33280K)->33056K(41984K)
[2025-01-03T12:46:05.700+0900][283.595s][info][gc,heap        ] GC(91) ParOldGen: 48101K(175104K)->48245K(175104K)
[2025-01-03T12:46:05.700+0900][283.595s][info][gc,metaspace   ] GC(91) Metaspace: 31686K(32512K)->31686K(32512K) NonClass: 27465K(27904K)->27465K(27904K) Class: 4220K(4608K)->4220K(4608K)
[2025-01-03T12:46:05.700+0900][283.595s][info][gc             ] GC(91) Pause Young (Allocation Failure) 1361M->79M(1494M) 19.597ms
[2025-01-03T12:46:05.700+0900][283.596s][info][gc,cpu         ] GC(91) User=0.06s Sys=0.00s Real=0.02s
[2025-01-03T12:46:06.039+0900][283.934s][info][gc,start       ] GC(92) Pause Young (Allocation Failure)
[2025-01-03T12:46:06.058+0900][283.953s][info][gc,heap        ] GC(92) PSYoungGen: 1345824K(1354752K)->30268K(1354752K) Eden: 1312768K(1312768K)->0K(1312768K) From: 33056K(41984K)->30268K(41984K)
[2025-01-03T12:46:06.058+0900][283.954s][info][gc,heap        ] GC(92) ParOldGen: 48245K(175104K)->50721K(175104K)
[2025-01-03T12:46:06.058+0900][283.954s][info][gc,metaspace   ] GC(92) Metaspace: 31686K(32512K)->31686K(32512K) NonClass: 27465K(27904K)->27465K(27904K) Class: 4220K(4608K)->4220K(4608K)
[2025-01-03T12:46:06.058+0900][283.954s][info][gc             ] GC(92) Pause Young (Allocation Failure) 1361M->79M(1494M) 19.571ms
[2025-01-03T12:46:06.059+0900][283.954s][info][gc,cpu         ] GC(92) User=0.06s Sys=0.00s Real=0.02s
[2025-01-03T12:46:06.422+0900][284.317s][info][gc,start       ] GC(93) Pause Young (Allocation Failure)
[2025-01-03T12:46:06.438+0900][284.333s][info][gc,heap        ] GC(93) PSYoungGen: 1343036K(1354752K)->32795K(1355264K) Eden: 1312768K(1312768K)->0K(1314304K) From: 30268K(41984K)->32795K(40960K)
[2025-01-03T12:46:06.438+0900][284.333s][info][gc,heap        ] GC(93) ParOldGen: 50721K(175104K)->50983K(175104K)
[2025-01-03T12:46:06.438+0900][284.333s][info][gc,metaspace   ] GC(93) Metaspace: 31686K(32512K)->31686K(32512K) NonClass: 27465K(27904K)->27465K(27904K) Class: 4220K(4608K)->4220K(4608K)
[2025-01-03T12:46:06.438+0900][284.333s][info][gc             ] GC(93) Pause Young (Allocation Failure) 1361M->81M(1494M) 16.651ms
[2025-01-03T12:46:06.438+0900][284.333s][info][gc,cpu         ] GC(93) User=0.06s Sys=0.01s Real=0.01s
[2025-01-03T12:46:06.776+0900][284.671s][info][gc,start       ] GC(94) Pause Young (Allocation Failure)
[2025-01-03T12:46:06.794+0900][284.689s][info][gc,heap        ] GC(94) PSYoungGen: 1347099K(1355264K)->32502K(1354752K) Eden: 1314304K(1314304K)->0K(1314304K) From: 32795K(40960K)->32502K(40448K)
[2025-01-03T12:46:06.794+0900][284.689s][info][gc,heap        ] GC(94) ParOldGen: 50983K(175104K)->51159K(175104K)
[2025-01-03T12:46:06.794+0900][284.689s][info][gc,metaspace   ] GC(94) Metaspace: 31686K(32512K)->31686K(32512K) NonClass: 27465K(27904K)->27465K(27904K) Class: 4220K(4608K)->4220K(4608K)
[2025-01-03T12:46:06.794+0900][284.689s][info][gc             ] GC(94) Pause Young (Allocation Failure) 1365M->81M(1494M) 18.216ms
[2025-01-03T12:46:06.794+0900][284.689s][info][gc,cpu         ] GC(94) User=0.06s Sys=0.00s Real=0.02s
[2025-01-03T12:46:07.147+0900][285.042s][info][gc,start       ] GC(95) Pause Young (Allocation Failure)
[2025-01-03T12:46:07.162+0900][285.057s][info][gc,heap        ] GC(95) PSYoungGen: 1346806K(1354752K)->30021K(1356800K) Eden: 1314304K(1314304K)->0K(1316864K) From: 32502K(40448K)->30021K(39936K)
[2025-01-03T12:46:07.162+0900][285.058s][info][gc,heap        ] GC(95) ParOldGen: 51159K(175104K)->53659K(175104K)
[2025-01-03T12:46:07.162+0900][285.058s][info][gc,metaspace   ] GC(95) Metaspace: 31686K(32512K)->31686K(32512K) NonClass: 27465K(27904K)->27465K(27904K) Class: 4220K(4608K)->4220K(4608K)
[2025-01-03T12:46:07.162+0900][285.058s][info][gc             ] GC(95) Pause Young (Allocation Failure) 1365M->81M(1496M) 15.717ms
[2025-01-03T12:46:07.163+0900][285.058s][info][gc,cpu         ] GC(95) User=0.06s Sys=0.00s Real=0.02s
[2025-01-03T12:46:07.509+0900][285.404s][info][gc,start       ] GC(96) Pause Young (Allocation Failure)
[2025-01-03T12:46:07.523+0900][285.418s][info][gc,heap        ] GC(96) PSYoungGen: 1346885K(1356800K)->32218K(1356288K) Eden: 1316864K(1316864K)->0K(1316864K) From: 30021K(39936K)->32218K(39424K)
[2025-01-03T12:46:07.523+0900][285.419s][info][gc,heap        ] GC(96) ParOldGen: 53659K(175104K)->53811K(175104K)
[2025-01-03T12:46:07.523+0900][285.419s][info][gc,metaspace   ] GC(96) Metaspace: 31686K(32512K)->31686K(32512K) NonClass: 27465K(27904K)->27465K(27904K) Class: 4220K(4608K)->4220K(4608K)
[2025-01-03T12:46:07.524+0900][285.419s][info][gc             ] GC(96) Pause Young (Allocation Failure) 1367M->84M(1495M) 14.333ms
[2025-01-03T12:46:07.524+0900][285.419s][info][gc,cpu         ] GC(96) User=0.06s Sys=0.00s Real=0.02s
[2025-01-03T12:46:07.902+0900][285.797s][info][gc,start       ] GC(97) Pause Young (Allocation Failure)
[2025-01-03T12:46:07.916+0900][285.811s][info][gc,heap        ] GC(97) PSYoungGen: 1349082K(1356288K)->31551K(1357824K) Eden: 1316864K(1316864K)->0K(1318912K) From: 32218K(39424K)->31551K(38912K)
[2025-01-03T12:46:07.916+0900][285.811s][info][gc,heap        ] GC(97) ParOldGen: 53811K(175104K)->53995K(175104K)
[2025-01-03T12:46:07.916+0900][285.811s][info][gc,metaspace   ] GC(97) Metaspace: 31686K(32512K)->31686K(32512K) NonClass: 27465K(27904K)->27465K(27904K) Class: 4220K(4608K)->4220K(4608K)
[2025-01-03T12:46:07.916+0900][285.811s][info][gc             ] GC(97) Pause Young (Allocation Failure) 1370M->83M(1497M) 14.153ms
[2025-01-03T12:46:07.916+0900][285.811s][info][gc,cpu         ] GC(97) User=0.05s Sys=0.00s Real=0.01s
[2025-01-03T12:46:08.283+0900][286.178s][info][gc,start       ] GC(98) Pause Young (Allocation Failure)
[2025-01-03T12:46:08.300+0900][286.196s][info][gc,heap        ] GC(98) PSYoungGen: 1350463K(1357824K)->32319K(1357312K) Eden: 1318912K(1318912K)->0K(1318912K) From: 31551K(38912K)->32319K(38400K)
[2025-01-03T12:46:08.301+0900][286.196s][info][gc,heap        ] GC(98) ParOldGen: 53995K(175104K)->54203K(175104K)
[2025-01-03T12:46:08.301+0900][286.196s][info][gc,metaspace   ] GC(98) Metaspace: 31686K(32512K)->31686K(32512K) NonClass: 27465K(27904K)->27465K(27904K) Class: 4220K(4608K)->4220K(4608K)
[2025-01-03T12:46:08.301+0900][286.196s][info][gc             ] GC(98) Pause Young (Allocation Failure) 1371M->84M(1496M) 17.703ms
[2025-01-03T12:46:08.301+0900][286.196s][info][gc,cpu         ] GC(98) User=0.06s Sys=0.00s Real=0.02s
[2025-01-03T12:46:08.668+0900][286.563s][info][gc,start       ] GC(99) Pause Young (Allocation Failure)
[2025-01-03T12:46:08.688+0900][286.583s][info][gc,heap        ] GC(99) PSYoungGen: 1351231K(1357312K)->31748K(1358848K) Eden: 1318912K(1318912K)->0K(1320960K) From: 32319K(38400K)->31748K(37888K)
[2025-01-03T12:46:08.688+0900][286.583s][info][gc,heap        ] GC(99) ParOldGen: 54203K(175104K)->54363K(175104K)
[2025-01-03T12:46:08.688+0900][286.583s][info][gc,metaspace   ] GC(99) Metaspace: 31686K(32512K)->31686K(32512K) NonClass: 27465K(27904K)->27465K(27904K) Class: 4220K(4608K)->4220K(4608K)
[2025-01-03T12:46:08.688+0900][286.583s][info][gc             ] GC(99) Pause Young (Allocation Failure) 1372M->84M(1498M) 20.324ms
[2025-01-03T12:46:08.688+0900][286.584s][info][gc,cpu         ] GC(99) User=0.06s Sys=0.01s Real=0.02s
[2025-01-03T12:46:09.042+0900][286.937s][info][gc,start       ] GC(100) Pause Young (Allocation Failure)
[2025-01-03T12:46:09.056+0900][286.951s][info][gc,heap        ] GC(100) PSYoungGen: 1352708K(1358848K)->32349K(1358336K) Eden: 1320960K(1320960K)->0K(1320960K) From: 31748K(37888K)->32349K(37376K)
[2025-01-03T12:46:09.056+0900][286.951s][info][gc,heap        ] GC(100) ParOldGen: 54363K(175104K)->54515K(175104K)
[2025-01-03T12:46:09.056+0900][286.951s][info][gc,metaspace   ] GC(100) Metaspace: 31686K(32512K)->31686K(32512K) NonClass: 27465K(27904K)->27465K(27904K) Class: 4220K(4608K)->4220K(4608K)
[2025-01-03T12:46:09.056+0900][286.951s][info][gc             ] GC(100) Pause Young (Allocation Failure) 1374M->84M(1497M) 14.851ms
[2025-01-03T12:46:09.056+0900][286.952s][info][gc,cpu         ] GC(100) User=0.06s Sys=0.00s Real=0.01s
[2025-01-03T12:46:09.450+0900][287.345s][info][gc,start       ] GC(101) Pause Young (Allocation Failure)
[2025-01-03T12:46:09.466+0900][287.362s][info][gc,heap        ] GC(101) PSYoungGen: 1353309K(1358336K)->31325K(1359872K) Eden: 1320960K(1320960K)->0K(1323008K) From: 32349K(37376K)->31325K(36864K)
[2025-01-03T12:46:09.467+0900][287.362s][info][gc,heap        ] GC(101) ParOldGen: 54515K(175104K)->55218K(175104K)
[2025-01-03T12:46:09.467+0900][287.362s][info][gc,metaspace   ] GC(101) Metaspace: 31686K(32512K)->31686K(32512K) NonClass: 27465K(27904K)->27465K(27904K) Class: 4220K(4608K)->4220K(4608K)
[2025-01-03T12:46:09.467+0900][287.362s][info][gc             ] GC(101) Pause Young (Allocation Failure) 1374M->84M(1499M) 16.938ms
[2025-01-03T12:46:09.467+0900][287.362s][info][gc,cpu         ] GC(101) User=0.06s Sys=0.00s Real=0.01s
[2025-01-03T12:46:09.809+0900][287.704s][info][gc,start       ] GC(102) Pause Young (Allocation Failure)
[2025-01-03T12:46:09.826+0900][287.721s][info][gc,heap        ] GC(102) PSYoungGen: 1354333K(1359872K)->32351K(1359872K) Eden: 1323008K(1323008K)->0K(1323008K) From: 31325K(36864K)->32351K(36864K)
[2025-01-03T12:46:09.826+0900][287.721s][info][gc,heap        ] GC(102) ParOldGen: 55218K(175104K)->55583K(175104K)
[2025-01-03T12:46:09.826+0900][287.721s][info][gc,metaspace   ] GC(102) Metaspace: 31686K(32512K)->31686K(32512K) NonClass: 27465K(27904K)->27465K(27904K) Class: 4220K(4608K)->4220K(4608K)
[2025-01-03T12:46:09.826+0900][287.721s][info][gc             ] GC(102) Pause Young (Allocation Failure) 1376M->85M(1499M) 17.080ms
[2025-01-03T12:46:09.826+0900][287.721s][info][gc,cpu         ] GC(102) User=0.06s Sys=0.00s Real=0.02s
[2025-01-03T12:46:10.202+0900][288.097s][info][gc,start       ] GC(103) Pause Young (Allocation Failure)
[2025-01-03T12:46:10.219+0900][288.114s][info][gc,heap        ] GC(103) PSYoungGen: 1355359K(1359872K)->31917K(1360384K) Eden: 1323008K(1323008K)->0K(1324032K) From: 32351K(36864K)->31917K(36352K)
[2025-01-03T12:46:10.219+0900][288.114s][info][gc,heap        ] GC(103) ParOldGen: 55583K(175104K)->55775K(175104K)
[2025-01-03T12:46:10.219+0900][288.114s][info][gc,metaspace   ] GC(103) Metaspace: 31686K(32512K)->31686K(32512K) NonClass: 27465K(27904K)->27465K(27904K) Class: 4220K(4608K)->4220K(4608K)
[2025-01-03T12:46:10.219+0900][288.114s][info][gc             ] GC(103) Pause Young (Allocation Failure) 1377M->85M(1499M) 17.660ms
[2025-01-03T12:46:10.219+0900][288.114s][info][gc,cpu         ] GC(103) User=0.06s Sys=0.00s Real=0.01s
[2025-01-03T12:46:10.582+0900][288.477s][info][gc,start       ] GC(104) Pause Young (Allocation Failure)
[2025-01-03T12:46:10.597+0900][288.492s][info][gc,heap        ] GC(104) PSYoungGen: 1355949K(1360384K)->31750K(1360384K) Eden: 1324032K(1324032K)->0K(1324032K) From: 31917K(36352K)->31750K(36352K)
[2025-01-03T12:46:10.597+0900][288.492s][info][gc,heap        ] GC(104) ParOldGen: 55775K(175104K)->55911K(175104K)
[2025-01-03T12:46:10.597+0900][288.492s][info][gc,metaspace   ] GC(104) Metaspace: 31686K(32512K)->31686K(32512K) NonClass: 27465K(27904K)->27465K(27904K) Class: 4220K(4608K)->4220K(4608K)
[2025-01-03T12:46:10.597+0900][288.492s][info][gc             ] GC(104) Pause Young (Allocation Failure) 1378M->85M(1499M) 14.868ms
[2025-01-03T12:46:10.597+0900][288.492s][info][gc,cpu         ] GC(104) User=0.06s Sys=0.00s Real=0.01s
[2025-01-03T12:46:10.965+0900][288.860s][info][gc,start       ] GC(105) Pause Young (Allocation Failure)
[2025-01-03T12:46:10.979+0900][288.874s][info][gc,heap        ] GC(105) PSYoungGen: 1355782K(1360384K)->26227K(1360384K) Eden: 1324032K(1324032K)->0K(1324544K) From: 31750K(36352K)->26227K(35840K)
[2025-01-03T12:46:10.979+0900][288.874s][info][gc,heap        ] GC(105) ParOldGen: 55911K(175104K)->56071K(175104K)
[2025-01-03T12:46:10.979+0900][288.874s][info][gc,metaspace   ] GC(105) Metaspace: 31686K(32512K)->31686K(32512K) NonClass: 27465K(27904K)->27465K(27904K) Class: 4220K(4608K)->4220K(4608K)
[2025-01-03T12:46:10.979+0900][288.874s][info][gc             ] GC(105) Pause Young (Allocation Failure) 1378M->80M(1499M) 14.145ms
[2025-01-03T12:46:10.979+0900][288.874s][info][gc,cpu         ] GC(105) User=0.05s Sys=0.00s Real=0.01s
[2025-01-03T12:46:11.330+0900][289.225s][info][gc,start       ] GC(106) Pause Young (Allocation Failure)
[2025-01-03T12:46:11.344+0900][289.239s][info][gc,heap        ] GC(106) PSYoungGen: 1350771K(1360384K)->30865K(1360896K) Eden: 1324544K(1324544K)->0K(1324544K) From: 26227K(35840K)->30865K(36352K)
[2025-01-03T12:46:11.344+0900][289.239s][info][gc,heap        ] GC(106) ParOldGen: 56071K(175104K)->56391K(175104K)
[2025-01-03T12:46:11.344+0900][289.239s][info][gc,metaspace   ] GC(106) Metaspace: 31686K(32512K)->31686K(32512K) NonClass: 27465K(27904K)->27465K(27904K) Class: 4220K(4608K)->4220K(4608K)
[2025-01-03T12:46:11.344+0900][289.239s][info][gc             ] GC(106) Pause Young (Allocation Failure) 1373M->85M(1500M) 13.741ms
[2025-01-03T12:46:11.344+0900][289.239s][info][gc,cpu         ] GC(106) User=0.05s Sys=0.01s Real=0.01s
[2025-01-03T12:46:11.706+0900][289.601s][info][gc,start       ] GC(107) Pause Young (Allocation Failure)
[2025-01-03T12:46:11.722+0900][289.617s][info][gc,heap        ] GC(107) PSYoungGen: 1355409K(1360896K)->31049K(1360384K) Eden: 1324544K(1324544K)->0K(1325568K) From: 30865K(36352K)->31049K(34816K)
[2025-01-03T12:46:11.722+0900][289.618s][info][gc,heap        ] GC(107) ParOldGen: 56391K(175104K)->56787K(175104K)
[2025-01-03T12:46:11.722+0900][289.618s][info][gc,metaspace   ] GC(107) Metaspace: 31686K(32512K)->31686K(32512K) NonClass: 27465K(27904K)->27465K(27904K) Class: 4220K(4608K)->4220K(4608K)
[2025-01-03T12:46:11.722+0900][289.618s][info][gc             ] GC(107) Pause Young (Allocation Failure) 1378M->85M(1499M) 16.747ms
[2025-01-03T12:46:11.723+0900][289.618s][info][gc,cpu         ] GC(107) User=0.05s Sys=0.00s Real=0.02s
[2025-01-03T12:46:12.090+0900][289.985s][info][gc,start       ] GC(108) Pause Young (Allocation Failure)
[2025-01-03T12:46:12.107+0900][290.002s][info][gc,heap        ] GC(108) PSYoungGen: 1356617K(1360384K)->30794K(1360896K) Eden: 1325568K(1325568K)->0K(1325568K) From: 31049K(34816K)->30794K(35328K)
[2025-01-03T12:46:12.107+0900][290.002s][info][gc,heap        ] GC(108) ParOldGen: 56787K(175104K)->56987K(175104K)
[2025-01-03T12:46:12.107+0900][290.002s][info][gc,metaspace   ] GC(108) Metaspace: 31686K(32512K)->31686K(32512K) NonClass: 27465K(27904K)->27465K(27904K) Class: 4220K(4608K)->4220K(4608K)
[2025-01-03T12:46:12.107+0900][290.002s][info][gc             ] GC(108) Pause Young (Allocation Failure) 1380M->85M(1500M) 16.762ms
[2025-01-03T12:46:12.107+0900][290.002s][info][gc,cpu         ] GC(108) User=0.06s Sys=0.00s Real=0.01s
[2025-01-03T12:46:12.466+0900][290.361s][info][gc,start       ] GC(109) Pause Young (Allocation Failure)
[2025-01-03T12:46:12.481+0900][290.376s][info][gc,heap        ] GC(109) PSYoungGen: 1356362K(1360896K)->30418K(1362432K) Eden: 1325568K(1325568K)->0K(1327616K) From: 30794K(35328K)->30418K(34816K)
[2025-01-03T12:46:12.481+0900][290.376s][info][gc,heap        ] GC(109) ParOldGen: 56987K(175104K)->57171K(175104K)
[2025-01-03T12:46:12.481+0900][290.376s][info][gc,metaspace   ] GC(109) Metaspace: 31686K(32512K)->31686K(32512K) NonClass: 27465K(27904K)->27465K(27904K) Class: 4220K(4608K)->4220K(4608K)
[2025-01-03T12:46:12.481+0900][290.376s][info][gc             ] GC(109) Pause Young (Allocation Failure) 1380M->85M(1501M) 15.027ms
[2025-01-03T12:46:12.481+0900][290.376s][info][gc,cpu         ] GC(109) User=0.06s Sys=0.01s Real=0.02s
[2025-01-03T12:46:12.844+0900][290.740s][info][gc,start       ] GC(110) Pause Young (Allocation Failure)
[2025-01-03T12:46:12.861+0900][290.756s][info][gc,heap        ] GC(110) PSYoungGen: 1358034K(1362432K)->30531K(1362432K) Eden: 1327616K(1327616K)->0K(1327616K) From: 30418K(34816K)->30531K(34816K)
[2025-01-03T12:46:12.861+0900][290.756s][info][gc,heap        ] GC(110) ParOldGen: 57171K(175104K)->57283K(175104K)
[2025-01-03T12:46:12.861+0900][290.756s][info][gc,metaspace   ] GC(110) Metaspace: 31686K(32512K)->31686K(32512K) NonClass: 27465K(27904K)->27465K(27904K) Class: 4220K(4608K)->4220K(4608K)
[2025-01-03T12:46:12.861+0900][290.756s][info][gc             ] GC(110) Pause Young (Allocation Failure) 1382M->85M(1501M) 16.733ms
[2025-01-03T12:46:12.861+0900][290.756s][info][gc,cpu         ] GC(110) User=0.06s Sys=0.00s Real=0.02s
[2025-01-03T12:46:13.223+0900][291.118s][info][gc,start       ] GC(111) Pause Young (Allocation Failure)
[2025-01-03T12:46:13.236+0900][291.131s][info][gc,heap        ] GC(111) PSYoungGen: 1358147K(1362432K)->30481K(1362432K) Eden: 1327616K(1327616K)->0K(1328128K) From: 30531K(34816K)->30481K(34304K)
[2025-01-03T12:46:13.236+0900][291.131s][info][gc,heap        ] GC(111) ParOldGen: 57283K(175104K)->57435K(175104K)
[2025-01-03T12:46:13.236+0900][291.131s][info][gc,metaspace   ] GC(111) Metaspace: 31686K(32512K)->31686K(32512K) NonClass: 27465K(27904K)->27465K(27904K) Class: 4220K(4608K)->4220K(4608K)
[2025-01-03T12:46:13.236+0900][291.131s][info][gc             ] GC(111) Pause Young (Allocation Failure) 1382M->85M(1501M) 13.003ms
[2025-01-03T12:46:13.236+0900][291.131s][info][gc,cpu         ] GC(111) User=0.06s Sys=0.00s Real=0.01s
[2025-01-03T12:46:13.579+0900][291.474s][info][gc,start       ] GC(112) Pause Young (Allocation Failure)
[2025-01-03T12:46:13.595+0900][291.490s][info][gc,heap        ] GC(112) PSYoungGen: 1358609K(1362432K)->30828K(1362432K) Eden: 1328128K(1328128K)->0K(1328128K) From: 30481K(34304K)->30828K(34304K)
[2025-01-03T12:46:13.595+0900][291.490s][info][gc,heap        ] GC(112) ParOldGen: 57435K(175104K)->57635K(175104K)
[2025-01-03T12:46:13.595+0900][291.490s][info][gc,metaspace   ] GC(112) Metaspace: 31686K(32512K)->31686K(32512K) NonClass: 27465K(27904K)->27465K(27904K) Class: 4220K(4608K)->4220K(4608K)
[2025-01-03T12:46:13.595+0900][291.490s][info][gc             ] GC(112) Pause Young (Allocation Failure) 1382M->86M(1501M) 16.244ms
[2025-01-03T12:46:13.595+0900][291.490s][info][gc,cpu         ] GC(112) User=0.06s Sys=0.00s Real=0.02s
[2025-01-03T12:46:13.931+0900][291.826s][info][gc,start       ] GC(113) Pause Young (Allocation Failure)
[2025-01-03T12:46:13.947+0900][291.842s][info][gc,heap        ] GC(113) PSYoungGen: 1358956K(1362432K)->30467K(1362944K) Eden: 1328128K(1328128K)->0K(1329152K) From: 30828K(34304K)->30467K(33792K)
[2025-01-03T12:46:13.947+0900][291.842s][info][gc,heap        ] GC(113) ParOldGen: 57635K(175104K)->57763K(175104K)
[2025-01-03T12:46:13.947+0900][291.842s][info][gc,metaspace   ] GC(113) Metaspace: 31686K(32512K)->31686K(32512K) NonClass: 27465K(27904K)->27465K(27904K) Class: 4220K(4608K)->4220K(4608K)
[2025-01-03T12:46:13.947+0900][291.842s][info][gc             ] GC(113) Pause Young (Allocation Failure) 1383M->86M(1502M) 16.009ms
[2025-01-03T12:46:13.947+0900][291.842s][info][gc,cpu         ] GC(113) User=0.05s Sys=0.00s Real=0.01s
[2025-01-03T12:46:14.292+0900][292.187s][info][gc,start       ] GC(114) Pause Young (Allocation Failure)
[2025-01-03T12:46:14.307+0900][292.202s][info][gc,heap        ] GC(114) PSYoungGen: 1359619K(1362944K)->30234K(1362944K) Eden: 1329152K(1329152K)->0K(1329152K) From: 30467K(33792K)->30234K(33792K)
[2025-01-03T12:46:14.307+0900][292.202s][info][gc,heap        ] GC(114) ParOldGen: 57763K(175104K)->57891K(175104K)
[2025-01-03T12:46:14.307+0900][292.202s][info][gc,metaspace   ] GC(114) Metaspace: 31686K(32512K)->31686K(32512K) NonClass: 27465K(27904K)->27465K(27904K) Class: 4220K(4608K)->4220K(4608K)
[2025-01-03T12:46:14.307+0900][292.202s][info][gc             ] GC(114) Pause Young (Allocation Failure) 1384M->86M(1502M) 15.063ms
[2025-01-03T12:46:14.307+0900][292.202s][info][gc,cpu         ] GC(114) User=0.06s Sys=0.01s Real=0.01s
[2025-01-03T12:46:14.664+0900][292.559s][info][gc,start       ] GC(115) Pause Young (Allocation Failure)
[2025-01-03T12:46:14.683+0900][292.578s][info][gc,heap        ] GC(115) PSYoungGen: 1359386K(1362944K)->29197K(1363968K) Eden: 1329152K(1329152K)->0K(1330176K) From: 30234K(33792K)->29197K(33792K)
[2025-01-03T12:46:14.683+0900][292.578s][info][gc,heap        ] GC(115) ParOldGen: 57891K(175104K)->58075K(175104K)
[2025-01-03T12:46:14.683+0900][292.578s][info][gc,metaspace   ] GC(115) Metaspace: 31686K(32512K)->31686K(32512K) NonClass: 27465K(27904K)->27465K(27904K) Class: 4220K(4608K)->4220K(4608K)
[2025-01-03T12:46:14.683+0900][292.578s][info][gc             ] GC(115) Pause Young (Allocation Failure) 1384M->85M(1503M) 18.816ms
[2025-01-03T12:46:14.683+0900][292.578s][info][gc,cpu         ] GC(115) User=0.05s Sys=0.00s Real=0.02s
[2025-01-03T12:46:15.049+0900][292.944s][info][gc,start       ] GC(116) Pause Young (Allocation Failure)
[2025-01-03T12:46:15.065+0900][292.960s][info][gc,heap        ] GC(116) PSYoungGen: 1359373K(1363968K)->29093K(1363968K) Eden: 1330176K(1330176K)->0K(1330176K) From: 29197K(33792K)->29093K(33792K)
[2025-01-03T12:46:15.065+0900][292.960s][info][gc,heap        ] GC(116) ParOldGen: 58075K(175104K)->58235K(175104K)
[2025-01-03T12:46:15.065+0900][292.960s][info][gc,metaspace   ] GC(116) Metaspace: 31686K(32512K)->31686K(32512K) NonClass: 27465K(27904K)->27465K(27904K) Class: 4220K(4608K)->4220K(4608K)
[2025-01-03T12:46:15.065+0900][292.960s][info][gc             ] GC(116) Pause Young (Allocation Failure) 1384M->85M(1503M) 16.474ms
[2025-01-03T12:46:15.065+0900][292.960s][info][gc,cpu         ] GC(116) User=0.05s Sys=0.00s Real=0.02s
[2025-01-03T12:46:15.411+0900][293.306s][info][gc,start       ] GC(117) Pause Young (Allocation Failure)
[2025-01-03T12:46:15.424+0900][293.319s][info][gc,heap        ] GC(117) PSYoungGen: 1359269K(1363968K)->29241K(1363968K) Eden: 1330176K(1330176K)->0K(1330176K) From: 29093K(33792K)->29241K(33792K)
[2025-01-03T12:46:15.424+0900][293.319s][info][gc,heap        ] GC(117) ParOldGen: 58235K(175104K)->58403K(175104K)
[2025-01-03T12:46:15.424+0900][293.319s][info][gc,metaspace   ] GC(117) Metaspace: 31686K(32512K)->31686K(32512K) NonClass: 27465K(27904K)->27465K(27904K) Class: 4220K(4608K)->4220K(4608K)
[2025-01-03T12:46:15.424+0900][293.319s][info][gc             ] GC(117) Pause Young (Allocation Failure) 1384M->85M(1503M) 12.961ms
[2025-01-03T12:46:15.424+0900][293.319s][info][gc,cpu         ] GC(117) User=0.06s Sys=0.00s Real=0.01s
[2025-01-03T12:46:15.769+0900][293.664s][info][gc,start       ] GC(118) Pause Young (Allocation Failure)
[2025-01-03T12:46:15.784+0900][293.679s][info][gc,heap        ] GC(118) PSYoungGen: 1359417K(1363968K)->28805K(1363968K) Eden: 1330176K(1330176K)->0K(1330176K) From: 29241K(33792K)->28805K(33792K)
[2025-01-03T12:46:15.784+0900][293.679s][info][gc,heap        ] GC(118) ParOldGen: 58403K(175104K)->58587K(175104K)
[2025-01-03T12:46:15.784+0900][293.679s][info][gc,metaspace   ] GC(118) Metaspace: 31686K(32512K)->31686K(32512K) NonClass: 27465K(27904K)->27465K(27904K) Class: 4220K(4608K)->4220K(4608K)
[2025-01-03T12:46:15.784+0900][293.679s][info][gc             ] GC(118) Pause Young (Allocation Failure) 1384M->85M(1503M) 15.394ms
[2025-01-03T12:46:15.784+0900][293.680s][info][gc,cpu         ] GC(118) User=0.05s Sys=0.00s Real=0.02s
[2025-01-03T12:46:16.142+0900][294.037s][info][gc,start       ] GC(119) Pause Young (Allocation Failure)
[2025-01-03T12:46:16.155+0900][294.050s][info][gc,heap        ] GC(119) PSYoungGen: 1358981K(1363968K)->27865K(1363968K) Eden: 1330176K(1330176K)->0K(1330176K) From: 28805K(33792K)->27865K(33792K)
[2025-01-03T12:46:16.155+0900][294.050s][info][gc,heap        ] GC(119) ParOldGen: 58587K(175104K)->58731K(175104K)
[2025-01-03T12:46:16.155+0900][294.050s][info][gc,metaspace   ] GC(119) Metaspace: 31686K(32512K)->31686K(32512K) NonClass: 27465K(27904K)->27465K(27904K) Class: 4220K(4608K)->4220K(4608K)
[2025-01-03T12:46:16.155+0900][294.050s][info][gc             ] GC(119) Pause Young (Allocation Failure) 1384M->84M(1503M) 12.851ms
[2025-01-03T12:46:16.155+0900][294.050s][info][gc,cpu         ] GC(119) User=0.06s Sys=0.00s Real=0.01s
[2025-01-03T12:46:16.474+0900][294.369s][info][gc,start       ] GC(120) Pause Young (Allocation Failure)
[2025-01-03T12:46:16.488+0900][294.383s][info][gc,heap        ] GC(120) PSYoungGen: 1358041K(1363968K)->27909K(1363968K) Eden: 1330176K(1330176K)->0K(1330176K) From: 27865K(33792K)->27909K(33792K)
[2025-01-03T12:46:16.488+0900][294.384s][info][gc,heap        ] GC(120) ParOldGen: 58731K(175104K)->58883K(175104K)
[2025-01-03T12:46:16.488+0900][294.384s][info][gc,metaspace   ] GC(120) Metaspace: 31686K(32512K)->31686K(32512K) NonClass: 27465K(27904K)->27465K(27904K) Class: 4220K(4608K)->4220K(4608K)
[2025-01-03T12:46:16.488+0900][294.384s][info][gc             ] GC(120) Pause Young (Allocation Failure) 1383M->84M(1503M) 14.530ms
[2025-01-03T12:46:16.489+0900][294.384s][info][gc,cpu         ] GC(120) User=0.06s Sys=0.00s Real=0.01s
[2025-01-03T12:46:16.872+0900][294.767s][info][gc,start       ] GC(121) Pause Young (Allocation Failure)
[2025-01-03T12:46:16.886+0900][294.781s][info][gc,heap        ] GC(121) PSYoungGen: 1358085K(1363968K)->27238K(1363968K) Eden: 1330176K(1330176K)->0K(1330176K) From: 27909K(33792K)->27238K(33792K)
[2025-01-03T12:46:16.886+0900][294.781s][info][gc,heap        ] GC(121) ParOldGen: 58883K(175104K)->59059K(175104K)
[2025-01-03T12:46:16.886+0900][294.781s][info][gc,metaspace   ] GC(121) Metaspace: 31686K(32512K)->31686K(32512K) NonClass: 27465K(27904K)->27465K(27904K) Class: 4220K(4608K)->4220K(4608K)
[2025-01-03T12:46:16.886+0900][294.781s][info][gc             ] GC(121) Pause Young (Allocation Failure) 1383M->84M(1503M) 13.874ms
[2025-01-03T12:46:16.886+0900][294.781s][info][gc,cpu         ] GC(121) User=0.05s Sys=0.00s Real=0.01s
[2025-01-03T12:46:17.231+0900][295.126s][info][gc,start       ] GC(122) Pause Young (Allocation Failure)
[2025-01-03T12:46:17.246+0900][295.141s][info][gc,heap        ] GC(122) PSYoungGen: 1357414K(1363968K)->25033K(1355264K) Eden: 1330176K(1330176K)->0K(1330176K) From: 27238K(33792K)->25033K(25088K)
[2025-01-03T12:46:17.246+0900][295.141s][info][gc,heap        ] GC(122) ParOldGen: 59059K(175104K)->59219K(175104K)
[2025-01-03T12:46:17.246+0900][295.141s][info][gc,metaspace   ] GC(122) Metaspace: 31686K(32512K)->31686K(32512K) NonClass: 27465K(27904K)->27465K(27904K) Class: 4220K(4608K)->4220K(4608K)
[2025-01-03T12:46:17.246+0900][295.141s][info][gc             ] GC(122) Pause Young (Allocation Failure) 1383M->82M(1494M) 14.497ms
[2025-01-03T12:46:17.246+0900][295.141s][info][gc,cpu         ] GC(122) User=0.05s Sys=0.00s Real=0.01s
[2025-01-03T12:46:17.613+0900][295.508s][info][gc,start       ] GC(123) Pause Young (Allocation Failure)
[2025-01-03T12:46:17.623+0900][295.519s][info][gc,heap        ] GC(123) PSYoungGen: 1355173K(1355264K)->27012K(1363968K) Eden: 1330140K(1330176K)->0K(1329664K) From: 25033K(25088K)->27012K(34304K)
[2025-01-03T12:46:17.624+0900][295.519s][info][gc,heap        ] GC(123) ParOldGen: 59219K(175104K)->59379K(175104K)
[2025-01-03T12:46:17.624+0900][295.519s][info][gc,metaspace   ] GC(123) Metaspace: 31686K(32512K)->31686K(32512K) NonClass: 27465K(27904K)->27465K(27904K) Class: 4220K(4608K)->4220K(4608K)
[2025-01-03T12:46:17.624+0900][295.519s][info][gc             ] GC(123) Pause Young (Allocation Failure) 1381M->84M(1503M) 10.875ms
[2025-01-03T12:46:17.624+0900][295.519s][info][gc,cpu         ] GC(123) User=0.05s Sys=0.00s Real=0.01s
[2025-01-03T12:46:17.985+0900][295.880s][info][gc,start       ] GC(124) Pause Young (Allocation Failure)
[2025-01-03T12:46:18.004+0900][295.899s][info][gc,heap        ] GC(124) PSYoungGen: 1356676K(1363968K)->26004K(1363456K) Eden: 1329664K(1329664K)->0K(1329664K) From: 27012K(34304K)->26004K(33792K)
[2025-01-03T12:46:18.004+0900][295.899s][info][gc,heap        ] GC(124) ParOldGen: 59379K(175104K)->59539K(175104K)
[2025-01-03T12:46:18.004+0900][295.899s][info][gc,metaspace   ] GC(124) Metaspace: 31686K(32512K)->31686K(32512K) NonClass: 27465K(27904K)->27465K(27904K) Class: 4220K(4608K)->4220K(4608K)
[2025-01-03T12:46:18.004+0900][295.899s][info][gc             ] GC(124) Pause Young (Allocation Failure) 1382M->83M(1502M) 19.529ms
[2025-01-03T12:46:18.004+0900][295.899s][info][gc,cpu         ] GC(124) User=0.04s Sys=0.01s Real=0.02s
[2025-01-03T12:46:18.359+0900][296.254s][info][gc,start       ] GC(125) Pause Young (Allocation Failure)
[2025-01-03T12:46:18.372+0900][296.268s][info][gc,heap        ] GC(125) PSYoungGen: 1355668K(1363456K)->26425K(1363456K) Eden: 1329664K(1329664K)->0K(1329664K) From: 26004K(33792K)->26425K(33792K)
[2025-01-03T12:46:18.372+0900][296.268s][info][gc,heap        ] GC(125) ParOldGen: 59539K(175104K)->59675K(175104K)
[2025-01-03T12:46:18.373+0900][296.268s][info][gc,metaspace   ] GC(125) Metaspace: 31686K(32512K)->31686K(32512K) NonClass: 27465K(27904K)->27465K(27904K) Class: 4220K(4608K)->4220K(4608K)
[2025-01-03T12:46:18.373+0900][296.268s][info][gc             ] GC(125) Pause Young (Allocation Failure) 1382M->84M(1502M) 13.504ms
[2025-01-03T12:46:18.373+0900][296.268s][info][gc,cpu         ] GC(125) User=0.05s Sys=0.00s Real=0.02s
[2025-01-03T12:46:18.728+0900][296.623s][info][gc,start       ] GC(126) Pause Young (Allocation Failure)
[2025-01-03T12:46:18.739+0900][296.634s][info][gc,heap        ] GC(126) PSYoungGen: 1356089K(1363456K)->25885K(1363456K) Eden: 1329664K(1329664K)->0K(1329664K) From: 26425K(33792K)->25885K(33792K)
[2025-01-03T12:46:18.739+0900][296.634s][info][gc,heap        ] GC(126) ParOldGen: 59675K(175104K)->59843K(175104K)
[2025-01-03T12:46:18.739+0900][296.634s][info][gc,metaspace   ] GC(126) Metaspace: 31686K(32512K)->31686K(32512K) NonClass: 27465K(27904K)->27465K(27904K) Class: 4220K(4608K)->4220K(4608K)
[2025-01-03T12:46:18.739+0900][296.634s][info][gc             ] GC(126) Pause Young (Allocation Failure) 1382M->83M(1502M) 11.585ms
[2025-01-03T12:46:18.739+0900][296.634s][info][gc,cpu         ] GC(126) User=0.05s Sys=0.00s Real=0.01s
[2025-01-03T12:46:19.113+0900][297.008s][info][gc,start       ] GC(127) Pause Young (Allocation Failure)
[2025-01-03T12:46:19.125+0900][297.020s][info][gc,heap        ] GC(127) PSYoungGen: 1355549K(1363456K)->25583K(1363968K) Eden: 1329664K(1329664K)->0K(1330176K) From: 25885K(33792K)->25583K(33792K)
[2025-01-03T12:46:19.125+0900][297.020s][info][gc,heap        ] GC(127) ParOldGen: 59843K(175104K)->60019K(175104K)
[2025-01-03T12:46:19.125+0900][297.020s][info][gc,metaspace   ] GC(127) Metaspace: 31686K(32512K)->31686K(32512K) NonClass: 27465K(27904K)->27465K(27904K) Class: 4220K(4608K)->4220K(4608K)
[2025-01-03T12:46:19.125+0900][297.020s][info][gc             ] GC(127) Pause Young (Allocation Failure) 1382M->83M(1503M) 12.025ms
[2025-01-03T12:46:19.125+0900][297.020s][info][gc,cpu         ] GC(127) User=0.05s Sys=0.00s Real=0.01s
[2025-01-03T12:46:19.503+0900][297.398s][info][gc,start       ] GC(128) Pause Young (Allocation Failure)
[2025-01-03T12:46:19.514+0900][297.409s][info][gc,heap        ] GC(128) PSYoungGen: 1355759K(1363968K)->25077K(1355264K) Eden: 1330176K(1330176K)->0K(1330176K) From: 25583K(33792K)->25077K(25088K)
[2025-01-03T12:46:19.514+0900][297.409s][info][gc,heap        ] GC(128) ParOldGen: 60019K(175104K)->60179K(175104K)
[2025-01-03T12:46:19.514+0900][297.409s][info][gc,metaspace   ] GC(128) Metaspace: 31686K(32512K)->31686K(32512K) NonClass: 27465K(27904K)->27465K(27904K) Class: 4220K(4608K)->4220K(4608K)
[2025-01-03T12:46:19.514+0900][297.409s][info][gc             ] GC(128) Pause Young (Allocation Failure) 1382M->83M(1494M) 10.663ms
[2025-01-03T12:46:19.514+0900][297.409s][info][gc,cpu         ] GC(128) User=0.05s Sys=0.00s Real=0.01s
[2025-01-03T12:46:19.851+0900][297.746s][info][gc,start       ] GC(129) Pause Young (Allocation Failure)
[2025-01-03T12:46:19.894+0900][297.789s][info][gc,heap        ] GC(129) PSYoungGen: 1355253K(1355264K)->25082K(1363456K) Eden: 1330176K(1330176K)->0K(1330176K) From: 25077K(25088K)->25082K(33280K)
[2025-01-03T12:46:19.894+0900][297.789s][info][gc,heap        ] GC(129) ParOldGen: 60179K(175104K)->60347K(175104K)
[2025-01-03T12:46:19.894+0900][297.789s][info][gc,metaspace   ] GC(129) Metaspace: 31686K(32512K)->31686K(32512K) NonClass: 27465K(27904K)->27465K(27904K) Class: 4220K(4608K)->4220K(4608K)
[2025-01-03T12:46:19.894+0900][297.789s][info][gc             ] GC(129) Pause Young (Allocation Failure) 1382M->83M(1502M) 43.008ms
[2025-01-03T12:46:19.894+0900][297.789s][info][gc,cpu         ] GC(129) User=0.05s Sys=0.00s Real=0.04s
[2025-01-03T12:46:20.276+0900][298.171s][info][gc,start       ] GC(130) Pause Young (Allocation Failure)
[2025-01-03T12:46:20.291+0900][298.186s][info][gc,heap        ] GC(130) PSYoungGen: 1355258K(1363456K)->24902K(1363456K) Eden: 1330176K(1330176K)->0K(1330176K) From: 25082K(33280K)->24902K(33280K)
[2025-01-03T12:46:20.291+0900][298.186s][info][gc,heap        ] GC(130) ParOldGen: 60347K(175104K)->60483K(175104K)
[2025-01-03T12:46:20.291+0900][298.186s][info][gc,metaspace   ] GC(130) Metaspace: 31686K(32512K)->31686K(32512K) NonClass: 27465K(27904K)->27465K(27904K) Class: 4220K(4608K)->4220K(4608K)
[2025-01-03T12:46:20.291+0900][298.186s][info][gc             ] GC(130) Pause Young (Allocation Failure) 1382M->83M(1502M) 15.047ms
[2025-01-03T12:46:20.291+0900][298.187s][info][gc,cpu         ] GC(130) User=0.04s Sys=0.00s Real=0.02s
[2025-01-03T12:46:20.630+0900][298.525s][info][gc,start       ] GC(131) Pause Young (Allocation Failure)
[2025-01-03T12:46:20.645+0900][298.540s][info][gc,heap        ] GC(131) PSYoungGen: 1355078K(1363456K)->23018K(1364480K) Eden: 1330176K(1330176K)->0K(1331200K) From: 24902K(33280K)->23018K(33280K)
[2025-01-03T12:46:20.645+0900][298.540s][info][gc,heap        ] GC(131) ParOldGen: 60483K(175104K)->61932K(175104K)
[2025-01-03T12:46:20.645+0900][298.540s][info][gc,metaspace   ] GC(131) Metaspace: 31686K(32512K)->31686K(32512K) NonClass: 27465K(27904K)->27465K(27904K) Class: 4220K(4608K)->4220K(4608K)
[2025-01-03T12:46:20.645+0900][298.540s][info][gc             ] GC(131) Pause Young (Allocation Failure) 1382M->82M(1503M) 15.082ms
[2025-01-03T12:46:20.645+0900][298.540s][info][gc,cpu         ] GC(131) User=0.04s Sys=0.00s Real=0.01s
[2025-01-03T12:46:21.004+0900][298.899s][info][gc,start       ] GC(132) Pause Young (Allocation Failure)
[2025-01-03T12:46:21.016+0900][298.911s][info][gc,heap        ] GC(132) PSYoungGen: 1354218K(1364480K)->24943K(1356288K) Eden: 1331200K(1331200K)->0K(1331200K) From: 23018K(33280K)->24943K(25088K)
[2025-01-03T12:46:21.016+0900][298.911s][info][gc,heap        ] GC(132) ParOldGen: 61932K(175104K)->62131K(175104K)
[2025-01-03T12:46:21.016+0900][298.911s][info][gc,metaspace   ] GC(132) Metaspace: 31686K(32512K)->31686K(32512K) NonClass: 27465K(27904K)->27465K(27904K) Class: 4220K(4608K)->4220K(4608K)
[2025-01-03T12:46:21.016+0900][298.911s][info][gc             ] GC(132) Pause Young (Allocation Failure) 1382M->85M(1495M) 12.697ms
[2025-01-03T12:46:21.016+0900][298.911s][info][gc,cpu         ] GC(132) User=0.05s Sys=0.00s Real=0.01s
[2025-01-03T12:46:21.393+0900][299.288s][info][gc,start       ] GC(133) Pause Young (Allocation Failure)
[2025-01-03T12:46:21.406+0900][299.301s][info][gc,heap        ] GC(133) PSYoungGen: 1356143K(1356288K)->24079K(1363968K) Eden: 1331200K(1331200K)->0K(1331200K) From: 24943K(25088K)->24079K(32768K)
[2025-01-03T12:46:21.406+0900][299.301s][info][gc,heap        ] GC(133) ParOldGen: 62131K(175104K)->62307K(175104K)
[2025-01-03T12:46:21.406+0900][299.301s][info][gc,metaspace   ] GC(133) Metaspace: 31686K(32512K)->31686K(32512K) NonClass: 27465K(27904K)->27465K(27904K) Class: 4220K(4608K)->4220K(4608K)
[2025-01-03T12:46:21.406+0900][299.301s][info][gc             ] GC(133) Pause Young (Allocation Failure) 1385M->84M(1503M) 13.070ms
[2025-01-03T12:46:21.406+0900][299.301s][info][gc,cpu         ] GC(133) User=0.04s Sys=0.00s Real=0.01s
[2025-01-03T12:46:21.755+0900][299.650s][info][gc,start       ] GC(134) Pause Young (Allocation Failure)
[2025-01-03T12:46:21.767+0900][299.662s][info][gc,heap        ] GC(134) PSYoungGen: 1355279K(1363968K)->23026K(1363968K) Eden: 1331200K(1331200K)->0K(1331200K) From: 24079K(32768K)->23026K(32768K)
[2025-01-03T12:46:21.767+0900][299.662s][info][gc,heap        ] GC(134) ParOldGen: 62307K(175104K)->62475K(175104K)
[2025-01-03T12:46:21.767+0900][299.663s][info][gc,metaspace   ] GC(134) Metaspace: 31686K(32512K)->31686K(32512K) NonClass: 27465K(27904K)->27465K(27904K) Class: 4220K(4608K)->4220K(4608K)
[2025-01-03T12:46:21.767+0900][299.663s][info][gc             ] GC(134) Pause Young (Allocation Failure) 1384M->83M(1503M) 12.814ms
[2025-01-03T12:46:21.768+0900][299.663s][info][gc,cpu         ] GC(134) User=0.04s Sys=0.00s Real=0.01s
[2025-01-03T12:46:22.112+0900][300.007s][info][gc,start       ] GC(135) Pause Young (Allocation Failure)
[2025-01-03T12:46:22.123+0900][300.018s][info][gc,heap        ] GC(135) PSYoungGen: 1354226K(1363968K)->23757K(1363968K) Eden: 1331200K(1331200K)->0K(1332224K) From: 23026K(32768K)->23757K(31744K)
[2025-01-03T12:46:22.123+0900][300.018s][info][gc,heap        ] GC(135) ParOldGen: 62475K(175104K)->62611K(175104K)
[2025-01-03T12:46:22.123+0900][300.018s][info][gc,metaspace   ] GC(135) Metaspace: 31686K(32512K)->31686K(32512K) NonClass: 27465K(27904K)->27465K(27904K) Class: 4220K(4608K)->4220K(4608K)
[2025-01-03T12:46:22.123+0900][300.018s][info][gc             ] GC(135) Pause Young (Allocation Failure) 1383M->84M(1503M) 11.018ms
[2025-01-03T12:46:22.123+0900][300.018s][info][gc,cpu         ] GC(135) User=0.04s Sys=0.00s Real=0.01s
[2025-01-03T12:46:22.512+0900][300.407s][info][gc,start       ] GC(136) Pause Young (Allocation Failure)
[2025-01-03T12:46:22.544+0900][300.439s][info][gc,heap        ] GC(136) PSYoungGen: 1355981K(1363968K)->22841K(1364480K) Eden: 1332224K(1332224K)->0K(1332224K) From: 23757K(31744K)->22841K(32256K)
[2025-01-03T12:46:22.544+0900][300.439s][info][gc,heap        ] GC(136) ParOldGen: 62611K(175104K)->62787K(175104K)
[2025-01-03T12:46:22.544+0900][300.439s][info][gc,metaspace   ] GC(136) Metaspace: 31686K(32512K)->31686K(32512K) NonClass: 27465K(27904K)->27465K(27904K) Class: 4220K(4608K)->4220K(4608K)
[2025-01-03T12:46:22.544+0900][300.439s][info][gc             ] GC(136) Pause Young (Allocation Failure) 1385M->83M(1503M) 32.821ms
[2025-01-03T12:46:22.544+0900][300.439s][info][gc,cpu         ] GC(136) User=0.04s Sys=0.00s Real=0.03s
[2025-01-03T12:46:22.903+0900][300.798s][info][gc,start       ] GC(137) Pause Young (Allocation Failure)
[2025-01-03T12:46:22.917+0900][300.812s][info][gc,heap        ] GC(137) PSYoungGen: 1355065K(1364480K)->23382K(1364480K) Eden: 1332224K(1332224K)->0K(1333248K) From: 22841K(32256K)->23382K(31232K)
[2025-01-03T12:46:22.917+0900][300.812s][info][gc,heap        ] GC(137) ParOldGen: 62787K(175104K)->62971K(175104K)
[2025-01-03T12:46:22.917+0900][300.813s][info][gc,metaspace   ] GC(137) Metaspace: 31686K(32512K)->31686K(32512K) NonClass: 27465K(27904K)->27465K(27904K) Class: 4220K(4608K)->4220K(4608K)
[2025-01-03T12:46:22.917+0900][300.813s][info][gc             ] GC(137) Pause Young (Allocation Failure) 1384M->84M(1503M) 14.672ms
[2025-01-03T12:46:22.918+0900][300.813s][info][gc,cpu         ] GC(137) User=0.05s Sys=0.00s Real=0.01s
[2025-01-03T12:46:23.299+0900][301.194s][info][gc,start       ] GC(138) Pause Young (Allocation Failure)
[2025-01-03T12:46:23.310+0900][301.205s][info][gc,heap        ] GC(138) PSYoungGen: 1356630K(1364480K)->22904K(1364992K) Eden: 1333248K(1333248K)->0K(1333248K) From: 23382K(31232K)->22904K(31744K)
[2025-01-03T12:46:23.310+0900][301.205s][info][gc,heap        ] GC(138) ParOldGen: 62971K(175104K)->63131K(175104K)
[2025-01-03T12:46:23.310+0900][301.205s][info][gc,metaspace   ] GC(138) Metaspace: 31686K(32512K)->31686K(32512K) NonClass: 27465K(27904K)->27465K(27904K) Class: 4220K(4608K)->4220K(4608K)
[2025-01-03T12:46:23.310+0900][301.206s][info][gc             ] GC(138) Pause Young (Allocation Failure) 1386M->84M(1504M) 11.770ms
[2025-01-03T12:46:23.311+0900][301.206s][info][gc,cpu         ] GC(138) User=0.05s Sys=0.01s Real=0.02s
[2025-01-03T12:46:23.626+0900][301.522s][info][gc,start       ] GC(139) Pause Young (Allocation Failure)
[2025-01-03T12:46:23.640+0900][301.535s][info][gc,heap        ] GC(139) PSYoungGen: 1356152K(1364992K)->22928K(1364992K) Eden: 1333248K(1333248K)->0K(1334272K) From: 22904K(31744K)->22928K(30720K)
[2025-01-03T12:46:23.640+0900][301.535s][info][gc,heap        ] GC(139) ParOldGen: 63131K(175104K)->63315K(175104K)
[2025-01-03T12:46:23.640+0900][301.535s][info][gc,metaspace   ] GC(139) Metaspace: 31686K(32512K)->31686K(32512K) NonClass: 27465K(27904K)->27465K(27904K) Class: 4220K(4608K)->4220K(4608K)
[2025-01-03T12:46:23.640+0900][301.535s][info][gc             ] GC(139) Pause Young (Allocation Failure) 1386M->84M(1504M) 13.706ms
[2025-01-03T12:46:23.640+0900][301.535s][info][gc,cpu         ] GC(139) User=0.04s Sys=0.00s Real=0.02s
[2025-01-03T12:46:24.005+0900][301.900s][info][gc,start       ] GC(140) Pause Young (Allocation Failure)
[2025-01-03T12:46:24.017+0900][301.912s][info][gc,heap        ] GC(140) PSYoungGen: 1357200K(1364992K)->21968K(1365504K) Eden: 1334272K(1334272K)->0K(1334272K) From: 22928K(30720K)->21968K(31232K)
[2025-01-03T12:46:24.017+0900][301.912s][info][gc,heap        ] GC(140) ParOldGen: 63315K(175104K)->63459K(175104K)
[2025-01-03T12:46:24.017+0900][301.912s][info][gc,metaspace   ] GC(140) Metaspace: 31686K(32512K)->31686K(32512K) NonClass: 27465K(27904K)->27465K(27904K) Class: 4220K(4608K)->4220K(4608K)
[2025-01-03T12:46:24.017+0900][301.912s][info][gc             ] GC(140) Pause Young (Allocation Failure) 1387M->83M(1504M) 12.183ms
[2025-01-03T12:46:24.017+0900][301.912s][info][gc,cpu         ] GC(140) User=0.04s Sys=0.00s Real=0.01s
[2025-01-03T12:46:24.383+0900][302.278s][info][gc,start       ] GC(141) Pause Young (Allocation Failure)
[2025-01-03T12:46:24.395+0900][302.290s][info][gc,heap        ] GC(141) PSYoungGen: 1356240K(1365504K)->21425K(1366528K) Eden: 1334272K(1334272K)->0K(1335296K) From: 21968K(31232K)->21425K(31232K)
[2025-01-03T12:46:24.395+0900][302.291s][info][gc,heap        ] GC(141) ParOldGen: 63459K(175104K)->63619K(175104K)
[2025-01-03T12:46:24.395+0900][302.291s][info][gc,metaspace   ] GC(141) Metaspace: 31686K(32512K)->31686K(32512K) NonClass: 27465K(27904K)->27465K(27904K) Class: 4220K(4608K)->4220K(4608K)
[2025-01-03T12:46:24.396+0900][302.291s][info][gc             ] GC(141) Pause Young (Allocation Failure) 1386M->83M(1505M) 13.000ms
[2025-01-03T12:46:24.396+0900][302.291s][info][gc,cpu         ] GC(141) User=0.04s Sys=0.00s Real=0.01s
[2025-01-03T12:46:24.743+0900][302.638s][info][gc,start       ] GC(142) Pause Young (Allocation Failure)
[2025-01-03T12:46:24.754+0900][302.649s][info][gc,heap        ] GC(142) PSYoungGen: 1356721K(1366528K)->21544K(1357312K) Eden: 1335296K(1335296K)->0K(1335296K) From: 21425K(31232K)->21544K(22016K)
[2025-01-03T12:46:24.754+0900][302.649s][info][gc,heap        ] GC(142) ParOldGen: 63619K(175104K)->63779K(175104K)
[2025-01-03T12:46:24.754+0900][302.649s][info][gc,metaspace   ] GC(142) Metaspace: 31686K(32512K)->31686K(32512K) NonClass: 27465K(27904K)->27465K(27904K) Class: 4220K(4608K)->4220K(4608K)
[2025-01-03T12:46:24.754+0900][302.649s][info][gc             ] GC(142) Pause Young (Allocation Failure) 1387M->83M(1496M) 10.411ms
[2025-01-03T12:46:24.754+0900][302.649s][info][gc,cpu         ] GC(142) User=0.04s Sys=0.00s Real=0.01s
[2025-01-03T12:46:25.116+0900][303.011s][info][gc,start       ] GC(143) Pause Young (Allocation Failure)
[2025-01-03T12:46:25.125+0900][303.020s][info][gc,heap        ] GC(143) PSYoungGen: 1356840K(1357312K)->20131K(1366016K) Eden: 1335296K(1335296K)->0K(1335296K) From: 21544K(22016K)->20131K(30720K)
[2025-01-03T12:46:25.125+0900][303.020s][info][gc,heap        ] GC(143) ParOldGen: 63779K(175104K)->63923K(175104K)
[2025-01-03T12:46:25.125+0900][303.020s][info][gc,metaspace   ] GC(143) Metaspace: 31686K(32512K)->31686K(32512K) NonClass: 27465K(27904K)->27465K(27904K) Class: 4220K(4608K)->4220K(4608K)
[2025-01-03T12:46:25.125+0900][303.020s][info][gc             ] GC(143) Pause Young (Allocation Failure) 1387M->82M(1505M) 8.940ms
[2025-01-03T12:46:25.125+0900][303.020s][info][gc,cpu         ] GC(143) User=0.04s Sys=0.00s Real=0.01s
[2025-01-03T12:46:25.500+0900][303.395s][info][gc,start       ] GC(144) Pause Young (Allocation Failure)
[2025-01-03T12:46:25.509+0900][303.404s][info][gc,heap        ] GC(144) PSYoungGen: 1355427K(1366016K)->19597K(1366016K) Eden: 1335296K(1335296K)->0K(1335296K) From: 20131K(30720K)->19597K(30720K)
[2025-01-03T12:46:25.509+0900][303.404s][info][gc,heap        ] GC(144) ParOldGen: 63923K(175104K)->64099K(175104K)
[2025-01-03T12:46:25.509+0900][303.404s][info][gc,metaspace   ] GC(144) Metaspace: 31686K(32512K)->31686K(32512K) NonClass: 27465K(27904K)->27465K(27904K) Class: 4220K(4608K)->4220K(4608K)
[2025-01-03T12:46:25.509+0900][303.404s][info][gc             ] GC(144) Pause Young (Allocation Failure) 1386M->81M(1505M) 9.065ms
[2025-01-03T12:46:25.509+0900][303.404s][info][gc,cpu         ] GC(144) User=0.04s Sys=0.00s Real=0.00s
[2025-01-03T12:46:25.862+0900][303.758s][info][gc,start       ] GC(145) Pause Young (Allocation Failure)
[2025-01-03T12:46:25.874+0900][303.769s][info][gc,heap        ] GC(145) PSYoungGen: 1354893K(1366016K)->19532K(1367040K) Eden: 1335296K(1335296K)->0K(1336320K) From: 19597K(30720K)->19532K(30720K)
[2025-01-03T12:46:25.874+0900][303.770s][info][gc,heap        ] GC(145) ParOldGen: 64099K(175104K)->64251K(175104K)
[2025-01-03T12:46:25.875+0900][303.770s][info][gc,metaspace   ] GC(145) Metaspace: 31686K(32512K)->31686K(32512K) NonClass: 27465K(27904K)->27465K(27904K) Class: 4220K(4608K)->4220K(4608K)
[2025-01-03T12:46:25.875+0900][303.770s][info][gc             ] GC(145) Pause Young (Allocation Failure) 1385M->81M(1506M) 12.041ms
[2025-01-03T12:46:25.875+0900][303.770s][info][gc,cpu         ] GC(145) User=0.04s Sys=0.00s Real=0.01s
[2025-01-03T12:46:26.233+0900][304.128s][info][gc,start       ] GC(146) Pause Young (Allocation Failure)
[2025-01-03T12:46:26.248+0900][304.144s][info][gc,heap        ] GC(146) PSYoungGen: 1355852K(1367040K)->17654K(1367040K) Eden: 1336320K(1336320K)->0K(1336320K) From: 19532K(30720K)->17654K(30720K)
[2025-01-03T12:46:26.249+0900][304.144s][info][gc,heap        ] GC(146) ParOldGen: 64251K(175104K)->64379K(175104K)
[2025-01-03T12:46:26.249+0900][304.144s][info][gc,metaspace   ] GC(146) Metaspace: 31686K(32512K)->31686K(32512K) NonClass: 27465K(27904K)->27465K(27904K) Class: 4220K(4608K)->4220K(4608K)
[2025-01-03T12:46:26.249+0900][304.144s][info][gc             ] GC(146) Pause Young (Allocation Failure) 1386M->80M(1506M) 15.790ms
[2025-01-03T12:46:26.249+0900][304.144s][info][gc,cpu         ] GC(146) User=0.04s Sys=0.00s Real=0.01s
[2025-01-03T12:46:26.597+0900][304.492s][info][gc,start       ] GC(147) Pause Young (Allocation Failure)
[2025-01-03T12:46:26.606+0900][304.501s][info][gc,heap        ] GC(147) PSYoungGen: 1353974K(1367040K)->17437K(1367040K) Eden: 1336320K(1336320K)->0K(1336320K) From: 17654K(30720K)->17437K(30720K)
[2025-01-03T12:46:26.606+0900][304.502s][info][gc,heap        ] GC(147) ParOldGen: 64379K(175104K)->64539K(175104K)
[2025-01-03T12:46:26.606+0900][304.502s][info][gc,metaspace   ] GC(147) Metaspace: 31686K(32512K)->31686K(32512K) NonClass: 27465K(27904K)->27465K(27904K) Class: 4220K(4608K)->4220K(4608K)
[2025-01-03T12:46:26.607+0900][304.502s][info][gc             ] GC(147) Pause Young (Allocation Failure) 1385M->80M(1506M) 9.142ms
[2025-01-03T12:46:26.607+0900][304.502s][info][gc,cpu         ] GC(147) User=0.04s Sys=0.00s Real=0.01s
[2025-01-03T12:46:26.966+0900][304.861s][info][gc,start       ] GC(148) Pause Young (Allocation Failure)
[2025-01-03T12:46:26.979+0900][304.874s][info][gc,heap        ] GC(148) PSYoungGen: 1353757K(1367040K)->17283K(1367040K) Eden: 1336320K(1336320K)->0K(1336320K) From: 17437K(30720K)->17283K(30720K)
[2025-01-03T12:46:26.979+0900][304.874s][info][gc,heap        ] GC(148) ParOldGen: 64539K(175104K)->64683K(175104K)
[2025-01-03T12:46:26.979+0900][304.874s][info][gc,metaspace   ] GC(148) Metaspace: 31686K(32512K)->31686K(32512K) NonClass: 27465K(27904K)->27465K(27904K) Class: 4220K(4608K)->4220K(4608K)
[2025-01-03T12:46:26.979+0900][304.874s][info][gc             ] GC(148) Pause Young (Allocation Failure) 1385M->80M(1506M) 12.464ms
[2025-01-03T12:46:26.979+0900][304.874s][info][gc,cpu         ] GC(148) User=0.03s Sys=0.01s Real=0.01s
[2025-01-03T12:46:27.323+0900][305.218s][info][gc,start       ] GC(149) Pause Young (Allocation Failure)
[2025-01-03T12:46:27.333+0900][305.228s][info][gc,heap        ] GC(149) PSYoungGen: 1353603K(1367040K)->17193K(1367040K) Eden: 1336320K(1336320K)->0K(1336320K) From: 17283K(30720K)->17193K(30720K)
[2025-01-03T12:46:27.333+0900][305.228s][info][gc,heap        ] GC(149) ParOldGen: 64683K(175104K)->64819K(175104K)
[2025-01-03T12:46:27.333+0900][305.228s][info][gc,metaspace   ] GC(149) Metaspace: 31686K(32512K)->31686K(32512K) NonClass: 27465K(27904K)->27465K(27904K) Class: 4220K(4608K)->4220K(4608K)
[2025-01-03T12:46:27.333+0900][305.228s][info][gc             ] GC(149) Pause Young (Allocation Failure) 1385M->80M(1506M) 10.342ms
[2025-01-03T12:46:27.333+0900][305.228s][info][gc,cpu         ] GC(149) User=0.04s Sys=0.00s Real=0.01s
[2025-01-03T12:46:27.710+0900][305.605s][info][gc,start       ] GC(150) Pause Young (Allocation Failure)
[2025-01-03T12:46:27.720+0900][305.615s][info][gc,heap        ] GC(150) PSYoungGen: 1353513K(1367040K)->17627K(1354240K) Eden: 1336320K(1336320K)->0K(1336320K) From: 17193K(30720K)->17627K(17920K)
[2025-01-03T12:46:27.720+0900][305.615s][info][gc,heap        ] GC(150) ParOldGen: 64819K(175104K)->64995K(175104K)
[2025-01-03T12:46:27.720+0900][305.615s][info][gc,metaspace   ] GC(150) Metaspace: 31686K(32512K)->31686K(32512K) NonClass: 27465K(27904K)->27465K(27904K) Class: 4220K(4608K)->4220K(4608K)
[2025-01-03T12:46:27.720+0900][305.615s][info][gc             ] GC(150) Pause Young (Allocation Failure) 1385M->80M(1493M) 10.067ms
[2025-01-03T12:46:27.720+0900][305.615s][info][gc,cpu         ] GC(150) User=0.03s Sys=0.00s Real=0.01s
[2025-01-03T12:46:28.080+0900][305.975s][info][gc,start       ] GC(151) Pause Young (Allocation Failure)
[2025-01-03T12:46:28.091+0900][305.986s][info][gc,heap        ] GC(151) PSYoungGen: 1353947K(1354240K)->16054K(1366528K) Eden: 1336320K(1336320K)->0K(1336320K) From: 17627K(17920K)->16054K(30208K)
[2025-01-03T12:46:28.091+0900][305.986s][info][gc,heap        ] GC(151) ParOldGen: 64995K(175104K)->65107K(175104K)
[2025-01-03T12:46:28.091+0900][305.986s][info][gc,metaspace   ] GC(151) Metaspace: 31686K(32512K)->31686K(32512K) NonClass: 27465K(27904K)->27465K(27904K) Class: 4220K(4608K)->4220K(4608K)
[2025-01-03T12:46:28.091+0900][305.986s][info][gc             ] GC(151) Pause Young (Allocation Failure) 1385M->79M(1505M) 11.181ms
[2025-01-03T12:46:28.091+0900][305.987s][info][gc,cpu         ] GC(151) User=0.03s Sys=0.01s Real=0.01s
[2025-01-03T12:46:28.476+0900][306.372s][info][gc,start       ] GC(152) Pause Young (Allocation Failure)
[2025-01-03T12:46:28.486+0900][306.381s][info][gc,heap        ] GC(152) PSYoungGen: 1352374K(1366528K)->14949K(1366528K) Eden: 1336320K(1336320K)->0K(1336320K) From: 16054K(30208K)->14949K(30208K)
[2025-01-03T12:46:28.486+0900][306.381s][info][gc,heap        ] GC(152) ParOldGen: 65107K(175104K)->65235K(175104K)
[2025-01-03T12:46:28.486+0900][306.381s][info][gc,metaspace   ] GC(152) Metaspace: 31686K(32512K)->31686K(32512K) NonClass: 27465K(27904K)->27465K(27904K) Class: 4220K(4608K)->4220K(4608K)
[2025-01-03T12:46:28.486+0900][306.381s][info][gc             ] GC(152) Pause Young (Allocation Failure) 1384M->78M(1505M) 9.235ms
[2025-01-03T12:46:28.486+0900][306.381s][info][gc,cpu         ] GC(152) User=0.03s Sys=0.00s Real=0.01s
[2025-01-03T12:46:28.859+0900][306.754s][info][gc,start       ] GC(153) Pause Young (Allocation Failure)
[2025-01-03T12:46:28.869+0900][306.764s][info][gc,heap        ] GC(153) PSYoungGen: 1351269K(1366528K)->14742K(1367040K) Eden: 1336320K(1336320K)->0K(1337344K) From: 14949K(30208K)->14742K(29696K)
[2025-01-03T12:46:28.869+0900][306.765s][info][gc,heap        ] GC(153) ParOldGen: 65235K(175104K)->65379K(175104K)
[2025-01-03T12:46:28.870+0900][306.765s][info][gc,metaspace   ] GC(153) Metaspace: 31686K(32512K)->31686K(32512K) NonClass: 27465K(27904K)->27465K(27904K) Class: 4220K(4608K)->4220K(4608K)
[2025-01-03T12:46:28.870+0900][306.765s][info][gc             ] GC(153) Pause Young (Allocation Failure) 1383M->78M(1506M) 10.300ms
[2025-01-03T12:46:28.870+0900][306.765s][info][gc,cpu         ] GC(153) User=0.03s Sys=0.00s Real=0.02s
[2025-01-03T12:46:29.214+0900][307.109s][info][gc,start       ] GC(154) Pause Young (Allocation Failure)
[2025-01-03T12:46:29.228+0900][307.124s][info][gc,heap        ] GC(154) PSYoungGen: 1352086K(1367040K)->14023K(1367040K) Eden: 1337344K(1337344K)->0K(1337344K) From: 14742K(29696K)->14023K(29696K)
[2025-01-03T12:46:29.229+0900][307.124s][info][gc,heap        ] GC(154) ParOldGen: 65379K(175104K)->65475K(175104K)
[2025-01-03T12:46:29.229+0900][307.124s][info][gc,metaspace   ] GC(154) Metaspace: 31686K(32512K)->31686K(32512K) NonClass: 27465K(27904K)->27465K(27904K) Class: 4220K(4608K)->4220K(4608K)
[2025-01-03T12:46:29.229+0900][307.124s][info][gc             ] GC(154) Pause Young (Allocation Failure) 1384M->77M(1506M) 14.506ms
[2025-01-03T12:46:29.229+0900][307.124s][info][gc,cpu         ] GC(154) User=0.03s Sys=0.00s Real=0.01s
[2025-01-03T12:46:29.599+0900][307.494s][info][gc,start       ] GC(155) Pause Young (Allocation Failure)
[2025-01-03T12:46:29.607+0900][307.502s][info][gc,heap        ] GC(155) PSYoungGen: 1351367K(1367040K)->12163K(1368064K) Eden: 1337344K(1337344K)->0K(1338368K) From: 14023K(29696K)->12163K(29696K)
[2025-01-03T12:46:29.607+0900][307.502s][info][gc,heap        ] GC(155) ParOldGen: 65475K(175104K)->65627K(175104K)
[2025-01-03T12:46:29.607+0900][307.502s][info][gc,metaspace   ] GC(155) Metaspace: 31686K(32512K)->31686K(32512K) NonClass: 27465K(27904K)->27465K(27904K) Class: 4220K(4608K)->4220K(4608K)
[2025-01-03T12:46:29.607+0900][307.502s][info][gc             ] GC(155) Pause Young (Allocation Failure) 1383M->75M(1507M) 7.295ms
[2025-01-03T12:46:29.607+0900][307.502s][info][gc,cpu         ] GC(155) User=0.02s Sys=0.00s Real=0.01s
[2025-01-03T12:46:29.997+0900][307.892s][info][gc,start       ] GC(156) Pause Young (Allocation Failure)
[2025-01-03T12:46:30.005+0900][307.900s][info][gc,heap        ] GC(156) PSYoungGen: 1350531K(1368064K)->10684K(1368064K) Eden: 1338368K(1338368K)->0K(1338368K) From: 12163K(29696K)->10684K(29696K)
[2025-01-03T12:46:30.005+0900][307.900s][info][gc,heap        ] GC(156) ParOldGen: 65627K(175104K)->65715K(175104K)
[2025-01-03T12:46:30.005+0900][307.900s][info][gc,metaspace   ] GC(156) Metaspace: 31686K(32512K)->31686K(32512K) NonClass: 27465K(27904K)->27465K(27904K) Class: 4220K(4608K)->4220K(4608K)
[2025-01-03T12:46:30.005+0900][307.900s][info][gc             ] GC(156) Pause Young (Allocation Failure) 1382M->74M(1507M) 7.578ms
[2025-01-03T12:46:30.005+0900][307.900s][info][gc,cpu         ] GC(156) User=0.03s Sys=0.00s Real=0.01s
[2025-01-03T12:46:30.361+0900][308.256s][info][gc,start       ] GC(157) Pause Young (Allocation Failure)
[2025-01-03T12:46:30.369+0900][308.264s][info][gc,heap        ] GC(157) PSYoungGen: 1349052K(1368064K)->8786K(1368064K) Eden: 1338368K(1338368K)->0K(1338368K) From: 10684K(29696K)->8786K(29696K)
[2025-01-03T12:46:30.369+0900][308.264s][info][gc,heap        ] GC(157) ParOldGen: 65715K(175104K)->65811K(175104K)
[2025-01-03T12:46:30.369+0900][308.264s][info][gc,metaspace   ] GC(157) Metaspace: 31686K(32512K)->31686K(32512K) NonClass: 27465K(27904K)->27465K(27904K) Class: 4220K(4608K)->4220K(4608K)
[2025-01-03T12:46:30.369+0900][308.264s][info][gc             ] GC(157) Pause Young (Allocation Failure) 1381M->72M(1507M) 7.573ms
[2025-01-03T12:46:30.369+0900][308.264s][info][gc,cpu         ] GC(157) User=0.02s Sys=0.00s Real=0.00s
[2025-01-03T12:46:30.704+0900][308.599s][info][gc,start       ] GC(158) Pause Young (Allocation Failure)
[2025-01-03T12:46:30.710+0900][308.605s][info][gc,heap        ] GC(158) PSYoungGen: 1347154K(1368064K)->8143K(1346560K) Eden: 1338368K(1338368K)->0K(1338368K) From: 8786K(29696K)->8143K(8192K)
[2025-01-03T12:46:30.710+0900][308.605s][info][gc,heap        ] GC(158) ParOldGen: 65811K(175104K)->65883K(175104K)
[2025-01-03T12:46:30.710+0900][308.605s][info][gc,metaspace   ] GC(158) Metaspace: 31686K(32512K)->31686K(32512K) NonClass: 27465K(27904K)->27465K(27904K) Class: 4220K(4608K)->4220K(4608K)
[2025-01-03T12:46:30.710+0900][308.605s][info][gc             ] GC(158) Pause Young (Allocation Failure) 1379M->72M(1486M) 6.106ms
[2025-01-03T12:46:30.710+0900][308.605s][info][gc,cpu         ] GC(158) User=0.02s Sys=0.00s Real=0.01s
[2025-01-03T12:46:31.071+0900][308.966s][info][gc,start       ] GC(159) Pause Young (Allocation Failure)
[2025-01-03T12:46:31.076+0900][308.971s][info][gc,heap        ] GC(159) PSYoungGen: 1346511K(1346560K)->6567K(1367552K) Eden: 1338368K(1338368K)->0K(1337344K) From: 8143K(8192K)->6567K(30208K)
[2025-01-03T12:46:31.076+0900][308.971s][info][gc,heap        ] GC(159) ParOldGen: 65883K(175104K)->65947K(175104K)
[2025-01-03T12:46:31.076+0900][308.971s][info][gc,metaspace   ] GC(159) Metaspace: 31686K(32512K)->31686K(32512K) NonClass: 27465K(27904K)->27465K(27904K) Class: 4220K(4608K)->4220K(4608K)
[2025-01-03T12:46:31.076+0900][308.971s][info][gc             ] GC(159) Pause Young (Allocation Failure) 1379M->70M(1506M) 4.805ms
[2025-01-03T12:46:31.076+0900][308.971s][info][gc,cpu         ] GC(159) User=0.01s Sys=0.00s Real=0.00s
[2025-01-03T12:46:31.447+0900][309.342s][info][gc,start       ] GC(160) Pause Young (Allocation Failure)
[2025-01-03T12:46:31.452+0900][309.347s][info][gc,heap        ] GC(160) PSYoungGen: 1343911K(1367552K)->5552K(1367552K) Eden: 1337344K(1337344K)->0K(1337344K) From: 6567K(30208K)->5552K(30208K)
[2025-01-03T12:46:31.452+0900][309.347s][info][gc,heap        ] GC(160) ParOldGen: 65947K(175104K)->66003K(175104K)
[2025-01-03T12:46:31.452+0900][309.347s][info][gc,metaspace   ] GC(160) Metaspace: 31686K(32512K)->31686K(32512K) NonClass: 27465K(27904K)->27465K(27904K) Class: 4220K(4608K)->4220K(4608K)
[2025-01-03T12:46:31.452+0900][309.347s][info][gc             ] GC(160) Pause Young (Allocation Failure) 1376M->69M(1506M) 4.924ms
[2025-01-03T12:46:31.452+0900][309.347s][info][gc,cpu         ] GC(160) User=0.01s Sys=0.00s Real=0.01s
[2025-01-03T12:46:31.835+0900][309.730s][info][gc,start       ] GC(161) Pause Young (Allocation Failure)
[2025-01-03T12:46:31.837+0900][309.732s][info][gc,heap        ] GC(161) PSYoungGen: 1342896K(1367552K)->957K(1366528K) Eden: 1337344K(1337344K)->0K(1336320K) From: 5552K(30208K)->957K(30208K)
[2025-01-03T12:46:31.837+0900][309.732s][info][gc,heap        ] GC(161) ParOldGen: 66003K(175104K)->66051K(175104K)
[2025-01-03T12:46:31.837+0900][309.732s][info][gc,metaspace   ] GC(161) Metaspace: 31686K(32512K)->31686K(32512K) NonClass: 27465K(27904K)->27465K(27904K) Class: 4220K(4608K)->4220K(4608K)
[2025-01-03T12:46:31.837+0900][309.732s][info][gc             ] GC(161) Pause Young (Allocation Failure) 1375M->65M(1505M) 2.017ms
[2025-01-03T12:46:31.837+0900][309.732s][info][gc,cpu         ] GC(161) User=0.00s Sys=0.00s Real=0.00s
[2025-01-03T12:46:38.418+0900][316.313s][info][gc,heap,exit   ] Heap
[2025-01-03T12:46:38.418+0900][316.313s][info][gc,heap,exit   ]  PSYoungGen      total 1366528K, used 340937K [0x00000007aab00000, 0x0000000800000000, 0x0000000800000000)
[2025-01-03T12:46:38.418+0900][316.313s][info][gc,heap,exit   ]   eden space 1336320K, 25% used [0x00000007aab00000,0x00000007bf702fc8,0x00000007fc400000)
[2025-01-03T12:46:38.418+0900][316.313s][info][gc,heap,exit   ]   from space 30208K, 3% used [0x00000007fe280000,0x00000007fe36f4a0,0x0000000800000000)
[2025-01-03T12:46:38.418+0900][316.313s][info][gc,heap,exit   ]   to   space 30720K, 0% used [0x00000007fc400000,0x00000007fc400000,0x00000007fe200000)
[2025-01-03T12:46:38.418+0900][316.313s][info][gc,heap,exit   ]  ParOldGen       total 175104K, used 66051K [0x0000000700000000, 0x000000070ab00000, 0x00000007aab00000)
[2025-01-03T12:46:38.418+0900][316.313s][info][gc,heap,exit   ]   object space 175104K, 37% used [0x0000000700000000,0x0000000704080e50,0x000000070ab00000)
[2025-01-03T12:46:38.418+0900][316.313s][info][gc,heap,exit   ]  Metaspace       used 31812K, committed 32576K, reserved 1114112K
[2025-01-03T12:46:38.418+0900][316.313s][info][gc,heap,exit   ]   class space    used 4250K, committed 4608K, reserved 1048576K
